08-10 10:43:00.681 V/BitmapFactory(30168): DecodeImagePath(decodeResourceStream3) : r/w/p0.png
08-10 10:43:00.681 V/BitmapFactory(30168): DecodeImagePath(decodeResourceStream3) : r/w/p1.png
08-10 10:43:00.681 V/BitmapFactory(30168): DecodeImagePath(decodeResourceStream3) : r/w/p2.png
08-10 10:43:00.691 V/BitmapFactory(30168): DecodeImagePath(decodeResourceStream3) : r/w/p3.png
08-10 10:43:00.691 V/BitmapFactory(30168): DecodeImagePath(decodeResourceStream3) : r/w/p4.png
08-10 10:43:00.691 V/BitmapFactory(30168): DecodeImagePath(decodeResourceStream3) : r/w/p5.png
08-10 10:43:00.691 V/BitmapFactory(30168): DecodeImagePath(decodeResourceStream3) : r/w/p6.png
08-10 10:43:00.701 V/BitmapFactory(30168): DecodeImagePath(decodeResourceStream3) : r/w/ol.png
08-10 10:43:00.701 V/BitmapFactory(30168): DecodeImagePath(decodeResourceStream3) : r/w/om.png
08-10 10:43:00.701 V/BitmapFactory(30168): DecodeImagePath(decodeResourceStream3) : r/w/on.png
08-10 10:43:00.701 V/BitmapFactory(30168): DecodeImagePath(decodeResourceStream3) : r/w/oo.png
08-10 10:43:00.701 V/BitmapFactory(30168): DecodeImagePath(decodeResourceStream3) : r/w/op.png
08-10 10:43:00.711 V/BitmapFactory(30168): DecodeImagePath(decodeResourceStream3) : r/w/oq.png
08-10 10:43:00.711 V/BitmapFactory(30168): DecodeImagePath(decodeResourceStream3) : r/w/or.png
08-10 10:43:00.711 V/BitmapFactory(30168): DecodeImagePath(decodeResourceStream3) : r/w/os.png
08-10 10:43:00.711 V/BitmapFactory(30168): DecodeImagePath(decodeResourceStream3) : r/w/ot.png
08-10 10:43:00.711 V/BitmapFactory(30168): DecodeImagePath(decodeResourceStream3) : r/w/ou.png
08-10 10:43:00.721 V/BitmapFactory(30168): DecodeImagePath(decodeResourceStream3) : r/w/ow.png
08-10 10:43:00.721 V/BitmapFactory(30168): DecodeImagePath(decodeResourceStream3) : r/w/ox.png
08-10 10:43:00.721 V/BitmapFactory(30168): DecodeImagePath(decodeResourceStream3) : r/w/oy.png
08-10 10:43:00.721 V/BitmapFactory(30168): DecodeImagePath(decodeResourceStream3) : r/w/oz.png
08-10 10:43:00.721 V/BitmapFactory(30168): DecodeImagePath(decodeResourceStream3) : r/w/pz.png
08-10 10:43:00.731 V/BitmapFactory(30168): DecodeImagePath(decodeResourceStream3) : r/w/q0.png
08-10 10:43:00.731 V/BitmapFactory(30168): DecodeImagePath(decodeResourceStream3) : r/w/qa.png
08-10 10:43:00.731 V/BitmapFactory(30168): DecodeImagePath(decodeResourceStream3) : r/w/qf.png
08-10 10:43:00.731 V/BitmapFactory(30168): DecodeImagePath(decodeResourceStream3) : r/w/qg.png
08-10 10:43:00.741 V/BitmapFactory(30168): DecodeImagePath(decodeResourceStream3) : r/w/qh.png
08-10 10:43:00.741 V/BitmapFactory(30168): DecodeImagePath(decodeResourceStream3) : r/w/qi.png
08-10 10:43:00.741 V/BitmapFactory(30168): DecodeImagePath(decodeResourceStream3) : r/w/qj.png
08-10 10:43:00.741 V/BitmapFactory(30168): DecodeImagePath(decodeResourceStream3) : r/w/qk.png
08-10 10:43:00.741 V/BitmapFactory(30168): DecodeImagePath(decodeResourceStream3) : r/w/ql.png
08-10 10:43:00.751 V/BitmapFactory(30168): DecodeImagePath(decodeResourceStream3) : r/w/q1.png
08-10 10:43:00.751 V/BitmapFactory(30168): DecodeImagePath(decodeResourceStream3) : r/w/q2.png
08-10 10:43:00.751 V/BitmapFactory(30168): DecodeImagePath(decodeResourceStream3) : r/w/q3.png
08-10 10:43:00.751 V/BitmapFactory(30168): DecodeImagePath(decodeResourceStream3) : r/w/q4.png
08-10 10:43:00.751 V/BitmapFactory(30168): DecodeImagePath(decodeResourceStream3) : r/w/q5.png
08-10 10:43:00.761 V/BitmapFactory(30168): DecodeImagePath(decodeResourceStream3) : r/w/q6.png
08-10 10:43:00.761 V/BitmapFactory(30168): DecodeImagePath(decodeResourceStream3) : r/w/q7.png
08-10 10:43:00.761 V/BitmapFactory(30168): DecodeImagePath(decodeResourceStream3) : r/w/q8.png
08-10 10:43:00.771 V/BitmapFactory(30168): DecodeImagePath(decodeResourceStream3) : r/w/q_.png
08-10 10:43:00.771 V/BitmapFactory(30168): DecodeImagePath(decodeResourceStream3) : r/w/qb.png
08-10 10:43:00.781 V/BitmapFactory(30168): DecodeImagePath(decodeResourceStream3) : r/w/qc.png
08-10 10:43:00.781 V/BitmapFactory(30168): DecodeImagePath(decodeResourceStream3) : r/w/qd.png
08-10 10:43:00.781 V/BitmapFactory(30168): DecodeImagePath(decodeResourceStream3) : r/w/qe.png
08-10 10:43:00.801 V/BitmapFactory(30168): DecodeImagePath(decodeResourceStream3) : r/g/a8d.png
08-10 10:43:00.811 V/BitmapFactory(30168): DecodeImagePath(decodeResourceStream3) : r/g/a8d.png
08-10 10:43:00.831 V/BitmapFactory(30168): DecodeImagePath(decodeResourceStream3) : r/g/a5x.png
08-10 10:43:00.841 V/BitmapFactory(30168): DecodeImagePath(decodeResourceStream3) : r/g/a14.png
08-10 10:43:00.861 W/art     (30168): Native thread exiting without having called DetachCurrentThread (maybe it's going to use a pthread_key_create destructor?): Thread[101,tid=30456,Native,Thread*=0x93b32c00,peer=0x15ecb080,"Thread-1748"]
08-10 10:43:00.861 D/JniHelper(30168): JniHelper::getJavaVM(), pthread_self() = -1715840256
08-10 10:43:00.981 I/appium  (30080): channel read invoked!
08-10 10:43:00.981 I/appium  (30080): channel read: POST /wd/hub/session/9820e26f-855b-4968-9af5-4f17ea1832a2/elements
08-10 10:43:00.981 I/appium  (30080): Find elements command using 'id' with selector 'com.tencent.news:id/b0e'.
08-10 10:43:00.981 I/appium  (30080): Waiting up to 10000ms for device to be idle
08-10 10:43:01.081 E/WifiStateMachine(  933): WifiStateMachine CMD_START_SCAN source 10015 txSuccessRate=132.70 rxSuccessRate=100.90 targetRoamBSSID=88:3f:d3:3f:82:d0 RSSI=-72
08-10 10:43:01.081 I/wpa_supplicant( 1157): wlan0: Setting scan request: 0 sec 0 usec
08-10 10:43:01.081 I/wpa_supplicant( 1157): P2P: Current p2p state = IDLE
08-10 10:43:01.081 D/WifiService(  933): startScan by pid=1373, uid=10015
08-10 10:43:01.091 I/wpa_supplicant( 1157): Scan requested (ret=0) - scan timeout 30 seconds
08-10 10:43:01.321 I/art     (30168): Alloc sticky concurrent mark sweep GC freed 817499(54MB) AllocSpace objects, 466(13MB) LOS objects, 0% free, 44MB/44MB, paused 2.108ms total 385.963ms
08-10 10:43:01.321 I/art     (30168): WaitForGcToComplete blocked for 403.612ms for cause Alloc
08-10 10:43:01.351 I/art     (30168): Alloc sticky concurrent mark sweep GC freed 6960(298KB) AllocSpace objects, 0(0B) LOS objects, 0% free, 44MB/44MB, paused 3.299ms total 35.576ms
08-10 10:43:01.351 I/art     (30168): WaitForGcToComplete blocked for 427.977ms for cause Alloc
08-10 10:43:01.381 I/art     (30168): Alloc sticky concurrent mark sweep GC freed 5342(225KB) AllocSpace objects, 0(0B) LOS objects, 0% free, 45MB/45MB, paused 3.154ms total 24.640ms
08-10 10:43:01.421 V/BitmapFactory(30168): DecodeImagePath(decodeResourceStream3) : r/w/oj.png
08-10 10:43:01.421 V/BitmapFactory(30168): DecodeImagePath(decodeResourceStream3) : r/g/a5x.png
08-10 10:43:01.431 V/BitmapFactory(30168): DecodeImagePath(decodeResourceStream3) : r/g/a14.png
08-10 10:43:01.461 V/BitmapFactory(30168): DecodeImagePath(decodeResourceStream3) : r/w/oi.png
08-10 10:43:01.461 V/BitmapFactory(30168): DecodeImagePath(decodeResourceStream3) : r/w/p7.png
08-10 10:43:01.471 V/BitmapFactory(30168): DecodeImagePath(decodeResourceStream3) : r/w/p8.png
08-10 10:43:01.481 V/BitmapFactory(30168): DecodeImagePath(decodeResourceStream3) : r/g/a8d.png
08-10 10:43:01.721 D/ConnectivityService(  933): returning getActiveNetworkInfo :[type: WIFI[] - WIFI, state: CONNECTED/CONNECTED, reason: (unspecified), extra: "CU_d24p", roaming: false, failover: false, isAvailable: true, isConnectedToProvisioningNetwork: false]
08-10 10:43:01.721 D/ConnectivityService(  933): returning getActiveNetworkInfo :[type: WIFI[] - WIFI, state: CONNECTED/CONNECTED, reason: (unspecified), extra: "CU_d24p", roaming: false, failover: false, isAvailable: true, isConnectedToProvisioningNetwork: false]
08-10 10:43:01.731 D/ConnectivityService(  933): returning getActiveNetworkInfo :[type: WIFI[] - WIFI, state: CONNECTED/CONNECTED, reason: (unspecified), extra: "CU_d24p", roaming: false, failover: false, isAvailable: true, isConnectedToProvisioningNetwork: false]
08-10 10:43:01.741 W/Settings(30168): Setting android_id has moved from android.provider.Settings.System to android.provider.Settings.Secure, returning read-only value.
08-10 10:43:01.821 V/BitmapFactory(30168): DecodeImagePath(decodeResourceStream3) : r/w/a01.png
08-10 10:43:01.841 D/LogWriter(30168): 08-10 10:43:01.852	1718	PriorityDns	lookup, start lookup local: inews.gtimg.com
08-10 10:43:01.861 D/LogWriter(30168): 08-10 10:43:01.852	1718	HttpDns	lookup, update direct ip, hostname: inews.gtimg.com
08-10 10:43:01.871 D/LogWriter(30168): 08-10 10:43:01.869	1714	PriorityDns	lookup, start lookup local: wise.qq.com
08-10 10:43:01.881 D/LogWriter(30168): 08-10 10:43:01.869	1714	HttpDns	lookup, no direct ip, hostname: wise.qq.com
08-10 10:43:01.891 D/LogWriter(30168): 08-10 10:43:01.869	1706	Request	filter block ssl route holder /182.254.118.8 from 0 expire -9223372036799180902 lowIp true fallback http
08-10 10:43:01.901 V/BitmapFactory(30168): DecodeImagePath(decodeResourceStream3) : r/g/a8q.png
08-10 10:43:01.901 D/LogWriter(30168): 08-10 10:43:01.869	1706	Request	filter block ssl route holder wise.qq.com/182.254.118.8 from 3 expire 55663227 lowIp false fallback http
08-10 10:43:01.911 V/BitmapFactory(30168): DecodeImagePath(decodeResourceStream3) : r/g/ab4.png
08-10 10:43:01.911 V/BitmapFactory(30168): DecodeImagePath(decodeResourceStream3) : r/g/a8s.png
08-10 10:43:01.991 V/BitmapFactory(30168): DecodeImagePath(decodeResourceStream3) : r/g/ab6.png
08-10 10:43:02.001 V/BitmapFactory(30168): DecodeImagePath(decodeResourceStream3) : res/drawable-xhdpi-v4/progressbar_indeterminate1.png
08-10 10:43:02.001 V/BitmapFactory(30168): DecodeImagePath(decodeResourceStream3) : res/drawable-xhdpi-v4/progressbar_indeterminate2.png
08-10 10:43:02.011 V/BitmapFactory(30168): DecodeImagePath(decodeResourceStream3) : res/drawable-xhdpi-v4/progressbar_indeterminate3.png
08-10 10:43:02.011 V/BitmapFactory(30168): DecodeImagePath(decodeResourceStream3) : r/w/zz.png
08-10 10:43:02.011 V/BitmapFactory(30168): DecodeImagePath(decodeResourceStream3) : r/w/zy.png
08-10 10:43:02.021 D/LogWriter(30168): 08-10 10:43:02.025	1706	Request	request fall back https://wise.qq.com/dnsQuery?dn=inews.gtimg.com&seq=753643393&format=json&appid=1000&adcode=110113&is_special_device=0&mid=478cd36182ab2b8b428bb3370d739f0626ce4071&dpi=480.0&is_chinamobile_oem=0&qqnetwork=wifi&rom_type=&isColdLaunch=1&real_device_width=2.8&net_proxy=DIRECT@&net_bssid=88:3f:d3:3f:82:d0&isMainUserLogin=0&currentChannelId=news_news_top&isElderMode=0&apptype=android&islite=0&hw=samsung_SM-N9006&baseid=460.01.41193.2985443&global_session_id=1565404976925&screen_width=1080&omgbizid=617d8c66ee06564152182c2e07f844f58b8c0050214707&sceneid=&videoAutoPlay=1&imsi=460010231606007&fix_store=&cpuabi=armeabi-v7a&isoem=0&currentTabId=news_news&lite_version=&startTimestamp=1565404976&net_slot=0&pagestartfrom=icon&mac=84:38:38:9B:6B:47&activefrom=icon&net_ssid=CU_d24p&store=10797&screen_height=1920&top_activity=SplashActivity&preStartTimestamp=1565401731&real_device_height=4.96&origin_imei=355021060012215&network_type=wifi&origCurrentTab=top&global_info=1|1|1|1|1|14|4|1|0|6|1|1|1||0|J309P000000000:J902P000000000:A601P000079501:A601P300093301:J601P100000000:J601P600000000:J601P400000000:J601P200000000:J603P000000000:J401P100000000:J401P000000000:J602P000000000:J602P900000000:J602P100000000:J602P500000000:J602P600000000:J304P000000000:J310P000000000:J701P000000000:J703P000000000:A704P000126401:J702P000000000:B064P000131402:A085P000087701:A267P000127801:J267P100000000:A073P000132001:A060P016085901:J060P000000000:J060P100000000:J060P017000000:J060P018000000:B403P000115802:J403P100000000:J404P000000000:B055P200076802:J055P000000000:B402P300104902:B402P000120902:B402P100126002:J402P021000000:A054P000129101:J054P200000000:B901P000127502|1429|0|1|24|24|0|0|0|1001|3|3|1|1|1|1|1|1|-1|0|0|0|2|0|0|0|2|0|0|1|0|0|1|0|0|0|0|0|1|0|1|1|0|0|1|0|4|0|1|1|11|20|1|0|1|1|4|0|1|4|2|1|1|40|2|51|60|0|1|0|0|0|1|0|0|0|73|0|0|0&imsi_history=460010231606007&net_apn=0&uid=45258864323b7bbe&omgid=3600936f0a736c445f1a0cad550d7cb5ea930010214707&trueVersion=5.8.50&qimei=355021060012215&devid=355021060012215&appver=21_android_5.8.50&Cookie=open_appid%3D100383922;open_access_token%3D;open_pay_token%3D;open_openid%3D;vqq_appid%3D100383922;vqq_access_token%3D;vqq_openid%3D;logintype%3D0;%20main_login%3D;%20 to http
08-10 10:43:02.021 D/LogWriter(30168): 08-10 10:43:02.026	1773	ConnectionSelector	return connection, host wise.qq.com addr /182.254.118.8:80 proxy DIRECT@ rtt 141 
08-10 10:43:02.031 D/LogWriter(30168): 08-10 10:43:02.035	1566	PriorityDns	lookup, start lookup local: inews.gtimg.com
08-10 10:43:02.031 V/BitmapFactory(30168): DecodeImagePath(decodeResourceStream3) : r/g/ab5.png
08-10 10:43:02.031 D/LogWriter(30168): 08-10 10:43:02.043	1566	HttpDns	lookup, update direct ip, hostname: inews.gtimg.com
08-10 10:43:02.081 I/AudioService(  933): getStreamVolume 3 index 0
08-10 10:43:02.081 I/AudioService(  933): getStreamVolume 3 index 0
08-10 10:43:02.131 V/BitmapFactory(30168): DecodeImagePath(decodeResourceStream3) : r/g/ab3.png
08-10 10:43:02.141 V/BitmapFactory(30168): DecodeImagePath(decodeResourceStream3) : r/w/oa.png
08-10 10:43:02.151 D/ConnectivityService(  933): returning getNetworkInfo(networkType - 0) :[type: MOBILE[] - MOBILE, state: DISCONNECTED/DISCONNECTED, reason: (unspecified), extra: (none), roaming: false, failover: false, isAvailable: true, isConnectedToProvisioningNetwork: false]
08-10 10:43:02.151 D/ConnectivityService(  933): returning getNetworkInfo(networkType - 1) :[type: WIFI[] - WIFI, state: CONNECTED/CONNECTED, reason: (unspecified), extra: "CU_d24p", roaming: false, failover: false, isAvailable: true, isConnectedToProvisioningNetwork: false]
08-10 10:43:02.161 D/ConnectivityService(  933): returning getActiveNetworkInfo :[type: WIFI[] - WIFI, state: CONNECTED/CONNECTED, reason: (unspecified), extra: "CU_d24p", roaming: false, failover: false, isAvailable: true, isConnectedToProvisioningNetwork: false]
08-10 10:43:02.201 D/LogWriter(30168): 08-10 10:43:02.196	1717	ConnectionSelector	return connection, host inews.gtimg.com addr /182.254.118.8:80 proxy DIRECT@ rtt 19 
08-10 10:43:02.291 D/ConnectivityService(  933): returning getNetworkInfo(networkType - 0) :[type: MOBILE[] - MOBILE, state: DISCONNECTED/DISCONNECTED, reason: (unspecified), extra: (none), roaming: false, failover: false, isAvailable: true, isConnectedToProvisioningNetwork: false]
08-10 10:43:02.291 D/ConnectivityService(  933): returning getNetworkInfo(networkType - 1) :[type: WIFI[] - WIFI, state: CONNECTED/CONNECTED, reason: (unspecified), extra: "CU_d24p", roaming: false, failover: false, isAvailable: true, isConnectedToProvisioningNetwork: false]
08-10 10:43:02.291 D/ConnectivityService(  933): returning getActiveNetworkInfo :[type: WIFI[] - WIFI, state: CONNECTED/CONNECTED, reason: (unspecified), extra: "CU_d24p", roaming: false, failover: false, isAvailable: true, isConnectedToProvisioningNetwork: false]
08-10 10:43:02.301 D/skia    (30168): --- SkImageDecoder::Factory returned null
08-10 10:43:02.301 D/LogWriter(30168): 08-10 10:43:02.294	1777	Request	request http://r.inews.qq.com/getQQNewsUnreadList will submit with ssl
08-10 10:43:02.311 D/LogWriter(30168): 08-10 10:43:02.297	1566	ConnectionSelector	return connection, host inews.gtimg.com addr /182.254.118.8:80 proxy DIRECT@ rtt 109 
08-10 10:43:02.311 D/skia    (30168): --- SkImageDecoder::Factory returned null
08-10 10:43:02.311 D/LogWriter(30168): 08-10 10:43:02.310	1727	ConnectionSelector	return connection, host inews.gtimg.com addr /182.254.118.8:80 proxy DIRECT@ rtt 9 
08-10 10:43:02.311 D/LogWriter(30168): 08-10 10:43:02.310	1714	ConnectionSelector	return connection, host inews.gtimg.com addr /182.254.118.8:80 proxy DIRECT@ rtt 9 
08-10 10:43:02.311 D/LogWriter(30168): 08-10 10:43:02.310	1723	ConnectionSelector	return connection, host inews.gtimg.com addr /182.254.118.8:80 proxy DIRECT@ rtt 9 
08-10 10:43:02.311 D/ConnectivityService(  933): returning getNetworkInfo(networkType - 0) :[type: MOBILE[] - MOBILE, state: DISCONNECTED/DISCONNECTED, reason: (unspecified), extra: (none), roaming: false, failover: false, isAvailable: true, isConnectedToProvisioningNetwork: false]
08-10 10:43:02.311 D/ConnectivityService(  933): returning getNetworkInfo(networkType - 1) :[type: WIFI[] - WIFI, state: CONNECTED/CONNECTED, reason: (unspecified), extra: "CU_d24p", roaming: false, failover: false, isAvailable: true, isConnectedToProvisioningNetwork: false]
08-10 10:43:02.311 D/ConnectivityService(  933): returning getActiveNetworkInfo :[type: WIFI[] - WIFI, state: CONNECTED/CONNECTED, reason: (unspecified), extra: "CU_d24p", roaming: false, failover: false, isAvailable: true, isConnectedToProvisioningNetwork: false]
08-10 10:43:02.331 D/LogWriter(30168): 08-10 10:43:02.328	1566	PriorityDns	lookup, start lookup local: r.inews.qq.com
08-10 10:43:02.331 I/System.out(30168): (HTTPLog)-Static: isSBSettingEnabled false
08-10 10:43:02.331 D/LogWriter(30168): 08-10 10:43:02.334	1777	Request	filter block ssl route holder /182.254.118.8 from 0 expire -9223372036799180902 lowIp true fallback http
08-10 10:43:02.361 D/skia    (30168): --- SkImageDecoder::Factory returned null
08-10 10:43:02.361 D/ConnectivityService(  933): returning getNetworkInfo(networkType - 0) :[type: MOBILE[] - MOBILE, state: DISCONNECTED/DISCONNECTED, reason: (unspecified), extra: (none), roaming: false, failover: false, isAvailable: true, isConnectedToProvisioningNetwork: false]
08-10 10:43:02.361 D/ConnectivityService(  933): returning getNetworkInfo(networkType - 1) :[type: WIFI[] - WIFI, state: CONNECTED/CONNECTED, reason: (unspecified), extra: "CU_d24p", roaming: false, failover: false, isAvailable: true, isConnectedToProvisioningNetwork: false]
08-10 10:43:02.361 D/ConnectivityService(  933): returning getActiveNetworkInfo :[type: WIFI[] - WIFI, state: CONNECTED/CONNECTED, reason: (unspecified), extra: "CU_d24p", roaming: false, failover: false, isAvailable: true, isConnectedToProvisioningNetwork: false]
08-10 10:43:02.371 D/skia    (30168): --- SkImageDecoder::Factory returned null
08-10 10:43:02.411 D/skia    (30168): --- SkImageDecoder::Factory returned null
08-10 10:43:02.411 D/ConnectivityService(  933): returning getNetworkInfo(networkType - 0) :[type: MOBILE[] - MOBILE, state: DISCONNECTED/DISCONNECTED, reason: (unspecified), extra: (none), roaming: false, failover: false, isAvailable: true, isConnectedToProvisioningNetwork: false]
08-10 10:43:02.411 D/ConnectivityService(  933): returning getNetworkInfo(networkType - 1) :[type: WIFI[] - WIFI, state: CONNECTED/CONNECTED, reason: (unspecified), extra: "CU_d24p", roaming: false, failover: false, isAvailable: true, isConnectedToProvisioningNetwork: false]
08-10 10:43:02.411 D/ConnectivityService(  933): returning getActiveNetworkInfo :[type: WIFI[] - WIFI, state: CONNECTED/CONNECTED, reason: (unspecified), extra: "CU_d24p", roaming: false, failover: false, isAvailable: true, isConnectedToProvisioningNetwork: false]
08-10 10:43:02.501 V/BitmapFactory(30168): DecodeImagePath(decodeResourceStream3) : r/w/og.png
08-10 10:43:02.501 V/BitmapFactory(30168): DecodeImagePath(decodeResourceStream3) : r/w/og.png
08-10 10:43:02.511 V/BitmapFactory(30168): DecodeImagePath(decodeResourceStream3) : r/w/og.png
08-10 10:43:02.511 V/BitmapFactory(30168): DecodeImagePath(decodeResourceStream3) : r/w/og.png
08-10 10:43:02.521 V/BitmapFactory(30168): DecodeImagePath(decodeResourceStream3) : r/w/og.png
08-10 10:43:02.521 V/BitmapFactory(30168): DecodeImagePath(decodeResourceStream3) : r/w/og.png
08-10 10:43:02.531 V/BitmapFactory(30168): DecodeImagePath(decodeResourceStream3) : r/w/ob.png
08-10 10:43:02.721 V/BitmapFactory(30168): DecodeImagePath(decodeResourceStream3) : r/g/aea.png
08-10 10:43:02.731 V/BitmapFactory(30168): DecodeImagePath(decodeResourceStream3) : r/a6/aj6.png
08-10 10:43:02.741 V/BitmapFactory(30168): DecodeImagePath(decodeResourceStream3) : r/g/a5s.png
08-10 10:43:02.751 V/BitmapFactory(30168): DecodeImagePath(decodeResourceStream3) : r/g/ab7.png
08-10 10:43:02.801 V/BitmapFactory(30168): DecodeImagePath(decodeResourceStream3) : r/g/ahh.png
08-10 10:43:02.881 W/View    (30168): requestLayout() improperly called by com.tencent.news.ui.read24hours.view.AnimationView{3f8cf57a V.ED..C. ......ID 0,3-66,536} during layout: running second layout pass
08-10 10:43:02.881 W/View    (30168): requestLayout() improperly called by com.tencent.news.ui.view.HorizontalScrollViewEx{9afa65a VFED.... ......ID 0,15-924,147 #7f0f03ef app:id/a0i} during layout: running second layout pass
08-10 10:43:02.881 W/View    (30168): requestLayout() improperly called by android.view.View{34ba7bc8 VFED.... ......ID 81,114-135,123 #7f0f03eb app:id/a0e} during layout: running second layout pass
08-10 10:43:02.961 I/Choreographer(30168): Skipped 91 frames!  The application may be doing too much work on its main thread.
08-10 10:43:02.961 I/appium  (30080): AppiumResponse: {"sessionId":"9820e26f-855b-4968-9af5-4f17ea1832a2","status":0,"value":[]}
08-10 10:43:02.971 I/System.out(30168): (HTTPLog)-Static: isSBSettingEnabled false
08-10 10:43:02.971 I/System.out(30168): KnoxVpnUidStorageknoxVpnSupported API value returned is false
08-10 10:43:02.971 D/ConnectivityService(  933): returning getActiveNetworkInfo :[type: WIFI[] - WIFI, state: CONNECTED/CONNECTED, reason: (unspecified), extra: "CU_d24p", roaming: false, failover: false, isAvailable: true, isConnectedToProvisioningNetwork: false]
08-10 10:43:02.981 D/ConnectivityService(  933): returning getActiveNetworkInfo :[type: WIFI[] - WIFI, state: CONNECTED/CONNECTED, reason: (unspecified), extra: "CU_d24p", roaming: false, failover: false, isAvailable: true, isConnectedToProvisioningNetwork: false]
08-10 10:43:02.981 D/ConnectivityService(  933): returning getActiveNetworkInfo :[type: WIFI[] - WIFI, state: CONNECTED/CONNECTED, reason: (unspecified), extra: "CU_d24p", roaming: false, failover: false, isAvailable: true, isConnectedToProvisioningNetwork: false]
08-10 10:43:02.981 D/ConnectivityService(  933): returning getActiveNetworkInfo :[type: WIFI[] - WIFI, state: CONNECTED/CONNECTED, reason: (unspecified), extra: "CU_d24p", roaming: false, failover: false, isAvailable: true, isConnectedToProvisioningNetwork: false]
08-10 10:43:02.981 D/ConnectivityService(  933): returning getNetworkInfo(networkType - 0) :[type: MOBILE[] - MOBILE, state: DISCONNECTED/DISCONNECTED, reason: (unspecified), extra: (none), roaming: false, failover: false, isAvailable: true, isConnectedToProvisioningNetwork: false]
08-10 10:43:02.981 D/ConnectivityService(  933): returning getNetworkInfo(networkType - 1) :[type: WIFI[] - WIFI, state: CONNECTED/CONNECTED, reason: (unspecified), extra: "CU_d24p", roaming: false, failover: false, isAvailable: true, isConnectedToProvisioningNetwork: false]
08-10 10:43:02.981 D/ConnectivityService(  933): returning getActiveNetworkInfo :[type: WIFI[] - WIFI, state: CONNECTED/CONNECTED, reason: (unspecified), extra: "CU_d24p", roaming: false, failover: false, isAvailable: true, isConnectedToProvisioningNetwork: false]
08-10 10:43:03.001 D/LogWriter(30168): 08-10 10:43:03.010	1716	Request	request http://w.inews.qq.com/upLoadLoc will submit with ssl
08-10 10:43:03.021 E/ActivityThread(30168): Failed to find provider info for com.android.badge
08-10 10:43:03.031 W/System.err(30168): com.tencent.news.badger.ShortcutBadgeException: Unable to execute badge
08-10 10:43:03.031 W/System.err(30168): 	at com.tencent.news.badger.m.(ShortcutBadger.java:80)
08-10 10:43:03.031 W/System.err(30168): 	at com.tencent.news.system.b$7.run(ApplicationProxy.java:844)
08-10 10:43:03.031 W/System.err(30168): 	at java.util.concurrent.ThreadPoolExecutor.runWorker(ThreadPoolExecutor.java:1112)
08-10 10:43:03.031 W/System.err(30168): 	at java.util.concurrent.ThreadPoolExecutor$Worker.run(ThreadPoolExecutor.java:587)
08-10 10:43:03.031 W/System.err(30168): 	at java.lang.Thread.run(Thread.java:818)
08-10 10:43:03.031 W/System.err(30168): Caused by: com.tencent.news.badger.ShortcutBadgeException: unable to resolve intent: Intent { act=android.intent.action.BADGE_COUNT_UPDATE (has extras) }
08-10 10:43:03.031 W/System.err(30168): 	at com.tencent.news.badger.g.(DefaultBadger.java:33)
08-10 10:43:03.031 W/System.err(30168): 	at com.tencent.news.badger.l.(SamsungHomeBadger.java:33)
08-10 10:43:03.031 W/System.err(30168): 	at com.tencent.news.badger.m.(ShortcutBadger.java:78)
08-10 10:43:03.031 W/System.err(30168): 	... 4 more
08-10 10:43:03.041 D/LogWriter(30168): 08-10 10:43:03.036	1716	ConnectionSelector	found reuse connect Connection{w.inews.qq.com:443, proxy=DIRECT@ hostAddress=/220.194.95.149:443 cipherSuite=TLS_ECDHE_RSA_WITH_AES_128_GCM_SHA256 protocol=http/1.1 birth=55599757 live=4641} host: w.inews.qq.com address: /220.194.95.149:443 stable: true
08-10 10:43:03.051 D/LogWriter(30168): 08-10 10:43:03.061	1774	Request	request http://w.inews.qq.com/setPushSwitch will submit with ssl
08-10 10:43:03.061 D/LogWriter(30168): 08-10 10:43:03.069	1566	PriorityDns	lookup, start lookup local: w.inews.qq.com
08-10 10:43:03.061 D/LogWriter(30168): 08-10 10:43:03.069	1774	Request	filter block ssl route holder /182.254.118.8 from 0 expire -9223372036799180902 lowIp true fallback http
08-10 10:43:03.091 D/LogWriter(30168): 08-10 10:43:03.078	1693	Request	request http://r.inews.qq.com/checkWeiboAbility?coral_uid=169840019 will submit with ssl
08-10 10:43:03.091 I/System.out(30168): (HTTPLog)-Static: isSBSettingEnabled false
08-10 10:43:03.111 D/LogWriter(30168): 08-10 10:43:03.079	1725	Request	request http://r.inews.qq.com/userCenterConfig will submit with ssl
08-10 10:43:03.111 I/NLP     ( 1373): Location result:[location successful by Baidu], reason:[network location] locType=161
08-10 10:43:03.111 W/NetworkLocation( 1373): BaiduNetworkLocationProvider1:BaiduNetworkLocationProvider1 : forceLocation: network provider not Enabled!
08-10 10:43:03.111 D/ConnectivityService(  933): returning getNetworkInfo(networkType - 1) :[type: WIFI[] - WIFI, state: CONNECTED/CONNECTED, reason: (unspecified), extra: "CU_d24p", roaming: false, failover: false, isAvailable: true, isConnectedToProvisioningNetwork: false]
08-10 10:43:03.111 D/ConnectivityService(  933): returning getNetworkInfo(networkType - 0) :[type: MOBILE[] - MOBILE, state: DISCONNECTED/DISCONNECTED, reason: (unspecified), extra: (none), roaming: false, failover: false, isAvailable: true, isConnectedToProvisioningNetwork: false]
08-10 10:43:03.121 D/LogWriter(30168): 08-10 10:43:03.099	1718	Request	request http://r.inews.qq.com/getLiveSubChannels will submit with ssl
08-10 10:43:03.121 D/ConnectivityService(  933): returning getNetworkInfo(networkType - 1) :[type: WIFI[] - WIFI, state: CONNECTED/CONNECTED, reason: (unspecified), extra: "CU_d24p", roaming: false, failover: false, isAvailable: true, isConnectedToProvisioningNetwork: false]
08-10 10:43:03.121 D/ConnectivityService(  933): returning getActiveNetworkInfo :[type: WIFI[] - WIFI, state: CONNECTED/CONNECTED, reason: (unspecified), extra: "CU_d24p", roaming: false, failover: false, isAvailable: true, isConnectedToProvisioningNetwork: false]
08-10 10:43:03.131 D/LogWriter(30168): 08-10 10:43:03.104	1693	Request	filter block ssl route holder /182.254.118.8 from 0 expire -9223372036799180902 lowIp true fallback http
08-10 10:43:03.131 D/LogWriter(30168): 08-10 10:43:03.105	1706	PriorityDns	lookup, start lookup local: r.inews.qq.com
08-10 10:43:03.131 D/LogWriter(30168): 08-10 10:43:03.115	1725	Request	filter block ssl route holder /182.254.118.8 from 0 expire -9223372036799180902 lowIp true fallback http
08-10 10:43:03.141 D/LogWriter(30168): 08-10 10:43:03.115	1729	PriorityDns	lookup, start lookup local: r.inews.qq.com
08-10 10:43:03.141 D/LogWriter(30168): 08-10 10:43:03.127	1718	Request	filter block ssl route holder /182.254.118.8 from 0 expire -9223372036799180902 lowIp true fallback http
08-10 10:43:03.161 D/LogWriter(30168): 08-10 10:43:03.129	1566	PriorityDns	lookup, start lookup local: r.inews.qq.com
08-10 10:43:03.271 D/DnsProxyListener(  277): DnsProxyListener::GetHostByNameHandler::run, mName : mdevstat.qqlive.qq.com, mAf: 2 
08-10 10:43:03.301 D/LogWriter(30168): 08-10 10:43:03.167	1792	Request	request http://r.inews.qq.com/getSysPublishConfigAndroid will submit with ssl
08-10 10:43:03.301 D/BatteryService(  933): !@BatteryListener : batteryPropertiesChanged!
08-10 10:43:03.301 D/BatteryService(  933): level:92, scale:100, status:2, health:2, present:true, voltage: 4118, temperature: 321, technology: Li-ion, AC powered:false, USB powered:true, Wireless powered:false, icon:17303724, invalid charger:0
08-10 10:43:03.301 D/BatteryService(  933): online:4, current avg:450, charge type:1, power sharing:false, high voltage charger:false, capacity:280000, current_now:450
08-10 10:43:03.301 D/BatteryService(  933): Sending ACTION_BATTERY_CHANGED.
08-10 10:43:03.301 I/MotionRecognitionService(  933): Plugged
08-10 10:43:03.301 I/MotionRecognitionService(  933): setPowerConnected  = true
08-10 10:43:03.311 V/HeadsetService( 3806): HeadsetService - Received Intent.ACTION_BATTERY_CHANGED
08-10 10:43:03.311 D/KeyguardUpdateMonitor( 1180): received broadcast android.intent.action.BATTERY_CHANGED
08-10 10:43:03.311 D/HeadsetStateMachine( 3806): Disconnected process message: 10
08-10 10:43:03.311 D/KeyguardUpdateMonitor( 1180): handleBatteryUpdate
08-10 10:43:03.311 D/LogWriter(30168): 08-10 10:43:03.178	1714	PriorityDns	lookup, start lookup local: r.inews.qq.com
08-10 10:43:03.311 D/STATUSBAR-PhoneStatusBar( 1180):  mBrightnessEnablebySettings = true mBrightnessEnablebyBattery = true mBrightnessEnablebyDisableFlag = true mPmsBrightnessEnablebySettings = true
08-10 10:43:03.311 D/BatteryMeterView( 1180): ACTION_BATTERY_CHANGED : level:92 status:2 health:2
08-10 10:43:03.311 D/BatteryMeterView( 1180): ACTION_BATTERY_CHANGED : level:92 status:2 health:2
08-10 10:43:03.311 D/BatteryMeterView( 1180): ACTION_BATTERY_CHANGED : level:92 status:2 health:2
08-10 10:43:03.361 W/ResourceType(30168): No known package when getting value for resource number 0xffffffff
08-10 10:43:03.361 W/ResourceType(30168): No known package when getting value for resource number 0xffffffff
08-10 10:43:03.371 D/DnsProxyListener(  277): DnsProxyListener::GetHostByNameHandler::run, mName : downloadtpt.qqlive.qq.com, mAf: 2 
08-10 10:43:03.401 W/ResourceType(30168): No known package when getting value for resource number 0xffffffff
08-10 10:43:03.401 W/ResourceType(30168): No known package when getting value for resource number 0xffffffff
08-10 10:43:03.411 W/ResourceType(30168): No known package when getting value for resource number 0xffffffff
08-10 10:43:03.411 W/ResourceType(30168): No known package when getting value for resource number 0xffffffff
08-10 10:43:03.411 W/ResourceType(30168): No known package when getting value for resource number 0xffffffff
08-10 10:43:03.411 W/ResourceType(30168): No known package when getting value for resource number 0xffffffff
08-10 10:43:03.431 D/DnsProxyListener(  277): DnsProxyListener::GetHostByNameHandler::run, mName : mdevstat.qqlive.qq.com, mAf: 2 
08-10 10:43:03.431 I/wpa_supplicant( 1157): nl80211: Received scan results (2 BSSes)
08-10 10:43:03.441 E/SMD     (  283): DCD ON
08-10 10:43:03.441 D/LogWriter(30168): 08-10 10:43:03.191	1792	Request	filter block ssl route holder /182.254.118.8 from 0 expire -9223372036799180902 lowIp true fallback http
08-10 10:43:03.441 D/LogWriter(30168): 08-10 10:43:03.209	1727	Request	request http://w.inews.qq.com/reportNewUserTime will submit with ssl
08-10 10:43:03.441 D/LogWriter(30168): 08-10 10:43:03.220	1566	PriorityDns	lookup, start lookup local: w.inews.qq.com
08-10 10:43:03.441 D/ActivityManager(  933): isDeviceAdminActiveApp false :com.android.systemui
08-10 10:43:03.441 D/ActivityManager(  933): isAutoRunBlockedApp:: com.android.systemui, Auto Run ON
08-10 10:43:03.451 D/LogWriter(30168): 08-10 10:43:03.224	1727	Request	filter block ssl route holder /182.254.118.8 from 0 expire -9223372036799180902 lowIp true fallback http
08-10 10:43:03.451 D/DnsProxyListener(  277): DnsProxyListener::GetHostByNameHandler::run, mName : mdevstat.qqlive.qq.com, mAf: 2 
08-10 10:43:03.461 D/LogWriter(30168): 08-10 10:43:03.259	1716	Request	request http://w.inews.qq.com/reportUserTime will submit with ssl
08-10 10:43:03.471 D/LogWriter(30168): 08-10 10:43:03.268	1773	PriorityDns	lookup, start lookup local: w.inews.qq.com
08-10 10:43:03.471 D/LogWriter(30168): 08-10 10:43:03.268	1716	Request	filter block ssl route holder /182.254.118.8 from 0 expire -9223372036799180902 lowIp true fallback http
08-10 10:43:03.471 I/appium  (30080): channel read invoked!
08-10 10:43:03.471 I/appium  (30080): channel read: POST /wd/hub/session/9820e26f-855b-4968-9af5-4f17ea1832a2/elements
08-10 10:43:03.471 I/appium  (30080): Find elements command using 'id' with selector 'com.tencent.news:id/b0e'.
08-10 10:43:03.471 I/appium  (30080): Waiting up to 10000ms for device to be idle
08-10 10:43:03.501 D/LogWriter(30168): 08-10 10:43:03.473	1566	ConnectionSelector	return connection, host r.inews.qq.com addr /220.194.95.149:443 proxy DIRECT@ rtt 19 
08-10 10:43:03.511 D/ConnectivityService(  933): returning getActiveNetworkInfo :[type: WIFI[] - WIFI, state: CONNECTED/CONNECTED, reason: (unspecified), extra: "CU_d24p", roaming: false, failover: false, isAvailable: true, isConnectedToProvisioningNetwork: false]
08-10 10:43:03.521 D/DnsProxyListener(  277): DnsProxyListener::GetHostByNameHandler::run, mName : mdevstat.qqlive.qq.com, mAf: 2 
08-10 10:43:03.521 D/ConnectivityService(  933): returning getNetworkInfo(networkType - 0) :[type: MOBILE[] - MOBILE, state: DISCONNECTED/DISCONNECTED, reason: (unspecified), extra: (none), roaming: false, failover: false, isAvailable: true, isConnectedToProvisioningNetwork: false]
08-10 10:43:03.521 D/ConnectivityService(  933): returning getNetworkInfo(networkType - 1) :[type: WIFI[] - WIFI, state: CONNECTED/CONNECTED, reason: (unspecified), extra: "CU_d24p", roaming: false, failover: false, isAvailable: true, isConnectedToProvisioningNetwork: false]
08-10 10:43:03.531 D/ConnectivityService(  933): returning getActiveNetworkInfo :[type: WIFI[] - WIFI, state: CONNECTED/CONNECTED, reason: (unspecified), extra: "CU_d24p", roaming: false, failover: false, isAvailable: true, isConnectedToProvisioningNetwork: false]
08-10 10:43:03.571 D/LogWriter(30168): 08-10 10:43:03.555	1717	Request	request http://r.inews.qq.com/getLottieConfig will submit with ssl
08-10 10:43:03.571 D/MicroMsg.PaySdk.WXFactory(30168): createWXAPI, appId = wx073f4a4daff0abe8, checkSignature = true
08-10 10:43:03.581 D/LogWriter(30168): 08-10 10:43:03.561	1717	ConnectionSelector	found reuse connect Connection{r.inews.qq.com:443, proxy=DIRECT@ hostAddress=/220.194.95.149:443 cipherSuite=TLS_ECDHE_RSA_WITH_AES_128_GCM_SHA256 protocol=http/1.1 birth=55604828 live=113} host: r.inews.qq.com address: /220.194.95.149:443 stable: true
08-10 10:43:03.581 D/ConnectivityService(  933): returning getActiveNetworkInfo :[type: WIFI[] - WIFI, state: CONNECTED/CONNECTED, reason: (unspecified), extra: "CU_d24p", roaming: false, failover: false, isAvailable: true, isConnectedToProvisioningNetwork: false]
08-10 10:43:03.581 D/ConnectivityService(  933): returning getNetworkInfo(networkType - 0) :[type: MOBILE[] - MOBILE, state: DISCONNECTED/DISCONNECTED, reason: (unspecified), extra: (none), roaming: false, failover: false, isAvailable: true, isConnectedToProvisioningNetwork: false]
08-10 10:43:03.581 D/ConnectivityService(  933): returning getNetworkInfo(networkType - 1) :[type: WIFI[] - WIFI, state: CONNECTED/CONNECTED, reason: (unspecified), extra: "CU_d24p", roaming: false, failover: false, isAvailable: true, isConnectedToProvisioningNetwork: false]
08-10 10:43:03.581 D/ConnectivityService(  933): returning getActiveNetworkInfo :[type: WIFI[] - WIFI, state: CONNECTED/CONNECTED, reason: (unspecified), extra: "CU_d24p", roaming: false, failover: false, isAvailable: true, isConnectedToProvisioningNetwork: false]
08-10 10:43:03.601 D/MicroMsg.SDK.WXApiImplV10(30168): <init>, appId = wx073f4a4daff0abe8, checkSignature = true
08-10 10:43:03.611 D/MicroMsg.SDK.WXMsgImplComm(30168): check signature:308202eb30820254a00302010202044d36f7a4300d06092a864886f70d01010505003081b9310b300906035504061302383631123010060355040813094775616e67646f6e673111300f060355040713085368656e7a68656e31353033060355040a132c54656e63656e7420546563686e6f6c6f6779285368656e7a68656e2920436f6d70616e79204c696d69746564313a3038060355040b133154656e63656e74204775616e677a686f7520526573656172636820616e6420446576656c6f706d656e742043656e7465723110300e0603550403130754656e63656e74301e170d3131303131393134333933325a170d3431303131313134333933325a3081b9310b300906035504061302383631123010060355040813094775616e67646f6e673111300f060355040713085368656e7a68656e31353033060355040a132c54656e63656e7420546563686e6f6c6f6779285368656e7a68656e2920436f6d70616e79204c696d69746564313a3038060355040b133154656e63656e74204775616e677a686f7520526573656172636820616e6420446576656c6f706d656e742043656e7465723110300e0603550403130754656e63656e7430819f300d06092a864886f70d010101050003818d0030818902818100c05f34b231b083fb1323670bfbe7bdab40c0c0a6efc87ef2072a1ff0d60cc67c8edb0d0847f210bea6cbfaa241be70c86daf56be08b723c859e52428a064555d80db448cdcacc1aea2501eba06f8bad12a4fa49d85cacd7abeb68945a5cb5e061629b52e3254c373550ee4e40cb7c8ae6f7a8151ccd8df582d446f39ae0c5e930203010001300d06092a864886f70d0101050500038181009c8d9d7f2f908c42081b4c764c377109a8b2c70582422125ce545842d5f520aea69550b6bd8bfd94e987b75a3077eb04ad341f481aac266e89d3864456e69fba13df018acdc168b9a19dfd7ad9d9cc6f6ace57c746515f71234df3a053e33ba93ece5cd0fc15f3e389a3f365588a9fcb439e069d3629cd7732a13fff7b891499
08-10 10:43:03.611 D/MicroMsg.SDK.WXMsgImplComm(30168): pass
08-10 10:43:03.611 D/MicroMsg.SDK.WXApiImplV10(30168): registerApp, appId = wx073f4a4daff0abe8
08-10 10:43:03.611 D/MicroMsg.SDK.WXApiImplV10(30168): registerApp, appId = wx073f4a4daff0abe8
08-10 10:43:03.611 D/MicroMsg.SDK.WXApiImplV10(30168): register app com.tencent.news
08-10 10:43:03.621 D/MicroMsg.SDK.MMessage(30168): send mm message, intent=Intent { act=com.tencent.mm.plugin.openapi.Intent.ACTION_HANDLE_APP_REGISTER (has extras) }, perm=com.tencent.mm.permission.MM_MESSAGE
08-10 10:43:03.621 D/ActivityManager(  933): isDeviceAdminActiveApp false :com.tencent.mm
08-10 10:43:03.621 D/ActivityManager(  933): isAutoRunBlockedApp:: com.tencent.mm, Auto Run ON
08-10 10:43:03.651 E/WifiStateMachine(  933): WifiStateMachine CMD_START_SCAN source 10217 txSuccessRate=296.85 rxSuccessRate=245.95 targetRoamBSSID=88:3f:d3:3f:82:d0 RSSI=-73
08-10 10:43:03.651 I/wpa_supplicant( 1157): wlan0: Setting scan request: 0 sec 0 usec
08-10 10:43:03.651 I/wpa_supplicant( 1157): P2P: Current p2p state = IDLE
08-10 10:43:03.651 D/WifiService(  933): startScan by pid=30168, uid=10217
08-10 10:43:03.661 I/wpa_supplicant( 1157): Scan requested (ret=0) - scan timeout 30 seconds
08-10 10:43:03.671 D/LogWriter(30168): 08-10 10:43:03.670	1698	Request	request http://r.inews.qq.com/appEventNotice will submit with ssl
08-10 10:43:03.671 D/LogWriter(30168): 08-10 10:43:03.679	1698	ConnectionSelector	found reuse connect Connection{r.inews.qq.com:443, proxy=DIRECT@ hostAddress=/220.194.95.149:443 cipherSuite=TLS_ECDHE_RSA_WITH_AES_128_GCM_SHA256 protocol=http/1.1 birth=55604828 live=211} host: r.inews.qq.com address: /220.194.95.149:443 stable: true
08-10 10:43:03.691 D/ConnectivityService(  933): returning getActiveNetworkInfo :[type: WIFI[] - WIFI, state: CONNECTED/CONNECTED, reason: (unspecified), extra: "CU_d24p", roaming: false, failover: false, isAvailable: true, isConnectedToProvisioningNetwork: false]
08-10 10:43:03.691 D/ConnectivityService(  933): returning getNetworkInfo(networkType - 1) :[type: WIFI[] - WIFI, state: CONNECTED/CONNECTED, reason: (unspecified), extra: "CU_d24p", roaming: false, failover: false, isAvailable: true, isConnectedToProvisioningNetwork: false]
08-10 10:43:03.711 I/System.out(30168): (HTTPLog)-Static: isSBSettingEnabled false
08-10 10:43:03.711 D/ConnectivityService(  933): returning getActiveNetworkInfo :[type: WIFI[] - WIFI, state: CONNECTED/CONNECTED, reason: (unspecified), extra: "CU_d24p", roaming: false, failover: false, isAvailable: true, isConnectedToProvisioningNetwork: false]
08-10 10:43:03.721 W/View    (30168): requestLayout() improperly called by com.tencent.news.ui.view.HorizontalScrollViewEx{9afa65a VFED.... ......ID 0,15-924,147 #7f0f03ef app:id/a0i} during layout: running second layout pass
08-10 10:43:03.721 W/View    (30168): requestLayout() improperly called by android.view.View{34ba7bc8 VFED.... ......ID 54,114-108,123 #7f0f03eb app:id/a0e} during layout: running second layout pass
08-10 10:43:03.731 D/ConnectivityService(  933): returning getActiveNetworkInfo :[type: WIFI[] - WIFI, state: CONNECTED/CONNECTED, reason: (unspecified), extra: "CU_d24p", roaming: false, failover: false, isAvailable: true, isConnectedToProvisioningNetwork: false]
08-10 10:43:03.741 I/appium  (30080): AppiumResponse: {"sessionId":"9820e26f-855b-4968-9af5-4f17ea1832a2","status":0,"value":[]}
08-10 10:43:03.751 D/LogWriter(30168): 08-10 10:43:03.762	1809	Request	request http://r.inews.qq.com/getSysPublishConfigAndroid will submit with ssl
08-10 10:43:03.761 D/LogWriter(30168): 08-10 10:43:03.764	1566	Request	request http://up.inews.qq.com/checkUpload will submit with ssl
08-10 10:43:03.761 D/ClipboardUIManager(  933): ClipboardUIManager isShowingClipBoard()
08-10 10:43:03.761 E/ClipboardUIManager(  933): Failed to get ClipboardService
08-10 10:43:03.761 D/LogWriter(30168): 08-10 10:43:03.773	1566	PriorityDns	lookup, start lookup local: up.inews.qq.com
08-10 10:43:03.761 D/ConnectivityService(  933): returning getNetworkInfo(networkType - 0) :[type: MOBILE[] - MOBILE, state: DISCONNECTED/DISCONNECTED, reason: (unspecified), extra: (none), roaming: false, failover: false, isAvailable: true, isConnectedToProvisioningNetwork: false]
08-10 10:43:03.761 D/ConnectivityService(  933): returning getNetworkInfo(networkType - 1) :[type: WIFI[] - WIFI, state: CONNECTED/CONNECTED, reason: (unspecified), extra: "CU_d24p", roaming: false, failover: false, isAvailable: true, isConnectedToProvisioningNetwork: false]
08-10 10:43:03.761 D/ConnectivityService(  933): returning getActiveNetworkInfo :[type: WIFI[] - WIFI, state: CONNECTED/CONNECTED, reason: (unspecified), extra: "CU_d24p", roaming: false, failover: false, isAvailable: true, isConnectedToProvisioningNetwork: false]
08-10 10:43:03.771 D/LogWriter(30168): 08-10 10:43:03.773	1566	HttpDns	lookup, update direct ip, hostname: up.inews.qq.com
08-10 10:43:03.771 D/LogWriter(30168): 08-10 10:43:03.777	1809	Request	filter block ssl route holder /182.254.118.8 from 0 expire -9223372036799180902 lowIp true fallback http
08-10 10:43:03.771 D/LogWriter(30168): 08-10 10:43:03.782	1717	Request	filter block ssl route holder /182.254.118.8 from 0 expire -9223372036799180902 lowIp true fallback http
08-10 10:43:03.771 D/LogWriter(30168): 08-10 10:43:03.782	1717	Request	filter block ssl route holder wise.qq.com/182.254.118.8 from 3 expire 55663227 lowIp false fallback http
08-10 10:43:03.781 D/NetStatus(30168): [System]:Wifi
08-10 10:43:03.781 D/ConnectivityService(  933): returning getNetworkInfo(networkType - 0) :[type: MOBILE[] - MOBILE, state: DISCONNECTED/DISCONNECTED, reason: (unspecified), extra: (none), roaming: false, failover: false, isAvailable: true, isConnectedToProvisioningNetwork: false]
08-10 10:43:03.781 D/ConnectivityService(  933): returning getNetworkInfo(networkType - 1) :[type: WIFI[] - WIFI, state: CONNECTED/CONNECTED, reason: (unspecified), extra: "CU_d24p", roaming: false, failover: false, isAvailable: true, isConnectedToProvisioningNetwork: false]
08-10 10:43:03.781 D/ConnectivityService(  933): returning getActiveNetworkInfo :[type: WIFI[] - WIFI, state: CONNECTED/CONNECTED, reason: (unspecified), extra: "CU_d24p", roaming: false, failover: false, isAvailable: true, isConnectedToProvisioningNetwork: false]
08-10 10:43:03.791 W/ContextImpl(  933): Calling a method in the system process without a qualified user: android.app.ContextImpl.sendBroadcast:1699 com.android.internal.policy.impl.PhoneWindowManager.notifyToSSRM:5625 com.android.internal.policy.impl.PhoneWindowManager.access$600:192 com.android.internal.policy.impl.PhoneWindowManager$PolicyHandler.handleMessage:811 android.os.Handler.dispatchMessage:102 
08-10 10:43:03.791 D/SSRM:a  (  933): DeviceInfo:: 000000100000
08-10 10:43:03.791 D/SSRM:a  (  933): SettingsAirViewInfo:: 010100000
08-10 10:43:03.851 I/UnicodeIME( 1813): onFinishInput: 
08-10 10:43:03.851 D/ConnectivityService(  933): returning getNetworkInfo(networkType - 1) :[type: WIFI[] - WIFI, state: CONNECTED/CONNECTED, reason: (unspecified), extra: "CU_d24p", roaming: false, failover: false, isAvailable: true, isConnectedToProvisioningNetwork: false]
08-10 10:43:03.861 I/UnicodeIME( 1813): onStartInput
08-10 10:43:03.861 D/ConnectivityService(  933): returning getActiveNetworkInfo :[type: WIFI[] - WIFI, state: CONNECTED/CONNECTED, reason: (unspecified), extra: "CU_d24p", roaming: false, failover: false, isAvailable: true, isConnectedToProvisioningNetwork: false]
08-10 10:43:03.871 D/ConnectivityService(  933): returning getActiveNetworkInfo :[type: WIFI[] - WIFI, state: CONNECTED/CONNECTED, reason: (unspecified), extra: "CU_d24p", roaming: false, failover: false, isAvailable: true, isConnectedToProvisioningNetwork: false]
08-10 10:43:03.891 I/System.out(30168): (HTTPLog)-Static: isSBSettingEnabled false
08-10 10:43:03.901 I/System.out(30168): KnoxVpnUidStorageknoxVpnSupported API value returned is false
08-10 10:43:03.901 I/System.out(30168): (HTTPLog)-Static: isSBSettingEnabled false
08-10 10:43:03.901 D/ConnectivityService(  933): returning getActiveNetworkInfo :[type: WIFI[] - WIFI, state: CONNECTED/CONNECTED, reason: (unspecified), extra: "CU_d24p", roaming: false, failover: false, isAvailable: true, isConnectedToProvisioningNetwork: false]
08-10 10:43:03.951 D/LogWriter(30168): 08-10 10:43:03.957	1698	ConnectionSelector	return connection, host wise.qq.com addr /182.254.118.8:80 proxy DIRECT@ rtt 119 
08-10 10:43:03.951 D/LogWriter(30168): 08-10 10:43:03.957	1717	Request	request fall back https://wise.qq.com/dnsQuery?dn=up.inews.qq.com&seq=430835253&format=json&appid=1000&adcode=110113&is_special_device=0&mid=478cd36182ab2b8b428bb3370d739f0626ce4071&dpi=480.0&is_chinamobile_oem=0&qqnetwork=wifi&rom_type=LRX21V.N9006ZCUGPA1&isColdLaunch=1&real_device_width=2.8&net_proxy=DIRECT@&net_bssid=88:3f:d3:3f:82:d0&isMainUserLogin=0&currentChannelId=news_news_top&isElderMode=0&apptype=android&islite=0&hw=samsung_SM-N9006&baseid=460.01.41193.2985443&global_session_id=1565404976925&screen_width=1080&omgbizid=617d8c66ee06564152182c2e07f844f58b8c0050214707&sceneid=&videoAutoPlay=1&imsi=460010231606007&fix_store=&cpuabi=armeabi-v7a&isoem=0&currentTabId=news_news&lite_version=&startTimestamp=1565404976&net_slot=0&pagestartfrom=icon&mac=84:38:38:9B:6B:47&activefrom=icon&net_ssid=CU_d24p&store=10797&screen_height=1920&top_activity=SplashActivity&preStartTimestamp=1565401731&real_device_height=4.96&origin_imei=355021060012215&network_type=wifi&origCurrentTab=top&global_info=1|1|1|1|1|14|4|1|0|6|1|1|1||0|J309P000000000:J902P000000000:A601P000079501:A601P300093301:J601P100000000:J601P600000000:J601P400000000:J601P200000000:J603P000000000:J401P100000000:J401P000000000:J602P000000000:J602P900000000:J602P100000000:J602P500000000:J602P600000000:J304P000000000:J310P000000000:J701P000000000:J703P000000000:A704P000126401:J702P000000000:B064P000131402:A085P000087701:A267P000127801:J267P100000000:A073P000132001:A060P016085901:J060P000000000:J060P100000000:J060P017000000:J060P018000000:B403P000115802:J403P100000000:J404P000000000:B055P200076802:J055P000000000:B402P300104902:B402P000120902:B402P100126002:J402P021000000:A054P000129101:J054P200000000:B901P000127502|1429|0|1|24|24|0|0|0|1001|3|3|1|1|1|1|1|1|-1|0|0|0|2|0|0|0|2|0|0|1|0|0|1|0|0|0|0|0|1|0|1|1|0|0|1|0|4|0|1|1|11|20|1|0|1|1|4|0|1|4|2|1|1|40|2|51|60|0|1|0|0|0|1|0|0|0|73|0|0|0&imsi_history=460010231606007&net_apn=0&uid=45258864323b7bbe&omgid=3600936f0a736c445f1a0cad550d7cb5ea930010214707&trueVersion=5.8.50&qimei=355021060012215&devid=355021060012215&appver=21_android_5.8.50&Cookie=open_appid%3D100383922;open_access_token%3D;open_pay_token%3D;open_openid%3D;vqq_appid%3D100383922;vqq_access_token%3D;vqq_openid%3D;logintype%3D0;%20main_login%3D;%20 to http
08-10 10:43:03.951 V/RenderScript(30168): Application requested CPU execution
08-10 10:43:03.961 V/RenderScript(30168): 0x9529e000 Launching thread(s), CPUs 4
08-10 10:43:03.961 I/System.out(30168): KnoxVpnUidStorageknoxVpnSupported API value returned is false
08-10 10:43:04.001 E/ApmManager(30168): checkInstanceValid Error!!!
08-10 10:43:04.061 D/ImmersiveHelper(30168): viewpadding...
08-10 10:43:04.061 D/LogWriter(30168): 08-10 10:43:04.072	1813	Request	request http://w.inews.qq.com/searchPage will submit with ssl
08-10 10:43:04.061 D/LogWriter(30168): 08-10 10:43:04.077	1813	Request	filter block ssl route holder /182.254.118.8 from 0 expire -9223372036799180902 lowIp true fallback http
08-10 10:43:04.091 I/System.out(30168): (HTTPLog)-Static: isSBSettingEnabled false
08-10 10:43:04.111 V/MediaPlayer-JNI(30168): native_setup
08-10 10:43:04.111 V/MediaPlayer(30168): constructor
08-10 10:43:04.121 V/MediaPlayer(30168): setListener
08-10 10:43:04.121 E/MediaPlayer-JNI(30168): QCMediaPlayer mediaplayer NOT present
08-10 10:43:04.131 V/MediaPlayer(30168): isPlaying: no active player
08-10 10:43:04.131 V/MediaPlayer-JNI(30168): isPlaying: 0
08-10 10:43:04.131 I/System.out(30168): KnoxVpnUidStorageknoxVpnSupported API value returned is false
08-10 10:43:04.141 W/UIManager_Blank(30168): UIManager init IS_BLANK_CLASS:true
