08-08 23:35:22.608 D/StatusBar.NetworkController( 1177): refreshViews connected={ wifi } level=4 combinedSignalIconId=0x7f020556/com.android.systemui:drawable/stat_sys_wifi_signal_4 mobileLabel=仅限紧急通话 wifiLabel="宣龙华的 iPhone (2)"xxxxXXXXxxxxXXXX emergencyOnly=true combinedLabel="宣龙华的 iPhone (2)"xxxxXXXXxxxxXXXX mAirplaneMode=false mDataActivity=0 mPhoneSignalIconId=0x7f0204e9/com.android.systemui:drawable/stat_sys_signal_4 mQSPhoneSignalIconId=0x7f020148/com.android.systemui:drawable/ic_qs_signal_4 mDataDirectionIconId=0x0/(null) mDataSignalIconId=0x7f0204e9/com.android.systemui:drawable/stat_sys_signal_4 mDataTypeIconId=0x0/(null) mQSDataTypeIconId=0x0/(null) mNoSimIconId=0x0/(null) mWifiIconId=0x7f020556/com.android.systemui:drawable/stat_sys_wifi_signal_4 mQSWifiIconId=0x7f02015e/com.android.systemui:drawable/ic_qs_wifi_4 mWifiActivityIconId=0x7f020529/com.android.systemui:drawable/stat_sys_signal_no_inout mBluetoothTetherIconId=0x10808f1/android:drawable/stat_sys_tether_bluetooth
08-08 23:35:22.608 D/STATUSBAR-WifiQuickSettingButton( 1177): onWifiSignalChanged enabled=true enabledDesc:"宣龙华的 iPhone (2)"
08-08 23:35:22.608 D/StatusBar.NetworkController( 1177): refreshSignalCluster - setNWBoosterIndicators(false)
08-08 23:35:22.608 D/StatusBar.NetworkController( 1177): applyCHN
08-08 23:35:22.608 D/StatusBar.NetworkController( 1177): refreshSignalCluster - setNWBoosterIndicators(false)
08-08 23:35:22.618 D/StatusBar.NetworkController( 1177): applyCHN
08-08 23:35:22.618 D/StatusBar.NetworkController( 1177): refreshSignalCluster - setNWBoosterIndicators(false)
08-08 23:35:22.618 D/StatusBar.NetworkController( 1177): applyCHN
08-08 23:35:22.618 D/StatusBar.NetworkController( 1177): refreshSignalCluster - setNWBoosterIndicators(false)
08-08 23:35:22.618 D/StatusBar.NetworkController( 1177): applyCHN
08-08 23:35:22.908 I/art     (23703): Alloc sticky concurrent mark sweep GC freed 1048319(38MB) AllocSpace objects, 0(0B) LOS objects, 25% free, 18MB/24MB, paused 699us total 112.194ms
08-08 23:35:22.938 E/SMD     (  289): DCD ON
08-08 23:35:23.988 D/KeyguardUpdateMonitor( 1177): received broadcast android.intent.action.BATTERY_CHANGED
08-08 23:35:23.988 D/KeyguardUpdateMonitor( 1177): handleBatteryUpdate
08-08 23:35:24.008 V/HeadsetService( 3910): HeadsetService - Received Intent.ACTION_BATTERY_CHANGED
08-08 23:35:24.008 D/HeadsetStateMachine( 3910): Disconnected process message: 10
08-08 23:35:24.028 E/MtpServerJNI( 1231): server is null in send_object_removed
08-08 23:35:24.208 D/SecContentProvider2(  917): uri = 14 selection = getSealedState
08-08 23:35:24.208 D/SecContentProvider2(  917): mCursor = null
08-08 23:35:24.218 D/ApplicationPolicy(  917): isStatusBarNotificationAllowedAsUser: packageName = com.baidu.appsearch,userId = 0
08-08 23:35:24.218 V/ApplicationPolicy(  917): isApplicationStateBlocked userId 0 pkgname com.baidu.appsearch
08-08 23:35:24.238 D/StatusBar( 1177): ----- contentsUnchanged : true, bigContentsUnchanged - true, headsUpContentsUnchanged - true , publicUnchanged true
08-08 23:35:24.248 D/PersonaManager( 1177): isKioskContainerExistOnDevice
08-08 23:35:24.248 D/PersonaManager( 1177): isKioskContainerExistOnDevice
08-08 23:35:24.258 I/System.out( 2844): (HTTPLog)-Static: isSBSettingEnabled false
08-08 23:35:24.258 D/PanelView( 1177): There is/are notification(s) 
08-08 23:35:24.258 D/PanelView( 1177): There is/are notification(s) 
08-08 23:35:24.448 I/System.out( 2844): KnoxVpnUidStorageknoxVpnSupported API value returned is false
08-08 23:35:24.628 D/StatusBar.NetworkController( 1177): refreshViews connected={ wifi } level=4 combinedSignalIconId=0x7f020556/com.android.systemui:drawable/stat_sys_wifi_signal_4 mobileLabel=仅限紧急通话 wifiLabel="宣龙华的 iPhone (2)"xxxxXXXXxxxxXXXX emergencyOnly=true combinedLabel="宣龙华的 iPhone (2)"xxxxXXXXxxxxXXXX mAirplaneMode=false mDataActivity=0 mPhoneSignalIconId=0x7f0204e9/com.android.systemui:drawable/stat_sys_signal_4 mQSPhoneSignalIconId=0x7f020148/com.android.systemui:drawable/ic_qs_signal_4 mDataDirectionIconId=0x0/(null) mDataSignalIconId=0x7f0204e9/com.android.systemui:drawable/stat_sys_signal_4 mDataTypeIconId=0x0/(null) mQSDataTypeIconId=0x0/(null) mNoSimIconId=0x0/(null) mWifiIconId=0x7f020556/com.android.systemui:drawable/stat_sys_wifi_signal_4 mQSWifiIconId=0x7f02015e/com.android.systemui:drawable/ic_qs_wifi_4 mWifiActivityIconId=0x7f020527/com.android.systemui:drawable/stat_sys_signal_inout mBluetoothTetherIconId=0x10808f1/android:drawable/stat_sys_tether_bluetooth
08-08 23:35:24.628 D/STATUSBAR-WifiQuickSettingButton( 1177): onWifiSignalChanged enabled=true enabledDesc:"宣龙华的 iPhone (2)"
08-08 23:35:24.628 D/StatusBar.NetworkController( 1177): refreshSignalCluster - setNWBoosterIndicators(false)
08-08 23:35:24.628 D/StatusBar.NetworkController( 1177): applyCHN
08-08 23:35:24.628 D/StatusBar.NetworkController( 1177): refreshSignalCluster - setNWBoosterIndicators(false)
08-08 23:35:24.628 D/StatusBar.NetworkController( 1177): applyCHN
08-08 23:35:24.628 D/StatusBar.NetworkController( 1177): refreshSignalCluster - setNWBoosterIndicators(false)
08-08 23:35:24.628 D/StatusBar.NetworkController( 1177): applyCHN
08-08 23:35:24.628 D/StatusBar.NetworkController( 1177): refreshSignalCluster - setNWBoosterIndicators(false)
08-08 23:35:24.628 D/StatusBar.NetworkController( 1177): applyCHN
08-08 23:35:24.758 W/System.err( 2844): org.json.JSONException: Value [] at result of type org.json.JSONArray cannot be converted to JSONObject
08-08 23:35:24.758 W/System.err( 2844): 	at org.json.JSON.typeMismatch(JSON.java:100)
08-08 23:35:24.758 W/System.err( 2844): 	at org.json.JSONObject.getJSONObject(JSONObject.java:613)
08-08 23:35:24.758 W/System.err( 2844): 	at com.baidu.appsearch.requestor.BaseRequestor.a(Unknown Source)
08-08 23:35:24.758 W/System.err( 2844): 	at com.baidu.appsearch.requestor.AbstractRequestor$8.a(Unknown Source)
08-08 23:35:24.758 W/System.err( 2844): 	at com.baidu.appsearch.requestor.WebRequestTask$3.b(Unknown Source)
08-08 23:35:24.758 W/System.err( 2844): 	at com.baidu.appsearch.requestor.StringResponseHandler.a(Unknown Source)
08-08 23:35:24.758 W/System.err( 2844): 	at com.baidu.appsearch.requestor.InputStreamResponseHandler.a(Unknown Source)
08-08 23:35:24.758 W/System.err( 2844): 	at com.baidu.appsearch.requestor.HttpURLRequest.a(Unknown Source)
08-08 23:35:24.758 W/System.err( 2844): 	at com.baidu.appsearch.requestor.WebRequestTask.run(Unknown Source)
08-08 23:35:24.758 W/System.err( 2844): 	at java.util.concurrent.ThreadPoolExecutor.runWorker(ThreadPoolExecutor.java:1112)
08-08 23:35:24.758 W/System.err( 2844): 	at java.util.concurrent.ThreadPoolExecutor$Worker.run(ThreadPoolExecutor.java:587)
08-08 23:35:24.758 W/System.err( 2844): 	at java.lang.Thread.run(Thread.java:818)
08-08 23:35:25.938 E/SMD     (  289): DCD ON
08-08 23:35:26.638 D/StatusBar.NetworkController( 1177): refreshViews connected={ wifi } level=4 combinedSignalIconId=0x7f020556/com.android.systemui:drawable/stat_sys_wifi_signal_4 mobileLabel=仅限紧急通话 wifiLabel="宣龙华的 iPhone (2)"xxxxXXXXxxxxXXXX emergencyOnly=true combinedLabel="宣龙华的 iPhone (2)"xxxxXXXXxxxxXXXX mAirplaneMode=false mDataActivity=0 mPhoneSignalIconId=0x7f0204e9/com.android.systemui:drawable/stat_sys_signal_4 mQSPhoneSignalIconId=0x7f020148/com.android.systemui:drawable/ic_qs_signal_4 mDataDirectionIconId=0x0/(null) mDataSignalIconId=0x7f0204e9/com.android.systemui:drawable/stat_sys_signal_4 mDataTypeIconId=0x0/(null) mQSDataTypeIconId=0x0/(null) mNoSimIconId=0x0/(null) mWifiIconId=0x7f020556/com.android.systemui:drawable/stat_sys_wifi_signal_4 mQSWifiIconId=0x7f02015e/com.android.systemui:drawable/ic_qs_wifi_4 mWifiActivityIconId=0x7f020529/com.android.systemui:drawable/stat_sys_signal_no_inout mBluetoothTetherIconId=0x10808f1/android:drawable/stat_sys_tether_bluetooth
08-08 23:35:26.638 D/STATUSBAR-WifiQuickSettingButton( 1177): onWifiSignalChanged enabled=true enabledDesc:"宣龙华的 iPhone (2)"
08-08 23:35:26.638 D/StatusBar.NetworkController( 1177): refreshSignalCluster - setNWBoosterIndicators(false)
08-08 23:35:26.638 D/StatusBar.NetworkController( 1177): applyCHN
08-08 23:35:26.638 D/StatusBar.NetworkController( 1177): refreshSignalCluster - setNWBoosterIndicators(false)
08-08 23:35:26.638 D/StatusBar.NetworkController( 1177): applyCHN
08-08 23:35:26.638 D/StatusBar.NetworkController( 1177): refreshSignalCluster - setNWBoosterIndicators(false)
08-08 23:35:26.638 D/StatusBar.NetworkController( 1177): applyCHN
08-08 23:35:26.648 D/StatusBar.NetworkController( 1177): refreshSignalCluster - setNWBoosterIndicators(false)
08-08 23:35:26.648 D/StatusBar.NetworkController( 1177): applyCHN
08-08 23:35:28.938 E/SMD     (  289): DCD ON
08-08 23:35:30.068 D/StatusBar.NetworkController( 1177): onSignalStrengthsChanged signalStrength=SignalStrength: 17 99 -120 -160 -120 -1 -1 99 2147483647 2147483647 2147483647 -1 2147483647 0x4 gsm|lte level=4
08-08 23:35:30.068 D/StatusBar.NetworkController( 1177): updateTelephonySignalStrength: hasService=true ss=SignalStrength: 17 99 -120 -160 -120 -1 -1 99 2147483647 2147483647 2147483647 -1 2147483647 0x4 gsm|lte
08-08 23:35:30.068 D/StatusBar.NetworkController( 1177): updateTelephonySignalStrength: iconLevel=4
08-08 23:35:30.068 D/StatusBar.NetworkController( 1177): updateTelephonySignalStrength, No signal level. mPhoneSignalIconId = com.android.systemui:drawable/stat_sys_signal_4 mDataSignalIconId = com.android.systemui:drawable/stat_sys_signal_4 mQSPhoneSignalIconId = com.android.systemui:drawable/ic_qs_signal_4 mContentDescriptionPhoneSignal = 满格手机信号
08-08 23:35:30.068 D/StatusBar.NetworkController( 1177): refreshViews connected={ wifi } level=4 combinedSignalIconId=0x7f020556/com.android.systemui:drawable/stat_sys_wifi_signal_4 mobileLabel=仅限紧急通话 wifiLabel="宣龙华的 iPhone (2)"xxxxXXXXxxxxXXXX emergencyOnly=true combinedLabel="宣龙华的 iPhone (2)"xxxxXXXXxxxxXXXX mAirplaneMode=false mDataActivity=0 mPhoneSignalIconId=0x7f0204e9/com.android.systemui:drawable/stat_sys_signal_4 mQSPhoneSignalIconId=0x7f020148/com.android.systemui:drawable/ic_qs_signal_4 mDataDirectionIconId=0x0/(null) mDataSignalIconId=0x7f0204e9/com.android.systemui:drawable/stat_sys_signal_4 mDataTypeIconId=0x0/(null) mQSDataTypeIconId=0x0/(null) mNoSimIconId=0x0/(null) mWifiIconId=0x7f020556/com.android.systemui:drawable/stat_sys_wifi_signal_4 mQSWifiIconId=0x7f02015e/com.android.systemui:drawable/ic_qs_wifi_4 mWifiActivityIconId=0x7f020529/com.android.systemui:drawable/stat_sys_signal_no_inout mBluetoothTetherIconId=0x10808f1/android:drawable/stat_sys_tether_bluetooth
08-08 23:35:30.068 D/STATUSBAR-WifiQuickSettingButton( 1177): onWifiSignalChanged enabled=true enabledDesc:"宣龙华的 iPhone (2)"
08-08 23:35:30.068 D/cell strength( 1386): ===== cell singal strength changed : 17
08-08 23:35:30.658 D/StatusBar.NetworkController( 1177): refreshViews connected={ wifi } level=4 combinedSignalIconId=0x7f020556/com.android.systemui:drawable/stat_sys_wifi_signal_4 mobileLabel=仅限紧急通话 wifiLabel="宣龙华的 iPhone (2)"xxxxXXXXxxxxXXXX emergencyOnly=true combinedLabel="宣龙华的 iPhone (2)"xxxxXXXXxxxxXXXX mAirplaneMode=false mDataActivity=0 mPhoneSignalIconId=0x7f0204e9/com.android.systemui:drawable/stat_sys_signal_4 mQSPhoneSignalIconId=0x7f020148/com.android.systemui:drawable/ic_qs_signal_4 mDataDirectionIconId=0x0/(null) mDataSignalIconId=0x7f0204e9/com.android.systemui:drawable/stat_sys_signal_4 mDataTypeIconId=0x0/(null) mQSDataTypeIconId=0x0/(null) mNoSimIconId=0x0/(null) mWifiIconId=0x7f020556/com.android.systemui:drawable/stat_sys_wifi_signal_4 mQSWifiIconId=0x7f02015e/com.android.systemui:drawable/ic_qs_wifi_4 mWifiActivityIconId=0x7f020527/com.android.systemui:drawable/stat_sys_signal_inout mBluetoothTetherIconId=0x10808f1/android:drawable/stat_sys_tether_bluetooth
08-08 23:35:30.658 D/STATUSBAR-WifiQuickSettingButton( 1177): onWifiSignalChanged enabled=true enabledDesc:"宣龙华的 iPhone (2)"
08-08 23:35:30.658 D/StatusBar.NetworkController( 1177): refreshSignalCluster - setNWBoosterIndicators(false)
08-08 23:35:30.668 D/StatusBar.NetworkController( 1177): applyCHN
08-08 23:35:30.668 D/StatusBar.NetworkController( 1177): refreshSignalCluster - setNWBoosterIndicators(false)
08-08 23:35:30.668 D/StatusBar.NetworkController( 1177): applyCHN
08-08 23:35:30.668 D/StatusBar.NetworkController( 1177): refreshSignalCluster - setNWBoosterIndicators(false)
08-08 23:35:30.668 D/StatusBar.NetworkController( 1177): applyCHN
08-08 23:35:30.668 D/StatusBar.NetworkController( 1177): refreshSignalCluster - setNWBoosterIndicators(false)
08-08 23:35:30.668 D/StatusBar.NetworkController( 1177): applyCHN
08-08 23:35:30.848 I/art     (23703): Alloc sticky concurrent mark sweep GC freed 1048319(38MB) AllocSpace objects, 0(0B) LOS objects, 25% free, 18MB/24MB, paused 779us total 143.666ms
08-08 23:35:31.668 D/StatusBar.NetworkController( 1177): refreshViews connected={ wifi } level=4 combinedSignalIconId=0x7f020556/com.android.systemui:drawable/stat_sys_wifi_signal_4 mobileLabel=仅限紧急通话 wifiLabel="宣龙华的 iPhone (2)"xxxxXXXXxxxxXXXX emergencyOnly=true combinedLabel="宣龙华的 iPhone (2)"xxxxXXXXxxxxXXXX mAirplaneMode=false mDataActivity=0 mPhoneSignalIconId=0x7f0204e9/com.android.systemui:drawable/stat_sys_signal_4 mQSPhoneSignalIconId=0x7f020148/com.android.systemui:drawable/ic_qs_signal_4 mDataDirectionIconId=0x0/(null) mDataSignalIconId=0x7f0204e9/com.android.systemui:drawable/stat_sys_signal_4 mDataTypeIconId=0x0/(null) mQSDataTypeIconId=0x0/(null) mNoSimIconId=0x0/(null) mWifiIconId=0x7f020556/com.android.systemui:drawable/stat_sys_wifi_signal_4 mQSWifiIconId=0x7f02015e/com.android.systemui:drawable/ic_qs_wifi_4 mWifiActivityIconId=0x7f020529/com.android.systemui:drawable/stat_sys_signal_no_inout mBluetoothTetherIconId=0x10808f1/android:drawable/stat_sys_tether_bluetooth
08-08 23:35:31.668 D/STATUSBAR-WifiQuickSettingButton( 1177): onWifiSignalChanged enabled=true enabledDesc:"宣龙华的 iPhone (2)"
08-08 23:35:31.678 D/StatusBar.NetworkController( 1177): refreshSignalCluster - setNWBoosterIndicators(false)
08-08 23:35:31.678 D/StatusBar.NetworkController( 1177): applyCHN
08-08 23:35:31.678 D/StatusBar.NetworkController( 1177): refreshSignalCluster - setNWBoosterIndicators(false)
08-08 23:35:31.678 D/StatusBar.NetworkController( 1177): applyCHN
08-08 23:35:31.678 D/StatusBar.NetworkController( 1177): refreshSignalCluster - setNWBoosterIndicators(false)
08-08 23:35:31.678 D/StatusBar.NetworkController( 1177): applyCHN
08-08 23:35:31.678 D/StatusBar.NetworkController( 1177): refreshSignalCluster - setNWBoosterIndicators(false)
08-08 23:35:31.678 D/StatusBar.NetworkController( 1177): applyCHN
08-08 23:35:31.938 E/SMD     (  289): DCD ON
08-08 23:35:34.038 D/KeyguardUpdateMonitor( 1177): received broadcast android.intent.action.BATTERY_CHANGED
08-08 23:35:34.038 D/KeyguardUpdateMonitor( 1177): handleBatteryUpdate
08-08 23:35:34.048 V/HeadsetService( 3910): HeadsetService - Received Intent.ACTION_BATTERY_CHANGED
08-08 23:35:34.048 D/HeadsetStateMachine( 3910): Disconnected process message: 10
08-08 23:35:34.688 D/StatusBar.NetworkController( 1177): refreshViews connected={ wifi } level=4 combinedSignalIconId=0x7f020556/com.android.systemui:drawable/stat_sys_wifi_signal_4 mobileLabel=仅限紧急通话 wifiLabel="宣龙华的 iPhone (2)"xxxxXXXXxxxxXXXX emergencyOnly=true combinedLabel="宣龙华的 iPhone (2)"xxxxXXXXxxxxXXXX mAirplaneMode=false mDataActivity=0 mPhoneSignalIconId=0x7f0204e9/com.android.systemui:drawable/stat_sys_signal_4 mQSPhoneSignalIconId=0x7f020148/com.android.systemui:drawable/ic_qs_signal_4 mDataDirectionIconId=0x0/(null) mDataSignalIconId=0x7f0204e9/com.android.systemui:drawable/stat_sys_signal_4 mDataTypeIconId=0x0/(null) mQSDataTypeIconId=0x0/(null) mNoSimIconId=0x0/(null) mWifiIconId=0x7f020556/com.android.systemui:drawable/stat_sys_wifi_signal_4 mQSWifiIconId=0x7f02015e/com.android.systemui:drawable/ic_qs_wifi_4 mWifiActivityIconId=0x7f020527/com.android.systemui:drawable/stat_sys_signal_inout mBluetoothTetherIconId=0x10808f1/android:drawable/stat_sys_tether_bluetooth
08-08 23:35:34.688 D/STATUSBAR-WifiQuickSettingButton( 1177): onWifiSignalChanged enabled=true enabledDesc:"宣龙华的 iPhone (2)"
08-08 23:35:34.688 D/StatusBar.NetworkController( 1177): refreshSignalCluster - setNWBoosterIndicators(false)
08-08 23:35:34.688 D/StatusBar.NetworkController( 1177): applyCHN
08-08 23:35:34.688 D/StatusBar.NetworkController( 1177): refreshSignalCluster - setNWBoosterIndicators(false)
08-08 23:35:34.688 D/StatusBar.NetworkController( 1177): applyCHN
08-08 23:35:34.688 D/StatusBar.NetworkController( 1177): refreshSignalCluster - setNWBoosterIndicators(false)
08-08 23:35:34.688 D/StatusBar.NetworkController( 1177): applyCHN
08-08 23:35:34.688 D/StatusBar.NetworkController( 1177): refreshSignalCluster - setNWBoosterIndicators(false)
08-08 23:35:34.688 D/StatusBar.NetworkController( 1177): applyCHN
08-08 23:35:34.938 E/SMD     (  289): DCD ON
08-08 23:35:35.688 D/StatusBar.NetworkController( 1177): refreshViews connected={ wifi } level=4 combinedSignalIconId=0x7f020556/com.android.systemui:drawable/stat_sys_wifi_signal_4 mobileLabel=仅限紧急通话 wifiLabel="宣龙华的 iPhone (2)"xxxxXXXXxxxxXXXX emergencyOnly=true combinedLabel="宣龙华的 iPhone (2)"xxxxXXXXxxxxXXXX mAirplaneMode=false mDataActivity=0 mPhoneSignalIconId=0x7f0204e9/com.android.systemui:drawable/stat_sys_signal_4 mQSPhoneSignalIconId=0x7f020148/com.android.systemui:drawable/ic_qs_signal_4 mDataDirectionIconId=0x0/(null) mDataSignalIconId=0x7f0204e9/com.android.systemui:drawable/stat_sys_signal_4 mDataTypeIconId=0x0/(null) mQSDataTypeIconId=0x0/(null) mNoSimIconId=0x0/(null) mWifiIconId=0x7f020556/com.android.systemui:drawable/stat_sys_wifi_signal_4 mQSWifiIconId=0x7f02015e/com.android.systemui:drawable/ic_qs_wifi_4 mWifiActivityIconId=0x7f020529/com.android.systemui:drawable/stat_sys_signal_no_inout mBluetoothTetherIconId=0x10808f1/android:drawable/stat_sys_tether_bluetooth
08-08 23:35:35.688 D/STATUSBAR-WifiQuickSettingButton( 1177): onWifiSignalChanged enabled=true enabledDesc:"宣龙华的 iPhone (2)"
08-08 23:35:35.688 D/StatusBar.NetworkController( 1177): refreshSignalCluster - setNWBoosterIndicators(false)
08-08 23:35:35.688 D/StatusBar.NetworkController( 1177): applyCHN
08-08 23:35:35.698 D/StatusBar.NetworkController( 1177): refreshSignalCluster - setNWBoosterIndicators(false)
08-08 23:35:35.698 D/StatusBar.NetworkController( 1177): applyCHN
08-08 23:35:35.698 D/StatusBar.NetworkController( 1177): refreshSignalCluster - setNWBoosterIndicators(false)
08-08 23:35:35.698 D/StatusBar.NetworkController( 1177): applyCHN
08-08 23:35:35.698 D/StatusBar.NetworkController( 1177): refreshSignalCluster - setNWBoosterIndicators(false)
08-08 23:35:35.698 D/StatusBar.NetworkController( 1177): applyCHN
08-08 23:35:37.938 E/SMD     (  289): DCD ON
08-08 23:35:38.808 I/art     (23703): Alloc sticky concurrent mark sweep GC freed 1048319(38MB) AllocSpace objects, 0(0B) LOS objects, 25% free, 18MB/24MB, paused 700us total 112.575ms
08-08 23:35:39.708 D/StatusBar.NetworkController( 1177): refreshViews connected={ wifi } level=4 combinedSignalIconId=0x7f020556/com.android.systemui:drawable/stat_sys_wifi_signal_4 mobileLabel=仅限紧急通话 wifiLabel="宣龙华的 iPhone (2)"xxxxXXXXxxxxXXXX emergencyOnly=true combinedLabel="宣龙华的 iPhone (2)"xxxxXXXXxxxxXXXX mAirplaneMode=false mDataActivity=0 mPhoneSignalIconId=0x7f0204e9/com.android.systemui:drawable/stat_sys_signal_4 mQSPhoneSignalIconId=0x7f020148/com.android.systemui:drawable/ic_qs_signal_4 mDataDirectionIconId=0x0/(null) mDataSignalIconId=0x7f0204e9/com.android.systemui:drawable/stat_sys_signal_4 mDataTypeIconId=0x0/(null) mQSDataTypeIconId=0x0/(null) mNoSimIconId=0x0/(null) mWifiIconId=0x7f020556/com.android.systemui:drawable/stat_sys_wifi_signal_4 mQSWifiIconId=0x7f02015e/com.android.systemui:drawable/ic_qs_wifi_4 mWifiActivityIconId=0x7f020527/com.android.systemui:drawable/stat_sys_signal_inout mBluetoothTetherIconId=0x10808f1/android:drawable/stat_sys_tether_bluetooth
08-08 23:35:39.708 D/STATUSBAR-WifiQuickSettingButton( 1177): onWifiSignalChanged enabled=true enabledDesc:"宣龙华的 iPhone (2)"
08-08 23:35:39.708 D/StatusBar.NetworkController( 1177): refreshSignalCluster - setNWBoosterIndicators(false)
08-08 23:35:39.708 D/StatusBar.NetworkController( 1177): applyCHN
08-08 23:35:39.708 D/StatusBar.NetworkController( 1177): refreshSignalCluster - setNWBoosterIndicators(false)
08-08 23:35:39.708 D/StatusBar.NetworkController( 1177): applyCHN
08-08 23:35:39.708 D/StatusBar.NetworkController( 1177): refreshSignalCluster - setNWBoosterIndicators(false)
08-08 23:35:39.708 D/StatusBar.NetworkController( 1177): applyCHN
08-08 23:35:39.708 D/StatusBar.NetworkController( 1177): refreshSignalCluster - setNWBoosterIndicators(false)
08-08 23:35:39.708 D/StatusBar.NetworkController( 1177): applyCHN
08-08 23:35:40.718 D/StatusBar.NetworkController( 1177): refreshViews connected={ wifi } level=4 combinedSignalIconId=0x7f020556/com.android.systemui:drawable/stat_sys_wifi_signal_4 mobileLabel=仅限紧急通话 wifiLabel="宣龙华的 iPhone (2)"xxxxXXXXxxxxXXXX emergencyOnly=true combinedLabel="宣龙华的 iPhone (2)"xxxxXXXXxxxxXXXX mAirplaneMode=false mDataActivity=0 mPhoneSignalIconId=0x7f0204e9/com.android.systemui:drawable/stat_sys_signal_4 mQSPhoneSignalIconId=0x7f020148/com.android.systemui:drawable/ic_qs_signal_4 mDataDirectionIconId=0x0/(null) mDataSignalIconId=0x7f0204e9/com.android.systemui:drawable/stat_sys_signal_4 mDataTypeIconId=0x0/(null) mQSDataTypeIconId=0x0/(null) mNoSimIconId=0x0/(null) mWifiIconId=0x7f020556/com.android.systemui:drawable/stat_sys_wifi_signal_4 mQSWifiIconId=0x7f02015e/com.android.systemui:drawable/ic_qs_wifi_4 mWifiActivityIconId=0x7f020529/com.android.systemui:drawable/stat_sys_signal_no_inout mBluetoothTetherIconId=0x10808f1/android:drawable/stat_sys_tether_bluetooth
08-08 23:35:40.718 D/STATUSBAR-WifiQuickSettingButton( 1177): onWifiSignalChanged enabled=true enabledDesc:"宣龙华的 iPhone (2)"
08-08 23:35:40.718 D/StatusBar.NetworkController( 1177): refreshSignalCluster - setNWBoosterIndicators(false)
08-08 23:35:40.718 D/StatusBar.NetworkController( 1177): applyCHN
08-08 23:35:40.718 D/StatusBar.NetworkController( 1177): refreshSignalCluster - setNWBoosterIndicators(false)
08-08 23:35:40.728 D/StatusBar.NetworkController( 1177): applyCHN
08-08 23:35:40.728 D/StatusBar.NetworkController( 1177): refreshSignalCluster - setNWBoosterIndicators(false)
08-08 23:35:40.728 D/StatusBar.NetworkController( 1177): applyCHN
08-08 23:35:40.728 D/StatusBar.NetworkController( 1177): refreshSignalCluster - setNWBoosterIndicators(false)
08-08 23:35:40.728 D/StatusBar.NetworkController( 1177): applyCHN
08-08 23:35:40.938 E/SMD     (  289): DCD ON
08-08 23:35:43.938 E/SMD     (  289): DCD ON
08-08 23:35:44.078 D/KeyguardUpdateMonitor( 1177): received broadcast android.intent.action.BATTERY_CHANGED
08-08 23:35:44.078 D/KeyguardUpdateMonitor( 1177): handleBatteryUpdate
08-08 23:35:44.078 V/HeadsetService( 3910): HeadsetService - Received Intent.ACTION_BATTERY_CHANGED
08-08 23:35:44.078 D/HeadsetStateMachine( 3910): Disconnected process message: 10
08-08 23:35:45.748 D/StatusBar.NetworkController( 1177): onSignalStrengthsChanged signalStrength=SignalStrength: 16 99 -120 -160 -120 -1 -1 99 2147483647 2147483647 2147483647 -1 2147483647 0x4 gsm|lte level=4
08-08 23:35:45.748 D/StatusBar.NetworkController( 1177): updateTelephonySignalStrength: hasService=true ss=SignalStrength: 16 99 -120 -160 -120 -1 -1 99 2147483647 2147483647 2147483647 -1 2147483647 0x4 gsm|lte
08-08 23:35:45.748 D/StatusBar.NetworkController( 1177): updateTelephonySignalStrength: iconLevel=4
08-08 23:35:45.748 D/StatusBar.NetworkController( 1177): updateTelephonySignalStrength, No signal level. mPhoneSignalIconId = com.android.systemui:drawable/stat_sys_signal_4 mDataSignalIconId = com.android.systemui:drawable/stat_sys_signal_4 mQSPhoneSignalIconId = com.android.systemui:drawable/ic_qs_signal_4 mContentDescriptionPhoneSignal = 满格手机信号
08-08 23:35:45.748 D/StatusBar.NetworkController( 1177): refreshViews connected={ wifi } level=4 combinedSignalIconId=0x7f020556/com.android.systemui:drawable/stat_sys_wifi_signal_4 mobileLabel=仅限紧急通话 wifiLabel="宣龙华的 iPhone (2)"xxxxXXXXxxxxXXXX emergencyOnly=true combinedLabel="宣龙华的 iPhone (2)"xxxxXXXXxxxxXXXX mAirplaneMode=false mDataActivity=0 mPhoneSignalIconId=0x7f0204e9/com.android.systemui:drawable/stat_sys_signal_4 mQSPhoneSignalIconId=0x7f020148/com.android.systemui:drawable/ic_qs_signal_4 mDataDirectionIconId=0x0/(null) mDataSignalIconId=0x7f0204e9/com.android.systemui:drawable/stat_sys_signal_4 mDataTypeIconId=0x0/(null) mQSDataTypeIconId=0x0/(null) mNoSimIconId=0x0/(null) mWifiIconId=0x7f020556/com.android.systemui:drawable/stat_sys_wifi_signal_4 mQSWifiIconId=0x7f02015e/com.android.systemui:drawable/ic_qs_wifi_4 mWifiActivityIconId=0x7f020529/com.android.systemui:drawable/stat_sys_signal_no_inout mBluetoothTetherIconId=0x10808f1/android:drawable/stat_sys_tether_bluetooth
08-08 23:35:45.748 D/STATUSBAR-WifiQuickSettingButton( 1177): onWifiSignalChanged enabled=true enabledDesc:"宣龙华的 iPhone (2)"
08-08 23:35:45.748 D/cell strength( 1386): ===== cell singal strength changed : 16
08-08 23:35:46.808 I/art     (23703): Alloc sticky concurrent mark sweep GC freed 1048319(38MB) AllocSpace objects, 0(0B) LOS objects, 25% free, 18MB/24MB, paused 794us total 113.219ms
08-08 23:35:46.948 E/SMD     (  289): DCD ON
08-08 23:35:49.948 E/SMD     (  289): DCD ON
08-08 23:35:52.948 E/SMD     (  289): DCD ON
08-08 23:35:54.138 D/KeyguardUpdateMonitor( 1177): received broadcast android.intent.action.BATTERY_CHANGED
08-08 23:35:54.138 D/KeyguardUpdateMonitor( 1177): handleBatteryUpdate
08-08 23:35:54.138 V/HeadsetService( 3910): HeadsetService - Received Intent.ACTION_BATTERY_CHANGED
08-08 23:35:54.138 D/HeadsetStateMachine( 3910): Disconnected process message: 10
08-08 23:35:54.768 I/art     (23703): Alloc sticky concurrent mark sweep GC freed 1048319(38MB) AllocSpace objects, 0(0B) LOS objects, 25% free, 18MB/24MB, paused 712us total 112.431ms
08-08 23:35:55.768 D/StatusBar.NetworkController( 1177): refreshViews connected={ wifi } level=4 combinedSignalIconId=0x7f020556/com.android.systemui:drawable/stat_sys_wifi_signal_4 mobileLabel=仅限紧急通话 wifiLabel="宣龙华的 iPhone (2)"xxxxXXXXxxxxXXXX emergencyOnly=true combinedLabel="宣龙华的 iPhone (2)"xxxxXXXXxxxxXXXX mAirplaneMode=false mDataActivity=0 mPhoneSignalIconId=0x7f0204e9/com.android.systemui:drawable/stat_sys_signal_4 mQSPhoneSignalIconId=0x7f020148/com.android.systemui:drawable/ic_qs_signal_4 mDataDirectionIconId=0x0/(null) mDataSignalIconId=0x7f0204e9/com.android.systemui:drawable/stat_sys_signal_4 mDataTypeIconId=0x0/(null) mQSDataTypeIconId=0x0/(null) mNoSimIconId=0x0/(null) mWifiIconId=0x7f020556/com.android.systemui:drawable/stat_sys_wifi_signal_4 mQSWifiIconId=0x7f02015e/com.android.systemui:drawable/ic_qs_wifi_4 mWifiActivityIconId=0x7f020527/com.android.systemui:drawable/stat_sys_signal_inout mBluetoothTetherIconId=0x10808f1/android:drawable/stat_sys_tether_bluetooth
08-08 23:35:55.768 D/STATUSBAR-WifiQuickSettingButton( 1177): onWifiSignalChanged enabled=true enabledDesc:"宣龙华的 iPhone (2)"
08-08 23:35:55.768 D/StatusBar.NetworkController( 1177): refreshSignalCluster - setNWBoosterIndicators(false)
08-08 23:35:55.768 D/StatusBar.NetworkController( 1177): applyCHN
08-08 23:35:55.768 D/StatusBar.NetworkController( 1177): refreshSignalCluster - setNWBoosterIndicators(false)
08-08 23:35:55.768 D/StatusBar.NetworkController( 1177): applyCHN
08-08 23:35:55.768 D/StatusBar.NetworkController( 1177): refreshSignalCluster - setNWBoosterIndicators(false)
08-08 23:35:55.768 D/StatusBar.NetworkController( 1177): applyCHN
08-08 23:35:55.768 D/StatusBar.NetworkController( 1177): refreshSignalCluster - setNWBoosterIndicators(false)
08-08 23:35:55.768 D/StatusBar.NetworkController( 1177): applyCHN
08-08 23:35:55.948 E/SMD     (  289): DCD ON
08-08 23:35:56.768 D/StatusBar.NetworkController( 1177): refreshViews connected={ wifi } level=4 combinedSignalIconId=0x7f020556/com.android.systemui:drawable/stat_sys_wifi_signal_4 mobileLabel=仅限紧急通话 wifiLabel="宣龙华的 iPhone (2)"xxxxXXXXxxxxXXXX emergencyOnly=true combinedLabel="宣龙华的 iPhone (2)"xxxxXXXXxxxxXXXX mAirplaneMode=false mDataActivity=0 mPhoneSignalIconId=0x7f0204e9/com.android.systemui:drawable/stat_sys_signal_4 mQSPhoneSignalIconId=0x7f020148/com.android.systemui:drawable/ic_qs_signal_4 mDataDirectionIconId=0x0/(null) mDataSignalIconId=0x7f0204e9/com.android.systemui:drawable/stat_sys_signal_4 mDataTypeIconId=0x0/(null) mQSDataTypeIconId=0x0/(null) mNoSimIconId=0x0/(null) mWifiIconId=0x7f020556/com.android.systemui:drawable/stat_sys_wifi_signal_4 mQSWifiIconId=0x7f02015e/com.android.systemui:drawable/ic_qs_wifi_4 mWifiActivityIconId=0x7f020529/com.android.systemui:drawable/stat_sys_signal_no_inout mBluetoothTetherIconId=0x10808f1/android:drawable/stat_sys_tether_bluetooth
08-08 23:35:56.768 D/STATUSBAR-WifiQuickSettingButton( 1177): onWifiSignalChanged enabled=true enabledDesc:"宣龙华的 iPhone (2)"
08-08 23:35:56.778 D/StatusBar.NetworkController( 1177): refreshSignalCluster - setNWBoosterIndicators(false)
08-08 23:35:56.778 D/StatusBar.NetworkController( 1177): applyCHN
08-08 23:35:56.778 D/StatusBar.NetworkController( 1177): refreshSignalCluster - setNWBoosterIndicators(false)
08-08 23:35:56.778 D/StatusBar.NetworkController( 1177): applyCHN
08-08 23:35:56.778 D/StatusBar.NetworkController( 1177): refreshSignalCluster - setNWBoosterIndicators(false)
08-08 23:35:56.778 D/StatusBar.NetworkController( 1177): applyCHN
08-08 23:35:56.788 D/StatusBar.NetworkController( 1177): refreshSignalCluster - setNWBoosterIndicators(false)
08-08 23:35:56.788 D/StatusBar.NetworkController( 1177): applyCHN
08-08 23:35:58.778 D/StatusBar.NetworkController( 1177): refreshViews connected={ wifi } level=4 combinedSignalIconId=0x7f020556/com.android.systemui:drawable/stat_sys_wifi_signal_4 mobileLabel=仅限紧急通话 wifiLabel="宣龙华的 iPhone (2)"xxxxXXXXxxxxXXXX emergencyOnly=true combinedLabel="宣龙华的 iPhone (2)"xxxxXXXXxxxxXXXX mAirplaneMode=false mDataActivity=0 mPhoneSignalIconId=0x7f0204e9/com.android.systemui:drawable/stat_sys_signal_4 mQSPhoneSignalIconId=0x7f020148/com.android.systemui:drawable/ic_qs_signal_4 mDataDirectionIconId=0x0/(null) mDataSignalIconId=0x7f0204e9/com.android.systemui:drawable/stat_sys_signal_4 mDataTypeIconId=0x0/(null) mQSDataTypeIconId=0x0/(null) mNoSimIconId=0x0/(null) mWifiIconId=0x7f020556/com.android.systemui:drawable/stat_sys_wifi_signal_4 mQSWifiIconId=0x7f02015e/com.android.systemui:drawable/ic_qs_wifi_4 mWifiActivityIconId=0x7f020525/com.android.systemui:drawable/stat_sys_signal_in mBluetoothTetherIconId=0x10808f1/android:drawable/stat_sys_tether_bluetooth
08-08 23:35:58.778 D/STATUSBAR-WifiQuickSettingButton( 1177): onWifiSignalChanged enabled=true enabledDesc:"宣龙华的 iPhone (2)"
08-08 23:35:58.778 D/StatusBar.NetworkController( 1177): refreshSignalCluster - setNWBoosterIndicators(false)
08-08 23:35:58.778 D/StatusBar.NetworkController( 1177): applyCHN
08-08 23:35:58.778 D/StatusBar.NetworkController( 1177): refreshSignalCluster - setNWBoosterIndicators(false)
08-08 23:35:58.778 D/StatusBar.NetworkController( 1177): applyCHN
08-08 23:35:58.778 D/StatusBar.NetworkController( 1177): refreshSignalCluster - setNWBoosterIndicators(false)
08-08 23:35:58.778 D/StatusBar.NetworkController( 1177): applyCHN
08-08 23:35:58.778 D/StatusBar.NetworkController( 1177): refreshSignalCluster - setNWBoosterIndicators(false)
08-08 23:35:58.778 D/StatusBar.NetworkController( 1177): applyCHN
08-08 23:35:58.948 E/SMD     (  289): DCD ON
08-08 23:35:59.778 D/StatusBar.NetworkController( 1177): refreshViews connected={ wifi } level=4 combinedSignalIconId=0x7f020556/com.android.systemui:drawable/stat_sys_wifi_signal_4 mobileLabel=仅限紧急通话 wifiLabel="宣龙华的 iPhone (2)"xxxxXXXXxxxxXXXX emergencyOnly=true combinedLabel="宣龙华的 iPhone (2)"xxxxXXXXxxxxXXXX mAirplaneMode=false mDataActivity=0 mPhoneSignalIconId=0x7f0204e9/com.android.systemui:drawable/stat_sys_signal_4 mQSPhoneSignalIconId=0x7f020148/com.android.systemui:drawable/ic_qs_signal_4 mDataDirectionIconId=0x0/(null) mDataSignalIconId=0x7f0204e9/com.android.systemui:drawable/stat_sys_signal_4 mDataTypeIconId=0x0/(null) mQSDataTypeIconId=0x0/(null) mNoSimIconId=0x0/(null) mWifiIconId=0x7f020556/com.android.systemui:drawable/stat_sys_wifi_signal_4 mQSWifiIconId=0x7f02015e/com.android.systemui:drawable/ic_qs_wifi_4 mWifiActivityIconId=0x7f020529/com.android.systemui:drawable/stat_sys_signal_no_inout mBluetoothTetherIconId=0x10808f1/android:drawable/stat_sys_tether_bluetooth
08-08 23:35:59.778 D/STATUSBAR-WifiQuickSettingButton( 1177): onWifiSignalChanged enabled=true enabledDesc:"宣龙华的 iPhone (2)"
08-08 23:35:59.778 D/StatusBar.NetworkController( 1177): refreshSignalCluster - setNWBoosterIndicators(false)
08-08 23:35:59.778 D/StatusBar.NetworkController( 1177): applyCHN
08-08 23:35:59.778 D/StatusBar.NetworkController( 1177): refreshSignalCluster - setNWBoosterIndicators(false)
08-08 23:35:59.778 D/StatusBar.NetworkController( 1177): applyCHN
08-08 23:35:59.778 D/StatusBar.NetworkController( 1177): refreshSignalCluster - setNWBoosterIndicators(false)
08-08 23:35:59.778 D/StatusBar.NetworkController( 1177): applyCHN
08-08 23:35:59.778 D/StatusBar.NetworkController( 1177): refreshSignalCluster - setNWBoosterIndicators(false)
08-08 23:35:59.778 D/StatusBar.NetworkController( 1177): applyCHN
08-08 23:35:59.998 D/KeyguardUpdateMonitor( 1177): received broadcast android.intent.action.TIME_TICK
08-08 23:35:59.998 D/KeyguardUpdateMonitor( 1177): handleTimeUpdate
08-08 23:35:59.998 D/KeyguardEffectViewController( 1177): onReceive action : android.intent.action.TIME_TICK
08-08 23:35:59.998 I/KeyguardEffectViewController( 1177): *** don't update sliding image ***
08-08 23:36:00.048 D/DateView( 1177): regionalDateFormat = 3333/11/22 isRTLlanguage = false returnDateFormat = MMMM d日, E
08-08 23:36:00.048 D/DateView( 1177): regionalDateFormat = 3333/11/22 isRTLlanguage = false returnDateFormat = MMMM d日, E
08-08 23:36:01.948 E/SMD     (  289): DCD ON
08-08 23:36:02.978 I/art     (23703): Alloc sticky concurrent mark sweep GC freed 1048319(38MB) AllocSpace objects, 0(0B) LOS objects, 25% free, 18MB/24MB, paused 700us total 112.224ms
08-08 23:36:04.198 D/KeyguardUpdateMonitor( 1177): received broadcast android.intent.action.BATTERY_CHANGED
08-08 23:36:04.198 D/KeyguardUpdateMonitor( 1177): handleBatteryUpdate
08-08 23:36:04.208 V/HeadsetService( 3910): HeadsetService - Received Intent.ACTION_BATTERY_CHANGED
08-08 23:36:04.208 D/HeadsetStateMachine( 3910): Disconnected process message: 10
08-08 23:36:04.268 D/StatusBar.NetworkController( 1177): onSignalStrengthsChanged signalStrength=SignalStrength: 14 99 -120 -160 -120 -1 -1 99 2147483647 2147483647 2147483647 -1 2147483647 0x4 gsm|lte level=4
08-08 23:36:04.268 D/StatusBar.NetworkController( 1177): updateTelephonySignalStrength: hasService=true ss=SignalStrength: 14 99 -120 -160 -120 -1 -1 99 2147483647 2147483647 2147483647 -1 2147483647 0x4 gsm|lte
08-08 23:36:04.268 D/StatusBar.NetworkController( 1177): updateTelephonySignalStrength: iconLevel=4
08-08 23:36:04.268 D/StatusBar.NetworkController( 1177): updateTelephonySignalStrength, No signal level. mPhoneSignalIconId = com.android.systemui:drawable/stat_sys_signal_4 mDataSignalIconId = com.android.systemui:drawable/stat_sys_signal_4 mQSPhoneSignalIconId = com.android.systemui:drawable/ic_qs_signal_4 mContentDescriptionPhoneSignal = 满格手机信号
08-08 23:36:04.278 D/StatusBar.NetworkController( 1177): refreshViews connected={ wifi } level=4 combinedSignalIconId=0x7f020556/com.android.systemui:drawable/stat_sys_wifi_signal_4 mobileLabel=仅限紧急通话 wifiLabel="宣龙华的 iPhone (2)"xxxxXXXXxxxxXXXX emergencyOnly=true combinedLabel="宣龙华的 iPhone (2)"xxxxXXXXxxxxXXXX mAirplaneMode=false mDataActivity=0 mPhoneSignalIconId=0x7f0204e9/com.android.systemui:drawable/stat_sys_signal_4 mQSPhoneSignalIconId=0x7f020148/com.android.systemui:drawable/ic_qs_signal_4 mDataDirectionIconId=0x0/(null) mDataSignalIconId=0x7f0204e9/com.android.systemui:drawable/stat_sys_signal_4 mDataTypeIconId=0x0/(null) mQSDataTypeIconId=0x0/(null) mNoSimIconId=0x0/(null) mWifiIconId=0x7f020556/com.android.systemui:drawable/stat_sys_wifi_signal_4 mQSWifiIconId=0x7f02015e/com.android.systemui:drawable/ic_qs_wifi_4 mWifiActivityIconId=0x7f020529/com.android.systemui:drawable/stat_sys_signal_no_inout mBluetoothTetherIconId=0x10808f1/android:drawable/stat_sys_tether_bluetooth
08-08 23:36:04.278 D/STATUSBAR-WifiQuickSettingButton( 1177): onWifiSignalChanged enabled=true enabledDesc:"宣龙华的 iPhone (2)"
08-08 23:36:04.278 D/cell strength( 1386): ===== cell singal strength changed : 14
08-08 23:36:04.948 E/SMD     (  289): DCD ON
08-08 23:36:07.948 E/SMD     (  289): DCD ON
08-08 23:36:10.898 I/art     (23703): Alloc sticky concurrent mark sweep GC freed 1048319(38MB) AllocSpace objects, 0(0B) LOS objects, 25% free, 18MB/24MB, paused 702us total 118.538ms
08-08 23:36:10.948 E/SMD     (  289): DCD ON
08-08 23:36:13.948 E/SMD     (  289): DCD ON
08-08 23:36:14.258 D/KeyguardUpdateMonitor( 1177): received broadcast android.intent.action.BATTERY_CHANGED
08-08 23:36:14.258 D/KeyguardUpdateMonitor( 1177): handleBatteryUpdate
08-08 23:36:14.268 V/HeadsetService( 3910): HeadsetService - Received Intent.ACTION_BATTERY_CHANGED
08-08 23:36:14.268 D/HeadsetStateMachine( 3910): Disconnected process message: 10
08-08 23:36:16.948 E/SMD     (  289): DCD ON
08-08 23:36:18.838 I/art     (23703): Alloc sticky concurrent mark sweep GC freed 1048319(38MB) AllocSpace objects, 0(0B) LOS objects, 25% free, 18MB/24MB, paused 696us total 112.294ms
08-08 23:36:19.948 E/SMD     (  289): DCD ON
08-08 23:36:21.238 I/art     ( 2844): Alloc sticky concurrent mark sweep GC freed 1039810(54MB) AllocSpace objects, 4(119KB) LOS objects, 0% free, 39MB/39MB, paused 1.402ms total 163.353ms
08-08 23:36:21.238 I/art     ( 2844): WaitForGcToComplete blocked for 169.660ms for cause Alloc
08-08 23:36:21.248 I/art     ( 2844): Alloc sticky concurrent mark sweep GC freed 6(736B) AllocSpace objects, 0(0B) LOS objects, 0% free, 39MB/39MB, paused 1.386ms total 12.222ms
08-08 23:36:22.838 D/StatusBar.NetworkController( 1177): refreshViews connected={ wifi } level=4 combinedSignalIconId=0x7f020556/com.android.systemui:drawable/stat_sys_wifi_signal_4 mobileLabel=仅限紧急通话 wifiLabel="宣龙华的 iPhone (2)"xxxxXXXXxxxxXXXX emergencyOnly=true combinedLabel="宣龙华的 iPhone (2)"xxxxXXXXxxxxXXXX mAirplaneMode=false mDataActivity=0 mPhoneSignalIconId=0x7f0204e9/com.android.systemui:drawable/stat_sys_signal_4 mQSPhoneSignalIconId=0x7f020148/com.android.systemui:drawable/ic_qs_signal_4 mDataDirectionIconId=0x0/(null) mDataSignalIconId=0x7f0204e9/com.android.systemui:drawable/stat_sys_signal_4 mDataTypeIconId=0x0/(null) mQSDataTypeIconId=0x0/(null) mNoSimIconId=0x0/(null) mWifiIconId=0x7f020556/com.android.systemui:drawable/stat_sys_wifi_signal_4 mQSWifiIconId=0x7f02015e/com.android.systemui:drawable/ic_qs_wifi_4 mWifiActivityIconId=0x7f020525/com.android.systemui:drawable/stat_sys_signal_in mBluetoothTetherIconId=0x10808f1/android:drawable/stat_sys_tether_bluetooth
08-08 23:36:22.838 D/STATUSBAR-WifiQuickSettingButton( 1177): onWifiSignalChanged enabled=true enabledDesc:"宣龙华的 iPhone (2)"
08-08 23:36:22.838 D/StatusBar.NetworkController( 1177): refreshSignalCluster - setNWBoosterIndicators(false)
08-08 23:36:22.838 D/StatusBar.NetworkController( 1177): applyCHN
08-08 23:36:22.848 D/StatusBar.NetworkController( 1177): refreshSignalCluster - setNWBoosterIndicators(false)
08-08 23:36:22.848 D/StatusBar.NetworkController( 1177): applyCHN
08-08 23:36:22.858 D/StatusBar.NetworkController( 1177): refreshSignalCluster - setNWBoosterIndicators(false)
08-08 23:36:22.858 D/StatusBar.NetworkController( 1177): applyCHN
08-08 23:36:22.858 D/StatusBar.NetworkController( 1177): refreshSignalCluster - setNWBoosterIndicators(false)
08-08 23:36:22.858 D/StatusBar.NetworkController( 1177): applyCHN
08-08 23:36:22.948 E/SMD     (  289): DCD ON
08-08 23:36:23.858 D/StatusBar.NetworkController( 1177): refreshViews connected={ wifi } level=4 combinedSignalIconId=0x7f020556/com.android.systemui:drawable/stat_sys_wifi_signal_4 mobileLabel=仅限紧急通话 wifiLabel="宣龙华的 iPhone (2)"xxxxXXXXxxxxXXXX emergencyOnly=true combinedLabel="宣龙华的 iPhone (2)"xxxxXXXXxxxxXXXX mAirplaneMode=false mDataActivity=0 mPhoneSignalIconId=0x7f0204e9/com.android.systemui:drawable/stat_sys_signal_4 mQSPhoneSignalIconId=0x7f020148/com.android.systemui:drawable/ic_qs_signal_4 mDataDirectionIconId=0x0/(null) mDataSignalIconId=0x7f0204e9/com.android.systemui:drawable/stat_sys_signal_4 mDataTypeIconId=0x0/(null) mQSDataTypeIconId=0x0/(null) mNoSimIconId=0x0/(null) mWifiIconId=0x7f020556/com.android.systemui:drawable/stat_sys_wifi_signal_4 mQSWifiIconId=0x7f02015e/com.android.systemui:drawable/ic_qs_wifi_4 mWifiActivityIconId=0x7f020529/com.android.systemui:drawable/stat_sys_signal_no_inout mBluetoothTetherIconId=0x10808f1/android:drawable/stat_sys_tether_bluetooth
08-08 23:36:23.858 D/STATUSBAR-WifiQuickSettingButton( 1177): onWifiSignalChanged enabled=true enabledDesc:"宣龙华的 iPhone (2)"
08-08 23:36:23.858 D/StatusBar.NetworkController( 1177): refreshSignalCluster - setNWBoosterIndicators(false)
08-08 23:36:23.858 D/StatusBar.NetworkController( 1177): applyCHN
08-08 23:36:23.868 D/StatusBar.NetworkController( 1177): refreshSignalCluster - setNWBoosterIndicators(false)
08-08 23:36:23.868 D/StatusBar.NetworkController( 1177): applyCHN
08-08 23:36:23.868 D/StatusBar.NetworkController( 1177): refreshSignalCluster - setNWBoosterIndicators(false)
08-08 23:36:23.868 D/StatusBar.NetworkController( 1177): applyCHN
08-08 23:36:23.868 D/StatusBar.NetworkController( 1177): refreshSignalCluster - setNWBoosterIndicators(false)
08-08 23:36:23.868 D/StatusBar.NetworkController( 1177): applyCHN
08-08 23:36:24.298 D/KeyguardUpdateMonitor( 1177): received broadcast android.intent.action.BATTERY_CHANGED
08-08 23:36:24.298 D/KeyguardUpdateMonitor( 1177): handleBatteryUpdate
08-08 23:36:24.308 V/HeadsetService( 3910): HeadsetService - Received Intent.ACTION_BATTERY_CHANGED
08-08 23:36:24.308 D/HeadsetStateMachine( 3910): Disconnected process message: 10
08-08 23:36:25.278 D/StatusBar.NetworkController( 1177): onSignalStrengthsChanged signalStrength=SignalStrength: 14 99 -120 -160 -120 -1 -1 99 2147483647 2147483647 2147483647 -1 2147483647 0x4 gsm|lte level=4
08-08 23:36:25.278 D/StatusBar.NetworkController( 1177): updateTelephonySignalStrength: hasService=true ss=SignalStrength: 14 99 -120 -160 -120 -1 -1 99 2147483647 2147483647 2147483647 -1 2147483647 0x4 gsm|lte
08-08 23:36:25.278 D/StatusBar.NetworkController( 1177): updateTelephonySignalStrength: iconLevel=4
08-08 23:36:25.278 D/StatusBar.NetworkController( 1177): updateTelephonySignalStrength, No signal level. mPhoneSignalIconId = com.android.systemui:drawable/stat_sys_signal_4 mDataSignalIconId = com.android.systemui:drawable/stat_sys_signal_4 mQSPhoneSignalIconId = com.android.systemui:drawable/ic_qs_signal_4 mContentDescriptionPhoneSignal = 满格手机信号
08-08 23:36:25.278 D/StatusBar.NetworkController( 1177): refreshViews connected={ wifi } level=4 combinedSignalIconId=0x7f020556/com.android.systemui:drawable/stat_sys_wifi_signal_4 mobileLabel=仅限紧急通话 wifiLabel="宣龙华的 iPhone (2)"xxxxXXXXxxxxXXXX emergencyOnly=true combinedLabel="宣龙华的 iPhone (2)"xxxxXXXXxxxxXXXX mAirplaneMode=false mDataActivity=0 mPhoneSignalIconId=0x7f0204e9/com.android.systemui:drawable/stat_sys_signal_4 mQSPhoneSignalIconId=0x7f020148/com.android.systemui:drawable/ic_qs_signal_4 mDataDirectionIconId=0x0/(null) mDataSignalIconId=0x7f0204e9/com.android.systemui:drawable/stat_sys_signal_4 mDataTypeIconId=0x0/(null) mQSDataTypeIconId=0x0/(null) mNoSimIconId=0x0/(null) mWifiIconId=0x7f020556/com.android.systemui:drawable/stat_sys_wifi_signal_4 mQSWifiIconId=0x7f02015e/com.android.systemui:drawable/ic_qs_wifi_4 mWifiActivityIconId=0x7f020529/com.android.systemui:drawable/stat_sys_signal_no_inout mBluetoothTetherIconId=0x10808f1/android:drawable/stat_sys_tether_bluetooth
08-08 23:36:25.278 D/STATUSBAR-WifiQuickSettingButton( 1177): onWifiSignalChanged enabled=true enabledDesc:"宣龙华的 iPhone (2)"
08-08 23:36:25.278 D/cell strength( 1386): ===== cell singal strength changed : 14
08-08 23:36:25.948 E/SMD     (  289): DCD ON
08-08 23:36:26.708 I/art     (23703): Alloc sticky concurrent mark sweep GC freed 1048319(38MB) AllocSpace objects, 0(0B) LOS objects, 25% free, 18MB/24MB, paused 699us total 111.789ms
08-08 23:36:28.948 E/SMD     (  289): DCD ON
08-08 23:36:31.948 E/SMD     (  289): DCD ON
08-08 23:36:34.358 D/KeyguardUpdateMonitor( 1177): received broadcast android.intent.action.BATTERY_CHANGED
08-08 23:36:34.358 D/KeyguardUpdateMonitor( 1177): handleBatteryUpdate
08-08 23:36:34.358 V/HeadsetService( 3910): HeadsetService - Received Intent.ACTION_BATTERY_CHANGED
08-08 23:36:34.358 D/HeadsetStateMachine( 3910): Disconnected process message: 10
08-08 23:36:34.608 I/art     (23703): Alloc sticky concurrent mark sweep GC freed 1048319(38MB) AllocSpace objects, 0(0B) LOS objects, 25% free, 18MB/24MB, paused 703us total 111.506ms
08-08 23:36:34.948 E/SMD     (  289): DCD ON
08-08 23:36:35.898 D/StatusBar.NetworkController( 1177): refreshViews connected={ wifi } level=4 combinedSignalIconId=0x7f020556/com.android.systemui:drawable/stat_sys_wifi_signal_4 mobileLabel=仅限紧急通话 wifiLabel="宣龙华的 iPhone (2)"xxxxXXXXxxxxXXXX emergencyOnly=true combinedLabel="宣龙华的 iPhone (2)"xxxxXXXXxxxxXXXX mAirplaneMode=false mDataActivity=0 mPhoneSignalIconId=0x7f0204e9/com.android.systemui:drawable/stat_sys_signal_4 mQSPhoneSignalIconId=0x7f020148/com.android.systemui:drawable/ic_qs_signal_4 mDataDirectionIconId=0x0/(null) mDataSignalIconId=0x7f0204e9/com.android.systemui:drawable/stat_sys_signal_4 mDataTypeIconId=0x0/(null) mQSDataTypeIconId=0x0/(null) mNoSimIconId=0x0/(null) mWifiIconId=0x7f020556/com.android.systemui:drawable/stat_sys_wifi_signal_4 mQSWifiIconId=0x7f02015e/com.android.systemui:drawable/ic_qs_wifi_4 mWifiActivityIconId=0x7f020527/com.android.systemui:drawable/stat_sys_signal_inout mBluetoothTetherIconId=0x10808f1/android:drawable/stat_sys_tether_bluetooth
08-08 23:36:35.898 D/STATUSBAR-WifiQuickSettingButton( 1177): onWifiSignalChanged enabled=true enabledDesc:"宣龙华的 iPhone (2)"
08-08 23:36:35.898 D/StatusBar.NetworkController( 1177): refreshSignalCluster - setNWBoosterIndicators(false)
08-08 23:36:35.898 D/StatusBar.NetworkController( 1177): applyCHN
08-08 23:36:35.908 D/StatusBar.NetworkController( 1177): refreshSignalCluster - setNWBoosterIndicators(false)
08-08 23:36:35.908 D/StatusBar.NetworkController( 1177): applyCHN
08-08 23:36:35.908 D/StatusBar.NetworkController( 1177): refreshSignalCluster - setNWBoosterIndicators(false)
08-08 23:36:35.908 D/StatusBar.NetworkController( 1177): applyCHN
08-08 23:36:35.908 D/StatusBar.NetworkController( 1177): refreshSignalCluster - setNWBoosterIndicators(false)
08-08 23:36:35.908 D/StatusBar.NetworkController( 1177): applyCHN
08-08 23:36:36.908 D/StatusBar.NetworkController( 1177): refreshViews connected={ wifi } level=4 combinedSignalIconId=0x7f020556/com.android.systemui:drawable/stat_sys_wifi_signal_4 mobileLabel=仅限紧急通话 wifiLabel="宣龙华的 iPhone (2)"xxxxXXXXxxxxXXXX emergencyOnly=true combinedLabel="宣龙华的 iPhone (2)"xxxxXXXXxxxxXXXX mAirplaneMode=false mDataActivity=0 mPhoneSignalIconId=0x7f0204e9/com.android.systemui:drawable/stat_sys_signal_4 mQSPhoneSignalIconId=0x7f020148/com.android.systemui:drawable/ic_qs_signal_4 mDataDirectionIconId=0x0/(null) mDataSignalIconId=0x7f0204e9/com.android.systemui:drawable/stat_sys_signal_4 mDataTypeIconId=0x0/(null) mQSDataTypeIconId=0x0/(null) mNoSimIconId=0x0/(null) mWifiIconId=0x7f020556/com.android.systemui:drawable/stat_sys_wifi_signal_4 mQSWifiIconId=0x7f02015e/com.android.systemui:drawable/ic_qs_wifi_4 mWifiActivityIconId=0x7f020529/com.android.systemui:drawable/stat_sys_signal_no_inout mBluetoothTetherIconId=0x10808f1/android:drawable/stat_sys_tether_bluetooth
08-08 23:36:36.908 D/STATUSBAR-WifiQuickSettingButton( 1177): onWifiSignalChanged enabled=true enabledDesc:"宣龙华的 iPhone (2)"
08-08 23:36:36.908 D/StatusBar.NetworkController( 1177): refreshSignalCluster - setNWBoosterIndicators(false)
08-08 23:36:36.908 D/StatusBar.NetworkController( 1177): applyCHN
08-08 23:36:36.908 D/StatusBar.NetworkController( 1177): refreshSignalCluster - setNWBoosterIndicators(false)
08-08 23:36:36.908 D/StatusBar.NetworkController( 1177): applyCHN
08-08 23:36:36.908 D/StatusBar.NetworkController( 1177): refreshSignalCluster - setNWBoosterIndicators(false)
08-08 23:36:36.908 D/StatusBar.NetworkController( 1177): applyCHN
08-08 23:36:36.908 D/StatusBar.NetworkController( 1177): refreshSignalCluster - setNWBoosterIndicators(false)
08-08 23:36:36.908 D/StatusBar.NetworkController( 1177): applyCHN
08-08 23:36:37.948 E/SMD     (  289): DCD ON
08-08 23:36:40.948 E/SMD     (  289): DCD ON
08-08 23:36:42.618 I/art     (23703): Alloc sticky concurrent mark sweep GC freed 1048319(38MB) AllocSpace objects, 0(0B) LOS objects, 25% free, 18MB/24MB, paused 702us total 111.648ms
08-08 23:36:43.948 E/SMD     (  289): DCD ON
08-08 23:36:44.428 D/KeyguardUpdateMonitor( 1177): received broadcast android.intent.action.BATTERY_CHANGED
08-08 23:36:44.428 D/KeyguardUpdateMonitor( 1177): handleBatteryUpdate
08-08 23:36:44.438 V/HeadsetService( 3910): HeadsetService - Received Intent.ACTION_BATTERY_CHANGED
08-08 23:36:44.438 D/HeadsetStateMachine( 3910): Disconnected process message: 10
08-08 23:36:46.948 E/SMD     (  289): DCD ON
08-08 23:36:49.948 E/SMD     (  289): DCD ON
08-08 23:36:50.548 I/art     (23703): Alloc sticky concurrent mark sweep GC freed 1048319(38MB) AllocSpace objects, 0(0B) LOS objects, 25% free, 18MB/24MB, paused 695us total 111.458ms
08-08 23:36:52.958 E/SMD     (  289): DCD ON
