08-10 10:43:13.041 V/StagefrightPlayer(  289): ~StagefrightPlayer
08-10 10:43:13.041 V/StagefrightPlayer(  289): reset
08-10 10:43:13.041 V/AwesomePlayer(  289): reset_l()
08-10 10:43:13.041 V/AwesomePlayer(  289): notifyListner_l() msg (8-MEDIA_STOPPED), ext1 (0), ext2 (0)
08-10 10:43:13.041 V/AwesomePlayer(  289): cancelPlayerEvents (keepNotifications=0)
08-10 10:43:13.041 V/AwesomePlayer(  289): mAudioTrackVector clear
08-10 10:43:13.041 V/AwesomePlayer(  289): reset_l() mAudioPlayer successfully deleted
08-10 10:43:13.041 V/AwesomePlayer(  289): mSecCapture clear
08-10 10:43:13.041 V/AwesomePlayer(  289): mSecMediaClock clear
08-10 10:43:13.041 V/AwesomePlayer(  289): destructor
08-10 10:43:13.041 V/AwesomePlayer(  289): reset_l()
08-10 10:43:13.041 V/AwesomePlayer(  289): notifyListner_l() msg (8-MEDIA_STOPPED), ext1 (0), ext2 (0)
08-10 10:43:13.041 V/AwesomePlayer(  289): cancelPlayerEvents (keepNotifications=0)
08-10 10:43:13.041 V/AwesomePlayer(  289): mAudioTrackVector clear
08-10 10:43:13.041 V/AwesomePlayer(  289): reset_l() mAudioPlayer successfully deleted
08-10 10:43:13.041 V/AwesomePlayer(  289): mSecCapture clear
08-10 10:43:13.041 V/AwesomePlayer(  289): mSecMediaClock clear
08-10 10:43:13.051 V/BitmapFactory(30862): DecodeImagePath(decodeResourceStream3) : R/k/skin_tips_dot_small.png
08-10 10:43:13.051 V/BitmapFactory(30862): DecodeImagePath(decodeResourceStream3) : R/k/skin_tips_dot.png
08-10 10:43:13.061 V/BitmapFactory(30862): DecodeImagePath(decodeResourceStream3) : R/k/fme.png
08-10 10:43:13.061 V/BitmapFactory(30862): DecodeImagePath(decodeResourceStream3) : R/k/gfn.png
08-10 10:43:13.071 V/BitmapFactory(30862): DecodeImagePath(decodeResourceStream3) : R/k/med.png
08-10 10:43:13.081 V/BitmapFactory(30862): DecodeImagePath(decodeResourceStream3) : R/k/etc.png
08-10 10:43:13.091 V/BitmapFactory(30862): DecodeImagePath(decodeResourceStream3) : R/k/gqh.png
08-10 10:43:13.091 V/BitmapFactory(30862): DecodeImagePath(decodeResourceStream3) : R/k/gpv.png
08-10 10:43:13.091 V/BitmapFactory(30862): DecodeImagePath(decodeResourceStream3) : R/k/mee.png
08-10 10:43:13.101 D/ConnectivityService(  933): returning getActiveNetworkInfo :[type: WIFI[] - WIFI, state: CONNECTED/CONNECTED, reason: (unspecified), extra: "CU_d24p", roaming: false, failover: false, isAvailable: true, isConnectedToProvisioningNetwork: false]
08-10 10:43:13.141 D/ConnectivityService(  933): returning getActiveNetworkInfo :[type: WIFI[] - WIFI, state: CONNECTED/CONNECTED, reason: (unspecified), extra: "CU_d24p", roaming: false, failover: false, isAvailable: true, isConnectedToProvisioningNetwork: false]
08-10 10:43:13.151 I/NLP     ( 1373): Location result:[location successful by Baidu], reason:[network location] locType=161
08-10 10:43:13.151 W/NetworkLocation( 1373): BaiduNetworkLocationProvider1:BaiduNetworkLocationProvider1 : forceLocation: network provider not Enabled!
08-10 10:43:13.151 D/ConnectivityService(  933): returning getNetworkInfo(networkType - 1) :[type: WIFI[] - WIFI, state: CONNECTED/CONNECTED, reason: (unspecified), extra: "CU_d24p", roaming: false, failover: false, isAvailable: true, isConnectedToProvisioningNetwork: false]
08-10 10:43:13.171 V/BitmapFactory(30862): DecodeImagePath(decodeResourceStream3) : R/k/mef.jpg
08-10 10:43:13.191 D/AbsListView(30862): Get MotionRecognitionManager
08-10 10:43:13.201 D/MotionRecognitionService(  933):  ssp status : true
08-10 10:43:13.251 D/ConnectivityService(  933): returning getActiveNetworkInfo :[type: WIFI[] - WIFI, state: CONNECTED/CONNECTED, reason: (unspecified), extra: "CU_d24p", roaming: false, failover: false, isAvailable: true, isConnectedToProvisioningNetwork: false]
08-10 10:43:13.251 D/ConnectivityService(  933): returning getActiveNetworkInfo :[type: WIFI[] - WIFI, state: CONNECTED/CONNECTED, reason: (unspecified), extra: "CU_d24p", roaming: false, failover: false, isAvailable: true, isConnectedToProvisioningNetwork: false]
08-10 10:43:13.261 D/ConnectivityService(  933): returning getActiveNetworkInfo :[type: WIFI[] - WIFI, state: CONNECTED/CONNECTED, reason: (unspecified), extra: "CU_d24p", roaming: false, failover: false, isAvailable: true, isConnectedToProvisioningNetwork: false]
08-10 10:43:13.261 D/ConnectivityService(  933): returning getActiveNetworkInfo :[type: WIFI[] - WIFI, state: CONNECTED/CONNECTED, reason: (unspecified), extra: "CU_d24p", roaming: false, failover: false, isAvailable: true, isConnectedToProvisioningNetwork: false]
08-10 10:43:13.331 D/StatusBarManagerService(  933): manageDisableList userId=0 what=0x0 pkg=WindowManager.LayoutParams
08-10 10:43:13.341 D/PointerIcon(  933): setMouseIconStyle1 pointerType: 1001iconType:101 flag:0
08-10 10:43:13.341 D/PointerIcon(  933): setMouseCustomIcon IconType is same.101
08-10 10:43:13.341 D/PointerIcon(  933): setHoveringSpenIconStyle1 pointerType: 10001iconType:1 flag:0
08-10 10:43:13.341 D/PointerIcon(  933): setHoveringSpenCustomIcon IconType is same.1
08-10 10:43:13.341 V/PhoneStatusBar( 1180): setLightsOn(true)
08-10 10:43:13.341 D/BatteryService(  933): !@BatteryListener : batteryPropertiesChanged!
08-10 10:43:13.341 D/BatteryService(  933): level:92, scale:100, status:2, health:2, present:true, voltage: 4097, temperature: 321, technology: Li-ion, AC powered:false, USB powered:true, Wireless powered:false, icon:17303724, invalid charger:0
08-10 10:43:13.341 D/BatteryService(  933): online:4, current avg:450, charge type:1, power sharing:false, high voltage charger:false, capacity:280000, current_now:450
08-10 10:43:13.341 D/BatteryService(  933): Sending ACTION_BATTERY_CHANGED.
08-10 10:43:13.351 D/KeyguardUpdateMonitor( 1180): received broadcast android.intent.action.BATTERY_CHANGED
08-10 10:43:13.351 D/KeyguardUpdateMonitor( 1180): handleBatteryUpdate
08-10 10:43:13.351 V/HeadsetService( 3806): HeadsetService - Received Intent.ACTION_BATTERY_CHANGED
08-10 10:43:13.351 D/HeadsetStateMachine( 3806): Disconnected process message: 10
08-10 10:43:13.351 I/MotionRecognitionService(  933): Plugged
08-10 10:43:13.351 I/MotionRecognitionService(  933): setPowerConnected  = true
08-10 10:43:13.351 D/STATUSBAR-PhoneStatusBar( 1180):  mBrightnessEnablebySettings = true mBrightnessEnablebyBattery = true mBrightnessEnablebyDisableFlag = true mPmsBrightnessEnablebySettings = true
08-10 10:43:13.351 D/BatteryMeterView( 1180): ACTION_BATTERY_CHANGED : level:92 status:2 health:2
08-10 10:43:13.351 D/BatteryMeterView( 1180): ACTION_BATTERY_CHANGED : level:92 status:2 health:2
08-10 10:43:13.351 D/BatteryMeterView( 1180): ACTION_BATTERY_CHANGED : level:92 status:2 health:2
08-10 10:43:13.371 D/AuthorityActivity(30862): send | cmd: g_t_n_p | uin :*8039
08-10 10:43:13.381 W/linker  (30862): libcodecwrapperV2.so has text relocations. This is wasting memory and prevents security hardening. Please fix.
08-10 10:43:13.381 D/MSF.D.RemoteServiceProxy(30862): login timer start, appSeq: 1, delayMillis: 42000
08-10 10:43:13.381 D/MSF.C.CodecWarpper(30862): set so version to 600
08-10 10:43:13.391 D/ConnectivityService(  933): returning getActiveNetworkInfo :[type: WIFI[] - WIFI, state: CONNECTED/CONNECTED, reason: (unspecified), extra: "CU_d24p", roaming: false, failover: false, isAvailable: true, isConnectedToProvisioningNetwork: false]
08-10 10:43:13.391 D/ConnectivityService(  933): returning getActiveNetworkInfo :[type: WIFI[] - WIFI, state: CONNECTED/CONNECTED, reason: (unspecified), extra: "CU_d24p", roaming: false, failover: false, isAvailable: true, isConnectedToProvisioningNetwork: false]
08-10 10:43:13.391 D/ConnectivityService(  933): returning getActiveNetworkInfo :[type: WIFI[] - WIFI, state: CONNECTED/CONNECTED, reason: (unspecified), extra: "CU_d24p", roaming: false, failover: false, isAvailable: true, isConnectedToProvisioningNetwork: false]
08-10 10:43:13.401 D/Activity(30862): performCreate Call secproduct feature valuefalse
08-10 10:43:13.401 D/Activity(30862): performCreate Call debug elastic valuetrue
08-10 10:43:13.421 I/System.out(30862): GlobalPool-H calls detatch()
08-10 10:43:13.421 D/LocationManagerService(  933): getProviders()=[]
08-10 10:43:13.421 D/LocationManagerService(  933): getProviders()=[passive]
08-10 10:43:13.421 D/LocationManagerService(  933): getBestProvider(Criteria[power=NO_REQ acc=LOW], true)=passive
08-10 10:43:13.421 D/LocationManagerService(  933): getLastLocation: Request[POWER_NONE passive fastest=0 num=1]
08-10 10:43:13.421 D/ConnectivityService(  933): returning getActiveNetworkInfo :[type: WIFI[] - WIFI, state: CONNECTED/CONNECTED, reason: (unspecified), extra: "CU_d24p", roaming: false, failover: false, isAvailable: true, isConnectedToProvisioningNetwork: false]
08-10 10:43:13.421 E/Watchdog(  933): !@Sync 679
08-10 10:43:13.451 D/ActivityManager(  933): post active user change for 0
08-10 10:43:13.451 D/KnoxTimeoutHandler(  933): postActiveUserChange for user 0
08-10 10:43:13.451 D/KnoxTimeoutHandler(  933): handleActiveUserChange for user 0
08-10 10:43:13.451 I/SurfaceFlinger(  256): id=129 createSurf (1x1),1 flag=4, ButhorityAc
08-10 10:43:13.481 I/wpa_supplicant( 1157): nl80211: Received scan results (2 BSSes)
08-10 10:43:13.481 D/ConnectivityService(  933): returning getActiveNetworkInfo :[type: WIFI[] - WIFI, state: CONNECTED/CONNECTED, reason: (unspecified), extra: "CU_d24p", roaming: false, failover: false, isAvailable: true, isConnectedToProvisioningNetwork: false]
08-10 10:43:13.481 D/ActivityManager(  933): isDeviceAdminActiveApp false :com.android.systemui
08-10 10:43:13.481 D/ActivityManager(  933): isAutoRunBlockedApp:: com.android.systemui, Auto Run ON
08-10 10:43:13.491 D/MSF.C.NetConnTag( 2644): pa ok: 58988
08-10 10:43:13.491 I/System.out( 2644): (HTTPLog)-Static: isSBSettingEnabled false
08-10 10:43:13.491 D/MultiPhoneWindow(30862): refreshUI state=1
08-10 10:43:13.491 D/MultiPhoneWindow(30862): performUpdateVisibility : visible :false
08-10 10:43:13.491 D/MultiPhoneWindow(30862): MinimizeAnimator::removeWindow
08-10 10:43:13.501 D/MSF.C.NetConnTag( 2644): read DataError java.net.SocketException: Socket is closed
08-10 10:43:13.501 D/MSF.C.NetConnTag( 2644): conn is already closed on readError
08-10 10:43:13.501 D/MSF.C.NetConnTag( 2644): close Socket[address=/111.206.25.142,port=0,localPort=0] by lastMessageTimeTooLong
08-10 10:43:13.501 W/ActivityManager(  933): getTasks: caller 10206 does not hold GET_TASKS; limiting output
08-10 10:43:13.511 W/Settings( 2644): Setting airplane_mode_on has moved from android.provider.Settings.System to android.provider.Settings.Global, returning read-only value.
08-10 10:43:13.511 D/MSF.C.NetConnTag( 2644): try open Conn /111.206.25.142:80 noneProxy
08-10 10:43:13.521 D/MSF.C.PushManager:PushCoder( 2644): handlerPush send 83266246C16B7C00ABAD782524B8FA43 register push id 7 pushStatus:11 bRegType:1 timeStamp:594 newIP:2384055919 oldIP:2384055919
08-10 10:43:13.521 I/SurfaceFlinger(  256): id=130 createSurf (1080x1920),2 flag=404, ButhorityAc
08-10 10:43:13.531 I/System.out( 2644): KnoxVpnUidStorageknoxVpnSupported API value returned is false
08-10 10:43:13.531 D/InputMethodManagerService(  933): windowGainedFocus mCurrentFocusedUserId - 0 and mSecureKeypadEnabled-false
08-10 10:43:13.541 D/MSF.C.NetConnTag( 2644): open conn at /111.206.25.142:80 costTime:20 configTimeout: 8000 localSocket:192.168.1.16:0 noneProxy
08-10 10:43:13.541 I/System.out(30862): GlobalPool-H calls detatch()
08-10 10:43:13.541 W/InputMethodManagerService(  933): Starting input on non-focused client com.android.internal.view.IInputMethodClient$Stub$Proxy@3e4501fc (uid=10217 pid=30168)
08-10 10:43:13.541 W/ContextImpl(  933): Calling a method in the system process without a qualified user: android.app.ContextImpl.sendBroadcast:1699 com.android.server.InputMethodManagerService$6.run:2733 java.lang.Thread.run:818 <bottom of call stack> <bottom of call stack> 
08-10 10:43:13.541 D/ConnectivityService(  933): returning getActiveNetworkInfo :[type: WIFI[] - WIFI, state: CONNECTED/CONNECTED, reason: (unspecified), extra: "CU_d24p", roaming: false, failover: false, isAvailable: true, isConnectedToProvisioningNetwork: false]
08-10 10:43:13.591 D/ConnectivityService(  933): returning getActiveNetworkInfo :[type: WIFI[] - WIFI, state: CONNECTED/CONNECTED, reason: (unspecified), extra: "CU_d24p", roaming: false, failover: false, isAvailable: true, isConnectedToProvisioningNetwork: false]
08-10 10:43:13.601 I/TMSelfUpdate_ApkDownloadManager(30168): halleytest onNetworkChanged and isNetworkConnected=true,isAutoDownloadOrPause=true
08-10 10:43:13.601 D/ConnectivityService(  933): returning getActiveNetworkInfo :[type: WIFI[] - WIFI, state: CONNECTED/CONNECTED, reason: (unspecified), extra: "CU_d24p", roaming: false, failover: false, isAvailable: true, isConnectedToProvisioningNetwork: false]
08-10 10:43:13.601 D/ConnectivityService(  933): returning getActiveNetworkInfo :[type: WIFI[] - WIFI, state: CONNECTED/CONNECTED, reason: (unspecified), extra: "CU_d24p", roaming: false, failover: false, isAvailable: true, isConnectedToProvisioningNetwork: false]
08-10 10:43:13.601 D/ConnectivityService(  933): returning getActiveNetworkInfo :[type: WIFI[] - WIFI, state: CONNECTED/CONNECTED, reason: (unspecified), extra: "CU_d24p", roaming: false, failover: false, isAvailable: true, isConnectedToProvisioningNetwork: false]
08-10 10:43:13.601 D/ConnectivityService(  933): returning getActiveNetworkInfo :[type: WIFI[] - WIFI, state: CONNECTED/CONNECTED, reason: (unspecified), extra: "CU_d24p", roaming: false, failover: false, isAvailable: true, isConnectedToProvisioningNetwork: false]
08-10 10:43:13.601 D/ConnectivityService(  933): returning getActiveNetworkInfo :[type: WIFI[] - WIFI, state: CONNECTED/CONNECTED, reason: (unspecified), extra: "CU_d24p", roaming: false, failover: false, isAvailable: true, isConnectedToProvisioningNetwork: false]
08-10 10:43:13.621 D/MSF.C.SsoListManager( 2644): save http get wifisso for socket://61.181.203.156:80#00000:0:0:8:true:tj:uni;socket://140.207.127.57:14000#00000:0:0:8:true:sh:uni;socket://61.181.203.29:8080#00000:0:0:8:true:tj:uni;socket://220.249.243.116:80#00000:0:0:8:true:sz:uni;socket://153.3.50.58:14000#00000:0:0:8:true:sh:uni;socket://61.181.203.216:443#00000:0:0:8:true:tj:uni;socket://163.177.89.195:14000#00000:0:0:8:true:sz:uni;socket://140.207.189.111:80#00000:0:0:8:true:sh:uni;socket://msfwifi.3g.qq.com:8080#00000:0:0:8:false:others:others;socket://221.198.69.96:80#00000:0:0:8:true:tj:uni;
08-10 10:43:13.651 D/MSF.C.AccountCenter( 2644): try load accounts 2
08-10 10:43:13.651 D/MSF.C.NetConnTag( 2644): use full head for uin:*8039
08-10 10:43:13.651 D/MSF.C.NetConnTag( 2644): use full head for uin:*9830
08-10 10:43:13.651 D/MSF.C.NetConnTag( 2644): ssoping seq: 58992 timeout: 20000
08-10 10:43:13.651 D/MSF.C.NetConnTag( 2644): netSend ssoSeq:58992 uin:0 cmd:76640 59013
08-10 10:43:13.671 D/MSF.C.NetConnTag( 2644): netRecv ssoSeq:58992 uin:0 cmd:76640 59013
08-10 10:43:13.671 D/MSF.C.NetConnTag( 2644): single ssid CU_d24p record times limited in 3
08-10 10:43:13.681 D/MSF.C.NetworkTraffic( 2644): reportRDM for 0 param_reportTime:55615044
08-10 10:43:13.681 D/MSF.C.NetworkTraffic( 2644): reportRDM for 0 param_NetworkInfo:2
08-10 10:43:13.681 D/MSF.C.NetworkTraffic( 2644): reportRDM for 0 param_WIFIFlow:4
08-10 10:43:13.681 D/MSF.C.NetworkTraffic( 2644): reportRDM for 0 param_WIFIChatFlow:4
08-10 10:43:13.681 D/MSF.C.NetworkTraffic( 2644): reportRDM for 0 param_Flow:4
08-10 10:43:13.681 D/MSF.C.NetworkTraffic( 2644): reportRDM for 0 param_SsoServerIp:111.206.25.142:80
08-10 10:43:13.681 D/MSF.C.NetworkTraffic( 2644): reportRDM for 0 param_GatewayrIp:
08-10 10:43:13.681 D/MSF.C.NetworkTraffic( 2644): reportRDM for 0 param_NetworkOperator:
08-10 10:43:13.681 D/MSF.C.NetworkTraffic( 2644): reportRDM for *5441 param_reportTime:55615045
08-10 10:43:13.681 D/MSF.C.NetworkTraffic( 2644): reportRDM for *5441 param_SsoServerIp:111.206.25.142:80
08-10 10:43:13.681 D/MSF.C.NetworkTraffic( 2644): reportRDM for *5441 param_NetworkInfo:2
08-10 10:43:13.681 D/MSF.C.NetworkTraffic( 2644): reportRDM for *5441 param_GatewayrIp:
08-10 10:43:13.681 D/MSF.C.NetworkTraffic( 2644): reportRDM for *5441 param_NetworkOperator:
08-10 10:43:13.681 D/MSF.C.NetworkTraffic( 2644): reportRDM for *9830 param_reportTime:55615045
08-10 10:43:13.681 D/MSF.C.NetworkTraffic( 2644): reportRDM for *9830 param_SsoServerIp:111.206.25.142:80
08-10 10:43:13.681 D/MSF.C.NetworkTraffic( 2644): reportRDM for *9830 param_NetworkInfo:2
08-10 10:43:13.681 D/MSF.C.NetworkTraffic( 2644): reportRDM for *9830 param_GatewayrIp:
08-10 10:43:13.681 D/MSF.C.NetworkTraffic( 2644): reportRDM for *9830 param_NetworkOperator:
08-10 10:43:13.681 D/MSF.C.NetworkTraffic( 2644): reportRDM for *8039 param_reportTime:55615045
08-10 10:43:13.681 D/MSF.C.NetworkTraffic( 2644): reportRDM for *8039 param_NetworkInfo:2
08-10 10:43:13.681 D/MSF.C.NetworkTraffic( 2644): reportRDM for *8039 param_WIFIFlow:23
08-10 10:43:13.681 D/MSF.C.NetworkTraffic( 2644): reportRDM for *8039 param_WIFIChatFlow:21
08-10 10:43:13.681 D/MSF.C.NetworkTraffic( 2644): reportRDM for *8039 param_Flow:23
08-10 10:43:13.681 D/MSF.C.NetworkTraffic( 2644): reportRDM for *8039 param_WIFIRdmFlow:1
08-10 10:43:13.681 D/MSF.C.NetworkTraffic( 2644): reportRDM for *8039 param_SsoServerIp:111.206.25.142:80
08-10 10:43:13.681 D/MSF.C.NetworkTraffic( 2644): reportRDM for *8039 param_GatewayrIp:
08-10 10:43:13.681 D/MSF.C.NetworkTraffic( 2644): reportRDM for *8039 param_NetworkOperator:
08-10 10:43:13.681 D/MSF.C.NetworkTraffic( 2644): reportRDM for *6605 param_reportTime:55615046
08-10 10:43:13.681 D/MSF.C.NetworkTraffic( 2644): reportRDM for *6605 param_SsoServerIp:111.206.25.142:80
08-10 10:43:13.681 D/MSF.C.NetworkTraffic( 2644): reportRDM for *6605 param_NetworkInfo:2
08-10 10:43:13.681 D/MSF.C.NetworkTraffic( 2644): reportRDM for *6605 param_GatewayrIp:
08-10 10:43:13.681 D/MSF.C.NetworkTraffic( 2644): reportRDM for *6605 param_NetworkOperator:
08-10 10:43:13.681 D/MSF.C.NetworkTraffic( 2644): reportRDM for *8039 param_reportTime:55615046
08-10 10:43:13.681 D/MSF.C.NetworkTraffic( 2644): reportRDM for *8039 param_NetworkInfo:2
08-10 10:43:13.681 D/MSF.C.NetworkTraffic( 2644): reportRDM for *8039 param_XGSystemFlow:0
08-10 10:43:13.681 D/MSF.C.NetworkTraffic( 2644): reportRDM for *8039 param_LastMonthWIFISystemFlow:29034
08-10 10:43:13.681 D/MSF.C.NetworkTraffic( 2644): reportRDM for *8039 param_LastMonthXGSystemFlow:0
08-10 10:43:13.681 D/MSF.C.NetworkTraffic( 2644): reportRDM for *8039 param_SsoServerIp:111.206.25.142:80
08-10 10:43:13.681 D/MSF.C.NetworkTraffic( 2644): reportRDM for *8039 param_GatewayrIp:
08-10 10:43:13.681 D/MSF.C.NetworkTraffic( 2644): reportRDM for *8039 param_NetworkOperator:
08-10 10:43:13.681 D/MSF.C.NetworkTraffic( 2644): reportRDM for *8039 param_MonthXGSystemFlow:0
08-10 10:43:13.681 D/MSF.C.NetworkTraffic( 2644): reportRDM for *8039 param_MonthWIFISystemFlow:3462853
08-10 10:43:13.681 D/MSF.C.NetworkTraffic( 2644): reportRDM for *8039 param_WIFISystemFlow:150448
08-10 10:43:13.681 D/MSF.C.PushManager:PushCoder( 2644): also send pushRegister, return. true true true
08-10 10:43:13.681 D/MSF.C.NetConnInfoCenter( 2644): currentAPN:null. received networkInfo: CONNECTED :[type: WIFI[] - WIFI, state: CONNECTED/CONNECTED, reason: (unspecified), extra: "CU_d24p", roaming: false, failover: false, isAvailable: true, isConnectedToProvisioningNetwork: false]. extra NetworkInfo: null
08-10 10:43:13.681 D/ConnectivityService(  933): returning getActiveNetworkInfo :[type: WIFI[] - WIFI, state: CONNECTED/CONNECTED, reason: (unspecified), extra: "CU_d24p", roaming: false, failover: false, isAvailable: true, isConnectedToProvisioningNetwork: false]
08-10 10:43:13.681 D/ConnectivityService(  933): returning getActiveNetworkInfo :[type: WIFI[] - WIFI, state: CONNECTED/CONNECTED, reason: (unspecified), extra: "CU_d24p", roaming: false, failover: false, isAvailable: true, isConnectedToProvisioningNetwork: false]
08-10 10:43:13.681 D/ConnectivityService(  933): returning getNetworkInfo(networkType - 0) :[type: MOBILE[] - MOBILE, state: DISCONNECTED/DISCONNECTED, reason: (unspecified), extra: (none), roaming: false, failover: false, isAvailable: true, isConnectedToProvisioningNetwork: false]
08-10 10:43:13.691 D/MSF.C.NetConnTag( 2644): p ok re1: 58988
08-10 10:43:13.691 D/MSF.C.NetConnTag( 2644): netSend ssoSeq:58988 uin:*8039 cmd:-1620788050 59999
08-10 10:43:13.691 D/MSF.C.NetworkTraffic( 2644): 0 monthData param_WIFIFlow:28042 param_WIFIChatFlow:27301 param_Flow:28042 param_WIFIRdmFlow:741 
08-10 10:43:13.691 D/MSF.C.NetworkTraffic( 2644): *5441 monthData param_WIFIFlow:1180 param_WIFIChatFlow:1180 param_Flow:1180 
08-10 10:43:13.691 D/MSF.C.NetworkTraffic( 2644): *9830 monthData param_WIFIFlow:25590 param_WIFIChatFlow:25590 param_Flow:25590 
08-10 10:43:13.691 D/MSF.C.NetworkTraffic( 2644): *8039 monthData param_WIFIFlow:561759 param_WIFIChatFlow:558059 param_WIFIRdmFlow:3700 param_Flow:561759 
08-10 10:43:13.691 D/MSF.C.NetworkTraffic( 2644): *6605 monthData param_WIFIFlow:1178 param_WIFIChatFlow:1178 param_Flow:1178 
08-10 10:43:13.701 D/MSF.C.NetConnTag( 2644): pa ok: 58989
08-10 10:43:13.701 D/MSF.C.NetConnTag( 2644): netSend ssoSeq:58989 uin:*8039 cmd:-1591668360 59440
08-10 10:43:13.701 I/art     (  933): Explicit concurrent mark sweep GC freed 80496(4MB) AllocSpace objects, 13(208KB) LOS objects, 26% free, 43MB/59MB, paused 1.973ms total 164.295ms
08-10 10:43:13.711 I/UnicodeIME( 1813): onFinishInput: 
08-10 10:43:13.711 I/UnicodeIME( 1813): onStartInput
08-10 10:43:13.711 D/MSF.C.NetConnTag( 2644): netRecv ssoSeq:0 uin:*8039 cmd:0 87 code:-10001 failMsg:D2 is expired.
08-10 10:43:13.711 D/MSF.C.NetConnTag( 2644): use full head for uin:*8039
08-10 10:43:13.711 D/MSF.C.NetConnTag( 2644): pa ok: 58991
08-10 10:43:13.711 D/MSF.C.NetConnTag( 2644): netSend ssoSeq:58991 uin:*8039 cmd:-1783542011 59482
08-10 10:43:13.711 D/MSF.C.NetConnTag( 2644): send Packet addQueue, ssoSeq=58991, uin=*8039
08-10 10:43:13.731 D/MSF.D.Proxy(30862): BaseConstants.CODE_NO_LOGIN 346530141
08-10 10:43:13.731 D/MSF.D.Proxy(17932): BaseConstants.CODE_NO_LOGIN 402752812
08-10 10:43:13.741 D/MSF.C.NetConnTag( 2644): netRecv ssoSeq:0 uin:*8039 cmd:0 87 code:-10001 failMsg:D2 is expired.
08-10 10:43:13.741 D/MSF.C.NetConnTag( 2644): use full head for uin:*8039
08-10 10:43:13.741 D/MSF.C.NetConnTag( 2644): clear storeSendSsoSeq tag for uin:*8039
08-10 10:43:13.771 D/MSF.D.Proxy(17932): BaseConstants.CODE_NO_LOGIN 457264117
08-10 10:43:13.771 D/MSF.D.Proxy(30862): BaseConstants.CODE_NO_LOGIN 158874322
08-10 10:43:13.771 V/PhoneStatusBar( 1180): setLightsOn(true)
08-10 10:43:13.771 D/StatusBarManagerService(  933): manageDisableList userId=0 what=0x0 pkg=WindowManager.LayoutParams
08-10 10:43:13.781 I/ActivityManager(  933): Displayed com.tencent.mobileqq/com.tencent.open.agent.AuthorityActivity: +825ms (total +1s818ms)
08-10 10:43:13.781 I/Timeline(  933): Timeline: Activity_windows_visible id: ActivityRecord{1b947527 u0 com.tencent.news/com.tencent.connect.common.AssistActivity t1281} time:20396655
08-10 10:43:13.781 D/MSF.C.NetConnTag( 2644): netRecv ssoSeq:58988 uin:*8039 cmd:-1620788050 59907
08-10 10:43:13.781 D/CustomFrequencyManagerService(  933): FrequencyrequestList.getNextMaxCPUCoreRequest, index: 1
08-10 10:43:13.781 W/ActivityManager(  933): mDVFSHelper.release()
08-10 10:43:13.791 D/WifiDetector( 2644): WIFI detect onWifiConnSucc!
08-10 10:43:13.801 I/art     (30862): Explicit concurrent mark sweep GC freed 53305(3MB) AllocSpace objects, 28(684KB) LOS objects, 41% free, 22MB/38MB, paused 1.603ms total 85.689ms
08-10 10:43:13.811 D/MSF.C.WTLoginCenter.MsfProvider( 2644): onRecvData find wtloginMsfListener for 58988
08-10 10:43:13.841 W/ActivityManager(  933): getTasks: caller 10206 does not hold GET_TASKS; limiting output
08-10 10:43:13.841 W/ActivityManager(  933): getTasks: caller 10206 does not hold GET_TASKS; limiting output
08-10 10:43:13.851 I/SurfaceFlinger(  256): id=128 Removed BssistActiv (5/11)
08-10 10:43:13.851 I/SurfaceFlinger(  256): id=128 Removed BssistActiv (-2/11)
08-10 10:43:13.851 I/Timeline(30168): Timeline: Activity_idle id: android.os.BinderProxy@9dfbc95 time:20396729
08-10 10:43:13.881 I/Timeline(30862): Timeline: Activity_idle id: android.os.BinderProxy@195c8c4f time:20396756
08-10 10:43:13.881 I/Timeline(30862): Timeline: Activity_idle id: android.os.BinderProxy@33f0a944 time:20396757
08-10 10:43:13.931 D/MSF.C.NetConnTag( 2644): pa ok: 59001
08-10 10:43:13.931 D/MSF.C.NetConnTag( 2644): netSend ssoSeq:59001 uin:*8039 cmd:-913267217 59748
08-10 10:43:13.931 D/AuthorityActivity(30862): rec | cmd: g_t_n_p | uin : *8039 | ret : success | code: 1000
08-10 10:43:13.941 D/LocationManagerService(  933): getProviders()=[]
08-10 10:43:13.941 D/LocationManagerService(  933): getProviders()=[passive]
08-10 10:43:13.941 D/LocationManagerService(  933): getBestProvider(Criteria[power=NO_REQ acc=LOW], true)=passive
08-10 10:43:13.941 D/LocationManagerService(  933): getLastLocation: Request[POWER_NONE passive fastest=0 num=1]
08-10 10:43:13.941 D/ConnectivityService(  933): returning getActiveNetworkInfo :[type: WIFI[] - WIFI, state: CONNECTED/CONNECTED, reason: (unspecified), extra: "CU_d24p", roaming: false, failover: false, isAvailable: true, isConnectedToProvisioningNetwork: false]
08-10 10:43:13.941 D/ConnectivityService(  933): returning getActiveNetworkInfo :[type: WIFI[] - WIFI, state: CONNECTED/CONNECTED, reason: (unspecified), extra: "CU_d24p", roaming: false, failover: false, isAvailable: true, isConnectedToProvisioningNetwork: false]
08-10 10:43:13.951 D/AuthorityActivity(30862): send | cmd: g_a_a_l_emp | uin : *8039
08-10 10:43:13.951 D/MSF.C.NetConnTag( 2644): add 59002 scmd: -1795951673 uin: *8039 len: 232 msg to -1108313138 delayWaitSendList
08-10 10:43:13.961 D/MSF.C.NetConnTag( 2644): netRecv ssoSeq:59001 uin:*8039 cmd:-913267217 59136
08-10 10:43:13.961 D/MSF.C.WTLoginCenter.MsfProvider( 2644): onRecvData find wtloginMsfListener for 59001
08-10 10:43:13.961 D/ConnectivityService(  933): returning getActiveNetworkInfo :[type: WIFI[] - WIFI, state: CONNECTED/CONNECTED, reason: (unspecified), extra: "CU_d24p", roaming: false, failover: false, isAvailable: true, isConnectedToProvisioningNetwork: false]
08-10 10:43:13.991 I/SurfaceFlinger(  256): id=127 Removed TplashActiv (4/10)
08-10 10:43:13.991 I/SurfaceFlinger(  256): id=127 Removed TplashActiv (-2/10)
08-10 10:43:14.011 I/SurfaceFlinger(  256): id=126 Removed TplashActiv (3/9)
08-10 10:43:14.011 I/SurfaceFlinger(  256): id=126 Removed TplashActiv (-2/9)
08-10 10:43:14.021 I/Timeline(  933): Timeline: Activity_windows_visible id: ActivityRecord{25871546 u0 com.tencent.mobileqq/com.tencent.open.agent.AuthorityActivity t1281} time:20396895
08-10 10:43:14.051 D/ConnectivityService(  933): returning getActiveNetworkInfo :[type: WIFI[] - WIFI, state: CONNECTED/CONNECTED, reason: (unspecified), extra: "CU_d24p", roaming: false, failover: false, isAvailable: true, isConnectedToProvisioningNetwork: false]
08-10 10:43:14.051 V/ActivityThread(30168): updateVisibility : ActivityRecord{34a0978b token=android.os.BinderProxy@ccb3dbe {com.tencent.news/com.tencent.news.activity.SplashActivity}} show : false
08-10 10:43:14.051 V/ActivityThread(30168): updateVisibility : ActivityRecord{170f1068 token=android.os.BinderProxy@9dfbc95 {com.tencent.news/com.tencent.connect.common.AssistActivity}} show : false
08-10 10:43:14.061 D/MSF.D.QLog( 2644): QLog init
08-10 10:43:14.071 I/System.out(30168): (HTTPLog)-Static: isSBSettingEnabled false
08-10 10:43:14.071 D/ConnectivityService(  933): returning getActiveNetworkInfo :[type: WIFI[] - WIFI, state: CONNECTED/CONNECTED, reason: (unspecified), extra: "CU_d24p", roaming: false, failover: false, isAvailable: true, isConnectedToProvisioningNetwork: false]
08-10 10:43:14.071 D/ConnectivityService(  933): returning getActiveNetworkInfo :[type: WIFI[] - WIFI, state: CONNECTED/CONNECTED, reason: (unspecified), extra: "CU_d24p", roaming: false, failover: false, isAvailable: true, isConnectedToProvisioningNetwork: false]
08-10 10:43:14.081 I/System.out(30168): (HTTPLog)-Static: isSBSettingEnabled false
08-10 10:43:14.091 D/MSF.D.QLog(17932): QLog init
08-10 10:43:14.131 I/System.out(30168): KnoxVpnUidStorageknoxVpnSupported API value returned is false
08-10 10:43:14.251 I/System.out(30862): GlobalPool-H calls detatch()
08-10 10:43:14.291 D/LogWriter(30168): 08-10 10:43:14.300	1718	Request	request http://r.inews.qq.com/appEventNotice will submit with ssl
08-10 10:43:14.291 D/LogWriter(30168): 08-10 10:43:14.304	1718	ConnectionSelector	found reuse connect Connection{r.inews.qq.com:443, proxy=DIRECT@ hostAddress=/220.194.95.149:443 cipherSuite=TLS_ECDHE_RSA_WITH_AES_128_GCM_SHA256 protocol=http/1.1 birth=55604828 live=10831} host: r.inews.qq.com address: /220.194.95.149:443 stable: true
08-10 10:43:14.311 W/AccountManagerService(  933): caller uid 10217 is different than the authenticator's uid
08-10 10:43:14.311 D/LogWriter(30168): 08-10 10:43:14.320	1777	Request	request http://w.inews.qq.com/reportNewUserTime will submit with ssl
08-10 10:43:14.311 E/ActivityThread(30168): Failed to find provider info for com.android.badge
08-10 10:43:14.321 W/System.err(30168): com.tencent.news.badger.ShortcutBadgeException: Unable to execute badge
08-10 10:43:14.321 W/System.err(30168): 	at com.tencent.news.badger.m.(ShortcutBadger.java:80)
08-10 10:43:14.321 W/System.err(30168): 	at com.tencent.news.system.b.(ApplicationProxy.java:759)
08-10 10:43:14.321 W/System.err(30168): 	at com.tencent.news.system.b.(ApplicationProxy.java:1117)
08-10 10:43:14.321 W/System.err(30168): 	at com.tencent.news.system.b$10.run(ApplicationProxy.java:1078)
08-10 10:43:14.321 W/System.err(30168): 	at com.tencent.news.task.e$c.run(TimerTaskManager.java:175)
08-10 10:43:14.321 W/System.err(30168): 	at java.util.concurrent.Executors$RunnableAdapter.call(Executors.java:422)
08-10 10:43:14.321 W/System.err(30168): 	at java.util.concurrent.FutureTask.run(FutureTask.java:237)
08-10 10:43:14.321 D/ConnectivityService(  933): returning getNetworkInfo(networkType - 0) :[type: MOBILE[] - MOBILE, state: DISCONNECTED/DISCONNECTED, reason: (unspecified), extra: (none), roaming: false, failover: false, isAvailable: true, isConnectedToProvisioningNetwork: false]
08-10 10:43:14.321 D/ConnectivityService(  933): returning getNetworkInfo(networkType - 1) :[type: WIFI[] - WIFI, state: CONNECTED/CONNECTED, reason: (unspecified), extra: "CU_d24p", roaming: false, failover: false, isAvailable: true, isConnectedToProvisioningNetwork: false]
08-10 10:43:14.321 D/ConnectivityService(  933): returning getActiveNetworkInfo :[type: WIFI[] - WIFI, state: CONNECTED/CONNECTED, reason: (unspecified), extra: "CU_d24p", roaming: false, failover: false, isAvailable: true, isConnectedToProvisioningNetwork: false]
08-10 10:43:14.331 W/System.err(30168): 	at java.util.concurrent.ScheduledThreadPoolExecutor$ScheduledFutureTask.access$201(ScheduledThreadPoolExecutor.java:152)
08-10 10:43:14.331 W/System.err(30168): 	at java.util.concurrent.ScheduledThreadPoolExecutor$ScheduledFutureTask.run(ScheduledThreadPoolExecutor.java:265)
08-10 10:43:14.331 W/System.err(30168): 	at java.util.concurrent.ThreadPoolExecutor.runWorker(ThreadPoolExecutor.java:1112)
08-10 10:43:14.331 W/System.err(30168): 	at java.util.concurrent.ThreadPoolExecutor$Worker.run(ThreadPoolExecutor.java:587)
08-10 10:43:14.331 W/System.err(30168): 	at java.lang.Thread.run(Thread.java:818)
08-10 10:43:14.331 W/System.err(30168): Caused by: com.tencent.news.badger.ShortcutBadgeException: unable to resolve intent: Intent { act=android.intent.action.BADGE_COUNT_UPDATE (has extras) }
08-10 10:43:14.331 W/System.err(30168): 	at com.tencent.news.badger.g.(DefaultBadger.java:33)
08-10 10:43:14.331 W/System.err(30168): 	at com.tencent.news.badger.l.(SamsungHomeBadger.java:33)
08-10 10:43:14.331 D/LogWriter(30168): 08-10 10:43:14.341	1777	ConnectionSelector	found reuse connect Connection{w.inews.qq.com:443, proxy=DIRECT@ hostAddress=w.inews.qq.com/220.194.95.149:443 cipherSuite=TLS_ECDHE_RSA_WITH_AES_128_GCM_SHA256 protocol=http/1.1 birth=55607547 live=8152} host: w.inews.qq.com address: w.inews.qq.com/220.194.95.149:443 stable: true
08-10 10:43:14.331 W/System.err(30168): 	at com.tencent.news.badger.m.(ShortcutBadger.java:78)
08-10 10:43:14.331 W/System.err(30168): 	... 11 more
08-10 10:43:14.371 D/LogWriter(30168): 08-10 10:43:14.347	1725	Request	request http://r.inews.qq.com/checkWeiboAbility?coral_uid=169840019 will submit with ssl
08-10 10:43:14.371 D/LogWriter(30168): 08-10 10:43:14.351	1725	ConnectionSelector	found reuse connect Connection{r.inews.qq.com:443, proxy=DIRECT@ hostAddress=/220.194.95.149:443 cipherSuite=TLS_ECDHE_RSA_WITH_AES_128_GCM_SHA256 protocol=http/1.1 birth=55604828 live=10907} host: r.inews.qq.com address: /220.194.95.149:443 stable: true
08-10 10:43:14.371 D/ConnectivityService(  933): returning getNetworkInfo(networkType - 0) :[type: MOBILE[] - MOBILE, state: DISCONNECTED/DISCONNECTED, reason: (unspecified), extra: (none), roaming: false, failover: false, isAvailable: true, isConnectedToProvisioningNetwork: false]
08-10 10:43:14.371 D/ConnectivityService(  933): returning getNetworkInfo(networkType - 1) :[type: WIFI[] - WIFI, state: CONNECTED/CONNECTED, reason: (unspecified), extra: "CU_d24p", roaming: false, failover: false, isAvailable: true, isConnectedToProvisioningNetwork: false]
08-10 10:43:14.371 D/ConnectivityService(  933): returning getActiveNetworkInfo :[type: WIFI[] - WIFI, state: CONNECTED/CONNECTED, reason: (unspecified), extra: "CU_d24p", roaming: false, failover: false, isAvailable: true, isConnectedToProvisioningNetwork: false]
08-10 10:43:14.381 I/System.out(30862): AsyncTask #2 calls detatch()
08-10 10:43:14.381 W/System.err(30862): javax.net.ssl.SSLException: hostname in certificate didn't match: <thirdqq.qlogo.cn> != <*.photo.store.qq.com> OR <*.photo.store.qq.com> OR <photo.store.qq.com>
08-10 10:43:14.381 W/System.err(30862): 	at org.apache.http.conn.ssl.AbstractVerifier.verify(AbstractVerifier.java:185)
08-10 10:43:14.381 W/System.err(30862): 	at org.apache.http.conn.ssl.BrowserCompatHostnameVerifier.verify(BrowserCompatHostnameVerifier.java:54)
08-10 10:43:14.381 W/System.err(30862): 	at org.apache.http.conn.ssl.AbstractVerifier.verify(AbstractVerifier.java:114)
08-10 10:43:14.381 W/System.err(30862): 	at org.apache.http.conn.ssl.AbstractVerifier.verify(AbstractVerifier.java:95)
08-10 10:43:14.381 W/System.err(30862): 	at org.apache.http.conn.ssl.SSLSocketFactory.createSocket(SSLSocketFactory.java:388)
08-10 10:43:14.381 W/System.err(30862): 	at org.apache.http.impl.conn.DefaultClientConnectionOperator.openConnection(DefaultClientConnectionOperator.java:214)
08-10 10:43:14.381 W/System.err(30862): 	at org.apache.http.impl.conn.AbstractPoolEntry.open(AbstractPoolEntry.java:167)
08-10 10:43:14.381 W/System.err(30862): 	at org.apache.http.impl.conn.AbstractPooledConnAdapter.open(AbstractPooledConnAdapter.java:125)
08-10 10:43:14.381 W/System.err(30862): 	at org.apache.http.impl.client.DefaultRequestDirector.executeSB(DefaultRequestDirector.java:831)
08-10 10:43:14.381 W/System.err(30862): 	at org.apache.http.impl.client.DefaultRequestDirector.execute(DefaultRequestDirector.java:697)
08-10 10:43:14.381 W/System.err(30862): 	at org.apache.http.impl.client.AbstractHttpClient.execute(AbstractHttpClient.java:575)
08-10 10:43:14.381 W/System.err(30862): 	at org.apache.http.impl.client.AbstractHttpClient.execute(AbstractHttpClient.java:491)
08-10 10:43:14.381 W/System.err(30862): 	at org.apache.http.impl.client.AbstractHttpClient.execute(AbstractHttpClient.java:469)
08-10 10:43:14.381 W/System.err(30862): 	at com.tencent.open.base.http.HttpImageDownloadAsyncTask.a(ProGuard:79)
08-10 10:43:14.381 W/System.err(30862): 	at com.tencent.open.base.http.HttpImageDownloadAsyncTask.doInBackground(ProGuard:30)
08-10 10:43:14.381 W/System.err(30862): 	at android.os.AsyncTask$2.call(AsyncTask.java:288)
08-10 10:43:14.381 W/System.err(30862): 	at java.util.concurrent.FutureTask.run(FutureTask.java:237)
08-10 10:43:14.381 W/System.err(30862): 	at java.util.concurrent.ThreadPoolExecutor.runWorker(ThreadPoolExecutor.java:1112)
08-10 10:43:14.381 W/System.err(30862): 	at java.util.concurrent.ThreadPoolExecutor$Worker.run(ThreadPoolExecutor.java:587)
08-10 10:43:14.381 W/System.err(30862): 	at java.lang.Thread.run(Thread.java:818)
08-10 10:43:14.391 D/LogWriter(30168): 08-10 10:43:14.386	1779	Request	request http://w.inews.qq.com/reportUserTime will submit with ssl
08-10 10:43:14.401 D/LogWriter(30168): 08-10 10:43:14.410	1779	ConnectionSelector	found reuse connect Connection{w.inews.qq.com:443, proxy=DIRECT@ hostAddress=w.inews.qq.com/220.194.95.149:443 cipherSuite=TLS_ECDHE_RSA_WITH_AES_128_GCM_SHA256 protocol=http/1.1 birth=55607547 live=8222} host: w.inews.qq.com address: w.inews.qq.com/220.194.95.149:443 stable: true
08-10 10:43:14.431 D/ConnectivityService(  933): returning getNetworkInfo(networkType - 0) :[type: MOBILE[] - MOBILE, state: DISCONNECTED/DISCONNECTED, reason: (unspecified), extra: (none), roaming: false, failover: false, isAvailable: true, isConnectedToProvisioningNetwork: false]
08-10 10:43:14.431 D/ConnectivityService(  933): returning getNetworkInfo(networkType - 1) :[type: WIFI[] - WIFI, state: CONNECTED/CONNECTED, reason: (unspecified), extra: "CU_d24p", roaming: false, failover: false, isAvailable: true, isConnectedToProvisioningNetwork: false]
08-10 10:43:14.431 D/ConnectivityService(  933): returning getActiveNetworkInfo :[type: WIFI[] - WIFI, state: CONNECTED/CONNECTED, reason: (unspecified), extra: "CU_d24p", roaming: false, failover: false, isAvailable: true, isConnectedToProvisioningNetwork: false]
08-10 10:43:14.451 D/MSF.C.NetConnTag( 2644): pa ok: 59002
08-10 10:43:14.451 D/MSF.C.NetConnTag( 2644): netSend ssoSeq:59002 uin:*8039 cmd:-1795951673 59429
08-10 10:43:14.501 D/MSF.C.NetConnTag( 2644): netRecv ssoSeq:59002 uin:*8039 cmd:-1795951673 59417
08-10 10:43:14.511 D/LocationManagerService(  933): getProviders()=[]
08-10 10:43:14.511 D/LocationManagerService(  933): getProviders()=[passive]
08-10 10:43:14.511 D/LocationManagerService(  933): getBestProvider(Criteria[power=NO_REQ acc=LOW], true)=passive
08-10 10:43:14.511 D/AuthorityActivity(30862): rec | cmd: g_a_a_l_emp | uin : *8039 | ret : success | code : 1000
08-10 10:43:14.511 D/LocationManagerService(  933): getLastLocation: Request[POWER_NONE passive fastest=0 num=1]
08-10 10:43:14.511 D/ConnectivityService(  933): returning getActiveNetworkInfo :[type: WIFI[] - WIFI, state: CONNECTED/CONNECTED, reason: (unspecified), extra: "CU_d24p", roaming: false, failover: false, isAvailable: true, isConnectedToProvisioningNetwork: false]
08-10 10:43:14.511 D/ConnectivityService(  933): returning getActiveNetworkInfo :[type: WIFI[] - WIFI, state: CONNECTED/CONNECTED, reason: (unspecified), extra: "CU_d24p", roaming: false, failover: false, isAvailable: true, isConnectedToProvisioningNetwork: false]
08-10 10:43:14.521 D/StatusBarManagerService(  933): manageDisableList userId=0 what=0x0 pkg=WindowManager.LayoutParams
08-10 10:43:14.531 V/PhoneStatusBar( 1180): setLightsOn(true)
08-10 10:43:14.531 D/PointerIcon(  933): setMouseIconStyle1 pointerType: 1001iconType:101 flag:0
08-10 10:43:14.531 D/PointerIcon(  933): setMouseCustomIcon IconType is same.101
08-10 10:43:14.531 D/PointerIcon(  933): setHoveringSpenIconStyle1 pointerType: 10001iconType:1 flag:0
08-10 10:43:14.531 D/PointerIcon(  933): setHoveringSpenCustomIcon IconType is same.1
08-10 10:43:14.531 D/MSF.C.NetConnTag( 2644): add 59004 scmd: 1831689009 uin: *8039 len: 144 msg to -1108313138 delayWaitSendList
08-10 10:43:14.531 D/ConnectivityService(  933): returning getActiveNetworkInfo :[type: WIFI[] - WIFI, state: CONNECTED/CONNECTED, reason: (unspecified), extra: "CU_d24p", roaming: false, failover: false, isAvailable: true, isConnectedToProvisioningNetwork: false]
08-10 10:43:14.591 D/InputMethodManagerService(  933): windowGainedFocus mCurrentFocusedUserId - 0 and mSecureKeypadEnabled-false
08-10 10:43:14.591 I/UnicodeIME( 1813): onFinishInput: 
08-10 10:43:14.591 I/UnicodeIME( 1813): onStartInput
08-10 10:43:14.591 E/ViewRootImpl(30862): sendUserActionEvent() mView == null
08-10 10:43:14.591 W/ContextImpl(  933): Calling a method in the system process without a qualified user: android.app.ContextImpl.sendBroadcast:1699 com.android.server.InputMethodManagerService$6.run:2733 java.lang.Thread.run:818 <bottom of call stack> <bottom of call stack> 
08-10 10:43:14.621 D/ConnectivityService(  933): returning getActiveNetworkInfo :[type: WIFI[] - WIFI, state: CONNECTED/CONNECTED, reason: (unspecified), extra: "CU_d24p", roaming: false, failover: false, isAvailable: true, isConnectedToProvisioningNetwork: false]
08-10 10:43:14.781 I/SurfaceFlinger(  256): id=129 Removed ButhorityAc (6/8)
08-10 10:43:14.781 I/SurfaceFlinger(  256): id=129 Removed ButhorityAc (-2/8)
08-10 10:43:14.821 D/SSRM:n  (  933): SIOP:: AP = 410, PST = 367, CUR = 450
08-10 10:43:15.041 D/MSF.C.NetConnTag( 2644): pa ok: 59004
08-10 10:43:15.051 D/MSF.C.NetConnTag( 2644): netSend ssoSeq:59004 uin:*8039 cmd:1831689009 59335
08-10 10:43:15.111 D/MSF.C.NetConnTag( 2644): netRecv ssoSeq:59004 uin:*8039 cmd:1831689009 60427
08-10 10:43:15.161 I/System.out(30862): (HTTPLog)-Static: isSBSettingEnabled false
08-10 10:43:15.161 I/System.out(30862): (HTTPLog)-Static: isShipBuild true
08-10 10:43:15.161 I/System.out(30862): (HTTPLog)-Thread-1592-1006250408: SmartBonding Enabling is false, SHIP_BUILD is true, log to file is false, DBG is false
08-10 10:43:15.161 I/System.out(30862): (HTTPLog)-Static: isSBSettingEnabled false
08-10 10:43:15.191 I/System.out(30862): KnoxVpnUidStorageknoxVpnSupported API value returned is false
08-10 10:43:15.441 E/SMD     (  283): DCD ON
08-10 10:43:15.541 D/Rdm     (30862): doStep...process=com.tencent.mobileqq:openSdk, sRdmState=1
08-10 10:43:15.691 D/MSF.C.NetConnTag( 2644): pa ok: 59005
08-10 10:43:15.691 D/MSF.C.NetConnTag( 2644): netSend ssoSeq:59005 uin:0 cmd:1352667419 59162
08-10 10:43:15.711 D/MSF.C.NetConnTag( 2644): netRecv ssoSeq:59005 uin:0 cmd:1352667419 59071
08-10 10:43:15.801 D/ConnectivityService(  933): returning getActiveNetworkInfo :[type: WIFI[] - WIFI, state: CONNECTED/CONNECTED, reason: (unspecified), extra: "CU_d24p", roaming: false, failover: false, isAvailable: true, isConnectedToProvisioningNetwork: false]
08-10 10:43:15.941 D/ConnectivityService(  933): returning getActiveNetworkInfo :[type: WIFI[] - WIFI, state: CONNECTED/CONNECTED, reason: (unspecified), extra: "CU_d24p", roaming: false, failover: false, isAvailable: true, isConnectedToProvisioningNetwork: false]
08-10 10:43:15.941 D/ConnectivityService(  933): returning getActiveNetworkInfo :[type: WIFI[] - WIFI, state: CONNECTED/CONNECTED, reason: (unspecified), extra: "CU_d24p", roaming: false, failover: false, isAvailable: true, isConnectedToProvisioningNetwork: false]
08-10 10:43:15.961 D/ConnectivityService(  933): returning getActiveNetworkInfo :[type: WIFI[] - WIFI, state: CONNECTED/CONNECTED, reason: (unspecified), extra: "CU_d24p", roaming: false, failover: false, isAvailable: true, isConnectedToProvisioningNetwork: false]
08-10 10:43:15.961 D/ConnectivityService(  933): returning getActiveNetworkInfo :[type: WIFI[] - WIFI, state: CONNECTED/CONNECTED, reason: (unspecified), extra: "CU_d24p", roaming: false, failover: false, isAvailable: true, isConnectedToProvisioningNetwork: false]
08-10 10:43:16.041 D/ConnectivityService(  933): returning getActiveNetworkInfo :[type: WIFI[] - WIFI, state: CONNECTED/CONNECTED, reason: (unspecified), extra: "CU_d24p", roaming: false, failover: false, isAvailable: true, isConnectedToProvisioningNetwork: false]
08-10 10:43:16.041 D/ConnectivityService(  933): returning getActiveNetworkInfo :[type: WIFI[] - WIFI, state: CONNECTED/CONNECTED, reason: (unspecified), extra: "CU_d24p", roaming: false, failover: false, isAvailable: true, isConnectedToProvisioningNetwork: false]
08-10 10:43:16.081 D/ConnectivityService(  933): returning getActiveNetworkInfo :[type: WIFI[] - WIFI, state: CONNECTED/CONNECTED, reason: (unspecified), extra: "CU_d24p", roaming: false, failover: false, isAvailable: true, isConnectedToProvisioningNetwork: false]
08-10 10:43:16.091 I/System.out(30862): pool-2-thread-3 calls detatch()
08-10 10:43:16.091 D/ConnectivityService(  933): returning getActiveNetworkInfo :[type: WIFI[] - WIFI, state: CONNECTED/CONNECTED, reason: (unspecified), extra: "CU_d24p", roaming: false, failover: false, isAvailable: true, isConnectedToProvisioningNetwork: false]
08-10 10:43:16.141 D/ConnectivityService(  933): returning getActiveNetworkInfo :[type: WIFI[] - WIFI, state: CONNECTED/CONNECTED, reason: (unspecified), extra: "CU_d24p", roaming: false, failover: false, isAvailable: true, isConnectedToProvisioningNetwork: false]
08-10 10:43:16.171 W/beacon  (30862): onUserAction return false, because eventName:[rqd_heartbeat] is not allowed in server strategy!
08-10 10:43:16.621 I/appium  (30080): channel read invoked!
08-10 10:43:16.621 I/appium  (30080): channel read: POST /wd/hub/session/9820e26f-855b-4968-9af5-4f17ea1832a2/element
08-10 10:43:16.631 I/appium  (30080): Find element command using 'id' with selector 'com.tencent.mobileqq:id/ivTitleBtnRightText'.
08-10 10:43:16.631 I/appium  (30080): Waiting up to 10000ms for device to be idle
08-10 10:43:16.671 I/appium  (30080): AppiumResponse: {"sessionId":"9820e26f-855b-4968-9af5-4f17ea1832a2","status":0,"value":{"ELEMENT":"0a65585a-d92e-465a-9f4e-331d4748fbae"}}
08-10 10:43:16.681 I/appium  (30080): channel read invoked!
08-10 10:43:16.681 I/appium  (30080): channel read: POST /wd/hub/session/9820e26f-855b-4968-9af5-4f17ea1832a2/element/0a65585a-d92e-465a-9f4e-331d4748fbae/click
08-10 10:43:16.681 I/appium  (30080): Click element command
08-10 10:43:16.931 D/ConnectivityService(  933): returning getActiveNetworkInfo :[type: WIFI[] - WIFI, state: CONNECTED/CONNECTED, reason: (unspecified), extra: "CU_d24p", roaming: false, failover: false, isAvailable: true, isConnectedToProvisioningNetwork: false]
08-10 10:43:16.931 D/ConnectivityService(  933): returning getActiveNetworkInfo :[type: WIFI[] - WIFI, state: CONNECTED/CONNECTED, reason: (unspecified), extra: "CU_d24p", roaming: false, failover: false, isAvailable: true, isConnectedToProvisioningNetwork: false]
08-10 10:43:17.031 W/SSLCertificateSocketFactory(30168): Bypassing SSL security checks at caller's request
08-10 10:43:17.081 I/System.out(30168): (HTTPLog)-Static: isSBSettingEnabled false
08-10 10:43:17.211 I/System.out(30168): pool-30-thread-2 calls detatch()
08-10 10:43:17.271 W/Settings( 2644): 