08-09 20:54:51.574 E/mm-camera(  301): isp_hw_subscribe_one_v4l2_event: event_type = 0x8000201, is_subscribe = 1
08-09 20:54:51.574 I/NfcNciHal( 1431): nfc_hal_nci_preproc_rx_nci_msg()
08-09 20:54:51.574 I/NfcNciHal( 1431): nfc_hal_dm_power_mode_execute () event = 1
08-09 20:54:51.574 E/mm-camera(  301): isp_hw_subscribe_one_v4l2_event: event_type = 0x8000202, is_subscribe = 1
08-09 20:54:51.574 D/NfcNciHal( 1431): BroadcomHalDataCallback: enter; len=4
08-09 20:54:51.574 E/mm-camera(  301): isp_hw_subscribe_one_v4l2_event: event_type = 0x8000203, is_subscribe = 1
08-09 20:54:51.574 E/mm-camera(  301): isp_hw_subscribe_one_v4l2_event: event_type = 0x8000204, is_subscribe = 1
08-09 20:54:51.574 E/mm-camera(  301): isp_hw_subscribe_one_v4l2_event: event_type = 0x8000205, is_subscribe = 1
08-09 20:54:51.574 E/mm-camera(  301): isp_hw_subscribe_one_v4l2_event: event_type = 0x8000206, is_subscribe = 1
08-09 20:54:51.574 E/mm-camera(  301): isp_hw_subscribe_one_v4l2_event: event_type = 0x8000207, is_subscribe = 1
08-09 20:54:51.574 E/mm-camera(  301): isp_hw_subscribe_one_v4l2_event: event_type = 0x8000208, is_subscribe = 1
08-09 20:54:51.574 E/mm-camera(  301): isp_hw_subscribe_one_v4l2_event: event_type = 0x8000209, is_subscribe = 1
08-09 20:54:51.574 E/mm-camera(  301): isp_hw_subscribe_one_v4l2_event: event_type = 0x800020a, is_subscribe = 1
08-09 20:54:51.574 E/mm-camera(  301): isp_hw_subscribe_one_v4l2_event: event_type = 0x800020b, is_subscribe = 1
08-09 20:54:51.574 E/mm-camera(  301): isp_hw_subscribe_one_v4l2_event: event_type = 0x8000009, is_subscribe = 1
08-09 20:54:51.574 E/mm-camera(  301): isp_hw_subscribe_one_v4l2_event: event_type = 0x8000007, is_subscribe = 1
08-09 20:54:51.574 E/mm-camera(  301): isp_fmt_to_pix_pattern: format 29
08-09 20:54:51.574 D/NfcNciHal( 1431): HaiPreDiscover: enter
08-09 20:54:51.574 E/mm-camera(  301): gamma_set_solarize_table: xx82: E
08-09 20:54:51.574 I/NfcNciHal( 1431): HAL_NfcPreDiscover ()
08-09 20:54:51.574 I/NfcNciHal( 1431): HAL_NfcPreDiscover status:0
08-09 20:54:51.574 D/NfcNciHal( 1431): HaiPreDiscover: exit 0
08-09 20:54:51.574 D/NfcNciHal( 1431): HaiWrite: enter; len=8
08-09 20:54:51.574 I/NfcNciHal( 1431): HAL_NfcWrite ()
08-09 20:54:51.574 D/NfcNciHal( 1431): HaiWrite: exit 0
08-09 20:54:51.574 I/NfcNciHal( 1431): nfc_hal_main_send_message() ls:0x10
08-09 20:54:51.574 I/NfcNciHal( 1431): nfc_hal_dm_power_mode_execute () event = 0
08-09 20:54:51.574 I/NfcNciHal( 1431): p_buf->len: 8
08-09 20:54:51.574 I/BrcmNci ( 1431): --
08-09 20:54:51.574 I/BrcmNci ( 1431): SENT NCI  Type:CMD   Name: RF_DISCOVER(0x3)   PBF:No/Last   Param Len: 5/5 f:0x0
08-09 20:54:51.574 I/BrcmNci ( 1431):                        Num Discovery Cfg : 2 (0x02)
08-09 20:54:51.574 I/BrcmNci ( 1431):                                 Listen_A : 128 (0x80)
08-09 20:54:51.574 I/BrcmNci ( 1431):                                Frequency : 1 (0x01)
08-09 20:54:51.574 I/BrcmNci ( 1431):                                 Listen_B : 129 (0x81)
08-09 20:54:51.574 I/BrcmNci ( 1431):                                Frequency : 1 (0x01)
08-09 20:54:51.574 D/BrcmNci ( 1431): Raw NCI Packet:
08-09 20:54:51.574 D/BrcmNci ( 1431): 0000: 21 03 05 02 80 01 81 01                         !.......
08-09 20:54:51.574 I/BrcmNci ( 1431): --
08-09 20:54:51.574 D/USERIAL_LINUX( 1431): USERIAL_Write: (9 bytes)
08-09 20:54:51.574 D/USERIAL_LINUX( 1431): doWriteDelay() delay 2 ms
08-09 20:54:51.574 E/mm-camera(  301): color_xform_config: recording_hint 0
08-09 20:54:51.574 E/mm-camera(  301): linearization_set_params: param_id is not supported in this module
08-09 20:54:51.574 E/mm-camera(  301): mesh_rolloff_set_params: param_id is not supported in this module
08-09 20:54:51.574 E/mm-camera(  301): wb_set_params: param_id is not supported in this module
08-09 20:54:51.574 E/mm-camera(  301): demosaic_set_params: param_id 7, is not supported in this module
08-09 20:54:51.574 E/mm-camera(  301): demux_set_params: param_id 7, is not supported in this module
08-09 20:54:51.574 E/mm-camera(  301): mce_set_params: param_id is not supported in this module
08-09 20:54:51.574 E/mm-camera(  301): sce_set_params: param_id is not supported in this module
08-09 20:54:51.574 E/mm-camera(  301): isp_pipeline_util_trigger_update: No active streams
08-09 20:54:51.574 E/mm-camera(  301): rs_stats_config: Tao, demosaic_width = 1920, demosaic_height = 1080, max_h_reg_num = 8, calculated_h_reg_num = 4
08-09 20:54:51.574 E/mm-camera(  301): ihist_stats_config: entry->is_ispif_split 0 
08-09 20:54:51.574 E/mm-camera(  301): rgnHOffset   0
08-09 20:54:51.574 E/mm-camera(  301): isp_fmt_to_pix_pattern: format 29
08-09 20:54:51.574 E/mm-camera(  301): stats_action_buf_config: cfg = 1, stats_mask = 0x7b8
08-09 20:54:51.574 E/mm-camera(  301): isp_generate_new_bufq_handle: bufg_handle_count: 34
08-09 20:54:51.574 E/mm-camera(  301): isp_validate_buf_request: total 4 current buffer count 4 for stream -2147418109
08-09 20:54:51.574 D/USERIAL_LINUX( 1431): USERIAL_Write len = 9, ret = 9
08-09 20:54:51.574 E/mm-camera(  301): isp_request_kernel_bufq: stream_id -2147418109 total_num_buf 4 current 4
08-09 20:54:51.574 E/mm-camera(  301): isp_generate_new_bufq_handle: bufg_handle_count: 35
08-09 20:54:51.574 E/mm-camera(  301): isp_validate_buf_request: total 4 current buffer count 4 for stream -2147418108
08-09 20:54:51.574 I/InputDispatcher(  933): Delivering key to (1180): action: 0x0 (0)
08-09 20:54:51.574 E/mm-camera(  301): isp_request_kernel_bufq: stream_id -2147418108 total_num_buf 4 current 4
08-09 20:54:51.574 E/mm-camera(  301): isp_generate_new_bufq_handle: bufg_handle_count: 36
08-09 20:54:51.574 E/mm-camera(  301): isp_validate_buf_request: total 4 current buffer count 4 for stream -2147418107
08-09 20:54:51.574 D/VoIPInterfaceManager(  933): isVoIPRinging()...
08-09 20:54:51.574 D/VoIPInterfaceManager(  933): isVoIPRunningAndDeregi()...
08-09 20:54:51.574 D/VoIPInterfaceManager(  933): Not exist call session
08-09 20:54:51.584 E/mm-camera(  301): isp_request_kernel_bufq: stream_id -2147418107 total_num_buf 4 current 4
08-09 20:54:51.584 D/USERIAL_LINUX( 1431): my_read: return 5(0x5) bytes, errno=0 count=280, n=1, timeout=-1
08-09 20:54:51.584 D/USERIAL_LINUX( 1431): userial_read_thread(): enqueued p_buf=0xa1c06bc0, count=1, length=5
08-09 20:54:51.584 D/USERIAL_LINUX( 1431): my_read: enter, pbuf=a1c065ec, len = 280
08-09 20:54:51.584 I/BrcmNci ( 1431): --
08-09 20:54:51.584 I/BrcmNci ( 1431): RECV NCI  Type:RSP   Name: RF_DISCOVER(0x3)   PBF:No/Last   Param Len: 1/1 f:0x0
08-09 20:54:51.584 I/BrcmNci ( 1431):                                   Status : OK (0x00)
08-09 20:54:51.584 D/BrcmNci ( 1431): Raw NCI Packet:
08-09 20:54:51.584 D/BrcmNci ( 1431): 0000: 41 03 01 00                                     A...
08-09 20:54:51.584 I/BrcmNci ( 1431): --
08-09 20:54:51.584 I/NfcNciHal( 1431): nfc_hal_nci_preproc_rx_nci_msg()
08-09 20:54:51.584 I/NfcNciHal( 1431): nfc_hal_dm_power_mode_execute () event = 1
08-09 20:54:51.584 D/NfcNciHal( 1431): BroadcomHalDataCallback: enter; len=4
08-09 20:54:51.584 E/mm-camera(  301): isp_generate_new_bufq_handle: bufg_handle_count: 37
08-09 20:54:51.584 E/mm-camera(  301): isp_validate_buf_request: total 4 current buffer count 4 for stream -2147418105
08-09 20:54:51.584 D/NfcNciHal( 1431): HaiWrite: enter; len=4
08-09 20:54:51.584 I/NfcNciHal( 1431): HAL_NfcWrite ()
08-09 20:54:51.584 D/NfcNciHal( 1431): HaiWrite: exit 0
08-09 20:54:51.584 I/NfcNciHal( 1431): nfc_hal_main_send_message() ls:0x10
08-09 20:54:51.584 I/NfcNciHal( 1431): nfc_hal_dm_power_mode_execute () event = 0
08-09 20:54:51.584 I/NfcNciHal( 1431): p_buf->len: 4
08-09 20:54:51.584 I/BrcmNci ( 1431): --
08-09 20:54:51.584 I/BrcmNci ( 1431): SENT NCI  Type:CMD   Name: RF_DEACTIVATE(0x6)   PBF:No/Last   Param Len: 1/1 f:0x0
08-09 20:54:51.584 I/BrcmNci ( 1431):                         De-Activate Type : Idle Mode (0/0x00)
08-09 20:54:51.584 D/BrcmNci ( 1431): Raw NCI Packet:
08-09 20:54:51.584 D/BrcmNci ( 1431): 0000: 21 06 01 00                                     !...
08-09 20:54:51.584 I/BrcmNci ( 1431): --
08-09 20:54:51.584 D/USERIAL_LINUX( 1431): USERIAL_Write: (5 bytes)
08-09 20:54:51.584 D/USERIAL_LINUX( 1431): doWriteDelay() delay 2 ms
08-09 20:54:51.584 E/mm-camera(  301): isp_request_kernel_bufq: stream_id -2147418105 total_num_buf 4 current 4
08-09 20:54:51.584 E/mm-camera(  301): isp_generate_new_bufq_handle: bufg_handle_count: 38
08-09 20:54:51.584 E/mm-camera(  301): isp_validate_buf_request: total 4 current buffer count 4 for stream -2147418104
08-09 20:54:51.584 E/mm-camera(  301): isp_request_kernel_bufq: stream_id -2147418104 total_num_buf 4 current 4
08-09 20:54:51.584 E/mm-camera(  301): isp_generate_new_bufq_handle: bufg_handle_count: 39
08-09 20:54:51.584 E/mm-camera(  301): isp_validate_buf_request: total 4 current buffer count 4 for stream -2147418103
08-09 20:54:51.584 E/mm-camera(  301): isp_request_kernel_bufq: stream_id -2147418103 total_num_buf 4 current 4
08-09 20:54:51.584 E/mm-camera(  301): isp_generate_new_bufq_handle: bufg_handle_count: 40
08-09 20:54:51.584 E/mm-camera(  301): isp_validate_buf_request: total 4 current buffer count 4 for stream -2147418102
08-09 20:54:51.584 E/mm-camera(  301): isp_request_kernel_bufq: stream_id -2147418102 total_num_buf 4 current 4
08-09 20:54:51.584 E/mm-camera(  301): stats_action: stats mask = 0x7b8
08-09 20:54:51.584 E/mm-camera(  301): isp_request_kernel_bufq: stream_id 2 total_num_buf 6 current 6
08-09 20:54:51.584 D/USERIAL_LINUX( 1431): USERIAL_Write len = 5, ret = 5
08-09 20:54:51.584 E/mm-camera(  301): isp_axi_util_subscribe_v4l2_event: event_type = 0x8000100, is_subscribe = 1
08-09 20:54:51.584 E/mm-camera(  301): isp_proc_async_command: X ISP_ASYNC_COMMAND_STREAMON = 3
08-09 20:54:51.584 E/mm-camera(  301): isp_proc_async_command: X, session_id = 3, async_cmd_id = 1
08-09 20:54:51.584 E/mm-camera(  301): isp_streamon: X, session_id = 3
08-09 20:54:51.584 E/mm-camera(  301): port_isp_mct_ctrl_cmd: X, identity = 0x30002, isp_streamon
08-09 20:54:51.584 E/mm-camera(  301): port_isp_send_streamon_done_event_downstream: notify stream done downstream
08-09 20:54:51.584 E/mm-camera(  301): port_isp_mct_ctrl_cmd: X, identity = 0x30002, done STREAMON
08-09 20:54:51.584 E/mm-camera(  301): port_isp_mct_ctrl_cmd: X, identity = 0x30002, STREAMON, ret = 0
08-09 20:54:51.584 E/mm-camera(  301): ispif_hw_reset: ispif init
08-09 20:54:51.584 D/USERIAL_LINUX( 1431): my_read: return 5(0x5) bytes, errno=0 count=280, n=1, timeout=-1
08-09 20:54:51.584 D/USERIAL_LINUX( 1431): userial_read_thread(): enqueued p_buf=0xa1c065e4, count=1, length=5
08-09 20:54:51.584 D/USERIAL_LINUX( 1431): my_read: enter, pbuf=a1c06f4c, len = 280
08-09 20:54:51.584 I/BrcmNci ( 1431): --
08-09 20:54:51.584 I/BrcmNci ( 1431): RECV NCI  Type:RSP   Name: RF_DEACTIVATE(0x6)   PBF:No/Last   Param Len: 1/1 f:0x0
08-09 20:54:51.584 I/BrcmNci ( 1431):                                   Status : OK (0x00)
08-09 20:54:51.584 D/BrcmNci ( 1431): Raw NCI Packet:
08-09 20:54:51.584 D/BrcmNci ( 1431): 0000: 41 06 01 00                                     A...
08-09 20:54:51.584 I/BrcmNci ( 1431): --
08-09 20:54:51.584 I/NfcNciHal( 1431): nfc_hal_nci_preproc_rx_nci_msg()
08-09 20:54:51.584 I/NfcNciHal( 1431): nfc_hal_dm_power_mode_execute () event = 1
08-09 20:54:51.584 D/NfcNciHal( 1431): BroadcomHalDataCallback: enter; len=4
08-09 20:54:51.584 E/mm-camera(  301): ispif_proc_streamon: ispif_hw_reset done
08-09 20:54:51.584 E/mm-camera(  301): ispif_streamon: session_id = 3, active_streams = 1
08-09 20:54:51.584 E/NfcNfa  ( 1431): nfa_ee_api_remove_aid The AID entry is not in the database
08-09 20:54:51.584 E/mm-camera-sensor(  301): module_sensor_stream_on:2068 ide 30002 SENSOR_START_STREAM
08-09 20:54:51.584 E/mm-camera(  301): start_sof_check_thread: Starting SOF timeout thread
08-09 20:54:51.584 E/mm-camera-sensor(  301): port_sensor_handle_fast_aec_mode:414 X
08-09 20:54:51.584 E/mm-camera-sensor(  301): port_sensor_handle_stream_on:624 X
08-09 20:54:51.584 E/mm-camera-sensor(  301): sensor_util_change_state:1116 STATEDBG Enter
08-09 20:54:51.584 E/mm-camera-sensor(  301): sensor_util_change_state:1123 STATEDBG Enter cur state 3 new state 0
08-09 20:54:51.584 E/mm-camera-sensor(  301): sensor_util_change_state:1162 STATEDBG Exit cur state 0 new state 0
08-09 20:54:51.584 E/mm-camera-sensor(  301): sensor_util_change_state:1166 STATEDBG Exit
08-09 20:54:51.584 E/mm-camera-sensor(  301): module_sensor_module_process_event:3538 X STATEDBG MCT_EVENT_CONTROL_STREAMON
08-09 20:54:51.584 E/mm-camera(  301): main: return true, return type 0
08-09 20:54:51.584 D/NfcNciHal( 1431): HaiWrite: enter; len=14
08-09 20:54:51.584 I/NfcNciHal( 1431): HAL_NfcWrite ()
08-09 20:54:51.584 D/NfcNciHal( 1431): HaiWrite: exit 0
08-09 20:54:51.584 I/NfcNciHal( 1431): nfc_hal_main_send_message() ls:0x10
08-09 20:54:51.584 I/NfcNciHal( 1431): nfc_hal_dm_power_mode_execute () event = 0
08-09 20:54:51.584 I/NfcNciHal( 1431): p_buf->len: 14
08-09 20:54:51.584 I/BrcmNci ( 1431): --
08-09 20:54:51.584 I/BrcmNci ( 1431): SENT NCI  Type:CMD   Name: RF_SET_ROUTING(0x1)   PBF:No/Last   Param Len: 11/11 f:0x0
08-09 20:54:51.584 I/BrcmNci ( 1431):                                     More : FALSE (0x00)
08-09 20:54:51.584 I/BrcmNci ( 1431):                              Num Routing : 1 (0x01)
08-09 20:54:51.584 I/BrcmNci ( 1431):                                    Route : 0 (0x00)
08-09 20:54:51.584 I/BrcmNci ( 1431):                                      AID : Switch On. 
08-09 20:54:51.584 I/BrcmNci ( 1431):                                      AID : f1 23 45 67 89 
08-09 20:54:51.584 D/BrcmNci ( 1431): Raw NCI Packet:
08-09 20:54:51.584 D/BrcmNci ( 1431): 0000: 21 01 0b 00 01 02 07 00 01 f1 23 45 67 89       !.........#Eg.
08-09 20:54:51.584 I/BrcmNci ( 1431): --
08-09 20:54:51.584 D/USERIAL_LINUX( 1431): USERIAL_Write: (15 bytes)
08-09 20:54:51.584 W/QCamera2HWI(  289): startPreview: X mCameraId=1
08-09 20:54:51.584 W/QCamera2HWI(  289): [KPI Perf] start_preview: X, ret 0
08-09 20:54:51.584 D/USERIAL_LINUX( 1431): USERIAL_Write len = 15, ret = 15
08-09 20:54:51.584 W/ActivityManager(  933): getTasks: caller 10206 does not hold GET_TASKS; limiting output
08-09 20:54:51.584 W/ActivityManager(  933): getTasks: caller 10206 does not hold GET_TASKS; limiting output
08-09 20:54:51.594 D/USERIAL_LINUX( 1431): my_read: return 5(0x5) bytes, errno=0 count=280, n=1, timeout=-1
08-09 20:54:51.594 D/USERIAL_LINUX( 1431): userial_read_thread(): enqueued p_buf=0xa1c06f44, count=1, length=5
08-09 20:54:51.594 D/USERIAL_LINUX( 1431): my_read: enter, pbuf=a1c06010, len = 280
08-09 20:54:51.594 I/BrcmNci ( 1431): --
08-09 20:54:51.594 I/BrcmNci ( 1431): RECV NCI  Type:RSP   Name: RF_SET_ROUTING(0x1)   PBF:No/Last   Param Len: 1/1 f:0x0
08-09 20:54:51.594 I/BrcmNci ( 1431):                                   Status : OK (0x00)
08-09 20:54:51.594 D/BrcmNci ( 1431): Raw NCI Packet:
08-09 20:54:51.594 D/BrcmNci ( 1431): 0000: 41 01 01 00                                     A...
08-09 20:54:51.594 I/BrcmNci ( 1431): --
08-09 20:54:51.594 I/NfcNciHal( 1431): nfc_hal_nci_preproc_rx_nci_msg()
08-09 20:54:51.594 I/NfcNciHal( 1431): nfc_hal_dm_power_mode_execute () event = 1
08-09 20:54:51.594 D/NfcNciHal( 1431): BroadcomHalDataCallback: enter; len=4
08-09 20:54:51.594 D/NfcNciHal( 1431): HaiPreDiscover: enter
08-09 20:54:51.594 I/NfcNciHal( 1431): HAL_NfcPreDiscover ()
08-09 20:54:51.594 I/NfcNciHal( 1431): HAL_NfcPreDiscover status:0
08-09 20:54:51.594 D/NfcNciHal( 1431): HaiPreDiscover: exit 0
08-09 20:54:51.594 D/NfcNciHal( 1431): HaiWrite: enter; len=8
08-09 20:54:51.594 I/NfcNciHal( 1431): HAL_NfcWrite ()
08-09 20:54:51.594 D/NfcNciHal( 1431): HaiWrite: exit 0
08-09 20:54:51.594 I/NfcNciHal( 1431): nfc_hal_main_send_message() ls:0x10
08-09 20:54:51.594 I/NfcNciHal( 1431): nfc_hal_dm_power_mode_execute () event = 0
08-09 20:54:51.594 I/NfcNciHal( 1431): p_buf->len: 8
08-09 20:54:51.594 I/BrcmNci ( 1431): --
08-09 20:54:51.594 I/BrcmNci ( 1431): SENT NCI  Type:CMD   Name: RF_DISCOVER(0x3)   PBF:No/Last   Param Len: 5/5 f:0x0
08-09 20:54:51.594 I/BrcmNci ( 1431):                        Num Discovery Cfg : 2 (0x02)
08-09 20:54:51.594 I/BrcmNci ( 1431):                                 Listen_A : 128 (0x80)
08-09 20:54:51.594 I/BrcmNci ( 1431):                                Frequency : 1 (0x01)
08-09 20:54:51.594 I/BrcmNci ( 1431):                                 Listen_B : 129 (0x81)
08-09 20:54:51.594 I/BrcmNci ( 1431):                                Frequency : 1 (0x01)
08-09 20:54:51.594 D/BrcmNci ( 1431): Raw NCI Packet:
08-09 20:54:51.594 D/BrcmNci ( 1431): 0000: 21 03 05 02 80 01 81 01                         !.......
08-09 20:54:51.594 I/BrcmNci ( 1431): --
08-09 20:54:51.594 D/USERIAL_LINUX( 1431): USERIAL_Write: (9 bytes)
08-09 20:54:51.594 D/USERIAL_LINUX( 1431): doWriteDelay() delay 3 ms
08-09 20:54:51.594 E/SmartFaceManager(  933): Listener does not implements SmartFaceInfoListener2
08-09 20:54:51.594 D/USERIAL_LINUX( 1431): USERIAL_Write len = 9, ret = 9
08-09 20:54:51.594 D/USERIAL_LINUX( 1431): my_read: return 5(0x5) bytes, errno=0 count=280, n=1, timeout=-1
08-09 20:54:51.594 D/USERIAL_LINUX( 1431): userial_read_thread(): enqueued p_buf=0xa1c06008, count=1, length=5
08-09 20:54:51.594 D/USERIAL_LINUX( 1431): my_read: enter, pbuf=a1c06cf4, len = 280
08-09 20:54:51.594 I/BrcmNci ( 1431): --
08-09 20:54:51.594 I/BrcmNci ( 1431): RECV NCI  Type:RSP   Name: RF_DISCOVER(0x3)   PBF:No/Last   Param Len: 1/1 f:0x0
08-09 20:54:51.594 I/BrcmNci ( 1431):                                   Status : OK (0x00)
08-09 20:54:51.594 D/BrcmNci ( 1431): Raw NCI Packet:
08-09 20:54:51.594 D/BrcmNci ( 1431): 0000: 41 03 01 00                                     A...
08-09 20:54:51.594 I/BrcmNci ( 1431): --
08-09 20:54:51.594 I/NfcNciHal( 1431): nfc_hal_nci_preproc_rx_nci_msg()
08-09 20:54:51.594 I/NfcNciHal( 1431): nfc_hal_dm_power_mode_execute () event = 1
08-09 20:54:51.594 D/NfcNciHal( 1431): BroadcomHalDataCallback: enter; len=4
08-09 20:54:51.594 D/NfcService( 1431): index : 0
08-09 20:54:51.594 D/NfcService( 1431): index : 1
08-09 20:54:51.594 D/NfcService( 1431): index : 2
08-09 20:54:51.594 E/CameraController(  933): StartPreview() X
08-09 20:54:51.594 E/CameraController(  933): handleMessage signal: 1
08-09 20:54:51.594 E/CameraController(  933): handleMessage(1) before let go!{ when=-265ms what=1 arg1=4 target=com.samsung.android.smartface.CameraController$EventHandler }
08-09 20:54:51.594 E/CameraController(  933): handleMessage(1) after let go!{ when=-265ms what=1 arg1=4 target=com.samsung.android.smartface.CameraController$EventHandler }
08-09 20:54:51.594 E/CameraController(  933): handleMessage, lock.unlock before
08-09 20:54:51.594 E/CameraController(  933): handleMessage(1) after unlock{ when=-265ms what=1 arg1=4 target=com.samsung.android.smartface.CameraController$EventHandler }
08-09 20:54:51.594 E/CameraController(  933): waitHere, 265ms
08-09 20:54:51.594 E/CameraController(  933): Wait for 1 DONE!
08-09 20:54:51.594 E/CameraController(  933): sendMessageAndWait, lock.unlock before
08-09 20:54:51.594 E/CameraController(  933): sendMessageAndWait, lock.unlock after
08-09 20:54:51.594 E/CameraController(  933): openCamera E
08-09 20:54:51.594 W/PowerManagerService(  933): [smart stay] updateUserActivitySummaryLocked : don't have time to smart stay
08-09 20:54:51.604 D/lights  (  933): button : 1 -
08-09 20:54:51.604 D/StandbyModeManager( 2644): onReceive action: android.intent.action.SCREEN_ON
08-09 20:54:51.604 D/ConnectivityService(  933): returning getActiveNetworkInfo :[type: WIFI[] - WIFI, state: CONNECTED/CONNECTED, reason: (unspecified), extra: "CU_d24p", roaming: false, failover: false, isAvailable: true, isConnectedToProvisioningNetwork: false]
08-09 20:54:51.614 I/KeepAlive( 6014): onReceiveScreenBroadcast [android.intent.action.SCREEN_ON]
08-09 20:54:51.614 I/KeepAlive( 6014): onCloseOffScreenActivity
08-09 20:54:51.614 D/SSRM:a  (  933): DeviceInfo:: 001100100000
08-09 20:54:51.614 D/SSRM:a  (  933): SettingsAirViewInfo:: 010100000
08-09 20:54:51.614 D/ConnectivityService(  933): returning getNetworkInfo(networkType - 1) :[type: WIFI[] - WIFI, state: CONNECTED/CONNECTED, reason: (unspecified), extra: "CU_d24p", roaming: false, failover: false, isAvailable: true, isConnectedToProvisioningNetwork: false]
08-09 20:54:51.614 D/FocusedStackFrame(  933): Set to : 0
08-09 20:54:51.624 E/mm-camera(  301): cpp_module_handle_sof_notify_event:574, sending bus msg, session_id=3, R1=0, R2=0
08-09 20:54:51.624 E/mm-camera(  301): isp_pipeline_awb_trigger_update: color 2850 gain r=1.322739 g=1.000000 b=1.630574
08-09 20:54:51.624 E/mm-camera-intf(  289): mm_stream_read_msm_frame: VIDIOC_DQBUF buf_index 0, frame_idx 1, stream type 6, time stamp 1565355291 633961000
08-09 20:54:51.624 I/KeepAlive( 6014): onOffScreenActivityFinished
08-09 20:54:51.624 D/MultiPhoneWindow( 6014): onMultiWindowStyleChanged style:MultiWindowStyle{type=0, zone=ZONE_UNKNOWN, option=0x01000002, bounds=null, isNull=false, isolatedCenterPoint=Point(0, 0), scale=0.0, specificTaskId=-1},notifyReason=4,OldStyle=MultiWindowStyle{type=0, zone=ZONE_UNKNOWN, option=0x01000002, bounds=null, isNull=false, isolatedCenterPoint=Point(0, 0), scale=0.0, specificTaskId=-1}
08-09 20:54:51.624 D/MultiPhoneWindow( 6014): performUpdateVisibility, not full screen ignore visible [false] request
08-09 20:54:51.634 I/SurfaceFlinger(  256): id=49 Removed IollowActiv (6/8)
08-09 20:54:51.634 I/SurfaceFlinger(  256): id=49 Removed IollowActiv (-2/8)
08-09 20:54:51.644 D/ConnectivityService(  933): returning getActiveNetworkInfo :[type: WIFI[] - WIFI, state: CONNECTED/CONNECTED, reason: (unspecified), extra: "CU_d24p", roaming: false, failover: false, isAvailable: true, isConnectedToProvisioningNetwork: false]
08-09 20:54:51.644 D/ConnectivityService(  933): returning getActiveNetworkInfo :[type: WIFI[] - WIFI, state: CONNECTED/CONNECTED, reason: (unspecified), extra: "CU_d24p", roaming: false, failover: false, isAvailable: true, isConnectedToProvisioningNetwork: false]
08-09 20:54:51.654 E/mm-camera(  301): isp_pipeline_stats_config_update Received stats_config_update for pipeline 0xb1a59000
08-09 20:54:51.654 E/mm-camera(  301): cpp_module_handle_sof_notify_event:574, sending bus msg, session_id=3, R1=0, R2=0
08-09 20:54:51.654 E/mm-camera(  301): isp_pipeline_awb_trigger_update: color 2850 gain r=1.322739 g=1.000000 b=1.630574
08-09 20:54:51.654 E/mm-camera(  301): awb_process: E gains(r=1.375954,g=1.050000,b=1.697322), color_temp=4801
08-09 20:54:51.654 E/mm-camera(  301): isp_proc_async_command:  ISP_ASYNC_COMMAND_UV_SUBSAMPLE
08-09 20:54:51.654 E/mm-camera-intf(  289): mm_stream_read_msm_frame: VIDIOC_DQBUF buf_index 1, frame_idx 2, stream type 6, time stamp 1565355291 667283000
08-09 20:54:51.654 D/SSRM:n  (  933): SIOP:: AP = 300, PST = 302, CUR = 450
08-09 20:54:51.654 W/ActivityManager(  933): getTasks: caller 10206 does not hold GET_TASKS; limiting output
08-09 20:54:51.664 D/PowerManagerService(  933): [PWL] sb release: PowerManagerService.Broadcasts
08-09 20:54:51.674 D/daemonapp( 1550): [MSC_Cmaweather_Daemon]>>> CWDS:83 [0:0] Act : comsamsungssrmSCREEN_ON
08-09 20:54:51.674 D/comsamsunglog( 1550): [MSC_Cmaweather_Daemon]>>> ====================================================================================================================
08-09 20:54:51.674 D/comsamsunglog( 1550): [MSC_Cmaweather_Daemon]>>> daemonapp [Version : 15011201 ] [ 1 ] 
08-09 20:54:51.674 D/comsamsunglog( 1550): [MSC_Cmaweather_Daemon]>>> Header set to : ===> "daemonapp" <===
08-09 20:54:51.674 D/comsamsunglog( 1550): [MSC_Cmaweather_Daemon]>>> ====================================================================================================================
08-09 20:54:51.674 D/daemonapp( 1550): [MSC_Cmaweather_Daemon]>>> CCP:387 [0:0] Provider query : content://cmaweatherprovider/packagename
08-09 20:54:51.674 W/ActivityManager(  933): getTasks: caller 10206 does not hold GET_TASKS; limiting output
08-09 20:54:51.674 D/ActivityManager(  933): isDeviceAdminActiveApp false :com.sec.android.daemonapp
08-09 20:54:51.674 D/ActivityManager(  933): isAutoRunBlockedApp:: com.sec.android.daemonapp, Auto Run ON
08-09 20:54:51.684 D/daemonapp( 1550): [MSC_Cmaweather_Daemon]>>> CWDS:1113 [0:0] PakNme size = 1
08-09 20:54:51.684 D/daemonapp( 1550): [MSC_Cmaweather_Daemon]>>> CCP:387 [0:0] Provider query : content://cmaweatherprovider/current_weatherinfo
08-09 20:54:51.684 D/daemonapp( 1550): [MSC_Cmaweather_Daemon]>>> CCP:387 [0:0] Provider query : content://cmaweatherprovider/current_weatherinfo
08-09 20:54:51.684 E/mm-camera(  301): cpp_module_handle_sof_notify_event:574, sending bus msg, session_id=3, R1=5, R2=5
08-09 20:54:51.684 E/mm-camera(  301): isp_pipeline_save_aec_params lux_idx 355.234650 exp_index 265 real_gain 2.218750 
08-09 20:54:51.684 E/mm-camera(  301): isp_pipeline_awb_trigger_update: color 4801 gain r=1.375954 g=1.050000 b=1.697322
08-09 20:54:51.684 E/mm-camera(  301): module_faceproc_client_handle_buffer:1809] count 0
08-09 20:54:51.684 E/mm-camera(  301): isp_pipeline_stats_config_update Received stats_config_update for pipeline 0xb1a59000
08-09 20:54:51.684 E/mm-camera(  301): module_faceproc_client_send_info:1751] active index 1 face_cnt 0
08-09 20:54:51.684 E/mm-camera(  301): module_faceproc_client_send_info:1763] face_cnt 0
08-09 20:54:51.684 E/mm-camera(  301): module_faceproc_client_send_faceinfo:683] Invalid scale factors
08-09 20:54:51.684 E/mm-camera(  301): module_faceproc_client_handle_buffer:1827] img_idx 0
08-09 20:54:51.684 E/mm-camera(  301): module_faceproc_client_handle_buffer:1840] buffer 0 0xb37a5000 0xb39d8000
08-09 20:54:51.684 E/mm-camera-intf(  289): mm_stream_read_msm_frame: VIDIOC_DQBUF buf_index 2, frame_idx 3, stream type 6, time stamp 1565355291 700709000
08-09 20:54:51.684 E/mm-camera-img(  301): faceproc_comp_queue_buffer:655] q_count 1
08-09 20:54:51.684 E/mm-camera(  301): awb_process: E gains(r=1.365830,g=1.050000,b=1.685593), color_temp=4797
08-09 20:54:51.694 E/mm-camera-img(  301): img_q_wait:225] after wait count 1
08-09 20:54:51.694 E/mm-camera-img(  301): img_q_wait:229] data 0xb37f7000
08-09 20:54:51.694 E/mm-camera-img(  301): faceproc_fd_execute:1142] E
08-09 20:54:51.694 E/mm-camera-intf(  289): mm_stream_read_msm_frame: VIDIOC_DQBUF buf_index 3, frame_idx 2, stream type 1, time stamp 1423 636403000
08-09 20:54:51.694 D/daemonapp( 1550): [MSC_Cmaweather_Daemon]>>> CCP:387 [0:0] Provider query : content://cmaweatherprovider/current_weatherinfo
08-09 20:54:51.694 E/mm-camera-img(  301): faceproc_fd_execute:1174] no faces detected X
08-09 20:54:51.694 E/mm-camera-img(  301): face_proc_thread_loop:420] state 2 abort 0
08-09 20:54:51.694 E/mm-camera(  301): module_faceproc_client_event_handler:1120] buffer idx 0
08-09 20:54:51.694 E/mm-camera-img(  301): face_proc_thread_loop:428] send event
08-09 20:54:51.694 E/mm-camera-img(  301): img_comp_get_param:163] param 514
08-09 20:54:51.694 E/mm-camera-img(  301): faceproc_fd_output:848] num_faces 0
08-09 20:54:51.694 E/mm-camera-img(  301): face_proc_thread_loop:430] send event
08-09 20:54:51.694 E/mm-camera-img(  301): img_q_wait: before wait
08-09 20:54:51.694 I/WaterColorEffect_View( 1180): showAffordanceEffect Renderer.handleTouchEvent(0, 540, 1009
08-09 20:54:51.694 I/WaterColor_Renderer( 1180): Renderer handleTouchEvent action = 0
08-09 20:54:51.694 I/NfcNciHal( 1431): nci_brcm_lp_timeout_cback ()
08-09 20:54:51.694 I/NfcNciHal( 1431): nfc_hal_dm_power_mode_execute () event = 2
08-09 20:54:51.694 I/NfcNciHal( 1431): nfc_hal_dm_set_nfc_wake () DEASSERT
08-09 20:54:51.694 D/USERIAL_LINUX( 1431): UPIO_Set: ioctl, state=1
08-09 20:54:51.694 D/daemonapp( 1550): [MSC_Cmaweather_Daemon]>>> CCP:387 [0:0] Provider query : content://cmaweatherprovider/settings
08-09 20:54:51.704 D/daemonapp( 1550): [MSC_Cmaweather_Daemon]>>> CWDS:128 [0:0] SerStus:true,TmpS:1,AtRfr:0, checkCurrent: 0
08-09 20:54:51.704 D/daemonapp( 1550): [MSC_Cmaweather_Daemon]>>> CWDS:634 [0:0]  ==> Act: SCREEN_ON or COVER_OPEN <==
08-09 20:54:51.704 D/daemonapp( 1550): [MSC_Cmaweather_Daemon]>>> CCP:387 [0:0] Provider query : content://cmaweatherprovider/current_weatherinfo
08-09 20:54:51.714 D/daemonapp( 1550): [MSC_Cmaweather_Daemon]>>> CWDS:637 [0:0] [ASO][AUTOREFRESHKEY] --> 0
08-09 20:54:51.714 D/daemonapp( 1550): [MSC_Cmaweather_Daemon]>>> CWDS:638 [0:0] [ASO][NUT] = 01/01/1970 08:00 AM
08-09 20:54:51.714 D/daemonapp( 1550): [MSC_Cmaweather_Daemon]>>> CWDS:639 [0:0] [ASO][CT] = 08/09/2019 08:54 PM
08-09 20:54:51.714 D/daemonapp( 1550): [MSC_Cmaweather_Daemon]>>> CCP:387 [0:0] Provider query : content://cmaweatherprovider/packagename
08-09 20:54:51.724 E/mm-camera(  301): module_faceproc_client_handle_buffer:1809] count 1
08-09 20:54:51.724 E/mm-camera(  301): cpp_module_handle_sof_notify_event:574, sending bus msg, session_id=3, R1=5, R2=5
08-09 20:54:51.724 E/mm-camera(  301): isp_util_fetch_hw_pending_update_params: fetch CDS update! VFE0, frame id 4, hw pending parm of CDS update = 1
08-09 20:54:51.724 E/mm-camera(  301): isp_axi_stream_set_stream_update: cannot find stream, session_id = 0, stream_id = 0
08-09 20:54:51.724 E/mm-camera(  301): isp_pipeline_save_aec_params lux_idx 355.234650 exp_index 265 real_gain 2.218750 
08-09 20:54:51.724 E/mm-camera(  301): isp_pipeline_awb_trigger_update: color 4797 gain r=1.365830 g=1.050000 b=1.685593
08-09 20:54:51.724 E/mm-camera(  301): isp_pipeline_stats_config_update Received stats_config_update for pipeline 0xb1a59000
08-09 20:54:51.724 D/InputReader(  933): Input event: value=0
08-09 20:54:51.724 D/InputReader(  933): !@notifyKey(172), action=1
08-09 20:54:51.724 D/InputManager-JNI(  933): !@interceptKeyBeforeQueueing(172), action=1
08-09 20:54:51.724 E/mm-camera-intf(  289): mm_stream_read_msm_frame: VIDIOC_DQBUF buf_index 3, frame_idx 4, stream type 6, time stamp 1565355291 734134000
08-09 20:54:51.724 E/mm-camera-intf(  289): mm_stream_read_msm_frame: VIDIOC_DQBUF buf_index 4, frame_idx 3, stream type 1, time stamp 1423 669841000
08-09 20:54:51.724 D/InputManager-JNI(  933): !@handleInterceptActions(172), action=1, wmActions=1
08-09 20:54:51.724 E/mm-camera(  301): awb_process: E gains(r=1.369238,g=1.050000,b=1.718963), color_temp=4773
08-09 20:54:51.724 E/mm-camera(  301): isp_proc_async_command: after ISP_UV_SWITCH_STATE_FINISHING session = 3
08-09 20:54:51.724 E/mm-camera(  301): isp_proc_async_command: X, session_id = 3, async_cmd_id = 0
08-09 20:54:51.724 D/daemonapp( 1550): [MSC_Cmaweather_Daemon]>>> CWDS:1113 [0:0] PakNme size = 1
08-09 20:54:51.724 I/BatteryStatsDumper(  933): In refreshStats isReason Screen ON/OFF: true
08-09 20:54:51.724 D/PersonaManager(  933): isKioskContainerExistOnDevice
08-09 20:54:51.724 W/PowerManagerService(  933): [smart stay] updateUserActivitySummaryLocked : don't have time to smart stay
08-09 20:54:51.724 D/VoIPInterfaceManager(  933): isVoIPRinging()...
08-09 20:54:51.724 D/VoIPInterfaceManager(  933): isVoIPRunningAndDeregi()...
08-09 20:54:51.724 D/VoIPInterfaceManager(  933): Not exist call session
08-09 20:54:51.734 I/InputDispatcher(  933): Delivering key to (1180): action: 0x1 (0)
08-09 20:54:51.734 D/NetworkStatsFactory(  933): UpdateStatsForKnox
08-09 20:54:51.754 E/mm-camera(  301): cpp_module_handle_sof_notify_event:574, sending bus msg, session_id=3, R1=5, R2=5
08-09 20:54:51.754 E/mm-camera(  301): isp_pipeline_save_aec_params lux_idx 207.463852 exp_index 302 real_gain 3.210938 
08-09 20:54:51.754 E/mm-camera(  301): isp_pipeline_awb_trigger_update: color 4773 gain r=1.369238 g=1.050000 b=1.718963
08-09 20:54:51.754 E/mm-camera-intf(  289): mm_stream_read_msm_frame: VIDIOC_DQBUF buf_index 4, frame_idx 5, stream type 6, time stamp 1565355291 767564000
08-09 20:54:51.754 E/mm-camera(  301): module_faceproc_client_handle_buffer:1809] count 0
08-09 20:54:51.754 E/mm-camera(  301): module_faceproc_client_send_info:1751] active index 0 face_cnt 0
08-09 20:54:51.754 E/mm-camera(  301): module_faceproc_client_send_info:1763] face_cnt 0
08-09 20:54:51.754 E/mm-camera(  301): module_faceproc_client_send_faceinfo:692] 1.000000 1.000000 0 0 out scale 1.000000 1.000000
08-09 20:54:51.754 E/mm-camera(  301): module_faceproc_client_send_faceinfo:694] Num face detected 0
08-09 20:54:51.754 E/mm-camera(  301): module_faceproc_faces_stabilization:586] GJ Invalid input no faces 
08-09 20:54:51.754 E/mm-camera(  301): [FD_ZOOM_DBG] FD_Imglib Num face detected 0
08-09 20:54:51.754 E/mm-camera(  301): module_faceproc_client_send_faceinfo:735] session id 3 mct_mod 0xb4cb5f40
08-09 20:54:51.754 E/mm-camera(  301): module_faceproc_client_handle_buffer:1827] img_idx 1
08-09 20:54:51.754 E/mm-camera(  301): module_faceproc_client_handle_buffer:1840] buffer 2 0xb37b8000 0xb380c000
08-09 20:54:51.754 E/mm-camera-img(  301): faceproc_comp_queue_buffer:655] q_count 1
08-09 20:54:51.754 E/mm-camera-img(  301): img_q_wait:225] after wait count 1
08-09 20:54:51.754 E/mm-camera-img(  301): img_q_wait:229] data 0xb37f71c0
08-09 20:54:51.754 E/mm-camera-img(  301): faceproc_fd_execute:1142] E
08-09 20:54:51.754 E/mm-camera-img(  301): faceproc_fd_execute:1174] no faces detected X
08-09 20:54:51.754 E/mm-camera-img(  301): face_proc_thread_loop:420] state 2 abort 0
08-09 20:54:51.754 E/mm-camera(  301): module_faceproc_client_event_handler:1120] buffer idx 1
08-09 20:54:51.754 E/mm-camera-img(  301): face_proc_thread_loop:428] send event
08-09 20:54:51.754 E/mm-camera(  301): isp_pipeline_stats_config_update Received stats_config_update for pipeline 0xb1a59000
08-09 20:54:51.754 E/mm-camera-img(  301): img_comp_get_param:163] param 514
08-09 20:54:51.754 E/mm-camera-img(  301): faceproc_fd_output:848] num_faces 0
08-09 20:54:51.754 E/mm-camera-img(  301): face_proc_thread_loop:430] send event
08-09 20:54:51.754 E/mm-camera-img(  301): img_q_wait: before wait
08-09 20:54:51.754 E/mm-camera-intf(  289): mm_stream_read_msm_frame: VIDIOC_DQBUF buf_index 5, frame_idx 4, stream type 1, time stamp 1423 703317000
08-09 20:54:51.754 E/mm-camera(  301): awb_process: E gains(r=1.372332,g=1.050000,b=1.748997), color_temp=4753
08-09 20:54:51.764 D/NetworkStatsFactory(  933): UpdateStatsForKnox
08-09 20:54:51.784 E/mm-camera(  301): cpp_module_handle_sof_notify_event:574, sending bus msg, session_id=3, R1=0, R2=0
08-09 20:54:51.784 E/mm-camera(  301): isp_pipeline_save_aec_params lux_idx 337.516388 exp_index 302 real_gain 3.210938 
08-09 20:54:51.784 E/mm-camera(  301): isp_pipeline_awb_trigger_update: color 4753 gain r=1.372332 g=1.050000 b=1.748997
08-09 20:54:51.784 E/mm-camera(  301): isp_pipeline_stats_config_update Received stats_config_update for pipeline 0xb1a59000
08-09 20:54:51.784 E/mm-camera-intf(  289): mm_stream_read_msm_frame: VIDIOC_DQBUF buf_index 5, frame_idx 6, stream type 6, time stamp 1565355291 800989000
08-09 20:54:51.794 E/mm-camera(  301): awb_process: E gains(r=1.380481,g=1.050000,b=1.773259), color_temp=4745
08-09 20:54:51.824 E/mm-camera(  301): module_faceproc_client_handle_buffer:1809] count 1
08-09 20:54:51.824 I/BatteryStatsDumper(  933): Screen bin #0: time=1020 power=0.00646
08-09 20:54:51.824 I/BatteryStatsDumper(  933): Screen bin #1: time=402961 power=7.656259
08-09 20:54:51.824 I/BatteryStatsDumper(  933): Screen bin #2: time=0 power=0.0
08-09 20:54:51.824 I/BatteryStatsDumper(  933): Screen bin #3: time=0 power=0.0
08-09 20:54:51.824 I/BatteryStatsDumper(  933): Screen bin #4: time=0 power=0.0
08-09 20:54:51.824 E/mm-camera(  301): isp_pipeline_stats_config_update Received stats_config_update for pipeline 0xb1a59000
08-09 20:54:51.824 I/BatteryStatsDumper(  933): Previous Battery Level: 96 Current Level: 96 Delta: 0
08-09 20:54:51.824 E/mm-camera-intf(  289): mm_stream_read_msm_frame: VIDIOC_DQBUF buf_index 3, frame_idx 6, stream type 1, time stamp 1423 770111000
08-09 20:54:51.824 E/mm-camera(  301): awb_process: E gains(r=1.388075,g=1.050000,b=1.795094), color_temp=4738
08-09 20:54:51.854 E/mm-camera(  301): cpp_module_handle_sof_notify_event:574, sending bus msg, session_id=3, R1=4, R2=5
08-09 20:54:51.854 E/mm-camera(  301): isp_pipeline_save_aec_params lux_idx 325.355927 exp_index 302 real_gain 3.210938 
08-09 20:54:51.854 E/mm-camera(  301): isp_pipeline_awb_trigger_update: color 4738 gain r=1.388075 g=1.050000 b=1.795094
08-09 20:54:51.854 E/mm-camera-intf(  289): mm_stream_read_msm_frame: VIDIOC_DQBUF buf_index 6, frame_idx 7, stream type 6, time stamp 1565355291 867828000
08-09 20:54:51.884 E/mm-camera(  301): module_faceproc_client_handle_buffer:1809] count 0
08-09 20:54:51.884 E/mm-camera(  301): module_faceproc_client_send_info:1751] active index 1 face_cnt 0
08-09 20:54:51.884 E/mm-camera(  301): module_faceproc_client_send_info:1763] face_cnt 0
08-09 20:54:51.884 E/mm-camera(  301): module_faceproc_client_send_faceinfo:692] 1.000000 1.000000 0 0 out scale 1.000000 1.000000
08-09 20:54:51.884 E/mm-camera(  301): module_faceproc_client_send_faceinfo:694] Num face detected 0
08-09 20:54:51.884 E/mm-camera(  301): module_faceproc_faces_stabilization:586] GJ Invalid input no faces 
08-09 20:54:51.884 E/mm-camera(  301): [FD_ZOOM_DBG] FD_Imglib Num face detected 0
08-09 20:54:51.884 E/mm-camera(  301): module_faceproc_client_send_faceinfo:735] session id 3 mct_mod 0xb4cb5f40
08-09 20:54:51.884 E/mm-camera(  301): module_faceproc_client_handle_buffer:1827] img_idx 2
08-09 20:54:51.884 E/mm-camera(  301): module_faceproc_client_handle_buffer:1840] buffer 0 0xb2640000 0xb39d8000
08-09 20:54:51.884 E/mm-camera-img(  301): faceproc_comp_queue_buffer:655] q_count 1
08-09 20:54:51.884 E/mm-camera-img(  301): img_q_wait:225] after wait count 1
08-09 20:54:51.884 E/mm-camera-img(  301): img_q_wait:229] data 0xb37f7380
08-09 20:54:51.884 E/mm-camera-img(  301): faceproc_fd_execute:1142] E
08-09 20:54:51.884 E/mm-camera-img(  301): faceproc_fd_execute:1174] no faces detected X
08-09 20:54:51.884 E/mm-camera-img(  301): face_proc_thread_loop:420] state 2 abort 0
08-09 20:54:51.884 E/mm-camera(  301): module_faceproc_client_event_handler:1120] buffer idx 2
08-09 20:54:51.884 E/mm-camera-img(  301): face_proc_thread_loop:428] send event
08-09 20:54:51.884 E/mm-camera-img(  301): img_comp_get_param:163] param 514
08-09 20:54:51.884 E/mm-camera-img(  301): faceproc_fd_output:848] num_faces 0
08-09 20:54:51.884 E/mm-camera-img(  301): face_proc_thread_loop:430] send event
08-09 20:54:51.884 E/mm-camera-img(  301): img_q_wait: before wait
08-09 20:54:51.884 E/mm-camera-intf(  289): mm_stream_read_msm_frame: VIDIOC_DQBUF buf_index 4, frame_idx 7, stream type 1, time stamp 1423 836843000
08-09 20:54:51.884 E/mm-camera(  301): isp_pipeline_stats_config_update Received stats_config_update for pipeline 0xb1a59000
08-09 20:54:51.894 E/mm-camera(  301): awb_process: E gains(r=1.389081,g=1.050000,b=1.817515), color_temp=4722
08-09 20:54:51.924 E/mm-camera(  301): cpp_module_handle_sof_notify_event:574, sending bus msg, session_id=3, R1=4, R2=5
08-09 20:54:51.924 E/mm-camera(  301): isp_pipeline_save_aec_params lux_idx 308.679413 exp_index 289 real_gain 2.923213 
08-09 20:54:51.924 E/mm-camera(  301): isp_pipeline_awb_trigger_update: color 4738 gain r=1.388075 g=1.050000 b=1.795094
08-09 20:54:51.924 E/mm-camera-intf(  289): mm_stream_read_msm_frame: VIDIOC_DQBUF buf_index 7, frame_idx 8, stream type 6, time stamp 1565355291 934581000
08-09 20:54:51.924 D/ConnectivityService(  933): returning getNetworkInfo(networkType - 1) :[type: WIFI[] - WIFI, state: CONNECTED/CONNECTED, reason: (unspecified), extra: "CU_d24p", roaming: false, failover: false, isAvailable: true, isConnectedToProvisioningNetwork: false]
08-09 20:54:51.954 E/mm-camera(  301): module_faceproc_client_handle_buffer:1809] count 1
08-09 20:54:51.954 E/mm-camera-intf(  289): mm_stream_read_msm_frame: VIDIOC_DQBUF buf_index 5, frame_idx 8, stream type 1, time stamp 1423 903581000
08-09 20:54:51.954 E/mm-camera(  301): isp_pipeline_stats_config_update Received stats_config_update for pipeline 0xb1a59000
08-09 20:54:51.954 E/mm-camera(  301): awb_process: E gains(r=1.390246,g=1.050000,b=1.837693), color_temp=4709
08-09 20:54:51.984 E/mm-camera(  301): cpp_module_handle_sof_notify_event:574, sending bus msg, session_id=3, R1=4, R2=5
08-09 20:54:51.984 E/mm-camera(  301): isp_pipeline_save_aec_params lux_idx 267.533722 exp_index 289 real_gain 2.923213 
08-09 20:54:51.984 E/mm-camera(  301): isp_pipeline_awb_trigger_update: color 4722 gain r=1.389081 g=1.050000 b=1.817515
08-09 20:54:51.984 E/mm-camera(  301): isp_proc_async_command:  ISP_ASYNC_COMMAND_UV_SUBSAMPLE
08-09 20:54:51.994 E/mm-camera-intf(  289): mm_stream_read_msm_frame: VIDIOC_DQBUF buf_index 8, frame_idx 9, stream type 6, time stamp 1565355292 1360000
08-09 20:54:52.024 E/mm-camera(  301): module_faceproc_client_handle_buffer:1809] count 0
08-09 20:54:52.024 E/mm-camera(  301): module_faceproc_client_send_info:1751] active index 0 face_cnt 0
08-09 20:54:52.024 E/mm-camera(  301): module_faceproc_client_send_info:1763] face_cnt 0
08-09 20:54:52.024 E/mm-camera(  301): module_faceproc_client_send_faceinfo:692] 1.000000 1.000000 0 0 out scale 1.000000 1.000000
08-09 20:54:52.024 E/mm-camera(  301): module_faceproc_client_send_faceinfo:694] Num face detected 0
08-09 20:54:52.024 E/mm-camera(  301): module_faceproc_faces_stabilization:586] GJ Invalid input no faces 
08-09 20:54:52.024 E/mm-camera(  301): [FD_ZOOM_DBG] FD_Imglib Num face detected 0
08-09 20:54:52.024 E/mm-camera(  301): module_faceproc_client_send_faceinfo:735] session id 3 mct_mod 0xb4cb5f40
08-09 20:54:52.024 E/mm-camera(  301): module_faceproc_client_handle_buffer:1827] img_idx 3
08-09 20:54:52.024 E/mm-camera(  301): module_faceproc_client_handle_buffer:1840] buffer 1 0xb2653000 0xb39bb000
08-09 20:54:52.024 E/mm-camera-img(  301): faceproc_comp_queue_buffer:655] q_count 1
08-09 20:54:52.024 E/mm-camera-img(  301): img_q_wait:225] after wait count 1
08-09 20:54:52.024 E/mm-camera-img(  301): img_q_wait:229] data 0xb37f7540
08-09 20:54:52.024 E/mm-camera-img(  301): faceproc_fd_execute:1142] E
08-09 20:54:52.024 E/mm-camera-img(  301): faceproc_fd_execute:1174] no faces detected X
08-09 20:54:52.024 E/mm-camera-img(  301): face_proc_thread_loop:420] state 2 abort 0
08-09 20:54:52.024 E/mm-camera(  301): module_faceproc_client_event_handler:1120] buffer idx 3
08-09 20:54:52.024 E/mm-camera-img(  301): face_proc_thread_loop:428] send event
08-09 20:54:52.024 E/mm-camera-img(  301): img_comp_get_param:163] param 514
08-09 20:54:52.024 E/mm-camera-img(  301): faceproc_fd_output:848] num_faces 0
08-09 20:54:52.024 E/mm-camera-img(  301): face_proc_thread_loop:430] send event
08-09 20:54:52.024 E/mm-camera-img(  301): img_q_wait: before wait
08-09 20:54:52.024 E/mm-camera(  301): isp_pipeline_stats_config_update Received stats_config_update for pipeline 0xb1a59000
08-09 20:54:52.024 E/mm-camera(  301): awb_process: E gains(r=1.391062,g=1.050000,b=1.855854), color_temp=4697
08-09 20:54:52.024 E/mm-camera-intf(  289): mm_stream_read_msm_frame: VIDIOC_DQBUF buf_index 3, frame_idx 9, stream type 1, time stamp 1423 970324000
08-09 20:54:52.034 E/mm-camera(  301): cpp_module_handle_sof_notify_event:574, sending bus msg, session_id=3, R1=2, R2=2
08-09 20:54:52.034 E/mm-camera(  301): isp_util_fetch_hw_pending_update_params: fetch CDS update! VFE0, frame id 10, hw pending parm of CDS update = 1
08-09 20:54:52.034 E/mm-camera(  301): isp_axi_stream_set_stream_update: cannot find stream, session_id = 0, stream_id = 0
08-09 20:54:52.034 E/mm-camera(  301): isp_pipeline_save_aec_params lux_idx 269.245422 exp_index 289 real_gain 2.923213 
08-09 20:54:52.034 E/mm-camera(  301): isp_pipeline_awb_trigger_update: color 4709 gain r=1.390246 g=1.050000 b=1.837693
08-09 20:54:52.034 E/mm-camera(  301): isp_proc_async_command: after ISP_UV_SWITCH_STATE_FINISHING session = 3
08-09 20:54:52.034 E/mm-camera(  301): isp_proc_async_command: X, session_id = 3, async_cmd_id = 0
08-09 20:54:52.044 E/mm-camera-intf(  289): mm_stream_read_msm_frame: VIDIOC_DQBUF buf_index 9, frame_idx 10, stream type 6, time stamp 1565355292 51310000
08-09 20:54:52.074 E/mm-camera(  301): module_faceproc_client_handle_buffer:1809] count 1
08-09 20:54:52.074 E/mm-camera-intf(  289): mm_stream_read_msm_frame: VIDIOC_DQBUF buf_index 4, frame_idx 10, stream type 1, time stamp 1424 20414000
08-09 20:54:52.074 E/mm-camera(  301): isp_pipeline_stats_config_update Received stats_config_update for pipeline 0xb1a59000
08-09 20:54:52.074 E/mm-camera(  301): awb_process: E gains(r=1.392055,g=1.050000,b=1.872198), color_temp=4687
08-09 20:54:52.084 E/mm-camera(  301): cpp_module_handle_sof_notify_event:574, sending bus msg, session_id=3, R1=2, R2=2
08-09 20:54:52.084 E/mm-camera(  301): isp_pipeline_save_aec_params lux_idx 272.836090 exp_index 289 real_gain 2.923213 
08-09 20:54:52.084 E/mm-camera(  301): isp_pipeline_awb_trigger_update: color 4687 gain r=1.392055 g=1.050000 b=1.872198
08-09 20:54:52.084 E/mm-camera-intf(  289): mm_stream_read_msm_frame: VIDIOC_DQBUF buf_index 10, frame_idx 11, stream type 6, time stamp 1565355292 101538000
08-09 20:54:52.124 E/mm-camera(  301): isp_pipeline_stats_config_update Received stats_config_update for pipeline 0xb1a59000
08-09 20:54:52.124 E/mm-camera(  301): awb_process: E gains(r=1.395460,g=1.050000,b=1.889755), color_temp=4679
08-09 20:54:52.134 E/mm-camera(  301): cpp_module_handle_sof_notify_event:574, sending bus msg, session_id=3, R1=2, R2=3
08-09 20:54:52.134 E/mm-camera(  301): isp_pipeline_save_aec_params lux_idx 290.636536 exp_index 289 real_gain 2.923213 
08-09 20:54:52.134 E/mm-camera(  301): isp_pipeline_awb_trigger_update: color 4679 gain r=1.395460 g=1.050000 b=1.889755
08-09 20:54:52.134 E/mm-camera-intf(  289): mm_stream_read_msm_frame: VIDIOC_DQBUF buf_index 11, frame_idx 12, stream type 6, time stamp 1565355292 151502000
08-09 20:54:52.174 E/mm-camera(  301): module_faceproc_client_handle_buffer:1809] count 0
08-09 20:54:52.174 E/mm-camera(  301): module_faceproc_client_send_info:1751] active index 1 face_cnt 0
08-09 20:54:52.174 E/mm-camera(  301): module_faceproc_client_send_info:1763] face_cnt 0
08-09 20:54:52.174 E/mm-camera(  301): module_faceproc_client_send_faceinfo:692] 1.000000 1.000000 0 0 out scale 1.000000 1.000000
08-09 20:54:52.174 E/mm-camera(  301): module_faceproc_client_send_faceinfo:694] Num face detected 0
08-09 20:54:52.174 E/mm-camera(  301): module_faceproc_faces_stabilization:586] GJ Invalid input no faces 
08-09 20:54:52.174 E/mm-camera(  301): [FD_ZOOM_DBG] FD_Imglib Num face detected 0
08-09 20:54:52.174 E/mm-camera(  301): module_faceproc_client_send_faceinfo:735] session id 3 mct_mod 0xb4cb5f40
08-09 20:54:52.174 E/mm-camera(  301): module_faceproc_client_handle_buffer:1827] img_idx 0
08-09 20:54:52.174 E/mm-camera(  301): module_faceproc_client_handle_buffer:1840] buffer 1 0xb37a5000 0xb39bb000
08-09 20:54:52.174 E/mm-camera-img(  301): faceproc_comp_queue_buffer:655] q_count 1
08-09 20:54:52.174 E/mm-camera-img(  301): img_q_wait:225] after wait count 1
08-09 20:54:52.174 E/mm-camera-img(  301): img_q_wait:229] data 0xb37f7000
08-09 20:54:52.174 E/mm-camera-img(  301): faceproc_fd_execute:1142] E
08-09 20:54:52.174 E/mm-camera(  301): isp_pipeline_stats_config_update Received stats_config_update for pipeline 0xb1a59000
08-09 20:54:52.174 E/mm-camera-img(  301): faceproc_fd_execute:1174] no faces detected X
08-09 20:54:52.174 E/mm-camera-img(  301): face_proc_thread_loop:420] state 2 abort 0
08-09 20:54:52.174 E/mm-camera(  301): module_faceproc_client_event_handler:1120] buffer idx 0
08-09 20:54:52.174 E/mm-camera-img(  301): face_proc_thread_loop:428] send event
08-09 20:54:52.174 E/mm-camera-img(  301): img_comp_get_param:163] param 514
08-09 20:54:52.174 E/mm-camera-img(  301): faceproc_fd_output:848] num_faces 0
08-09 20:54:52.174 E/mm-camera-img(  301): face_proc_thread_loop:430] send event
08-09 20:54:52.174 E/mm-camera-img(  301): img_q_wait: before wait
08-09 20:54:52.174 E/mm-camera(  301): awb_process: E gains(r=1.398785,g=1.050000,b=1.905556), color_temp=4672
08-09 20:54:52.174 E/mm-camera-intf(  289): mm_stream_read_msm_frame: VIDIOC_DQBUF buf_index 5, frame_idx 12, stream type 1, time stamp 1424 120648000
08-09 20:54:52.174 W/QCamera2HWI(  289): nodisplay_preview_stream_cb_routine: first preview frame. mCameraId=1
08-09 20:54:52.174 D/ShotSingle(  289): CAMERA_MSG_PREVIEW_FRAME E
08-09 20:54:52.174 I/EDMNativeHelperService(  933): isCameraEnabled
08-09 20:54:52.174 D/ShotSingle(  289): CAMERA_MSG_PREVIEW_FRAME X
08-09 20:54:52.174 D/SecCameraCoreManager(  289): disableMsgType: 0x10
08-09 20:54:52.174 W/QCamera2HWI(  289): disable_msg_type : E, msg type 16
08-09 20:54:52.174 W/QCamera2HWI(  289): disable_msg_type : X
08-09 20:54:52.174 D/SecCamera-JNI-Java(  933): handleMessage: 16
08-09 20:54:52.184 E/SmartScreen_JNI(  933): processImage start : prev time [ 3372745 ]
08-09 20:54:52.184 D/SmartScreen_JNI(  933): tmpfile : /data/smart_stay_hash.dmc
08-09 20:54:52.184 D/DMCFaceEngine(  933): NEON : 1
08-09 20:54:52.184 D/DMCFaceEngine(  933): caSmartDP_SmartStay orientation [0] count [0]
08-09 20:54:52.184 D/DMCFaceEngine(  933): caSmartDP_SmartStay : FUNCTION START img width 320, height 240 previous angle 0
08-09 20:54:52.184 D/SecCameraCoreManager(  289): enableMsgType: 0x10
08-09 20:54:52.184 W/QCamera2HWI(  289): enable_msg_type : E, msg type 16
08-09 20:54:52.184 W/QCamera2HWI(  289): enable_msg_type : X
08-09 20:54:52.184 D/DMCFaceEngine(  933): caSmartDP_SmartStay : loop Start with dir 1, width 240 and heighe 320
08-09 20:54:52.184 D/DMCFaceEngine(  933): caFace_RunFaceDetection_SmartStayRotation : FaceDetection Start with width 240, heighe 320
08-09 20:54:52.184 D/DMCFaceEngine(  933): fd_find_run : Use A New Sensor ==========> 0 [240][320]
