08-10 10:33:01.651 D/StatusBar.NetworkController( 1180): applyCHN
08-10 10:33:01.651 D/StatusBar.NetworkController( 1180): refreshSignalCluster - setNWBoosterIndicators(false)
08-10 10:33:01.661 D/StatusBar.NetworkController( 1180): applyCHN
08-10 10:33:01.661 D/StatusBar.NetworkController( 1180): refreshSignalCluster - setNWBoosterIndicators(false)
08-10 10:33:01.661 D/StatusBar.NetworkController( 1180): applyCHN
08-10 10:33:01.661 D/StatusBar.NetworkController( 1180): refreshSignalCluster - setNWBoosterIndicators(false)
08-10 10:33:01.661 D/StatusBar.NetworkController( 1180): applyCHN
08-10 10:33:03.271 E/SMD     (  283): DCD ON
08-10 10:33:06.281 E/SMD     (  283): DCD ON
08-10 10:33:06.431 D/StatusBar.NetworkController( 1180): refreshViews connected={ wifi } level=4 combinedSignalIconId=0x7f020553/com.android.systemui:drawable/stat_sys_wifi_signal_3 mobileLabel= wifiLabel="CU_d24p"xxxxXXXXxxxxXXXX emergencyOnly=true combinedLabel="CU_d24p"xxxxXXXXxxxxXXXX mAirplaneMode=false mDataActivity=0 mPhoneSignalIconId=0x7f0204e9/com.android.systemui:drawable/stat_sys_signal_4 mQSPhoneSignalIconId=0x7f020148/com.android.systemui:drawable/ic_qs_signal_4 mDataDirectionIconId=0x0/(null) mDataSignalIconId=0x7f0204e9/com.android.systemui:drawable/stat_sys_signal_4 mDataTypeIconId=0x0/(null) mQSDataTypeIconId=0x0/(null) mNoSimIconId=0x0/(null) mWifiIconId=0x7f020553/com.android.systemui:drawable/stat_sys_wifi_signal_3 mQSWifiIconId=0x7f02015d/com.android.systemui:drawable/ic_qs_wifi_3 mWifiActivityIconId=0x7f020527/com.android.systemui:drawable/stat_sys_signal_inout mBluetoothTetherIconId=0x10808f1/android:drawable/stat_sys_tether_bluetooth
08-10 10:33:06.431 D/STATUSBAR-WifiQuickSettingButton( 1180): onWifiSignalChanged enabled=true enabledDesc:"CU_d24p"
08-10 10:33:06.431 D/StatusBar.NetworkController( 1180): refreshSignalCluster - setNWBoosterIndicators(false)
08-10 10:33:06.441 D/StatusBar.NetworkController( 1180): applyCHN
08-10 10:33:06.451 D/StatusBar.NetworkController( 1180): refreshSignalCluster - setNWBoosterIndicators(false)
08-10 10:33:06.451 D/StatusBar.NetworkController( 1180): applyCHN
08-10 10:33:06.451 D/StatusBar.NetworkController( 1180): refreshSignalCluster - setNWBoosterIndicators(false)
08-10 10:33:06.461 D/StatusBar.NetworkController( 1180): applyCHN
08-10 10:33:06.461 D/StatusBar.NetworkController( 1180): refreshSignalCluster - setNWBoosterIndicators(false)
08-10 10:33:06.461 D/StatusBar.NetworkController( 1180): applyCHN
08-10 10:33:07.461 D/StatusBar.NetworkController( 1180): refreshViews connected={ wifi } level=4 combinedSignalIconId=0x7f020553/com.android.systemui:drawable/stat_sys_wifi_signal_3 mobileLabel= wifiLabel="CU_d24p"xxxxXXXXxxxxXXXX emergencyOnly=true combinedLabel="CU_d24p"xxxxXXXXxxxxXXXX mAirplaneMode=false mDataActivity=0 mPhoneSignalIconId=0x7f0204e9/com.android.systemui:drawable/stat_sys_signal_4 mQSPhoneSignalIconId=0x7f020148/com.android.systemui:drawable/ic_qs_signal_4 mDataDirectionIconId=0x0/(null) mDataSignalIconId=0x7f0204e9/com.android.systemui:drawable/stat_sys_signal_4 mDataTypeIconId=0x0/(null) mQSDataTypeIconId=0x0/(null) mNoSimIconId=0x0/(null) mWifiIconId=0x7f020553/com.android.systemui:drawable/stat_sys_wifi_signal_3 mQSWifiIconId=0x7f02015d/com.android.systemui:drawable/ic_qs_wifi_3 mWifiActivityIconId=0x7f020525/com.android.systemui:drawable/stat_sys_signal_in mBluetoothTetherIconId=0x10808f1/android:drawable/stat_sys_tether_bluetooth
08-10 10:33:07.461 D/STATUSBAR-WifiQuickSettingButton( 1180): onWifiSignalChanged enabled=true enabledDesc:"CU_d24p"
08-10 10:33:07.461 D/StatusBar.NetworkController( 1180): refreshSignalCluster - setNWBoosterIndicators(false)
08-10 10:33:07.461 D/StatusBar.NetworkController( 1180): applyCHN
08-10 10:33:07.481 D/StatusBar.NetworkController( 1180): refreshSignalCluster - setNWBoosterIndicators(false)
08-10 10:33:07.481 D/StatusBar.NetworkController( 1180): applyCHN
08-10 10:33:07.481 D/StatusBar.NetworkController( 1180): refreshSignalCluster - setNWBoosterIndicators(false)
08-10 10:33:07.481 D/StatusBar.NetworkController( 1180): applyCHN
08-10 10:33:07.491 D/StatusBar.NetworkController( 1180): refreshSignalCluster - setNWBoosterIndicators(false)
08-10 10:33:07.491 D/StatusBar.NetworkController( 1180): applyCHN
08-10 10:33:08.491 D/StatusBar.NetworkController( 1180): refreshViews connected={ wifi } level=4 combinedSignalIconId=0x7f020553/com.android.systemui:drawable/stat_sys_wifi_signal_3 mobileLabel= wifiLabel="CU_d24p"xxxxXXXXxxxxXXXX emergencyOnly=true combinedLabel="CU_d24p"xxxxXXXXxxxxXXXX mAirplaneMode=false mDataActivity=0 mPhoneSignalIconId=0x7f0204e9/com.android.systemui:drawable/stat_sys_signal_4 mQSPhoneSignalIconId=0x7f020148/com.android.systemui:drawable/ic_qs_signal_4 mDataDirectionIconId=0x0/(null) mDataSignalIconId=0x7f0204e9/com.android.systemui:drawable/stat_sys_signal_4 mDataTypeIconId=0x0/(null) mQSDataTypeIconId=0x0/(null) mNoSimIconId=0x0/(null) mWifiIconId=0x7f020553/com.android.systemui:drawable/stat_sys_wifi_signal_3 mQSWifiIconId=0x7f02015d/com.android.systemui:drawable/ic_qs_wifi_3 mWifiActivityIconId=0x7f020529/com.android.systemui:drawable/stat_sys_signal_no_inout mBluetoothTetherIconId=0x10808f1/android:drawable/stat_sys_tether_bluetooth
08-10 10:33:08.491 D/STATUSBAR-WifiQuickSettingButton( 1180): onWifiSignalChanged enabled=true enabledDesc:"CU_d24p"
08-10 10:33:08.491 D/StatusBar.NetworkController( 1180): refreshSignalCluster - setNWBoosterIndicators(false)
08-10 10:33:08.491 D/StatusBar.NetworkController( 1180): applyCHN
08-10 10:33:08.511 D/StatusBar.NetworkController( 1180): refreshSignalCluster - setNWBoosterIndicators(false)
08-10 10:33:08.511 D/StatusBar.NetworkController( 1180): applyCHN
08-10 10:33:08.511 D/StatusBar.NetworkController( 1180): refreshSignalCluster - setNWBoosterIndicators(false)
08-10 10:33:08.511 D/StatusBar.NetworkController( 1180): applyCHN
08-10 10:33:08.521 D/StatusBar.NetworkController( 1180): refreshSignalCluster - setNWBoosterIndicators(false)
08-10 10:33:08.521 D/StatusBar.NetworkController( 1180): applyCHN
08-10 10:33:09.011 D/WifiService(  933): startScan by pid=1373, uid=10015
08-10 10:33:09.011 E/WifiStateMachine(  933): WifiStateMachine CMD_START_SCAN source 10015 txSuccessRate=1.40 rxSuccessRate=5.26 targetRoamBSSID=88:3f:d3:3f:82:d0 RSSI=-73
08-10 10:33:09.011 I/wpa_supplicant( 1157): wlan0: Setting scan request: 0 sec 0 usec
08-10 10:33:09.011 I/wpa_supplicant( 1157): P2P: Current p2p state = IDLE
08-10 10:33:09.021 I/wpa_supplicant( 1157): Scan requested (ret=0) - scan timeout 30 seconds
08-10 10:33:09.271 E/SMD     (  283): DCD ON
08-10 10:33:10.511 D/BatteryService(  933): !@BatteryListener : batteryPropertiesChanged!
08-10 10:33:10.511 D/BatteryService(  933): level:90, scale:100, status:2, health:2, present:true, voltage: 4238, temperature: 316, technology: Li-ion, AC powered:false, USB powered:true, Wireless powered:false, icon:17303724, invalid charger:0
08-10 10:33:10.511 D/BatteryService(  933): online:4, current avg:450, charge type:1, power sharing:false, high voltage charger:false, capacity:280000, current_now:450
08-10 10:33:10.521 D/KeyguardUpdateMonitor( 1180): received broadcast android.intent.action.BATTERY_CHANGED
08-10 10:33:10.521 D/KeyguardUpdateMonitor( 1180): handleBatteryUpdate
08-10 10:33:10.521 D/BatteryService(  933): Sending ACTION_BATTERY_CHANGED.
08-10 10:33:10.531 I/MotionRecognitionService(  933): Plugged
08-10 10:33:10.531 I/MotionRecognitionService(  933): setPowerConnected  = true
08-10 10:33:10.541 D/STATUSBAR-PhoneStatusBar( 1180):  mBrightnessEnablebySettings = true mBrightnessEnablebyBattery = true mBrightnessEnablebyDisableFlag = true mPmsBrightnessEnablebySettings = true
08-10 10:33:10.561 V/HeadsetService( 3806): HeadsetService - Received Intent.ACTION_BATTERY_CHANGED
08-10 10:33:10.561 D/HeadsetStateMachine( 3806): Disconnected process message: 10
08-10 10:33:10.581 D/BatteryMeterView( 1180): ACTION_BATTERY_CHANGED : level:90 status:2 health:2
08-10 10:33:10.581 D/BatteryMeterView( 1180): ACTION_BATTERY_CHANGED : level:90 status:2 health:2
08-10 10:33:10.581 D/BatteryMeterView( 1180): ACTION_BATTERY_CHANGED : level:90 status:2 health:2
08-10 10:33:11.011 D/SSRM:n  (  933): SIOP:: AP = 350, PST = 350, CUR = 450
08-10 10:33:11.061 I/NLP     ( 1373): Location result:[location successful by Baidu], reason:[network location] locType=161
08-10 10:33:11.071 D/ConnectivityService(  933): returning getNetworkInfo(networkType - 1) :[type: WIFI[] - WIFI, state: CONNECTED/CONNECTED, reason: (unspecified), extra: "CU_d24p", roaming: false, failover: false, isAvailable: true, isConnectedToProvisioningNetwork: false]
08-10 10:33:11.081 W/NetworkLocation( 1373): BaiduNetworkLocationProvider1:BaiduNetworkLocationProvider1 : forceLocation: network provider not Enabled!
08-10 10:33:11.381 I/wpa_supplicant( 1157): nl80211: Received scan results (2 BSSes)
08-10 10:33:11.431 D/ActivityManager(  933): isDeviceAdminActiveApp false :com.android.systemui
08-10 10:33:11.431 D/ActivityManager(  933): isAutoRunBlockedApp:: com.android.systemui, Auto Run ON
08-10 10:33:11.531 D/StatusBar.NetworkController( 1180): refreshViews connected={ wifi } level=4 combinedSignalIconId=0x7f020553/com.android.systemui:drawable/stat_sys_wifi_signal_3 mobileLabel= wifiLabel="CU_d24p"xxxxXXXXxxxxXXXX emergencyOnly=true combinedLabel="CU_d24p"xxxxXXXXxxxxXXXX mAirplaneMode=false mDataActivity=0 mPhoneSignalIconId=0x7f0204e9/com.android.systemui:drawable/stat_sys_signal_4 mQSPhoneSignalIconId=0x7f020148/com.android.systemui:drawable/ic_qs_signal_4 mDataDirectionIconId=0x0/(null) mDataSignalIconId=0x7f0204e9/com.android.systemui:drawable/stat_sys_signal_4 mDataTypeIconId=0x0/(null) mQSDataTypeIconId=0x0/(null) mNoSimIconId=0x0/(null) mWifiIconId=0x7f020553/com.android.systemui:drawable/stat_sys_wifi_signal_3 mQSWifiIconId=0x7f02015d/com.android.systemui:drawable/ic_qs_wifi_3 mWifiActivityIconId=0x7f020527/com.android.systemui:drawable/stat_sys_signal_inout mBluetoothTetherIconId=0x10808f1/android:drawable/stat_sys_tether_bluetooth
08-10 10:33:11.531 D/STATUSBAR-WifiQuickSettingButton( 1180): onWifiSignalChanged enabled=true enabledDesc:"CU_d24p"
08-10 10:33:11.531 D/StatusBar.NetworkController( 1180): refreshSignalCluster - setNWBoosterIndicators(false)
08-10 10:33:11.531 D/StatusBar.NetworkController( 1180): applyCHN
08-10 10:33:11.551 D/StatusBar.NetworkController( 1180): refreshSignalCluster - setNWBoosterIndicators(false)
08-10 10:33:11.551 D/StatusBar.NetworkController( 1180): applyCHN
08-10 10:33:11.551 D/StatusBar.NetworkController( 1180): refreshSignalCluster - setNWBoosterIndicators(false)
08-10 10:33:11.551 D/StatusBar.NetworkController( 1180): applyCHN
08-10 10:33:11.551 D/StatusBar.NetworkController( 1180): refreshSignalCluster - setNWBoosterIndicators(false)
08-10 10:33:11.561 D/StatusBar.NetworkController( 1180): applyCHN
08-10 10:33:12.281 E/SMD     (  283): DCD ON
08-10 10:33:12.561 D/StatusBar.NetworkController( 1180): refreshViews connected={ wifi } level=4 combinedSignalIconId=0x7f020553/com.android.systemui:drawable/stat_sys_wifi_signal_3 mobileLabel= wifiLabel="CU_d24p"xxxxXXXXxxxxXXXX emergencyOnly=true combinedLabel="CU_d24p"xxxxXXXXxxxxXXXX mAirplaneMode=false mDataActivity=0 mPhoneSignalIconId=0x7f0204e9/com.android.systemui:drawable/stat_sys_signal_4 mQSPhoneSignalIconId=0x7f020148/com.android.systemui:drawable/ic_qs_signal_4 mDataDirectionIconId=0x0/(null) mDataSignalIconId=0x7f0204e9/com.android.systemui:drawable/stat_sys_signal_4 mDataTypeIconId=0x0/(null) mQSDataTypeIconId=0x0/(null) mNoSimIconId=0x0/(null) mWifiIconId=0x7f020553/com.android.systemui:drawable/stat_sys_wifi_signal_3 mQSWifiIconId=0x7f02015d/com.android.systemui:drawable/ic_qs_wifi_3 mWifiActivityIconId=0x7f020525/com.android.systemui:drawable/stat_sys_signal_in mBluetoothTetherIconId=0x10808f1/android:drawable/stat_sys_tether_bluetooth
08-10 10:33:12.561 D/STATUSBAR-WifiQuickSettingButton( 1180): onWifiSignalChanged enabled=true enabledDesc:"CU_d24p"
08-10 10:33:12.561 D/StatusBar.NetworkController( 1180): refreshSignalCluster - setNWBoosterIndicators(false)
08-10 10:33:12.561 D/StatusBar.NetworkController( 1180): applyCHN
08-10 10:33:12.581 D/StatusBar.NetworkController( 1180): refreshSignalCluster - setNWBoosterIndicators(false)
08-10 10:33:12.581 D/StatusBar.NetworkController( 1180): applyCHN
08-10 10:33:12.581 D/StatusBar.NetworkController( 1180): refreshSignalCluster - setNWBoosterIndicators(false)
08-10 10:33:12.581 D/StatusBar.NetworkController( 1180): applyCHN
08-10 10:33:12.581 D/StatusBar.NetworkController( 1180): refreshSignalCluster - setNWBoosterIndicators(false)
08-10 10:33:12.581 D/StatusBar.NetworkController( 1180): applyCHN
08-10 10:33:13.411 E/Watchdog(  933): !@Sync 659
08-10 10:33:13.591 D/StatusBar.NetworkController( 1180): refreshViews connected={ wifi } level=4 combinedSignalIconId=0x7f020553/com.android.systemui:drawable/stat_sys_wifi_signal_3 mobileLabel= wifiLabel="CU_d24p"xxxxXXXXxxxxXXXX emergencyOnly=true combinedLabel="CU_d24p"xxxxXXXXxxxxXXXX mAirplaneMode=false mDataActivity=0 mPhoneSignalIconId=0x7f0204e9/com.android.systemui:drawable/stat_sys_signal_4 mQSPhoneSignalIconId=0x7f020148/com.android.systemui:drawable/ic_qs_signal_4 mDataDirectionIconId=0x0/(null) mDataSignalIconId=0x7f0204e9/com.android.systemui:drawable/stat_sys_signal_4 mDataTypeIconId=0x0/(null) mQSDataTypeIconId=0x0/(null) mNoSimIconId=0x0/(null) mWifiIconId=0x7f020553/com.android.systemui:drawable/stat_sys_wifi_signal_3 mQSWifiIconId=0x7f02015d/com.android.systemui:drawable/ic_qs_wifi_3 mWifiActivityIconId=0x7f020529/com.android.systemui:drawable/stat_sys_signal_no_inout mBluetoothTetherIconId=0x10808f1/android:drawable/stat_sys_tether_bluetooth
08-10 10:33:13.591 D/STATUSBAR-WifiQuickSettingButton( 1180): onWifiSignalChanged enabled=true enabledDesc:"CU_d24p"
08-10 10:33:13.591 D/StatusBar.NetworkController( 1180): refreshSignalCluster - setNWBoosterIndicators(false)
08-10 10:33:13.591 D/StatusBar.NetworkController( 1180): applyCHN
08-10 10:33:13.601 D/StatusBar.NetworkController( 1180): refreshSignalCluster - setNWBoosterIndicators(false)
08-10 10:33:13.601 D/StatusBar.NetworkController( 1180): applyCHN
08-10 10:33:13.611 D/StatusBar.NetworkController( 1180): refreshSignalCluster - setNWBoosterIndicators(false)
08-10 10:33:13.611 D/StatusBar.NetworkController( 1180): applyCHN
08-10 10:33:13.611 D/StatusBar.NetworkController( 1180): refreshSignalCluster - setNWBoosterIndicators(false)
08-10 10:33:13.611 D/StatusBar.NetworkController( 1180): applyCHN
08-10 10:33:15.271 E/SMD     (  283): DCD ON
08-10 10:33:16.621 D/StatusBar.NetworkController( 1180): refreshViews connected={ wifi } level=4 combinedSignalIconId=0x7f020553/com.android.systemui:drawable/stat_sys_wifi_signal_3 mobileLabel= wifiLabel="CU_d24p"xxxxXXXXxxxxXXXX emergencyOnly=true combinedLabel="CU_d24p"xxxxXXXXxxxxXXXX mAirplaneMode=false mDataActivity=0 mPhoneSignalIconId=0x7f0204e9/com.android.systemui:drawable/stat_sys_signal_4 mQSPhoneSignalIconId=0x7f020148/com.android.systemui:drawable/ic_qs_signal_4 mDataDirectionIconId=0x0/(null) mDataSignalIconId=0x7f0204e9/com.android.systemui:drawable/stat_sys_signal_4 mDataTypeIconId=0x0/(null) mQSDataTypeIconId=0x0/(null) mNoSimIconId=0x0/(null) mWifiIconId=0x7f020553/com.android.systemui:drawable/stat_sys_wifi_signal_3 mQSWifiIconId=0x7f02015d/com.android.systemui:drawable/ic_qs_wifi_3 mWifiActivityIconId=0x7f020527/com.android.systemui:drawable/stat_sys_signal_inout mBluetoothTetherIconId=0x10808f1/android:drawable/stat_sys_tether_bluetooth
08-10 10:33:16.621 D/STATUSBAR-WifiQuickSettingButton( 1180): onWifiSignalChanged enabled=true enabledDesc:"CU_d24p"
08-10 10:33:16.631 D/StatusBar.NetworkController( 1180): refreshSignalCluster - setNWBoosterIndicators(false)
08-10 10:33:16.631 D/StatusBar.NetworkController( 1180): applyCHN
08-10 10:33:16.641 D/StatusBar.NetworkController( 1180): refreshSignalCluster - setNWBoosterIndicators(false)
08-10 10:33:16.641 D/StatusBar.NetworkController( 1180): applyCHN
08-10 10:33:16.651 D/StatusBar.NetworkController( 1180): refreshSignalCluster - setNWBoosterIndicators(false)
08-10 10:33:16.651 D/StatusBar.NetworkController( 1180): applyCHN
08-10 10:33:16.651 D/StatusBar.NetworkController( 1180): refreshSignalCluster - setNWBoosterIndicators(false)
08-10 10:33:16.651 D/StatusBar.NetworkController( 1180): applyCHN
08-10 10:33:16.781 D/StatusBar.NetworkController( 1180): refreshViews connected={ wifi } level=4 combinedSignalIconId=0x7f020550/com.android.systemui:drawable/stat_sys_wifi_signal_2 mobileLabel= wifiLabel="CU_d24p"xxxxXXXXxxxxXXXX emergencyOnly=true combinedLabel="CU_d24p"xxxxXXXXxxxxXXXX mAirplaneMode=false mDataActivity=0 mPhoneSignalIconId=0x7f0204e9/com.android.systemui:drawable/stat_sys_signal_4 mQSPhoneSignalIconId=0x7f020148/com.android.systemui:drawable/ic_qs_signal_4 mDataDirectionIconId=0x0/(null) mDataSignalIconId=0x7f0204e9/com.android.systemui:drawable/stat_sys_signal_4 mDataTypeIconId=0x0/(null) mQSDataTypeIconId=0x0/(null) mNoSimIconId=0x0/(null) mWifiIconId=0x7f020550/com.android.systemui:drawable/stat_sys_wifi_signal_2 mQSWifiIconId=0x7f02015c/com.android.systemui:drawable/ic_qs_wifi_2 mWifiActivityIconId=0x7f020527/com.android.systemui:drawable/stat_sys_signal_inout mBluetoothTetherIconId=0x10808f1/android:drawable/stat_sys_tether_bluetooth
08-10 10:33:16.781 D/STATUSBAR-WifiQuickSettingButton( 1180): onWifiSignalChanged enabled=true enabledDesc:"CU_d24p"
08-10 10:33:16.791 D/StatusBar.NetworkController( 1180): refreshSignalCluster - setNWBoosterIndicators(false)
08-10 10:33:16.791 D/StatusBar.NetworkController( 1180): applyCHN
08-10 10:33:16.801 D/StatusBar.NetworkController( 1180): refreshSignalCluster - setNWBoosterIndicators(false)
08-10 10:33:16.801 D/StatusBar.NetworkController( 1180): applyCHN
08-10 10:33:16.811 D/StatusBar.NetworkController( 1180): refreshSignalCluster - setNWBoosterIndicators(false)
08-10 10:33:16.811 D/StatusBar.NetworkController( 1180): applyCHN
08-10 10:33:16.811 D/StatusBar.NetworkController( 1180): refreshSignalCluster - setNWBoosterIndicators(false)
08-10 10:33:16.811 D/StatusBar.NetworkController( 1180): applyCHN
08-10 10:33:17.301 D/NetworkStatsFactory(  933): UpdateStatsForKnox
08-10 10:33:17.651 D/StatusBar.NetworkController( 1180): refreshViews connected={ wifi } level=4 combinedSignalIconId=0x7f020550/com.android.systemui:drawable/stat_sys_wifi_signal_2 mobileLabel= wifiLabel="CU_d24p"xxxxXXXXxxxxXXXX emergencyOnly=true combinedLabel="CU_d24p"xxxxXXXXxxxxXXXX mAirplaneMode=false mDataActivity=0 mPhoneSignalIconId=0x7f0204e9/com.android.systemui:drawable/stat_sys_signal_4 mQSPhoneSignalIconId=0x7f020148/com.android.systemui:drawable/ic_qs_signal_4 mDataDirectionIconId=0x0/(null) mDataSignalIconId=0x7f0204e9/com.android.systemui:drawable/stat_sys_signal_4 mDataTypeIconId=0x0/(null) mQSDataTypeIconId=0x0/(null) mNoSimIconId=0x0/(null) mWifiIconId=0x7f020550/com.android.systemui:drawable/stat_sys_wifi_signal_2 mQSWifiIconId=0x7f02015c/com.android.systemui:drawable/ic_qs_wifi_2 mWifiActivityIconId=0x7f020529/com.android.systemui:drawable/stat_sys_signal_no_inout mBluetoothTetherIconId=0x10808f1/android:drawable/stat_sys_tether_bluetooth
08-10 10:33:17.651 D/STATUSBAR-WifiQuickSettingButton( 1180): onWifiSignalChanged enabled=true enabledDesc:"CU_d24p"
08-10 10:33:17.661 D/StatusBar.NetworkController( 1180): refreshSignalCluster - setNWBoosterIndicators(false)
08-10 10:33:17.661 D/StatusBar.NetworkController( 1180): applyCHN
08-10 10:33:17.671 D/StatusBar.NetworkController( 1180): refreshSignalCluster - setNWBoosterIndicators(false)
08-10 10:33:17.671 D/StatusBar.NetworkController( 1180): applyCHN
08-10 10:33:17.681 D/StatusBar.NetworkController( 1180): refreshSignalCluster - setNWBoosterIndicators(false)
08-10 10:33:17.681 D/StatusBar.NetworkController( 1180): applyCHN
08-10 10:33:17.681 D/StatusBar.NetworkController( 1180): refreshSignalCluster - setNWBoosterIndicators(false)
08-10 10:33:17.681 D/StatusBar.NetworkController( 1180): applyCHN
08-10 10:33:18.271 E/SMD     (  283): DCD ON
08-10 10:33:19.041 D/WifiService(  933): startScan by pid=1373, uid=10015
08-10 10:33:19.051 E/WifiStateMachine(  933): WifiStateMachine CMD_START_SCAN source 10015 txSuccessRate=1.43 rxSuccessRate=1.53 targetRoamBSSID=88:3f:d3:3f:82:d0 RSSI=-75
08-10 10:33:19.051 I/wpa_supplicant( 1157): wlan0: Setting scan request: 0 sec 0 usec
08-10 10:33:19.051 I/wpa_supplicant( 1157): P2P: Current p2p state = IDLE
08-10 10:33:19.061 I/wpa_supplicant( 1157): Scan requested (ret=0) - scan timeout 30 seconds
08-10 10:33:19.691 D/StatusBar.NetworkController( 1180): refreshViews connected={ wifi } level=4 combinedSignalIconId=0x7f020550/com.android.systemui:drawable/stat_sys_wifi_signal_2 mobileLabel= wifiLabel="CU_d24p"xxxxXXXXxxxxXXXX emergencyOnly=true combinedLabel="CU_d24p"xxxxXXXXxxxxXXXX mAirplaneMode=false mDataActivity=0 mPhoneSignalIconId=0x7f0204e9/com.android.systemui:drawable/stat_sys_signal_4 mQSPhoneSignalIconId=0x7f020148/com.android.systemui:drawable/ic_qs_signal_4 mDataDirectionIconId=0x0/(null) mDataSignalIconId=0x7f0204e9/com.android.systemui:drawable/stat_sys_signal_4 mDataTypeIconId=0x0/(null) mQSDataTypeIconId=0x0/(null) mNoSimIconId=0x0/(null) mWifiIconId=0x7f020550/com.android.systemui:drawable/stat_sys_wifi_signal_2 mQSWifiIconId=0x7f02015c/com.android.systemui:drawable/ic_qs_wifi_2 mWifiActivityIconId=0x7f020527/com.android.systemui:drawable/stat_sys_signal_inout mBluetoothTetherIconId=0x10808f1/android:drawable/stat_sys_tether_bluetooth
08-10 10:33:19.691 D/STATUSBAR-WifiQuickSettingButton( 1180): onWifiSignalChanged enabled=true enabledDesc:"CU_d24p"
08-10 10:33:19.691 D/StatusBar.NetworkController( 1180): refreshSignalCluster - setNWBoosterIndicators(false)
08-10 10:33:19.691 D/StatusBar.NetworkController( 1180): applyCHN
08-10 10:33:19.711 D/StatusBar.NetworkController( 1180): refreshSignalCluster - setNWBoosterIndicators(false)
08-10 10:33:19.711 D/StatusBar.NetworkController( 1180): applyCHN
08-10 10:33:19.721 D/StatusBar.NetworkController( 1180): refreshSignalCluster - setNWBoosterIndicators(false)
08-10 10:33:19.721 D/StatusBar.NetworkController( 1180): applyCHN
08-10 10:33:19.721 D/StatusBar.NetworkController( 1180): refreshSignalCluster - setNWBoosterIndicators(false)
08-10 10:33:19.741 D/StatusBar.NetworkController( 1180): applyCHN
08-10 10:33:19.761 D/StatusBar.NetworkController( 1180): onSignalStrengthsChanged signalStrength=SignalStrength: 16 99 -120 -160 -120 -1 -1 99 2147483647 2147483647 2147483647 -1 2147483647 0x4 gsm|lte level=4
08-10 10:33:19.761 D/StatusBar.NetworkController( 1180): updateTelephonySignalStrength: hasService=true ss=SignalStrength: 16 99 -120 -160 -120 -1 -1 99 2147483647 2147483647 2147483647 -1 2147483647 0x4 gsm|lte
08-10 10:33:19.761 D/StatusBar.NetworkController( 1180): updateTelephonySignalStrength: iconLevel=4
08-10 10:33:19.761 D/StatusBar.NetworkController( 1180): updateTelephonySignalStrength, No signal level. mPhoneSignalIconId = com.android.systemui:drawable/stat_sys_signal_4 mDataSignalIconId = com.android.systemui:drawable/stat_sys_signal_4 mQSPhoneSignalIconId = com.android.systemui:drawable/ic_qs_signal_4 mContentDescriptionPhoneSignal = 
08-10 10:33:19.771 D/StatusBar.NetworkController( 1180): refreshViews connected={ wifi } level=4 combinedSignalIconId=0x7f020550/com.android.systemui:drawable/stat_sys_wifi_signal_2 mobileLabel= wifiLabel="CU_d24p"xxxxXXXXxxxxXXXX emergencyOnly=true combinedLabel="CU_d24p"xxxxXXXXxxxxXXXX mAirplaneMode=false mDataActivity=0 mPhoneSignalIconId=0x7f0204e9/com.android.systemui:drawable/stat_sys_signal_4 mQSPhoneSignalIconId=0x7f020148/com.android.systemui:drawable/ic_qs_signal_4 mDataDirectionIconId=0x0/(null) mDataSignalIconId=0x7f0204e9/com.android.systemui:drawable/stat_sys_signal_4 mDataTypeIconId=0x0/(null) mQSDataTypeIconId=0x0/(null) mNoSimIconId=0x0/(null) mWifiIconId=0x7f020550/com.android.systemui:drawable/stat_sys_wifi_signal_2 mQSWifiIconId=0x7f02015c/com.android.systemui:drawable/ic_qs_wifi_2 mWifiActivityIconId=0x7f020527/com.android.systemui:drawable/stat_sys_signal_inout mBluetoothTetherIconId=0x10808f1/android:drawable/stat_sys_tether_bluetooth
08-10 10:33:19.771 D/STATUSBAR-WifiQuickSettingButton( 1180): onWifiSignalChanged enabled=true enabledDesc:"CU_d24p"
08-10 10:33:19.781 D/cell strength( 1373): ===== cell singal strength changed : 16
08-10 10:33:19.801 D/StatusBar.NetworkController( 1180): refreshViews connected={ wifi } level=4 combinedSignalIconId=0x7f020553/com.android.systemui:drawable/stat_sys_wifi_signal_3 mobileLabel= wifiLabel="CU_d24p"xxxxXXXXxxxxXXXX emergencyOnly=true combinedLabel="CU_d24p"xxxxXXXXxxxxXXXX mAirplaneMode=false mDataActivity=0 mPhoneSignalIconId=0x7f0204e9/com.android.systemui:drawable/stat_sys_signal_4 mQSPhoneSignalIconId=0x7f020148/com.android.systemui:drawable/ic_qs_signal_4 mDataDirectionIconId=0x0/(null) mDataSignalIconId=0x7f0204e9/com.android.systemui:drawable/stat_sys_signal_4 mDataTypeIconId=0x0/(null) mQSDataTypeIconId=0x0/(null) mNoSimIconId=0x0/(null) mWifiIconId=0x7f020553/com.android.systemui:drawable/stat_sys_wifi_signal_3 mQSWifiIconId=0x7f02015d/com.android.systemui:drawable/ic_qs_wifi_3 mWifiActivityIconId=0x7f020527/com.android.systemui:drawable/stat_sys_signal_inout mBluetoothTetherIconId=0x10808f1/android:drawable/stat_sys_tether_bluetooth
08-10 10:33:19.801 D/STATUSBAR-WifiQuickSettingButton( 1180): onWifiSignalChanged enabled=true enabledDesc:"CU_d24p"
08-10 10:33:19.801 D/StatusBar.NetworkController( 1180): refreshSignalCluster - setNWBoosterIndicators(false)
08-10 10:33:19.801 D/StatusBar.NetworkController( 1180): applyCHN
08-10 10:33:19.811 D/StatusBar.NetworkController( 1180): refreshSignalCluster - setNWBoosterIndicators(false)
08-10 10:33:19.811 D/StatusBar.NetworkController( 1180): applyCHN
08-10 10:33:19.811 D/StatusBar.NetworkController( 1180): refreshSignalCluster - setNWBoosterIndicators(false)
08-10 10:33:19.811 D/StatusBar.NetworkController( 1180): applyCHN
08-10 10:33:19.811 D/StatusBar.NetworkController( 1180): refreshSignalCluster - setNWBoosterIndicators(false)
08-10 10:33:19.811 D/StatusBar.NetworkController( 1180): applyCHN
08-10 10:33:20.571 D/BatteryService(  933): !@BatteryListener : batteryPropertiesChanged!
08-10 10:33:20.721 D/StatusBar.NetworkController( 1180): refreshViews connected={ wifi } level=4 combinedSignalIconId=0x7f020553/com.android.systemui:drawable/stat_sys_wifi_signal_3 mobileLabel= wifiLabel="CU_d24p"xxxxXXXXxxxxXXXX emergencyOnly=true combinedLabel="CU_d24p"xxxxXXXXxxxxXXXX mAirplaneMode=false mDataActivity=0 mPhoneSignalIconId=0x7f0204e9/com.android.systemui:drawable/stat_sys_signal_4 mQSPhoneSignalIconId=0x7f020148/com.android.systemui:drawable/ic_qs_signal_4 mDataDirectionIconId=0x0/(null) mDataSignalIconId=0x7f0204e9/com.android.systemui:drawable/stat_sys_signal_4 mDataTypeIconId=0x0/(null) mQSDataTypeIconId=0x0/(null) mNoSimIconId=0x0/(null) mWifiIconId=0x7f020553/com.android.systemui:drawable/stat_sys_wifi_signal_3 mQSWifiIconId=0x7f02015d/com.android.systemui:drawable/ic_qs_wifi_3 mWifiActivityIconId=0x7f020529/com.android.systemui:drawable/stat_sys_signal_no_inout mBluetoothTetherIconId=0x10808f1/android:drawable/stat_sys_tether_bluetooth
08-10 10:33:20.721 D/STATUSBAR-WifiQuickSettingButton( 1180): onWifiSignalChanged enabled=true enabledDesc:"CU_d24p"
08-10 10:33:20.731 D/StatusBar.NetworkController( 1180): refreshSignalCluster - setNWBoosterIndicators(false)
08-10 10:33:20.731 D/StatusBar.NetworkController( 1180): applyCHN
08-10 10:33:20.741 D/StatusBar.NetworkController( 1180): refreshSignalCluster - setNWBoosterIndicators(false)
08-10 10:33:20.741 D/StatusBar.NetworkController( 1180): applyCHN
08-10 10:33:20.751 D/StatusBar.NetworkController( 1180): refreshSignalCluster - setNWBoosterIndicators(false)
08-10 10:33:20.751 D/StatusBar.NetworkController( 1180): applyCHN
08-10 10:33:20.751 D/StatusBar.NetworkController( 1180): refreshSignalCluster - setNWBoosterIndicators(false)
08-10 10:33:20.751 D/StatusBar.NetworkController( 1180): applyCHN
08-10 10:33:21.091 D/SSRM:n  (  933): SIOP:: AP = 350, PST = 350, CUR = 450
08-10 10:33:21.121 I/NLP     ( 1373): Location result:[location successful by Baidu], reason:[network location] locType=161
08-10 10:33:21.121 W/NetworkLocation( 1373): BaiduNetworkLocationProvider1:BaiduNetworkLocationProvider1 : forceLocation: network provider not Enabled!
08-10 10:33:21.121 D/ConnectivityService(  933): returning getNetworkInfo(networkType - 1) :[type: WIFI[] - WIFI, state: CONNECTED/CONNECTED, reason: (unspecified), extra: "CU_d24p", roaming: false, failover: false, isAvailable: true, isConnectedToProvisioningNetwork: false]
08-10 10:33:21.281 E/SMD     (  283): DCD ON
08-10 10:33:21.411 I/wpa_supplicant( 1157): nl80211: Received scan results (2 BSSes)
08-10 10:33:21.461 D/ActivityManager(  933): isDeviceAdminActiveApp false :com.android.systemui
08-10 10:33:21.461 D/ActivityManager(  933): isAutoRunBlockedApp:: com.android.systemui, Auto Run ON
08-10 10:33:21.751 D/StatusBar.NetworkController( 1180): refreshViews connected={ wifi } level=4 combinedSignalIconId=0x7f020553/com.android.systemui:drawable/stat_sys_wifi_signal_3 mobileLabel= wifiLabel="CU_d24p"xxxxXXXXxxxxXXXX emergencyOnly=true combinedLabel="CU_d24p"xxxxXXXXxxxxXXXX mAirplaneMode=false mDataActivity=0 mPhoneSignalIconId=0x7f0204e9/com.android.systemui:drawable/stat_sys_signal_4 mQSPhoneSignalIconId=0x7f020148/com.android.systemui:drawable/ic_qs_signal_4 mDataDirectionIconId=0x0/(null) mDataSignalIconId=0x7f0204e9/com.android.systemui:drawable/stat_sys_signal_4 mDataTypeIconId=0x0/(null) mQSDataTypeIconId=0x0/(null) mNoSimIconId=0x0/(null) mWifiIconId=0x7f020553/com.android.systemui:drawable/stat_sys_wifi_signal_3 mQSWifiIconId=0x7f02015d/com.android.systemui:drawable/ic_qs_wifi_3 mWifiActivityIconId=0x7f020527/com.android.systemui:drawable/stat_sys_signal_inout mBluetoothTetherIconId=0x10808f1/android:drawable/stat_sys_tether_bluetooth
08-10 10:33:21.751 D/STATUSBAR-WifiQuickSettingButton( 1180): onWifiSignalChanged enabled=true enabledDesc:"CU_d24p"
08-10 10:33:21.751 D/StatusBar.NetworkController( 1180): refreshSignalCluster - setNWBoosterIndicators(false)
08-10 10:33:21.751 D/StatusBar.NetworkController( 1180): applyCHN
08-10 10:33:21.771 D/StatusBar.NetworkController( 1180): refreshSignalCluster - setNWBoosterIndicators(false)
08-10 10:33:21.771 D/StatusBar.NetworkController( 1180): applyCHN
08-10 10:33:21.771 D/StatusBar.NetworkController( 1180): refreshSignalCluster - setNWBoosterIndicators(false)
08-10 10:33:21.771 D/StatusBar.NetworkController( 1180): applyCHN
08-10 10:33:21.781 D/StatusBar.NetworkController( 1180): refreshSignalCluster - setNWBoosterIndicators(false)
08-10 10:33:21.781 D/StatusBar.NetworkController( 1180): applyCHN
08-10 10:33:22.791 D/StatusBar.NetworkController( 1180): refreshViews connected={ wifi } level=4 combinedSignalIconId=0x7f020553/com.android.systemui:drawable/stat_sys_wifi_signal_3 mobileLabel= wifiLabel="CU_d24p"xxxxXXXXxxxxXXXX emergencyOnly=true combinedLabel="CU_d24p"xxxxXXXXxxxxXXXX mAirplaneMode=false mDataActivity=0 mPhoneSignalIconId=0x7f0204e9/com.android.systemui:drawable/stat_sys_signal_4 mQSPhoneSignalIconId=0x7f020148/com.android.systemui:drawable/ic_qs_signal_4 mDataDirectionIconId=0x0/(null) mDataSignalIconId=0x7f0204e9/com.android.systemui:drawable/stat_sys_signal_4 mDataTypeIconId=0x0/(null) mQSDataTypeIconId=0x0/(null) mNoSimIconId=0x0/(null) mWifiIconId=0x7f020553/com.android.systemui:drawable/stat_sys_wifi_signal_3 mQSWifiIconId=0x7f02015d/com.android.systemui:drawable/ic_qs_wifi_3 mWifiActivityIconId=0x7f020529/com.android.systemui:drawable/stat_sys_signal_no_inout mBluetoothTetherIconId=0x10808f1/android:drawable/stat_sys_tether_bluetooth
08-10 10:33:22.791 D/STATUSBAR-WifiQuickSettingButton( 1180): onWifiSignalChanged enabled=true enabledDesc:"CU_d24p"
08-10 10:33:22.791 D/StatusBar.NetworkController( 1180): refreshSignalCluster - setNWBoosterIndicators(false)
08-10 10:33:22.791 D/StatusBar.NetworkController( 1180): applyCHN
08-10 10:33:22.811 D/StatusBar.NetworkController( 1180): refreshSignalCluster - setNWBoosterIndicators(false)
08-10 10:33:22.811 D/StatusBar.NetworkController( 1180): applyCHN
08-10 10:33:22.821 D/StatusBar.NetworkController( 1180): refreshSignalCluster - setNWBoosterIndicators(false)
08-10 10:33:22.821 D/StatusBar.NetworkController( 1180): applyCHN
08-10 10:33:22.831 D/StatusBar.NetworkController( 1180): refreshSignalCluster - setNWBoosterIndicators(false)
08-10 10:33:22.831 D/StatusBar.NetworkController( 1180): applyCHN
08-10 10:33:24.281 E/SMD     (  283): DCD ON
08-10 10:33:24.821 D/StatusBar.NetworkController( 1180): refreshViews connected={ wifi } level=4 combinedSignalIconId=0x7f020553/com.android.systemui:drawable/stat_sys_wifi_signal_3 mobileLabel= wifiLabel="CU_d24p"xxxxXXXXxxxxXXXX emergencyOnly=true combinedLabel="CU_d24p"xxxxXXXXxxxxXXXX mAirplaneMode=false mDataActivity=0 mPhoneSignalIconId=0x7f0204e9/com.android.systemui:drawable/stat_sys_signal_4 mQSPhoneSignalIconId=0x7f020148/com.android.systemui:drawable/ic_qs_signal_4 mDataDirectionIconId=0x0/(null) mDataSignalIconId=0x7f0204e9/com.android.systemui:drawable/stat_sys_signal_4 mDataTypeIconId=0x0/(null) mQSDataTypeIconId=0x0/(null) mNoSimIconId=0x0/(null) mWifiIconId=0x7f020553/com.android.systemui:drawable/stat_sys_wifi_signal_3 mQSWifiIconId=0x7f02015d/com.android.systemui:drawable/ic_qs_wifi_3 mWifiActivityIconId=0x7f020527/com.android.systemui:drawable/stat_sys_signal_inout mBluetoothTetherIconId=0x10808f1/android:drawable/stat_sys_tether_bluetooth
08-10 10:33:24.821 D/STATUSBAR-WifiQuickSettingButton( 1180): onWifiSignalChanged enabled=true enabledDesc:"CU_d24p"
08-10 10:33:24.821 D/StatusBar.NetworkController( 1180): refreshSignalCluster - setNWBoosterIndicators(false)
08-10 10:33:24.821 D/StatusBar.NetworkController( 1180): applyCHN
08-10 10:33:24.841 D/StatusBar.NetworkController( 1180): refreshSignalCluster - setNWBoosterIndicators(false)
08-10 10:33:24.841 D/StatusBar.NetworkController( 1180): applyCHN
08-10 10:33:24.841 D/StatusBar.NetworkController( 1180): refreshSignalCluster - setNWBoosterIndicators(false)
08-10 10:33:24.841 D/StatusBar.NetworkController( 1180): applyCHN
08-10 10:33:24.851 D/StatusBar.NetworkController( 1180): refreshSignalCluster - setNWBoosterIndicators(false)
08-10 10:33:24.851 D/StatusBar.NetworkController( 1180): applyCHN
08-10 10:33:25.851 D/StatusBar.NetworkController( 1180): refreshViews connected={ wifi } level=4 combinedSignalIconId=0x7f020553/com.android.systemui:drawable/stat_sys_wifi_signal_3 mobileLabel= wifiLabel="CU_d24p"xxxxXXXXxxxxXXXX emergencyOnly=true combinedLabel="CU_d24p"xxxxXXXXxxxxXXXX mAirplaneMode=false mDataActivity=0 mPhoneSignalIconId=0x7f0204e9/com.android.systemui:drawable/stat_sys_signal_4 mQSPhoneSignalIconId=0x7f020148/com.android.systemui:drawable/ic_qs_signal_4 mDataDirectionIconId=0x0/(null) mDataSignalIconId=0x7f0204e9/com.android.systemui:drawable/stat_sys_signal_4 mDataTypeIconId=0x0/(null) mQSDataTypeIconId=0x0/(null) mNoSimIconId=0x0/(null) mWifiIconId=0x7f020553/com.android.systemui:drawable/stat_sys_wifi_signal_3 mQSWifiIconId=0x7f02015d/com.android.systemui:drawable/ic_qs_wifi_3 mWifiActivityIconId=0x7f020529/com.android.systemui:drawable/stat_sys_signal_no_inout mBluetoothTetherIconId=0x10808f1/android:drawable/stat_sys_tether_bluetooth
08-10 10:33:25.851 D/STATUSBAR-WifiQuickSettingButton( 1180): onWifiSignalChanged enabled=true enabledDesc:"CU_d24p"
08-10 10:33:25.851 D/StatusBar.NetworkController( 1180): refreshSignalCluster - setNWBoosterIndicators(false)
08-10 10:33:25.851 D/StatusBar.NetworkController( 1180): applyCHN
08-10 10:33:25.881 D/StatusBar.NetworkController( 1180): refreshSignalCluster - setNWBoosterIndicators(false)
08-10 10:33:25.881 D/StatusBar.NetworkController( 1180): applyCHN
08-10 10:33:25.881 D/StatusBar.NetworkController( 1180): refreshSignalCluster - setNWBoosterIndicators(false)
08-10 10:33:25.881 D/StatusBar.NetworkController( 1180): applyCHN
08-10 10:33:25.891 D/StatusBar.NetworkController( 1180): refreshSignalCluster - setNWBoosterIndicators(false)
08-10 10:33:25.891 D/StatusBar.NetworkController( 1180): applyCHN
08-10 10:33:26.891 D/StatusBar.NetworkController( 1180): refreshViews connected={ wifi } level=4 combinedSignalIconId=0x7f020553/com.android.systemui:drawable/stat_sys_wifi_signal_3 mobileLabel= wifiLabel="CU_d24p"xxxxXXXXxxxxXXXX emergencyOnly=true combinedLabel="CU_d24p"xxxxXXXXxxxxXXXX mAirplaneMode=false mDataActivity=0 mPhoneSignalIconId=0x7f0204e9/com.android.systemui:drawable/stat_sys_signal_4 mQSPhoneSignalIconId=0x7f020148/com.android.systemui:drawable/ic_qs_signal_4 mDataDirectionIconId=0x0/(null) mDataSignalIconId=0x7f0204e9/com.android.systemui:drawable/stat_sys_signal_4 mDataTypeIconId=0x0/(null) mQSDataTypeIconId=0x0/(null) mNoSimIconId=0x0/(null) mWifiIconId=0x7f020553/com.android.systemui:drawable/stat_sys_wifi_signal_3 mQSWifiIconId=0x7f02015d/com.android.systemui:drawable/ic_qs_wifi_3 mWifiActivityIconId=0x7f020527/com.android.systemui:drawable/stat_sys_signal_inout mBluetoothTetherIconId=0x10808f1/android:drawable/stat_sys_tether_bluetooth
08-10 10:33:26.891 D/STATUSBAR-WifiQuickSettingButton( 1180): onWifiSignalChanged enabled=true enabledDesc:"CU_d24p"
08-10 10:33:26.891 D/StatusBar.NetworkController( 1180): refreshSignalCluster - setNWBoosterIndicators(false)
08-10 10:33:26.891 D/StatusBar.NetworkController( 1180): applyCHN
08-10 10:33:26.911 D/StatusBar.NetworkController( 1180): refreshSignalCluster - setNWBoosterIndicators(false)
08-10 10:33:26.911 D/StatusBar.NetworkController( 1180): applyCHN
08-10 10:33:26.911 D/StatusBar.NetworkController( 1180): refreshSignalCluster - setNWBoosterIndicators(false)
08-10 10:33:26.911 D/StatusBar.NetworkController( 1180): applyCHN
08-10 10:33:26.911 D/StatusBar.NetworkController( 1180): refreshSignalCluster - setNWBoosterIndicators(false)
08-10 10:33:26.911 D/StatusBar.NetworkController( 1180): applyCHN
08-10 10:33:27.281 E/SMD     (  283): DCD ON
08-10 10:33:27.911 D/StatusBar.NetworkController( 1180): refreshViews connected={ wifi } level=4 combinedSignalIconId=0x7f020553/com.android.systemui:drawable/stat_sys_wifi_signal_3 mobileLabel= wifiLabel="CU_d24p"xxxxXXXXxxxxXXXX emergencyOnly=true combinedLabel="CU_d24p"xxxxXXXXxxxxXXXX mAirplaneMode=false mDataActivity=0 mPhoneSignalIconId=0x7f0204e9/com.android.systemui:drawable/stat_sys_signal_4 mQSPhoneSignalIconId=0x7f020148/com.android.systemui:drawable/ic_qs_signal_4 mDataDirectionIconId=0x0/(null) mDataSignalIconId=0x7f0204e9/com.android.systemui:drawable/stat_sys_signal_4 mDataTypeIconId=0x0/(null) mQSDataTypeIconId=0x0/(null) mNoSimIconId=0x0/(null) mWifiIconId=0x7f020553/com.android.systemui:drawable/stat_sys_wifi_signal_3 mQSWifiIconId=0x7f02015d/com.android.systemui:drawable/ic_qs_wifi_3 mWifiActivityIconId=0x7f020529/com.android.systemui:drawable/stat_sys_signal_no_inout mBluetoothTetherIconId=0x10808f1/android:drawable/stat_sys_tether_bluetooth
08-10 10:33:27.911 D/STATUSBAR-WifiQuickSettingButton( 1180): onWifiSignalChanged enabled=true enabledDesc:"CU_d24p"
08-10 10:33:27.921 D/StatusBar.NetworkController( 1180): refreshSignalCluster - setNWBoosterIndicators(false)
08-10 10:33:27.921 D/StatusBar.NetworkController( 1180): applyCHN
08-10 10:33:27.931 D/StatusBar.NetworkController( 1180): refreshSignalCluster - setNWBoosterIndicators(false)
08-10 10:33:27.931 D/StatusBar.NetworkController( 1180): applyCHN
08-10 10:33:27.941 D/StatusBar.NetworkController( 1180): refreshSignalCluster - setNWBoosterIndicators(false)
08-10 10:33:27.941 D/StatusBar.NetworkController( 1180): applyCHN
08-10 10:33:27.941 D/StatusBar.NetworkController( 1180): refreshSignalCluster - setNWBoosterIndicators(false)
08-10 10:33:27.941 D/StatusBar.NetworkController( 1180): applyCHN
08-10 10:33:29.071 D/WifiService(  933): startScan by pid=1373, uid=10015
08-10 10:33:29.071 E/WifiStateMachine(  933): WifiStateMachine CMD_START_SCAN source 10015 txSuccessRate=6.15 rxSuccessRate=4.03 targetRoamBSSID=88:3f:d3:3f:82:d0 RSSI=-74
08-10 10:33:29.071 I/wpa_supplicant( 1157): wlan0: Setting scan request: 0 sec 0 usec
08-10 10:33:29.071 I/wpa_supplicant( 1157): P2P: Current p2p state = IDLE
08-10 10:33:29.081 I/wpa_supplicant( 1157): Scan requested (ret=0) - scan timeout 30 seconds
08-10 10:33:30.281 E/SMD     (  283): DCD ON
08-10 10:33:30.641 D/BatteryService(  933): !@BatteryListener : batteryPropertiesChanged!
08-10 10:33:30.641 D/BatteryService(  933): level:90, scale:100, status:2, health:2, present:true, voltage: 4242, temperature: 316, technology: Li-ion, AC powered:false, USB powered:true, Wireless powered:false, icon:17303724, invalid charger:0
08-10 10:33:30.641 D/BatteryService(  933): online:4, current avg:450, charge type:1, power sharing:false, high voltage charger:false, capacity:280000, current_now:450
08-10 10:33:30.641 D/BatteryService(  933): Sending ACTION_BATTERY_CHANGED.
08-10 10:33:30.651 D/KeyguardUpdateMonitor( 1180): received broadcast android.intent.action.BATTERY_CHANGED
08-10 10:33:30.651 D/KeyguardUpdateMonitor( 1180): handleBatteryUpdate
08-10 10:33:30.651 I/MotionRecognitionService(  933): Plugged
08-10 10:33:30.651 I/MotionRecognitionService(  933): setPowerConnected  = true
08-10 10:33:30.691 V/HeadsetService( 3806): HeadsetService - Received Intent.ACTION_BATTERY_CHANGED
08-10 10:33:30.691 D/HeadsetStateMachine( 3806): Disconnected process message: 10
08-10 10:33:30.691 D/STATUSBAR-PhoneStatusBar( 1180):  mBrightnessEnablebySettings = true mBrightnessEnablebyBattery = true mBrightnessEnablebyDisableFlag = true mPmsBrightnessEnablebySettings = true
08-10 10:33:30.691 D/BatteryMeterView( 1180): ACTION_BATTERY_CHANGED : level:90 status:2 health:2
08-10 10:33:30.691 D/BatteryMeterView( 1180): ACTION_BATTERY_CHANGED : level:90 status:2 health:2
08-10 10:33:30.691 D/BatteryMeterView( 1180): ACTION_BATTERY_CHANGED : level:90 status:2 health:2
08-10 10:33:31.131 I/NLP     ( 1373): Location result:[location successful by Baidu], reason:[network location] locType=161
08-10 10:33:31.131 D/ConnectivityService(  933): returning getNetworkInfo(networkType - 1) :[type: WIFI[] - WIFI, state: CONNECTED/CONNECTED, reason: (unspecified), extra: "CU_d24p", roaming: false, failover: false, isAvailable: true, isConnectedToProvisioningNetwork: false]
08-10 10:33:31.141 W/NetworkLocation( 1373): BaiduNetworkLocationProvider1:BaiduNetworkLocationProvider1 : forceLocation: network provider not Enabled!
08-10 10:33:31.141 D/SSRM:n  (  933): SIOP:: AP = 350, PST = 350, CUR = 450
08-10 10:33:31.251 D/StatusBar.NetworkController( 1180): onSignalStrengthsChanged signalStrength=SignalStrength: 17 99 -120 -160 -120 -1 -1 99 2147483647 2147483647 2147483647 -1 2147483647 0x4 gsm|lte level=4
08-10 10:33:31.251 D/StatusBar.NetworkController( 1180): updateTelephonySignalStrength: hasService=true ss=SignalStrength: 17 99 -120 -160 -120 -1 -1 99 2147483647 2147483647 2147483647 -1 2147483647 0x4 gsm|lte
08-10 10:33:31.251 D/StatusBar.NetworkController( 1180): updateTelephonySignalStrength: iconLevel=4
08-10 10:33:31.251 D/StatusBar.NetworkController( 1180): updateTelephonySignalStrength, No signal level. mPhoneSignalIconId = com.android.systemui:drawable/stat_sys_signal_4 mDataSignalIconId = com.android.systemui:drawable/stat_sys_signal_4 mQSPhoneSignalIconId = com.android.systemui:drawable/ic_qs_signal_4 mContentDescriptionPhoneSignal = 
08-10 10:33:31.251 D/StatusBar.NetworkController( 1180): refreshViews connected={ wifi } level=4 combinedSignalIconId=0x7f020553/com.android.systemui:drawable/stat_sys_wifi_signal_3 mobileLabel= wifiLabel="CU_d24p"xxxxXXXXxxxxXXXX emergencyOnly=true combinedLabel="CU_d24p"xxxxXXXXxxxxXXXX mAirplaneMode=false mDataActivity=0 mPhoneSignalIconId=0x7f0204e9/com.android.systemui:drawable/stat_sys_signal_4 mQSPhoneSignalIconId=0x7f020148/com.android.systemui:drawable/ic_qs_signal_4 mDataDirectionIconId=0x0/(null) mDataSignalIconId=0x7f0204e9/com.android.systemui:drawable/stat_sys_signal_4 mDataTypeIconId=0x0/(null) mQSDataTypeIconId=0x0/(null) mNoSimIconId=0x0/(null) mWifiIconId=0x7f020553/com.android.systemui:drawable/stat_sys_wifi_signal_3 mQSWifiIconId=0x7f02015d/com.android.systemui:drawable/ic_qs_wifi_3 mWifiActivityIconId=0x7f020529/com.android.systemui:drawable/stat_sys_signal_no_inout mBluetoothTetherIconId=0x10808f1/android:drawable/stat_sys_tether_bluetooth
08-10 10:33:31.251 D/STATUSBAR-WifiQuickSettingButton( 1180): onWifiSignalChanged enabled=true enabledDesc:"CU_d24p"
08-10 10:33:31.281 D/cell strength( 1373): ===== cell singal strength changed : 17
08-10 10:33:31.431 I/wpa_supplicant( 1157): nl80211: Received scan results (2 BSSes)
08-10 10:33:31.481 D/ActivityManager(  933): isDeviceAdminActiveApp false :com.android.systemui
08-10 10:33:31.481 D/ActivityManager(  933): isAutoRunBlockedApp:: com.android.systemui, Auto Run ON
08-10 10:33:31.961 D/StatusBar.NetworkController( 1180): refreshViews connected={ wifi } level=4 combinedSignalIconId=0x7f020553/com.android.systemui:drawable/stat_sys_wifi_signal_3 mobileLabel= wifiLabel="CU_d24p"xxxxXXXXxxxxXXXX emergencyOnly=true combinedLabel="CU_d24p"xxxxXXXXxxxxXXXX mAirplaneMode=false mDataActivity=0 mPhoneSignalIconId=0x7f0204e9/com.android.systemui:drawable/stat_sys_signal_4 mQSPhoneSignalIconId=0x7f020148/com.android.systemui:drawable/ic_qs_signal_4 mDataDirectionIconId=0x0/(null) mDataSignalIconId=0x7f0204e9/com.android.systemui:drawable/stat_sys_signal_4 mDataTypeIconId=0x0/(null) mQSDataTypeIconId=0x0/(null) mNoSimIconId=0x0/(null) mWifiIconId=0x7f020553/com.android.systemui:drawable/stat_sys_wifi_signal_3 mQSWifiIconId=0x7f02015d/com.android.systemui:drawable/ic_qs_wifi_3 mWifiActivityIconId=0x7f020527/com.android.systemui:drawable/stat_sys_signal_inout mBluetoothTetherIconId=0x10808f1/android:drawable/stat_sys_tether_bluetooth
08-10 10:33:31.961 D/STATUSBAR-WifiQuickSettingButton( 1180): onWifiSignalChanged enabled=true enabledDesc:"CU_d24p"
08-10 10:33:31.961 D/StatusBar.NetworkController( 1180): refreshSignalCluster - setNWBoosterIndicators(false)
08-10 10:33:31.961 D/StatusBar.NetworkController( 1180): applyCHN
08-10 10:33:31.981 D/StatusBar.NetworkController( 1180): refreshSignalCluster - setNWBoosterIndicators(false)
08-10 10:33:31.981 D/StatusBar.NetworkController( 1180): applyCHN
08-10 10:33:31.981 D/StatusBar.NetworkController( 1180): refreshSignalCluster - setNWBoosterIndicators(false)
08-10 10:33:31.981 D/StatusBar.NetworkController( 1180): applyCHN
08-10 10:33:31.991 D/StatusBar.NetworkController( 1180): refreshSignalCluster - setNWBoosterIndicators(false)
08-10 10:33:31.991 D/StatusBar.NetworkController( 1180): applyCHN
08-10 10:33:32.651 D/TimaService(  933): TIMA: TimaService scheduler is intialized. 
08-10 10:33:32.661 D/TimaService(  933): TimaServiceHandler.handleMessage what =1
08-10 10:33:32.661 D/TimaService(  933): TIMA: checkEvent, operation: 50000 subject: 10000
08-10 10:33:32.991 D/StatusBar.NetworkController( 1180): refreshViews connected={ wifi } level=4 combinedSignalIconId=0x7f020553/com.android.systemui:drawable/stat_sys_wifi_signal_3 mobileLabel= wifiLabel="CU_d24p"xxxxXXXXxxxxXXXX emergencyOnly=true combinedLabel="CU_d24p"xxxxXXXXxxxxXXXX mAirplaneMode=false mDataActivity=0 mPhoneSignalIconId=0x7f0204e9/com.android.systemui:drawable/stat_sys_signal_4 mQSPhoneSignalIconId=0x7f020148/com.android.systemui:drawable/ic_qs_signal_4 mDataDirectionIconId=0x0/(null) mDataSignalIconId=0x7f0204e9/com.android.systemui:drawable/stat_sys_signal_4 mDataTypeIconId=0x0/(null) mQSDataTypeIconId=0x0/(null) mNoSimIconId=0x0/(null) mWifiIconId=0x7f020553/com.android.systemui:drawable/stat_sys_wifi_signal_3 mQSWifiIconId=0x7f02015d/com.android.systemui:drawable/ic_qs_wifi_3 mWifiActivityIconId=0x7f020529/com.android.systemui:drawable/stat_sys_signal_no_inout mBluetoothTetherIconId=0x10808f1/android:drawable/stat_sys_tether_bluetooth
08-10 10:33:32.991 D/STATUSBAR-WifiQuickSettingButton( 1180): onWifiSignalChanged enabled=true enabledDesc:"CU_d24p"
08-10 10:33:32.991 D/StatusBar.NetworkController( 1180): refreshSignalCluster - setNWBoosterIndicators(false)
08-10 10:33:32.991 D/StatusBar.NetworkController( 1180): applyCHN
08-10 10:33:33.011 D/StatusBar.NetworkController( 1180): refreshSignalCluster - setNWBoosterIndicators(false)
08-10 10:33:33.011 D/StatusBar.NetworkController( 1180): applyCHN
08-10 10:33:33.011 D/StatusBar.NetworkController( 1180): refreshSignalCluster - setNWBoosterIndicators(false)
08-10 10:33:33.021 D/StatusBar.NetworkController( 1180): applyCHN
08-10 10:33:33.021 D/StatusBar.NetworkController( 1180): refreshSignalCluster - setNWBoosterIndicators(false)
08-10 10:33:33.031 D/StatusBar.NetworkController( 1180): applyCHN
08-10 10:33:33.281 E/SMD     (  283): DCD ON
08-10 10:33:35.321 I/TLC_TIMA_PKM_measure_kernel(  933): TIMA: response_id = 3
08-10 10:33:35.321 I/TLC_TIMA_PKM_measure_kernel(  933): TIMA: response ret = 0, result_ondemand = MSG=Kernel Verification Success;
08-10 10:33:35.331 D/TimaService(  933): TIMA MEASUREMENT Result: TIMA_STATUS=0;MSG=Kernel Verification Success;
08-10 10:33:35.331 D/TimaService(  933): TIMA MEASUREMENT success status: TIMA_STATUS=0;MSG=Kernel Verification Success;
08-10 10:33:36.291 E/SMD     (  283): DCD ON
