08-08 23:39:31.508 W/ActivityManager(  917): getTasks: caller 10205 does not hold GET_TASKS; limiting output
08-08 23:39:31.508 W/ActivityManager(  917): getTasks: caller 10205 does not hold GET_TASKS; limiting output
08-08 23:39:31.978 E/SMD     (  289): DCD ON
08-08 23:39:31.988 D/cell strength( 1386): ===== cell singal strength changed : 14
08-08 23:39:31.988 D/StatusBar.NetworkController( 1177): onSignalStrengthsChanged signalStrength=SignalStrength: 14 99 -120 -160 -120 -1 -1 99 2147483647 2147483647 2147483647 -1 2147483647 0x4 gsm|lte level=4
08-08 23:39:31.988 D/StatusBar.NetworkController( 1177): updateTelephonySignalStrength: hasService=true ss=SignalStrength: 14 99 -120 -160 -120 -1 -1 99 2147483647 2147483647 2147483647 -1 2147483647 0x4 gsm|lte
08-08 23:39:31.988 D/StatusBar.NetworkController( 1177): updateTelephonySignalStrength: iconLevel=4
08-08 23:39:31.988 D/StatusBar.NetworkController( 1177): updateTelephonySignalStrength, No signal level. mPhoneSignalIconId = com.android.systemui:drawable/stat_sys_signal_4 mDataSignalIconId = com.android.systemui:drawable/stat_sys_signal_4 mQSPhoneSignalIconId = com.android.systemui:drawable/ic_qs_signal_4 mContentDescriptionPhoneSignal = 满格手机信号
08-08 23:39:31.988 D/StatusBar.NetworkController( 1177): refreshViews connected={ wifi } level=4 combinedSignalIconId=0x7f020556/com.android.systemui:drawable/stat_sys_wifi_signal_4 mobileLabel=仅限紧急通话 wifiLabel="宣龙华的 iPhone (2)"xxxxXXXXxxxxXXXX emergencyOnly=true combinedLabel="宣龙华的 iPhone (2)"xxxxXXXXxxxxXXXX mAirplaneMode=false mDataActivity=0 mPhoneSignalIconId=0x7f0204e9/com.android.systemui:drawable/stat_sys_signal_4 mQSPhoneSignalIconId=0x7f020148/com.android.systemui:drawable/ic_qs_signal_4 mDataDirectionIconId=0x0/(null) mDataSignalIconId=0x7f0204e9/com.android.systemui:drawable/stat_sys_signal_4 mDataTypeIconId=0x0/(null) mQSDataTypeIconId=0x0/(null) mNoSimIconId=0x0/(null) mWifiIconId=0x7f020556/com.android.systemui:drawable/stat_sys_wifi_signal_4 mQSWifiIconId=0x7f02015e/com.android.systemui:drawable/ic_qs_wifi_4 mWifiActivityIconId=0x7f020529/com.android.systemui:drawable/stat_sys_signal_no_inout mBluetoothTetherIconId=0x10808f1/android:drawable/stat_sys_tether_bluetooth
08-08 23:39:31.988 D/STATUSBAR-WifiQuickSettingButton( 1177): onWifiSignalChanged enabled=true enabledDesc:"宣龙华的 iPhone (2)"
08-08 23:39:31.998 D/SSRM:n  (  917): SIOP:: AP = 430, PST = 430, CUR = 450
08-08 23:39:32.208 W/ActivityManager(  917): getTasks: caller 10205 does not hold GET_TASKS; limiting output
08-08 23:39:33.208 W/ActivityManager(  917): getTasks: caller 10205 does not hold GET_TASKS; limiting output
08-08 23:39:33.508 W/ActivityManager(  917): getTasks: caller 10205 does not hold GET_TASKS; limiting output
08-08 23:39:33.508 W/ActivityManager(  917): getTasks: caller 10205 does not hold GET_TASKS; limiting output
08-08 23:39:33.818 D/KeyguardUpdateMonitor( 1177): received broadcast android.intent.action.BATTERY_CHANGED
08-08 23:39:33.818 D/KeyguardUpdateMonitor( 1177): handleBatteryUpdate
08-08 23:39:33.818 D/BatteryService(  917): !@BatteryListener : batteryPropertiesChanged!
08-08 23:39:33.818 D/BatteryService(  917): level:19, scale:100, status:2, health:2, present:true, voltage: 3771, temperature: 345, technology: Li-ion, AC powered:false, USB powered:true, Wireless powered:false, icon:17303724, invalid charger:0
08-08 23:39:33.818 D/BatteryService(  917): online:4, current avg:450, charge type:1, power sharing:false, high voltage charger:false, capacity:280000, current_now:450
08-08 23:39:33.818 D/BatteryService(  917): Sending ACTION_BATTERY_CHANGED.
08-08 23:39:33.818 I/MotionRecognitionService(  917): Plugged
08-08 23:39:33.818 I/MotionRecognitionService(  917): setPowerConnected  = true
08-08 23:39:33.828 D/STATUSBAR-PhoneStatusBar( 1177):  mBrightnessEnablebySettings = true mBrightnessEnablebyBattery = true mBrightnessEnablebyDisableFlag = true mPmsBrightnessEnablebySettings = true
08-08 23:39:33.838 V/HeadsetService( 3910): HeadsetService - Received Intent.ACTION_BATTERY_CHANGED
08-08 23:39:33.838 D/HeadsetStateMachine( 3910): Disconnected process message: 10
08-08 23:39:33.848 D/BatteryMeterView( 1177): ACTION_BATTERY_CHANGED : level:19 status:2 health:2
08-08 23:39:33.848 D/BatteryMeterView( 1177): ACTION_BATTERY_CHANGED : level:19 status:2 health:2
08-08 23:39:33.848 D/BatteryMeterView( 1177): ACTION_BATTERY_CHANGED : level:19 status:2 health:2
08-08 23:39:34.208 W/ActivityManager(  917): getTasks: caller 10205 does not hold GET_TASKS; limiting output
08-08 23:39:34.978 E/SMD     (  289): DCD ON
08-08 23:39:35.218 W/ActivityManager(  917): getTasks: caller 10205 does not hold GET_TASKS; limiting output
08-08 23:39:35.518 W/ActivityManager(  917): getTasks: caller 10205 does not hold GET_TASKS; limiting output
08-08 23:39:35.518 W/ActivityManager(  917): getTasks: caller 10205 does not hold GET_TASKS; limiting output
08-08 23:39:36.218 W/ActivityManager(  917): getTasks: caller 10205 does not hold GET_TASKS; limiting output
08-08 23:39:37.218 W/ActivityManager(  917): getTasks: caller 10205 does not hold GET_TASKS; limiting output
08-08 23:39:37.518 W/ActivityManager(  917): getTasks: caller 10205 does not hold GET_TASKS; limiting output
08-08 23:39:37.518 W/ActivityManager(  917): getTasks: caller 10205 does not hold GET_TASKS; limiting output
08-08 23:39:37.928 D/StatusBar.NetworkController( 1177): refreshViews connected={ wifi } level=4 combinedSignalIconId=0x7f020553/com.android.systemui:drawable/stat_sys_wifi_signal_3 mobileLabel=仅限紧急通话 wifiLabel="宣龙华的 iPhone (2)"xxxxXXXXxxxxXXXX emergencyOnly=true combinedLabel="宣龙华的 iPhone (2)"xxxxXXXXxxxxXXXX mAirplaneMode=false mDataActivity=0 mPhoneSignalIconId=0x7f0204e9/com.android.systemui:drawable/stat_sys_signal_4 mQSPhoneSignalIconId=0x7f020148/com.android.systemui:drawable/ic_qs_signal_4 mDataDirectionIconId=0x0/(null) mDataSignalIconId=0x7f0204e9/com.android.systemui:drawable/stat_sys_signal_4 mDataTypeIconId=0x0/(null) mQSDataTypeIconId=0x0/(null) mNoSimIconId=0x0/(null) mWifiIconId=0x7f020553/com.android.systemui:drawable/stat_sys_wifi_signal_3 mQSWifiIconId=0x7f02015d/com.android.systemui:drawable/ic_qs_wifi_3 mWifiActivityIconId=0x7f020529/com.android.systemui:drawable/stat_sys_signal_no_inout mBluetoothTetherIconId=0x10808f1/android:drawable/stat_sys_tether_bluetooth
08-08 23:39:37.928 D/STATUSBAR-WifiQuickSettingButton( 1177): onWifiSignalChanged enabled=true enabledDesc:"宣龙华的 iPhone (2)"
08-08 23:39:37.928 D/StatusBar.NetworkController( 1177): refreshSignalCluster - setNWBoosterIndicators(false)
08-08 23:39:37.928 D/StatusBar.NetworkController( 1177): applyCHN
08-08 23:39:37.928 D/StatusBar.NetworkController( 1177): refreshSignalCluster - setNWBoosterIndicators(false)
08-08 23:39:37.928 D/StatusBar.NetworkController( 1177): applyCHN
08-08 23:39:37.928 D/StatusBar.NetworkController( 1177): refreshSignalCluster - setNWBoosterIndicators(false)
08-08 23:39:37.928 D/StatusBar.NetworkController( 1177): applyCHN
08-08 23:39:37.928 D/StatusBar.NetworkController( 1177): refreshSignalCluster - setNWBoosterIndicators(false)
08-08 23:39:37.928 D/StatusBar.NetworkController( 1177): applyCHN
08-08 23:39:37.988 E/SMD     (  289): DCD ON
08-08 23:39:38.228 W/ActivityManager(  917): getTasks: caller 10205 does not hold GET_TASKS; limiting output
08-08 23:39:38.248 I/art     (23703): Alloc sticky concurrent mark sweep GC freed 1048319(38MB) AllocSpace objects, 0(0B) LOS objects, 25% free, 18MB/24MB, paused 689us total 108.805ms
08-08 23:39:39.238 W/ActivityManager(  917): getTasks: caller 10205 does not hold GET_TASKS; limiting output
08-08 23:39:39.518 W/ActivityManager(  917): getTasks: caller 10205 does not hold GET_TASKS; limiting output
08-08 23:39:39.518 W/ActivityManager(  917): getTasks: caller 10205 does not hold GET_TASKS; limiting output
08-08 23:39:40.238 W/ActivityManager(  917): getTasks: caller 10205 does not hold GET_TASKS; limiting output
08-08 23:39:40.948 D/StatusBar.NetworkController( 1177): refreshViews connected={ wifi } level=4 combinedSignalIconId=0x7f020556/com.android.systemui:drawable/stat_sys_wifi_signal_4 mobileLabel=仅限紧急通话 wifiLabel="宣龙华的 iPhone (2)"xxxxXXXXxxxxXXXX emergencyOnly=true combinedLabel="宣龙华的 iPhone (2)"xxxxXXXXxxxxXXXX mAirplaneMode=false mDataActivity=0 mPhoneSignalIconId=0x7f0204e9/com.android.systemui:drawable/stat_sys_signal_4 mQSPhoneSignalIconId=0x7f020148/com.android.systemui:drawable/ic_qs_signal_4 mDataDirectionIconId=0x0/(null) mDataSignalIconId=0x7f0204e9/com.android.systemui:drawable/stat_sys_signal_4 mDataTypeIconId=0x0/(null) mQSDataTypeIconId=0x0/(null) mNoSimIconId=0x0/(null) mWifiIconId=0x7f020556/com.android.systemui:drawable/stat_sys_wifi_signal_4 mQSWifiIconId=0x7f02015e/com.android.systemui:drawable/ic_qs_wifi_4 mWifiActivityIconId=0x7f020529/com.android.systemui:drawable/stat_sys_signal_no_inout mBluetoothTetherIconId=0x10808f1/android:drawable/stat_sys_tether_bluetooth
08-08 23:39:40.948 D/STATUSBAR-WifiQuickSettingButton( 1177): onWifiSignalChanged enabled=true enabledDesc:"宣龙华的 iPhone (2)"
08-08 23:39:40.948 D/StatusBar.NetworkController( 1177): refreshSignalCluster - setNWBoosterIndicators(false)
08-08 23:39:40.948 D/StatusBar.NetworkController( 1177): applyCHN
08-08 23:39:40.948 D/StatusBar.NetworkController( 1177): refreshSignalCluster - setNWBoosterIndicators(false)
08-08 23:39:40.948 D/StatusBar.NetworkController( 1177): applyCHN
08-08 23:39:40.948 D/StatusBar.NetworkController( 1177): refreshSignalCluster - setNWBoosterIndicators(false)
08-08 23:39:40.948 D/StatusBar.NetworkController( 1177): applyCHN
08-08 23:39:40.948 D/StatusBar.NetworkController( 1177): refreshSignalCluster - setNWBoosterIndicators(false)
08-08 23:39:40.948 D/StatusBar.NetworkController( 1177): applyCHN
08-08 23:39:40.988 E/SMD     (  289): DCD ON
08-08 23:39:41.238 W/ActivityManager(  917): getTasks: caller 10205 does not hold GET_TASKS; limiting output
08-08 23:39:41.528 W/ActivityManager(  917): getTasks: caller 10205 does not hold GET_TASKS; limiting output
08-08 23:39:41.528 W/ActivityManager(  917): getTasks: caller 10205 does not hold GET_TASKS; limiting output
08-08 23:39:42.068 D/SSRM:n  (  917): SIOP:: AP = 430, PST = 430, CUR = 450
08-08 23:39:42.248 W/ActivityManager(  917): getTasks: caller 10205 does not hold GET_TASKS; limiting output
08-08 23:39:43.248 W/ActivityManager(  917): getTasks: caller 10205 does not hold GET_TASKS; limiting output
08-08 23:39:43.528 W/ActivityManager(  917): getTasks: caller 10205 does not hold GET_TASKS; limiting output
08-08 23:39:43.538 W/ActivityManager(  917): getTasks: caller 10205 does not hold GET_TASKS; limiting output
08-08 23:39:43.988 E/SMD     (  289): DCD ON
08-08 23:39:44.248 W/ActivityManager(  917): getTasks: caller 10205 does not hold GET_TASKS; limiting output
08-08 23:39:45.258 W/ActivityManager(  917): getTasks: caller 10205 does not hold GET_TASKS; limiting output
08-08 23:39:45.538 W/ActivityManager(  917): getTasks: caller 10205 does not hold GET_TASKS; limiting output
08-08 23:39:45.538 W/ActivityManager(  917): getTasks: caller 10205 does not hold GET_TASKS; limiting output
08-08 23:39:46.158 I/art     (23703): Alloc sticky concurrent mark sweep GC freed 1048319(38MB) AllocSpace objects, 0(0B) LOS objects, 25% free, 18MB/24MB, paused 704us total 126.139ms
08-08 23:39:46.258 W/ActivityManager(  917): getTasks: caller 10205 does not hold GET_TASKS; limiting output
08-08 23:39:46.988 E/SMD     (  289): DCD ON
08-08 23:39:47.258 W/ActivityManager(  917): getTasks: caller 10205 does not hold GET_TASKS; limiting output
08-08 23:39:47.538 D/StatusBar.NetworkController( 1177): refreshViews connected={ wifi } level=4 combinedSignalIconId=0x7f020556/com.android.systemui:drawable/stat_sys_wifi_signal_4 mobileLabel=仅限紧急通话 wifiLabel="宣龙华的 iPhone (2)"xxxxXXXXxxxxXXXX emergencyOnly=true combinedLabel="宣龙华的 iPhone (2)"xxxxXXXXxxxxXXXX mAirplaneMode=false mDataActivity=0 mPhoneSignalIconId=0x7f0204e9/com.android.systemui:drawable/stat_sys_signal_4 mQSPhoneSignalIconId=0x7f020148/com.android.systemui:drawable/ic_qs_signal_4 mDataDirectionIconId=0x0/(null) mDataSignalIconId=0x7f0204e9/com.android.systemui:drawable/stat_sys_signal_4 mDataTypeIconId=0x0/(null) mQSDataTypeIconId=0x0/(null) mNoSimIconId=0x0/(null) mWifiIconId=0x7f020556/com.android.systemui:drawable/stat_sys_wifi_signal_4 mQSWifiIconId=0x7f02015e/com.android.systemui:drawable/ic_qs_wifi_4 mWifiActivityIconId=0x7f020525/com.android.systemui:drawable/stat_sys_signal_in mBluetoothTetherIconId=0x10808f1/android:drawable/stat_sys_tether_bluetooth
08-08 23:39:47.538 D/STATUSBAR-WifiQuickSettingButton( 1177): onWifiSignalChanged enabled=true enabledDesc:"宣龙华的 iPhone (2)"
08-08 23:39:47.538 D/StatusBar.NetworkController( 1177): refreshSignalCluster - setNWBoosterIndicators(false)
08-08 23:39:47.538 D/StatusBar.NetworkController( 1177): applyCHN
08-08 23:39:47.548 D/StatusBar.NetworkController( 1177): refreshSignalCluster - setNWBoosterIndicators(false)
08-08 23:39:47.548 D/StatusBar.NetworkController( 1177): applyCHN
08-08 23:39:47.548 D/StatusBar.NetworkController( 1177): refreshSignalCluster - setNWBoosterIndicators(false)
08-08 23:39:47.548 D/StatusBar.NetworkController( 1177): applyCHN
08-08 23:39:47.548 D/StatusBar.NetworkController( 1177): refreshSignalCluster - setNWBoosterIndicators(false)
08-08 23:39:47.548 D/StatusBar.NetworkController( 1177): applyCHN
08-08 23:39:47.548 W/ActivityManager(  917): getTasks: caller 10205 does not hold GET_TASKS; limiting output
08-08 23:39:47.548 W/ActivityManager(  917): getTasks: caller 10205 does not hold GET_TASKS; limiting output
08-08 23:39:48.098 E/Watchdog(  917): !@Sync 3303
08-08 23:39:48.278 W/ActivityManager(  917): getTasks: caller 10205 does not hold GET_TASKS; limiting output
08-08 23:39:48.548 D/StatusBar.NetworkController( 1177): refreshViews connected={ wifi } level=4 combinedSignalIconId=0x7f020556/com.android.systemui:drawable/stat_sys_wifi_signal_4 mobileLabel=仅限紧急通话 wifiLabel="宣龙华的 iPhone (2)"xxxxXXXXxxxxXXXX emergencyOnly=true combinedLabel="宣龙华的 iPhone (2)"xxxxXXXXxxxxXXXX mAirplaneMode=false mDataActivity=0 mPhoneSignalIconId=0x7f0204e9/com.android.systemui:drawable/stat_sys_signal_4 mQSPhoneSignalIconId=0x7f020148/com.android.systemui:drawable/ic_qs_signal_4 mDataDirectionIconId=0x0/(null) mDataSignalIconId=0x7f0204e9/com.android.systemui:drawable/stat_sys_signal_4 mDataTypeIconId=0x0/(null) mQSDataTypeIconId=0x0/(null) mNoSimIconId=0x0/(null) mWifiIconId=0x7f020556/com.android.systemui:drawable/stat_sys_wifi_signal_4 mQSWifiIconId=0x7f02015e/com.android.systemui:drawable/ic_qs_wifi_4 mWifiActivityIconId=0x7f020529/com.android.systemui:drawable/stat_sys_signal_no_inout mBluetoothTetherIconId=0x10808f1/android:drawable/stat_sys_tether_bluetooth
08-08 23:39:48.548 D/STATUSBAR-WifiQuickSettingButton( 1177): onWifiSignalChanged enabled=true enabledDesc:"宣龙华的 iPhone (2)"
08-08 23:39:48.548 D/StatusBar.NetworkController( 1177): refreshSignalCluster - setNWBoosterIndicators(false)
08-08 23:39:48.548 D/StatusBar.NetworkController( 1177): applyCHN
08-08 23:39:48.558 D/StatusBar.NetworkController( 1177): refreshSignalCluster - setNWBoosterIndicators(false)
08-08 23:39:48.558 D/StatusBar.NetworkController( 1177): applyCHN
08-08 23:39:48.558 D/StatusBar.NetworkController( 1177): refreshSignalCluster - setNWBoosterIndicators(false)
08-08 23:39:48.558 D/StatusBar.NetworkController( 1177): applyCHN
08-08 23:39:48.558 D/StatusBar.NetworkController( 1177): refreshSignalCluster - setNWBoosterIndicators(false)
08-08 23:39:48.558 D/StatusBar.NetworkController( 1177): applyCHN
08-08 23:39:49.278 W/ActivityManager(  917): getTasks: caller 10205 does not hold GET_TASKS; limiting output
08-08 23:39:49.558 W/ActivityManager(  917): getTasks: caller 10205 does not hold GET_TASKS; limiting output
08-08 23:39:49.558 W/ActivityManager(  917): getTasks: caller 10205 does not hold GET_TASKS; limiting output
08-08 23:39:49.988 E/SMD     (  289): DCD ON
08-08 23:39:50.278 W/ActivityManager(  917): getTasks: caller 10205 does not hold GET_TASKS; limiting output
08-08 23:39:51.288 W/ActivityManager(  917): getTasks: caller 10205 does not hold GET_TASKS; limiting output
08-08 23:39:51.558 W/ActivityManager(  917): getTasks: caller 10205 does not hold GET_TASKS; limiting output
08-08 23:39:51.558 W/ActivityManager(  917): getTasks: caller 10205 does not hold GET_TASKS; limiting output
08-08 23:39:52.098 D/SSRM:n  (  917): SIOP:: AP = 430, PST = 430, CUR = 450
08-08 23:39:52.288 W/ActivityManager(  917): getTasks: caller 10205 does not hold GET_TASKS; limiting output
08-08 23:39:52.988 E/SMD     (  289): DCD ON
08-08 23:39:53.298 W/ActivityManager(  917): getTasks: caller 10205 does not hold GET_TASKS; limiting output
08-08 23:39:53.548 V/AlarmManager(  917): waitForAlarm result :4
08-08 23:39:53.568 V/CommonParams( 5484): cast to Long com.baidu.pushservice.clt Exception. java.lang.NullPointerException: Attempt to invoke virtual method 'java.lang.String java.lang.Object.toString()' on a null object reference
08-08 23:39:53.568 V/CommonParams( 5484): cast to int com.baidu.pushservice.lsi Exception. 
08-08 23:39:53.568 D/ActivityManager(  917): caller:null, r.packageName :com.baidu.appsearch
08-08 23:39:53.568 W/ActivityManager(  917): getTasks: caller 10205 does not hold GET_TASKS; limiting output
08-08 23:39:53.568 D/ConnectivityService(  917): returning getActiveNetworkInfo :[type: WIFI[] - WIFI, state: CONNECTED/CONNECTED, reason: (unspecified), extra: "宣龙华的 iPhone (2)", roaming: false, failover: false, isAvailable: true, isConnectedToProvisioningNetwork: false]
08-08 23:39:53.568 W/ActivityManager(  917): getTasks: caller 10205 does not hold GET_TASKS; limiting output
08-08 23:39:53.578 D/StatusBar.NetworkController( 1177): refreshViews connected={ wifi } level=4 combinedSignalIconId=0x7f020556/com.android.systemui:drawable/stat_sys_wifi_signal_4 mobileLabel=仅限紧急通话 wifiLabel="宣龙华的 iPhone (2)"xxxxXXXXxxxxXXXX emergencyOnly=true combinedLabel="宣龙华的 iPhone (2)"xxxxXXXXxxxxXXXX mAirplaneMode=false mDataActivity=0 mPhoneSignalIconId=0x7f0204e9/com.android.systemui:drawable/stat_sys_signal_4 mQSPhoneSignalIconId=0x7f020148/com.android.systemui:drawable/ic_qs_signal_4 mDataDirectionIconId=0x0/(null) mDataSignalIconId=0x7f0204e9/com.android.systemui:drawable/stat_sys_signal_4 mDataTypeIconId=0x0/(null) mQSDataTypeIconId=0x0/(null) mNoSimIconId=0x0/(null) mWifiIconId=0x7f020556/com.android.systemui:drawable/stat_sys_wifi_signal_4 mQSWifiIconId=0x7f02015e/com.android.systemui:drawable/ic_qs_wifi_4 mWifiActivityIconId=0x7f020532/com.android.systemui:drawable/stat_sys_signal_out mBluetoothTetherIconId=0x10808f1/android:drawable/stat_sys_tether_bluetooth
08-08 23:39:53.578 D/STATUSBAR-WifiQuickSettingButton( 1177): onWifiSignalChanged enabled=true enabledDesc:"宣龙华的 iPhone (2)"
08-08 23:39:53.578 D/StatusBar.NetworkController( 1177): refreshSignalCluster - setNWBoosterIndicators(false)
08-08 23:39:53.578 D/StatusBar.NetworkController( 1177): applyCHN
08-08 23:39:53.578 D/StatusBar.NetworkController( 1177): refreshSignalCluster - setNWBoosterIndicators(false)
08-08 23:39:53.578 D/StatusBar.NetworkController( 1177): applyCHN
08-08 23:39:53.578 D/StatusBar.NetworkController( 1177): refreshSignalCluster - setNWBoosterIndicators(false)
08-08 23:39:53.578 D/StatusBar.NetworkController( 1177): applyCHN
08-08 23:39:53.578 D/StatusBar.NetworkController( 1177): refreshSignalCluster - setNWBoosterIndicators(false)
08-08 23:39:53.578 D/StatusBar.NetworkController( 1177): applyCHN
08-08 23:39:53.588 V/CommonParams( 5484): cast to int com.baidu.pushservice.sd Exception. 
08-08 23:39:53.588 D/ConnectivityService(  917): returning getActiveNetworkInfo :[type: WIFI[] - WIFI, state: CONNECTED/CONNECTED, reason: (unspecified), extra: "宣龙华的 iPhone (2)", roaming: false, failover: false, isAvailable: true, isConnectedToProvisioningNetwork: false]
08-08 23:39:53.588 D/ConnectivityService(  917): returning getActiveNetworkInfo :[type: WIFI[] - WIFI, state: CONNECTED/CONNECTED, reason: (unspecified), extra: "宣龙华的 iPhone (2)", roaming: false, failover: false, isAvailable: true, isConnectedToProvisioningNetwork: false]
08-08 23:39:53.588 D/BatteryService(  917): !@BatteryListener : batteryPropertiesChanged!
08-08 23:39:53.588 D/ConnectivityService(  917): returning getNetworkInfo(networkType - 1) :[type: WIFI[] - WIFI, state: CONNECTED/CONNECTED, reason: (unspecified), extra: "宣龙华的 iPhone (2)", roaming: false, failover: false, isAvailable: true, isConnectedToProvisioningNetwork: false]
08-08 23:39:53.598 W/FileUtils( 5484): Failed to chmod(/storage/emulated/0/baidu/pushservice/database/pushstat_4.5.6.db): android.system.ErrnoException: chmod failed: EPERM (Operation not permitted)
08-08 23:39:53.778 I/socket  ( 5484): msgid:5
08-08 23:39:54.268 I/art     (23703): Alloc sticky concurrent mark sweep GC freed 1048319(38MB) AllocSpace objects, 0(0B) LOS objects, 25% free, 18MB/24MB, paused 970us total 129.811ms
08-08 23:39:54.298 W/ActivityManager(  917): getTasks: caller 10205 does not hold GET_TASKS; limiting output
08-08 23:39:54.578 D/StatusBar.NetworkController( 1177): refreshViews connected={ wifi } level=4 combinedSignalIconId=0x7f020556/com.android.systemui:drawable/stat_sys_wifi_signal_4 mobileLabel=仅限紧急通话 wifiLabel="宣龙华的 iPhone (2)"xxxxXXXXxxxxXXXX emergencyOnly=true combinedLabel="宣龙华的 iPhone (2)"xxxxXXXXxxxxXXXX mAirplaneMode=false mDataActivity=0 mPhoneSignalIconId=0x7f0204e9/com.android.systemui:drawable/stat_sys_signal_4 mQSPhoneSignalIconId=0x7f020148/com.android.systemui:drawable/ic_qs_signal_4 mDataDirectionIconId=0x0/(null) mDataSignalIconId=0x7f0204e9/com.android.systemui:drawable/stat_sys_signal_4 mDataTypeIconId=0x0/(null) mQSDataTypeIconId=0x0/(null) mNoSimIconId=0x0/(null) mWifiIconId=0x7f020556/com.android.systemui:drawable/stat_sys_wifi_signal_4 mQSWifiIconId=0x7f02015e/com.android.systemui:drawable/ic_qs_wifi_4 mWifiActivityIconId=0x7f020527/com.android.systemui:drawable/stat_sys_signal_inout mBluetoothTetherIconId=0x10808f1/android:drawable/stat_sys_tether_bluetooth
08-08 23:39:54.578 D/STATUSBAR-WifiQuickSettingButton( 1177): onWifiSignalChanged enabled=true enabledDesc:"宣龙华的 iPhone (2)"
08-08 23:39:54.588 D/StatusBar.NetworkController( 1177): refreshSignalCluster - setNWBoosterIndicators(false)
08-08 23:39:54.588 D/StatusBar.NetworkController( 1177): applyCHN
08-08 23:39:54.588 D/StatusBar.NetworkController( 1177): refreshSignalCluster - setNWBoosterIndicators(false)
08-08 23:39:54.588 D/StatusBar.NetworkController( 1177): applyCHN
08-08 23:39:54.588 D/StatusBar.NetworkController( 1177): refreshSignalCluster - setNWBoosterIndicators(false)
08-08 23:39:54.588 D/StatusBar.NetworkController( 1177): applyCHN
08-08 23:39:54.588 D/StatusBar.NetworkController( 1177): refreshSignalCluster - setNWBoosterIndicators(false)
08-08 23:39:54.588 D/StatusBar.NetworkController( 1177): applyCHN
08-08 23:39:55.298 W/ActivityManager(  917): getTasks: caller 10205 does not hold GET_TASKS; limiting output
08-08 23:39:55.568 W/ActivityManager(  917): getTasks: caller 10205 does not hold GET_TASKS; limiting output
08-08 23:39:55.578 D/StatusBar.NetworkController( 1177): refreshViews connected={ wifi } level=4 combinedSignalIconId=0x7f020556/com.android.systemui:drawable/stat_sys_wifi_signal_4 mobileLabel=仅限紧急通话 wifiLabel="宣龙华的 iPhone (2)"xxxxXXXXxxxxXXXX emergencyOnly=true combinedLabel="宣龙华的 iPhone (2)"xxxxXXXXxxxxXXXX mAirplaneMode=false mDataActivity=0 mPhoneSignalIconId=0x7f0204e9/com.android.systemui:drawable/stat_sys_signal_4 mQSPhoneSignalIconId=0x7f020148/com.android.systemui:drawable/ic_qs_signal_4 mDataDirectionIconId=0x0/(null) mDataSignalIconId=0x7f0204e9/com.android.systemui:drawable/stat_sys_signal_4 mDataTypeIconId=0x0/(null) mQSDataTypeIconId=0x0/(null) mNoSimIconId=0x0/(null) mWifiIconId=0x7f020556/com.android.systemui:drawable/stat_sys_wifi_signal_4 mQSWifiIconId=0x7f02015e/com.android.systemui:drawable/ic_qs_wifi_4 mWifiActivityIconId=0x7f020529/com.android.systemui:drawable/stat_sys_signal_no_inout mBluetoothTetherIconId=0x10808f1/android:drawable/stat_sys_tether_bluetooth
08-08 23:39:55.578 D/STATUSBAR-WifiQuickSettingButton( 1177): onWifiSignalChanged enabled=true enabledDesc:"宣龙华的 iPhone (2)"
08-08 23:39:55.578 W/ActivityManager(  917): getTasks: caller 10205 does not hold GET_TASKS; limiting output
08-08 23:39:55.588 D/StatusBar.NetworkController( 1177): refreshSignalCluster - setNWBoosterIndicators(false)
08-08 23:39:55.588 D/StatusBar.NetworkController( 1177): applyCHN
08-08 23:39:55.588 D/StatusBar.NetworkController( 1177): refreshSignalCluster - setNWBoosterIndicators(false)
08-08 23:39:55.588 D/StatusBar.NetworkController( 1177): applyCHN
08-08 23:39:55.588 D/StatusBar.NetworkController( 1177): refreshSignalCluster - setNWBoosterIndicators(false)
08-08 23:39:55.588 D/StatusBar.NetworkController( 1177): applyCHN
08-08 23:39:55.588 D/StatusBar.NetworkController( 1177): refreshSignalCluster - setNWBoosterIndicators(false)
08-08 23:39:55.588 D/StatusBar.NetworkController( 1177): applyCHN
08-08 23:39:55.988 E/SMD     (  289): DCD ON
08-08 23:39:56.308 W/ActivityManager(  917): getTasks: caller 10205 does not hold GET_TASKS; limiting output
08-08 23:39:56.628 D/cell strength( 1386): ===== cell singal strength changed : 14
08-08 23:39:56.628 D/StatusBar.NetworkController( 1177): onSignalStrengthsChanged signalStrength=SignalStrength: 14 99 -120 -160 -120 -1 -1 99 2147483647 2147483647 2147483647 -1 2147483647 0x4 gsm|lte level=4
08-08 23:39:56.628 D/StatusBar.NetworkController( 1177): updateTelephonySignalStrength: hasService=true ss=SignalStrength: 14 99 -120 -160 -120 -1 -1 99 2147483647 2147483647 2147483647 -1 2147483647 0x4 gsm|lte
08-08 23:39:56.628 D/StatusBar.NetworkController( 1177): updateTelephonySignalStrength: iconLevel=4
08-08 23:39:56.628 D/StatusBar.NetworkController( 1177): updateTelephonySignalStrength, No signal level. mPhoneSignalIconId = com.android.systemui:drawable/stat_sys_signal_4 mDataSignalIconId = com.android.systemui:drawable/stat_sys_signal_4 mQSPhoneSignalIconId = com.android.systemui:drawable/ic_qs_signal_4 mContentDescriptionPhoneSignal = 满格手机信号
08-08 23:39:56.628 D/StatusBar.NetworkController( 1177): refreshViews connected={ wifi } level=4 combinedSignalIconId=0x7f020556/com.android.systemui:drawable/stat_sys_wifi_signal_4 mobileLabel=仅限紧急通话 wifiLabel="宣龙华的 iPhone (2)"xxxxXXXXxxxxXXXX emergencyOnly=true combinedLabel="宣龙华的 iPhone (2)"xxxxXXXXxxxxXXXX mAirplaneMode=false mDataActivity=0 mPhoneSignalIconId=0x7f0204e9/com.android.systemui:drawable/stat_sys_signal_4 mQSPhoneSignalIconId=0x7f020148/com.android.systemui:drawable/ic_qs_signal_4 mDataDirectionIconId=0x0/(null) mDataSignalIconId=0x7f0204e9/com.android.systemui:drawable/stat_sys_signal_4 mDataTypeIconId=0x0/(null) mQSDataTypeIconId=0x0/(null) mNoSimIconId=0x0/(null) mWifiIconId=0x7f020556/com.android.systemui:drawable/stat_sys_wifi_signal_4 mQSWifiIconId=0x7f02015e/com.android.systemui:drawable/ic_qs_wifi_4 mWifiActivityIconId=0x7f020529/com.android.systemui:drawable/stat_sys_signal_no_inout mBluetoothTetherIconId=0x10808f1/android:drawable/stat_sys_tether_bluetooth
08-08 23:39:56.628 D/STATUSBAR-WifiQuickSettingButton( 1177): onWifiSignalChanged enabled=true enabledDesc:"宣龙华的 iPhone (2)"
08-08 23:39:57.318 W/ActivityManager(  917): getTasks: caller 10205 does not hold GET_TASKS; limiting output
08-08 23:39:57.578 W/ActivityManager(  917): getTasks: caller 10205 does not hold GET_TASKS; limiting output
08-08 23:39:57.578 W/ActivityManager(  917): getTasks: caller 10205 does not hold GET_TASKS; limiting output
08-08 23:39:58.328 W/ActivityManager(  917): getTasks: caller 10205 does not hold GET_TASKS; limiting output
08-08 23:39:58.988 E/SMD     (  289): DCD ON
08-08 23:39:59.248 I/art     ( 2844): Alloc sticky concurrent mark sweep GC freed 1039933(53MB) AllocSpace objects, 0(0B) LOS objects, 0% free, 40MB/40MB, paused 1.376ms total 159.824ms
08-08 23:39:59.248 I/art     ( 2844): WaitForGcToComplete blocked for 151.911ms for cause Alloc
08-08 23:39:59.268 I/art     ( 2844): Alloc sticky concurrent mark sweep GC freed 3(336B) AllocSpace objects, 0(0B) LOS objects, 0% free, 40MB/40MB, paused 1.876ms total 20.067ms
08-08 23:39:59.328 W/ActivityManager(  917): getTasks: caller 10205 does not hold GET_TASKS; limiting output
08-08 23:39:59.578 W/ActivityManager(  917): getTasks: caller 10205 does not hold GET_TASKS; limiting output
08-08 23:39:59.588 W/ActivityManager(  917): getTasks: caller 10205 does not hold GET_TASKS; limiting output
08-08 23:39:59.998 D/KeyguardUpdateMonitor( 1177): received broadcast android.intent.action.TIME_TICK
08-08 23:39:59.998 D/KeyguardUpdateMonitor( 1177): handleTimeUpdate
08-08 23:39:59.998 D/KeyguardEffectViewController( 1177): onReceive action : android.intent.action.TIME_TICK
08-08 23:39:59.998 I/KeyguardEffectViewController( 1177): *** don't update sliding image ***
08-08 23:39:59.998 V/AlarmManager(  917): waitForAlarm result :8
08-08 23:40:00.028 D/DateView( 1177): regionalDateFormat = 3333/11/22 isRTLlanguage = false returnDateFormat = MMMM d日, E
08-08 23:40:00.028 D/DateView( 1177): regionalDateFormat = 3333/11/22 isRTLlanguage = false returnDateFormat = MMMM d日, E
08-08 23:40:00.328 W/ActivityManager(  917): getTasks: caller 10205 does not hold GET_TASKS; limiting output
08-08 23:40:01.328 W/ActivityManager(  917): getTasks: caller 10205 does not hold GET_TASKS; limiting output
08-08 23:40:01.588 W/ActivityManager(  917): getTasks: caller 10205 does not hold GET_TASKS; limiting output
08-08 23:40:01.588 W/ActivityManager(  917): getTasks: caller 10205 does not hold GET_TASKS; limiting output
08-08 23:40:01.988 E/SMD     (  289): DCD ON
08-08 23:40:02.188 D/SSRM:n  (  917): SIOP:: AP = 430, PST = 430, CUR = 450
08-08 23:40:02.208 I/art     (23703): Alloc sticky concurrent mark sweep GC freed 1048319(38MB) AllocSpace objects, 0(0B) LOS objects, 25% free, 18MB/24MB, paused 691us total 118.677ms
08-08 23:40:02.338 W/ActivityManager(  917): getTasks: caller 10205 does not hold GET_TASKS; limiting output
08-08 23:40:03.348 W/ActivityManager(  917): getTasks: caller 10205 does not hold GET_TASKS; limiting output
08-08 23:40:03.608 W/ActivityManager(  917): getTasks: caller 10205 does not hold GET_TASKS; limiting output
08-08 23:40:03.608 W/ActivityManager(  917): getTasks: caller 10205 does not hold GET_TASKS; limiting output
08-08 23:40:03.648 D/KeyguardUpdateMonitor( 1177): received broadcast android.intent.action.BATTERY_CHANGED
08-08 23:40:03.648 D/KeyguardUpdateMonitor( 1177): handleBatteryUpdate
08-08 23:40:03.648 D/BatteryService(  917): !@BatteryListener : batteryPropertiesChanged!
08-08 23:40:03.648 D/BatteryService(  917): level:19, scale:100, status:2, health:2, present:true, voltage: 3766, temperature: 345, technology: Li-ion, AC powered:false, USB powered:true, Wireless powered:false, icon:17303724, invalid charger:0
08-08 23:40:03.648 D/BatteryService(  917): online:4, current avg:450, charge type:1, power sharing:false, high voltage charger:false, capacity:280000, current_now:450
08-08 23:40:03.648 D/BatteryService(  917): Sending ACTION_BATTERY_CHANGED.
08-08 23:40:03.648 I/MotionRecognitionService(  917): Plugged
08-08 23:40:03.648 I/MotionRecognitionService(  917): setPowerConnected  = true
08-08 23:40:03.648 D/STATUSBAR-PhoneStatusBar( 1177):  mBrightnessEnablebySettings = true mBrightnessEnablebyBattery = true mBrightnessEnablebyDisableFlag = true mPmsBrightnessEnablebySettings = true
08-08 23:40:03.648 D/BatteryMeterView( 1177): ACTION_BATTERY_CHANGED : level:19 status:2 health:2
08-08 23:40:03.648 D/BatteryMeterView( 1177): ACTION_BATTERY_CHANGED : level:19 status:2 health:2
08-08 23:40:03.648 D/BatteryMeterView( 1177): ACTION_BATTERY_CHANGED : level:19 status:2 health:2
08-08 23:40:03.658 V/HeadsetService( 3910): HeadsetService - Received Intent.ACTION_BATTERY_CHANGED
08-08 23:40:03.658 D/HeadsetStateMachine( 3910): Disconnected process message: 10
08-08 23:40:04.358 W/ActivityManager(  917): getTasks: caller 10205 does not hold GET_TASKS; limiting output
08-08 23:40:04.988 E/SMD     (  289): DCD ON
08-08 23:40:05.368 W/ActivityManager(  917): getTasks: caller 10205 does not hold GET_TASKS; limiting output
08-08 23:40:05.608 W/ActivityManager(  917): getTasks: caller 10205 does not hold GET_TASKS; limiting output
08-08 23:40:05.608 W/ActivityManager(  917): getTasks: caller 10205 does not hold GET_TASKS; limiting output
08-08 23:40:06.378 W/ActivityManager(  917): getTasks: caller 10205 does not hold GET_TASKS; limiting output
08-08 23:40:07.388 W/ActivityManager(  917): getTasks: caller 10205 does not hold GET_TASKS; limiting output
08-08 23:40:07.618 W/ActivityManager(  917): getTasks: caller 10205 does not hold GET_TASKS; limiting output
08-08 23:40:07.618 W/ActivityManager(  917): getTasks: caller 10205 does not hold GET_TASKS; limiting output
08-08 23:40:07.988 E/SMD     (  289): DCD ON
08-08 23:40:08.388 W/ActivityManager(  917): getTasks: caller 10205 does not hold GET_TASKS; limiting output
08-08 23:40:09.398 W/ActivityManager(  917): getTasks: caller 10205 does not hold GET_TASKS; limiting output
08-08 23:40:09.618 W/ActivityManager(  917): getTasks: caller 10205 does not hold GET_TASKS; limiting output
08-08 23:40:09.618 W/ActivityManager(  917): getTasks: caller 10205 does not hold GET_TASKS; limiting output
08-08 23:40:10.078 D/StatusBar.NetworkController( 1177): onSignalStrengthsChanged signalStrength=SignalStrength: 14 99 -120 -160 -120 -1 -1 99 2147483647 2147483647 2147483647 -1 2147483647 0x4 gsm|lte level=4
08-08 23:40:10.078 D/StatusBar.NetworkController( 1177): updateTelephonySignalStrength: hasService=true ss=SignalStrength: 14 99 -120 -160 -120 -1 -1 99 2147483647 2147483647 2147483647 -1 2147483647 0x4 gsm|lte
08-08 23:40:10.078 D/StatusBar.NetworkController( 1177): updateTelephonySignalStrength: iconLevel=4
08-08 23:40:10.078 D/StatusBar.NetworkController( 1177): updateTelephonySignalStrength, No signal level. mPhoneSignalIconId = com.android.systemui:drawable/stat_sys_signal_4 mDataSignalIconId = com.android.systemui:drawable/stat_sys_signal_4 mQSPhoneSignalIconId = com.android.systemui:drawable/ic_qs_signal_4 mContentDescriptionPhoneSignal = 满格手机信号
08-08 23:40:10.078 D/StatusBar.NetworkController( 1177): refreshViews connected={ wifi } level=4 combinedSignalIconId=0x7f020556/com.android.systemui:drawable/stat_sys_wifi_signal_4 mobileLabel=仅限紧急通话 wifiLabel="宣龙华的 iPhone (2)"xxxxXXXXxxxxXXXX emergencyOnly=true combinedLabel="宣龙华的 iPhone (2)"xxxxXXXXxxxxXXXX mAirplaneMode=false mDataActivity=0 mPhoneSignalIconId=0x7f0204e9/com.android.systemui:drawable/stat_sys_signal_4 mQSPhoneSignalIconId=0x7f020148/com.android.systemui:drawable/ic_qs_signal_4 mDataDirectionIconId=0x0/(null) mDataSignalIconId=0x7f0204e9/com.android.systemui:drawable/stat_sys_signal_4 mDataTypeIconId=0x0/(null) mQSDataTypeIconId=0x0/(null) mNoSimIconId=0x0/(null) mWifiIconId=0x7f020556/com.android.systemui:drawable/stat_sys_wifi_signal_4 mQSWifiIconId=0x7f02015e/com.android.systemui:drawable/ic_qs_wifi_4 mWifiActivityIconId=0x7f020529/com.android.systemui:drawable/stat_sys_signal_no_inout mBluetoothTetherIconId=0x10808f1/android:drawable/stat_sys_tether_bluetooth
08-08 23:40:10.078 D/STATUSBAR-WifiQuickSettingButton( 1177): onWifiSignalChanged enabled=true enabledDesc:"宣龙华的 iPhone (2)"
08-08 23:40:10.078 D/cell strength( 1386): ===== cell singal strength changed : 14
08-08 23:40:10.098 I/art     (23703): Alloc sticky concurrent mark sweep GC freed 1048319(38MB) AllocSpace objects, 0(0B) LOS objects, 25% free, 18MB/24MB, paused 700us total 113.782ms
08-08 23:40:10.398 W/ActivityManager(  917): getTasks: caller 10205 does not hold GET_TASKS; limiting output
08-08 23:40:10.988 E/SMD     (  289): DCD ON
08-08 23:40:11.398 W/ActivityManager(  917): getTasks: caller 10205 does not hold GET_TASKS; limiting output
08-08 23:40:11.628 W/ActivityManager(  917): getTasks: caller 10205 does not hold GET_TASKS; limiting output
08-08 23:40:11.628 W/ActivityManager(  917): getTasks: caller 10205 does not hold GET_TASKS; limiting output
08-08 23:40:12.258 D/SSRM:n  (  917): SIOP:: AP = 430, PST = 430, CUR = 450
08-08 23:40:12.408 W/ActivityManager(  917): getTasks: caller 10205 does not hold GET_TASKS; limiting output
08-08 23:40:13.418 W/ActivityManager(  917): getTasks: caller 10205 does not hold GET_TASKS; limiting output
08-08 23:40:13.628 W/ActivityManager(  917): getTasks: caller 10205 does not hold GET_TASKS; limiting output
08-08 23:40:13.628 W/ActivityManager(  917): getTasks: caller 10205 does not hold GET_TASKS; limiting output
08-08 23:40:13.698 D/BatteryService(  917): !@BatteryListener : batteryPropertiesChanged!
08-08 23:40:13.698 D/BatteryService(  917): level:19, scale:100, status:2, health:2, present:true, voltage: 3772, temperature: 345, technology: Li-ion, AC powered:false, USB powered:true, Wireless powered:false, icon:17303724, invalid charger:0
08-08 23:40:13.698 D/BatteryService(  917): online:4, current avg:450, charge type:1, power sharing:false, high voltage charger:false, capacity:280000, current_now:450
08-08 23:40:13.698 D/BatteryService(  917): Sending ACTION_BATTERY_CHANGED.
08-08 23:40:13.708 D/KeyguardUpdateMonitor( 1177): received broadcast android.intent.action.BATTERY_CHANGED
08-08 23:40:13.708 D/KeyguardUpdateMonitor( 1177): handleBatteryUpdate
08-08 23:40:13.708 I/MotionRecognitionService(  917): Plugged
08-08 23:40:13.708 I/MotionRecognitionService(  917): setPowerConnected  = true
08-08 23:40:13.708 D/STATUSBAR-PhoneStatusBar( 1177):  mBrightnessEnablebySettings = true mBrightnessEnablebyBattery = true mBrightnessEnablebyDisableFlag = true mPmsBrightnessEnablebySettings = true
08-08 23:40:13.718 V/HeadsetService( 3910): HeadsetService - Received Intent.ACTION_BATTERY_CHANGED
08-08 23:40:13.718 D/HeadsetStateMachine( 3910): Disconnected process message: 10
08-08 23:40:13.728 D/BatteryMeterView( 1177): ACTION_BATTERY_CHANGED : level:19 status:2 health:2
08-08 23:40:13.728 D/BatteryMeterView( 1177): ACTION_BATTERY_CHANGED : level:19 status:2 health:2
08-08 23:40:13.728 D/BatteryMeterView( 1177): ACTION_BATTERY_CHANGED : level:19 status:2 health:2
08-08 23:40:13.988 E/SMD     (  289): DCD ON
08-08 23:40:14.418 W/ActivityManager(  917): getTasks: caller 10205 does not hold GET_TASKS; limiting output
08-08 23:40:15.428 W/ActivityManager(  917): getTasks: caller 10205 does not hold GET_TASKS; limiting output
08-08 23:40:15.628 W/ActivityManager(  917): getTasks: caller 10205 does not hold GET_TASKS; limiting output
08-08 23:40:15.628 W/ActivityManager(  917): getTasks: caller 10205 does not hold GET_TASKS; limiting output
08-08 23:40:16.428 W/ActivityManager(  917): getTasks: caller 10205 does not hold GET_TASKS; limiting output
08-08 23:40:16.988 E/SMD     (  289): DCD ON
08-08 23:40:17.428 W/ActivityManager(  917): getTasks: caller 10205 does not hold GET_TASKS; limiting output
08-08 23:40:17.638 W/ActivityManager(  917): getTasks: caller 10205 does not hold GET_TASKS; limiting output
08-08 23:40:17.638 W/ActivityManager(  917): getTasks: caller 10205 does not hold GET_TASKS; limiting output
08-08 23:40:18.038 I/art     (23703): Alloc sticky concurrent mark sweep GC freed 1048319(38MB) AllocSpace objects, 0(0B) LOS objects, 25% free, 18MB/24MB, paused 699us total 111.905ms
08-08 23:40:18.098 E/Watchdog(  917): !@Sync 3304
08-08 23:40:18.438 W/ActivityManager(  917): getTasks: caller 10205 does not hold GET_TASKS; limiting output
08-08 23:40:19.438 W/ActivityManager(  917): getTasks: caller 10205 does not hold GET_TASKS; limiting output
08-08 23:40:19.638 W/ActivityManager(  917): getTasks: caller 10205 does not hold GET_TASKS; limiting output
08-08 23:40:19.638 W/ActivityManager(  917): getTasks: caller 10205 does not hold GET_TASKS; limiting output
08-08 23:40:19.988 E/SMD     (  289): DCD ON
08-08 23:40:20.438 W/ActivityManager(  917): getTasks: caller 10205 does not hold GET_TASKS; limiting output
08-08 23:40:21.438 W/ActivityManager(  917): getTasks: caller 10205 does not hold GET_TASKS; limiting output
08-08 23:40:21.638 W/ActivityManager(  917): getTasks: caller 10205 does not hold GET_TASKS; limiting output
08-08 23:40:21.638 W/ActivityManager(  917): getTasks: caller 10205 does not hold GET_TASKS; limiting output
08-08 23:40:21.678 D/StatusBar.NetworkController( 1177): refreshViews connected={ wifi } level=4 combinedSignalIconId=0x7f020556/com.android.systemui:drawable/stat_sys_wifi_signal_4 mobileLabel=仅限紧急通话 wifiLabel="宣龙华的 iPhone (2)"xxxxXXXXxxxxXXXX emergencyOnly=true combinedLabel="宣龙华的 iPhone (2)"xxxxXXXXxxxxXXXX mAirplaneMode=false mDataActivity=0 mPhoneSignalIconId=0x7f0204e9/com.android.systemui:drawable/stat_sys_signal_4 mQSPhoneSignalIconId=0x7f020148/com.android.systemui:drawable/ic_qs_signal_4 mDataDirectionIconId=0x0/(null) mDataSignalIconId=0x7f0204e9/com.android.systemui:drawable/stat_sys_signal_4 mDataTypeIconId=0x0/(null) mQSDataTypeIconId=0x0/(null) mNoSimIconId=0x0/(null) mWifiIconId=0x7f020556/com.android.systemui:drawable/stat_sys_wifi_signal_4 mQSWifiIconId=0x7f02015e/com.android.systemui:drawable/ic_qs_wifi_4 mWifiActivityIconId=0x7f020527/com.android.systemui:drawable/stat_sys_signal_inout mBluetoothTetherIconId=0x10808f1/android:drawable/stat_sys_tether_bluetooth
08-08 23:40:21.678 D/STATUSBAR-WifiQuickSettingButton( 1177): onWifiSignalChanged enabled=true enabledDesc:"宣龙华的 iPhone (2)"
08-08 23:40:21.678 D/StatusBar.NetworkController( 1177): refreshSignalCluster - setNWBoosterIndicators(false)
08-08 23:40:21.678 D/StatusBar.NetworkController( 1177): applyCHN
08-08 23:40:21.678 D/StatusBar.NetworkController( 1177): refreshSignalCluster - setNWBoosterIndicators(false)
08-08 23:40:21.678 D/StatusBar.NetworkController( 1177): applyCHN
08-08 23:40:21.678 D/StatusBar.NetworkController( 1177): refreshSignalCluster - setNWBoosterIndicators(false)
08-08 23:40:21.678 D/StatusBar.NetworkController( 1177): applyCHN
08-08 23:40:21.678 D/StatusBar.NetworkController( 1177): refreshSignalCluster - setNWBoosterIndicators(false)
08-08 23:40:21.678 D/StatusBar.NetworkController( 1177): applyCHN
08-08 23:40:22.298 D/SSRM:n  (  917): SIOP:: AP = 430, PST = 430, CUR = 450
08-08 23:40:22.448 W/ActivityManager(  917): getTasks: caller 10205 does not hold GET_TASKS; limiting output
08-08 23:40:22.688 D/StatusBar.NetworkController( 1177): refreshViews connected={ wifi } level=4 combinedSignalIconId=0x7f020556/com.android.systemui:drawable/stat_sys_wifi_signal_4 mobileLabel=仅限紧急通话 wifiLabel="宣龙华的 iPhone (2)"xxxxXXXXxxxxXXXX emergencyOnly=true combinedLabel="宣龙华的 iPhone (2)"xxxxXXXXxxxxXXXX mAirplaneMode=false mDataActivity=0 mPhoneSignalIconId=0x7f0204e9/com.android.systemui:drawable/stat_sys_signal_4 mQSPhoneSignalIconId=0x7f020148/com.android.systemui:drawable/ic_qs_signal_4 mDataDirectionIconId=0x0/(null) mDataSignalIconId=0x7f0204e9/com.android.systemui:drawable/stat_sys_signal_4 mDataTypeIconId=0x0/(null) mQSDataTypeIconId=0x0/(null) mNoSimIconId=0x0/(null) mWifiIconId=0x7f020556/com.android.systemui:drawable/stat_sys_wifi_signal_4 mQSWifiIconId=0x7f02015e/com.android.systemui:drawable/ic_qs_wifi_4 mWifiActivityIconId=0x7f020529/com.android.systemui:drawable/stat_sys_signal_no_inout mBluetoothTetherIconId=0x10808f1/android:drawable/stat_sys_tether_bluetooth
08-08 23:40:22.688 D/STATUSBAR-WifiQuickSettingButton( 1177): onWifiSignalChanged enabled=true enabledDesc:"宣龙华的 iPhone (2)"
08-08 23:40:22.688 D/StatusBar.NetworkController( 1177): refreshSignalCluster - setNWBoosterIndicators(false)
08-08 23:40:22.688 D/StatusBar.NetworkController( 1177): applyCHN
08-08 23:40:22.688 D/StatusBar.NetworkController( 1177): refreshSignalCluster - setNWBoosterIndicators(false)
08-08 23:40:22.688 D/StatusBar.NetworkController( 1177): applyCHN
08-08 23:40:22.688 D/StatusBar.NetworkController( 1177): refreshSignalCluster - setNWBoosterIndicators(false)
08-08 23:40:22.688 D/StatusBar.NetworkController( 1177): applyCHN
08-08 23:40:22.688 D/StatusBar.NetworkController( 1177): refreshSignalCluster - setNWBoosterIndicators(false)
08-08 23:40:22.698 D/StatusBar.NetworkController( 1177): applyCHN
08-08 23:40:22.988 E/SMD     (  289): DCD ON
08-08 23:40:23.448 W/ActivityManager(  917): getTasks: caller 10205 does not hold GET_TASKS; limiting output
08-08 23:40:23.648 W/ActivityManager(  917): getTasks: caller 10205 does not hold GET_TASKS; limiting output
08-08 23:40:23.648 W/ActivityManager(  917): getTasks: caller 10205 does not hold GET_TASKS; limiting output
08-08 23:40:23.978 D/KeyguardUpdateMonitor( 1177): received broadcast android.intent.action.BATTERY_CHANGED
08-08 23:40:23.978 D/BatteryService(  917): !@BatteryListener : batteryPropertiesChanged!
08-08 23:40:23.978 D/BatteryService(  917): level:19, scale:100, status:2, health:2, present:true, voltage: 3771, temperature: 345, technology: Li-ion, AC powered:false, USB powered:true, Wireless powered:false, icon:17303724, invalid charger:0
08-08 23:40:23.978 D/BatteryService(  917): online:4, current avg:450, charge type:1, power sharing:false, high voltage charger:false, capacity:280000, current_now:450
08-08 23:40:23.978 D/BatteryService(  917): Sending ACTION_BATTERY_CHANGED.
08-08 23:40:23.988 D/KeyguardUpdateMonitor( 1177): handleBatteryUpdate
08-08 23:40:23.988 D/STATUSBAR-PhoneStatusBar( 1177):  mBrightnessEnablebySettings = true mBrightnessEnablebyBattery = true mBrightnessEnablebyDisableFlag = true mPmsBrightnessEnablebySettings = true
08-08 23:40:23.988 I/MotionRecognitionService(  917): Plugged
08-08 23:40:23.988 I/MotionRecognitionService(  917): setPowerConnected  = true
08-08 23:40:23.998 V/HeadsetService( 3910): HeadsetService - Received Intent.ACTION_BATTERY_CHANGED
08-08 23:40:23.998 D/HeadsetStateMachine( 3910): Disconnected process message: 10
08-08 23:40:24.008 D/BatteryMeterView( 1177): ACTION_BATTERY_CHANGED : level:19 status:2 health:2
08-08 23:40:24.008 D/BatteryMeterView( 1177): ACTION_BATTERY_CHANGED : level:19 status:2 health:2
08-08 23:40:24.008 D/BatteryMeterView( 1177): ACTION_BATTERY_CHANGED : level:19 status:2 health:2
08-08 23:40:24.458 W/ActivityManager(  917): getTasks: caller 10205 does not hold GET_TASKS; limiting output
08-08 23:40:25.458 W/ActivityManager(  917): getTasks: caller 10205 does not hold GET_TASKS; limiting output
08-08 23:40:25.648 W/ActivityManager(  917): getTasks: caller 10205 does not hold GET_TASKS; limiting output
08-08 23:40:25.648 W/ActivityManager(  917): getTasks: caller 10205 does not hold GET_TASKS; limiting output
08-08 23:40:25.748 D/StatusBar.NetworkController( 1177): onSignalStrengthsChanged signalStrength=SignalStrength: 17 99 -120 -160 -120 -1 -1 99 2147483647 2147483647 2147483647 -1 2147483647 0x4 gsm|lte level=4
08-08 23:40:25.748 D/StatusBar.NetworkController( 1177): updateTelephonySignalStrength: hasService=true ss=SignalStrength: 17 99 -120 -160 -120 -1 -1 99 2147483647 2147483647 2147483647 -1 2147483647 0x4 gsm|lte
08-08 23:40:25.748 D/StatusBar.NetworkController( 1177): updateTelephonySignalStrength: iconLevel=4
08-08 23:40:25.748 D/StatusBar.NetworkController( 1177): updateTelephonySignalStrength, No signal level. mPhoneSignalIconId = com.android.systemui:drawable/stat_sys_signal_4 mDataSignalIconId = com.android.systemui:drawable/stat_sys_signal_4 mQSPhoneSignalIconId = com.android.systemui:drawable/ic_qs_signal_4 mContentDescriptionPhoneSignal = 满格手机信号
08-08 23:40:25.748 D/StatusBar.NetworkController( 1177): refreshViews connected={ wifi } level=4 combinedSignalIconId=0x7f020556/com.android.systemui:drawable/stat_sys_wifi_signal_4 mobileLabel=仅限紧急通话 wifiLabel="宣龙华的 iPhone (2)"xxxxXXXXxxxxXXXX emergencyOnly=true combinedLabel="宣龙华的 iPhone (2)"xxxxXXXXxxxxXXXX mAirplaneMode=false mDataActivity=0 mPhoneSignalIconId=0x7f0204e9/com.android.systemui:drawable/stat_sys_signal_4 mQSPhoneSignalIconId=0x7f020148/com.android.systemui:drawable/ic_qs_signal_4 mDataDirectionIconId=0x0/(null) mDataSignalIconId=0x7f0204e9/com.android.systemui:drawable/stat_sys_signal_4 mDataTypeIconId=0x0/(null) mQSDataTypeIconId=0x0/(null) mNoSimIconId=0x0/(null) mWifiIconId=0x7f020556/com.android.systemui:drawable/stat_sys_wifi_signal_4 mQSWifiIconId=0x7f02015e/com.android.systemui:drawable/ic_qs_wifi_4 mWifiActivityIconId=0x7f020529/com.android.systemui:drawable/stat_sys_signal_no_inout mBluetoothTetherIconId=0x10808f1/android:drawable/stat_sys_tether_bluetooth
08-08 23:40:25.748 D/STATUSBAR-WifiQuickSettingButton( 1177): onWifiSignalChanged enabled=true enabledDesc:"宣龙华的 iPhone (2)"
08-08 23:40:25.748 D/cell strength( 1386): ===== cell singal strength changed : 17
08-08 23:40:25.988 E/SMD     (  289): DCD ON
08-08 23:40:26.078 I/art     (23703): Alloc sticky concurrent mark sweep GC freed 1048319(38MB) AllocSpace objects, 0(0B) LOS objects, 25% free, 18MB/24MB, paused 705us total 114.573ms
08-08 23:40:26.468 W/ActivityManager(  917): getTasks: caller 10205 does not hold GET_TASKS; limiting output
08-08 23:40:27.468 W/ActivityManager(  917): getTasks: caller 10205 does not hold GET_TASKS; limiting output
08-08 23:40:27.658 W/ActivityManager(  917): getTasks: caller 10205 does not hold GET_TASKS; limiting output
08-08 23:40:27.658 W/ActivityManager(  917): getTasks: caller 10205 does not hold GET_TASKS; limiting output
08-08 23:40:28.468 W/ActivityManager(  917): getTasks: caller 10205 does not hold GET_TASKS; limiting output
08-08 23:40:28.988 E/SMD     (  289): DCD ON
08-08 23:40:29.478 W/ActivityManager(  917): getTasks: caller 10205 does not hold GET_TASKS; limiting output
08-08 23:40:29.658 W/ActivityManager(  917): getTasks: caller 10205 does not hold GET_TASKS; limiting output
08-08 23:40:29.658 W/ActivityManager(  917): getTasks: caller 10205 does not hold GET_TASKS; limiting output
08-08 23:40:30.478 W/ActivityManager(  917): getTasks: caller 10205 does not hold GET_TASKS; limiting output
