08-08 23:48:48.088 I/appium  ( 5165): Session Created with SessionID:c244cff5-6740-4794-8cde-fbbf359d3d1f
08-08 23:48:48.088 I/appium  ( 5165): AppiumResponse: {"sessionId":"c244cff5-6740-4794-8cde-fbbf359d3d1f","status":0,"value":"Created Session"}
08-08 23:48:48.108 E/Watchdog(  917): !@Sync 3321
08-08 23:48:48.128 I/appium  ( 5165): channel read invoked!
08-08 23:48:48.128 I/appium  ( 5165): channel read: GET /wd/hub/session/c244cff5-6740-4794-8cde-fbbf359d3d1f/appium/device/info
08-08 23:48:48.128 I/appium  ( 5165): Get Device Info command
08-08 23:48:48.128 W/ActivityManager(  917): getTasks: caller 10205 does not hold GET_TASKS; limiting output
08-08 23:48:48.168 E/appium  ( 5165): error while getting field mSignalStrength from object [ Transports: WIFI Capabilities: WIFI_P2P&NOT_RESTRICTED&TRUSTED&NOT_VPN LinkUpBandwidth>=1048576Kbps LinkDnBandwidth>=1048576Kbps] mSignalStrength
08-08 23:48:48.178 E/appium  ( 5165): error while getting field mSSID from object [ Transports: WIFI Capabilities: WIFI_P2P&NOT_RESTRICTED&TRUSTED&NOT_VPN LinkUpBandwidth>=1048576Kbps LinkDnBandwidth>=1048576Kbps] mSSID
08-08 23:48:48.188 E/appium  ( 5165): error while getting field mSignalStrength from object [ Transports: WIFI Capabilities: INTERNET&NOT_RESTRICTED&TRUSTED&NOT_VPN LinkUpBandwidth>=1048576Kbps LinkDnBandwidth>=1048576Kbps] mSignalStrength
08-08 23:48:48.188 E/appium  ( 5165): error while getting field mSSID from object [ Transports: WIFI Capabilities: INTERNET&NOT_RESTRICTED&TRUSTED&NOT_VPN LinkUpBandwidth>=1048576Kbps LinkDnBandwidth>=1048576Kbps] mSSID
08-08 23:48:48.188 I/appium  ( 5165): AppiumResponse: {"sessionId":"c244cff5-6740-4794-8cde-fbbf359d3d1f","status":0,"value":{"androidId":"45258864323b7bbe","manufacturer":"samsung","model":"SM-N9006","brand":"samsung","apiVersion":"21","platformVersion":"5.0","carrierName":"","realDisplaySize":"1080x1920","displayDensity":480,"networks":[{"type":13,"typeName":"WIFI_P2P","subtype":0,"subtypeName":"","isConnected":false,"detailedState":"IDLE","state":"UNKNOWN","extraInfo":null,"isAvailable":true,"isFailover":false,"isRoaming":false,"capabilities":{"transportTypes":"NET_CAPABILITY_SUPL","networkCapabilities":"","linkUpstreamBandwidthKbps":1048576,"linkDownBandwidthKbps":1048576,"signalStrength":null,"networkSpecifier":null,"SSID":null}},{"type":1,"typeName":"WIFI","subtype":0,"subtypeName":"","isConnected":true,"detailedState":"CONNECTED","state":"CONNECTED","extraInfo":"\"宣龙华的 iPhone (2)\"","isAvailable":true,"isFailover":false,"isRoaming":false,"capabilities":{"transportTypes":"NET_CAPABILITY_SUPL","networkCapabilities":"","linkUpstreamBandwidthKbps":1048576,"linkDownBandwidthKbps":1048576,"signalStrength":null,"networkSpecifier":null,"SSID":null}}],"locale":"zh_CN","timeZone":"Asia\/Shanghai"}}
08-08 23:48:48.568 D/AndroidRuntime( 5245): 
08-08 23:48:48.568 D/AndroidRuntime( 5245): >>>>>> AndroidRuntime START com.android.internal.os.RuntimeInit <<<<<<
08-08 23:48:48.578 D/AndroidRuntime( 5245): CheckJNI is OFF
08-08 23:48:48.578 D/AndroidRuntime( 5245): readGMSProperty: start
08-08 23:48:48.578 D/AndroidRuntime( 5245): readGMSProperty: already setted!!
08-08 23:48:48.578 D/AndroidRuntime( 5245): readGMSProperty: end
08-08 23:48:48.578 D/AndroidRuntime( 5245): addProductProperty: start
08-08 23:48:48.728 E/AffinityControl( 5245): AffinityControl: registerfunction enter
08-08 23:48:48.748 D/AndroidRuntime( 5245): Calling main entry com.android.commands.am.Am
08-08 23:48:48.758 V/ApplicationPolicy(  917): isApplicationStateBlocked userId 0 pkgname com.tencent.news
08-08 23:48:48.758 I/ActivityManager(  917): Force stopping com.tencent.news appid=10217 user=0: from pid 5245
08-08 23:48:48.758 I/ActivityManager(  917): Killing 485:com.tencent.news:PushService/u0a217 (adj 2): stop com.tencent.news cause from pid 5245
08-08 23:48:48.758 D/ActivityManager(  917): isDeviceAdminActiveApp false :com.tencent.news
08-08 23:48:48.758 E/ActivityManager(  917): isAutoRunBlockedApp:: com.tencent.news, Auto Run OFF
08-08 23:48:48.758 D/ActivityManager(  917): cleanUpApplicationRecordLocked block to startprocess for auto run off : com.tencent.news
08-08 23:48:48.758 I/ActivityManager(  917): Killing 4015:com.tencent.news/u0a217 (adj 7): stop com.tencent.news cause from pid 5245
08-08 23:48:48.758 D/ActivityManager(  917): isDeviceAdminActiveApp false :com.tencent.news
08-08 23:48:48.758 E/ActivityManager(  917): isAutoRunBlockedApp:: com.tencent.news, Auto Run OFF
08-08 23:48:48.758 D/ActivityManager(  917): cleanUpApplicationRecordLocked block to startprocess for auto run off : com.tencent.news
08-08 23:48:48.758 I/ActivityManager(  917):   Force finishing activity ActivityRecord{270a8132 u0 com.tencent.news/.activity.SplashActivity t1250}
08-08 23:48:48.778 D/ActivityManager(  917): isDeviceAdminActiveApp false :com.sec.android.app.controlpanel
08-08 23:48:48.778 D/ActivityManager(  917): isAutoRunBlockedApp:: com.sec.android.app.controlpanel, Auto Run ON
08-08 23:48:48.788 D/ApduServiceInfo( 1432): seId: 0
08-08 23:48:48.788 W/RegisteredServicesCache( 1432): Unable to load component info ResolveInfo{10a3fda4 cmb.pb/com.cmb.pboc.hce.service.HCEService m=0x108000}
08-08 23:48:48.788 W/RegisteredServicesCache( 1432): org.xmlpull.v1.XmlPullParserException: Meta-data does not start with <host-apdu-service> tag
08-08 23:48:48.788 W/RegisteredServicesCache( 1432): 	at android.nfc.cardemulation.ApduServiceInfo.<init>(ApduServiceInfo.java:247)
08-08 23:48:48.788 W/RegisteredServicesCache( 1432): 	at com.android.nfc.cardemulation.RegisteredServicesCache.getInstalledServices(RegisteredServicesCache.java:303)
08-08 23:48:48.788 W/RegisteredServicesCache( 1432): 	at com.android.nfc.cardemulation.RegisteredServicesCache.invalidateCache(RegisteredServicesCache.java:364)
08-08 23:48:48.788 W/RegisteredServicesCache( 1432): 	at com.android.nfc.cardemulation.RegisteredServicesCache.invalidateCache(RegisteredServicesCache.java:357)
08-08 23:48:48.788 W/RegisteredServicesCache( 1432): 	at com.android.nfc.cardemulation.RegisteredServicesCache$1.onReceive(RegisteredServicesCache.java:152)
08-08 23:48:48.788 W/RegisteredServicesCache( 1432): 	at android.app.LoadedApk$ReceiverDispatcher$Args.run(LoadedApk.java:923)
08-08 23:48:48.788 W/RegisteredServicesCache( 1432): 	at android.os.Handler.handleCallback(Handler.java:739)
08-08 23:48:48.788 W/RegisteredServicesCache( 1432): 	at android.os.Handler.dispatchMessage(Handler.java:95)
08-08 23:48:48.788 W/RegisteredServicesCache( 1432): 	at android.os.Looper.loop(Looper.java:145)
08-08 23:48:48.788 W/RegisteredServicesCache( 1432): 	at android.app.ActivityThread.main(ActivityThread.java:5942)
08-08 23:48:48.788 W/RegisteredServicesCache( 1432): 	at java.lang.reflect.Method.invoke(Native Method)
08-08 23:48:48.788 W/RegisteredServicesCache( 1432): 	at java.lang.reflect.Method.invoke(Method.java:372)
08-08 23:48:48.788 W/RegisteredServicesCache( 1432): 	at com.android.internal.os.ZygoteInit$MethodAndArgsCaller.run(ZygoteInit.java:1400)
08-08 23:48:48.788 W/RegisteredServicesCache( 1432): 	at com.android.internal.os.ZygoteInit.main(ZygoteInit.java:1195)
08-08 23:48:48.788 E/CardEmulation( 1432): AID 2PAY.SYS.DDF01 is not a valid AID.
08-08 23:48:48.788 E/ApduServiceInfo( 1432): Ignoring invalid or duplicate aid: 2PAY.SYS.DDF01
08-08 23:48:48.798 D/ApduServiceInfo( 1432): seId: 0
08-08 23:48:48.798 D/ApduServiceInfo( 1432): No com.gsma.nfc.services meta-data
08-08 23:48:48.798 D/ApduServiceInfo( 1432): seId: 1
08-08 23:48:48.798 D/RegisteredServicesCache( 1432): empty dynamic service
08-08 23:48:48.798 W/ActivityManager(  917): Unable to start service Intent { act=com.sec.settings.action.NFC_PAYMENT_REFRESH pkg=com.sec.android.widgetapp.tapandpay } U=0: not found
08-08 23:48:48.818 W/ActivityManager(  917): getTasks: caller 10205 does not hold GET_TASKS; limiting output
08-08 23:48:48.818 W/ActivityManager(  917): getTasks: caller 10205 does not hold GET_TASKS; limiting output
08-08 23:48:49.018 V/ApplicationPolicy(  917): isApplicationStateBlocked userId 0 pkgname com.tencent.news
08-08 23:48:49.018 W/ActivityManager(  917): mDVFSHelper.acquire()
08-08 23:48:49.018 D/FocusedStackFrame(  917): Set to : 0
08-08 23:48:49.028 D/Launcher.HomeView( 1468): onPause
08-08 23:48:49.038 D/Launcher( 1468): Launcher::setSystemUiTransparency(): getSystemUiVisibility() after setting  = 40000000
08-08 23:48:49.048 I/SurfaceFlinger(  256): id=1549 createSurf (1x1),1 flag=4, oews
08-08 23:48:49.048 D/ActivityManager(  917): isDeviceAdminActiveApp false :com.sec.android.widgetapp.activeapplicationwidget
08-08 23:48:49.048 D/ActivityManager(  917): isAutoRunBlockedApp:: com.sec.android.widgetapp.activeapplicationwidget, Auto Run ON
08-08 23:48:49.058 V/TaskCloserActivity( 3887): TaskCloserActivity onReceive() - com.sec.android.intent.action.HOME_PAUSE
08-08 23:48:49.068 D/PointerIcon(  917): setMouseIconStyle1 pointerType: 1001iconType:101 flag:0
08-08 23:48:49.068 D/PointerIcon(  917): setMouseCustomIcon IconType is same.101
08-08 23:48:49.068 D/PointerIcon(  917): setHoveringSpenIconStyle1 pointerType: 10001iconType:1 flag:0
08-08 23:48:49.068 D/PointerIcon(  917): setHoveringSpenCustomIcon IconType is same.1
08-08 23:48:49.068 E/ActivityManager(  917): checkUser: useridlist=null, currentuser=0
08-08 23:48:49.068 E/ActivityManager(  917): checkUser: useridlist=null, currentuser=0
08-08 23:48:49.068 E/ActivityManager(  917): checkUser: useridlist=null, currentuser=0
08-08 23:48:49.068 E/ActivityManager(  917): checkUser: useridlist=null, currentuser=0
08-08 23:48:49.108 E/Zygote  ( 5260): MountEmulatedStorage()
08-08 23:48:49.108 E/Zygote  ( 5260): v2
08-08 23:48:49.108 I/libpersona( 5260): KNOX_SDCARD checking this for 10217
08-08 23:48:49.108 I/libpersona( 5260): KNOX_SDCARD not a persona
08-08 23:48:49.128 I/ActivityManager(  917): Start proc com.tencent.news for activity com.tencent.news/.activity.SplashActivity: pid=5260 uid=10217 gids={50217, 9997, 3003, 1028, 1015} abi=armeabi
08-08 23:48:49.148 I/SELinux ( 5260): Function: selinux_compare_spd_ram, SPD-policy is existed. and_ver=SEPF_SM-N9006_5.0-1 ver=51
08-08 23:48:49.148 I/SELinux ( 5260): Function: selinux_compare_spd_ram , priority [1] , priority version is VE=SEPF_SM-N9006_5.0-1_0051
08-08 23:48:49.158 E/SELinux ( 5260): [DEBUG] get_category: variable seinfo: default sensitivity: NULL, cateogry: NULL
08-08 23:48:49.158 W/ActivityManager(  917): getTasks: caller 10205 does not hold GET_TASKS; limiting output
08-08 23:48:49.178 V/ActivityThread( 1468): updateVisibility : ActivityRecord{11b355be token=android.os.BinderProxy@2d38a00d {com.sec.android.app.launcher/com.android.launcher2.Launcher}} show : true
08-08 23:48:49.208 D/TimaKeyStoreProvider( 5260): TimaSignature is unavailable
08-08 23:48:49.208 D/ActivityThread( 5260): Added TimaKeyStore provider
08-08 23:48:49.208 E/libprocessgroup(  917): failed to kill 1 processes for processgroup 4015
08-08 23:48:49.228 D/Launcher.HomeView( 1468): onStop
08-08 23:48:49.228 D/SurfaceWidgetClient$ISurfaceWidgetStub( 1982): [237392/8] Surface widget visibility changed visibility = false on instance = 1
08-08 23:48:49.228 D/SurfaceWidgetView( 1468): destroyHardwareResources():187013388
08-08 23:48:49.228 V/ActivityThread( 1468): updateVisibility : ActivityRecord{11b355be token=android.os.BinderProxy@2d38a00d {com.sec.android.app.launcher/com.android.launcher2.Launcher}} show : false
08-08 23:48:49.248 D/Launcher( 1468): onTrimMemory. Level: 20
08-08 23:48:49.268 D/SurfaceWidgetView( 1468): destroyHardwareResources():187013388
08-08 23:48:49.268 D/ResourcesManager( 5260): creating new AssetManager and set to /data/app/com.tencent.news-1/base.apk
08-08 23:48:49.268 D/ConnectivityService(  917): returning getNetworkInfo(networkType - 1) :[type: WIFI[] - WIFI, state: CONNECTED/CONNECTED, reason: (unspecified), extra: "宣龙华的 iPhone (2)", roaming: false, failover: false, isAvailable: true, isConnectedToProvisioningNetwork: false]
08-08 23:48:49.278 D/StatusBarManagerService(  917): manageDisableList userId=0 what=0x0 pkg=WindowManager.LayoutParams
08-08 23:48:49.288 W/ResourcesManager( 5260): Asset path '/system/framework/android.test.runner.jar' does not exist or contains no resources.
08-08 23:48:49.288 W/ResourcesManager( 5260): Asset path '/system/framework/multiwindow.jar' does not exist or contains no resources.
08-08 23:48:49.288 W/ContextImpl(  917): Calling a method in the system process without a qualified user: android.app.ContextImpl.sendBroadcast:1699 com.android.internal.policy.impl.PhoneWindowManager.notifyToSSRM:5625 com.android.internal.policy.impl.PhoneWindowManager.access$600:192 com.android.internal.policy.impl.PhoneWindowManager$PolicyHandler.handleMessage:811 android.os.Handler.dispatchMessage:102 
08-08 23:48:49.298 D/SSRM:a  (  917): DeviceInfo:: 000000100000
08-08 23:48:49.298 D/SSRM:a  (  917): SettingsAirViewInfo:: 010100000
08-08 23:48:49.348 W/ContextImpl( 5260): Failed to ensure directory: /storage/extSdCard/Android/data/com.tencent.news/cache
08-08 23:48:49.348 E/Vold    (  255): Failed to find mounted volume for /storage/extSdCard/Android/data/com.tencent.news/cache/
08-08 23:48:49.348 W/Vold    (  255): Returning OperationFailed - no handler for errno 0
08-08 23:48:49.368 D/ActivityManager(  917): startService callerProcessName:com.tencent.news, calleePkgName: com.tencent.news
08-08 23:48:49.368 D/ActivityManager(  917): caller:android.app.ApplicationThreadProxy@5fb1153, r.packageName :com.tencent.news
08-08 23:48:49.368 E/ActivityManager(  917): checkUser: useridlist=null, currentuser=0
08-08 23:48:49.368 E/ActivityManager(  917): checkUser: useridlist=null, currentuser=0
08-08 23:48:49.368 E/ActivityManager(  917): checkUser: useridlist=null, currentuser=0
08-08 23:48:49.368 E/ActivityManager(  917): checkUser: useridlist=null, currentuser=0
08-08 23:48:49.408 E/Zygote  ( 5277): MountEmulatedStorage()
08-08 23:48:49.408 E/Zygote  ( 5277): v2
08-08 23:48:49.408 I/libpersona( 5277): KNOX_SDCARD checking this for 10217
08-08 23:48:49.408 I/libpersona( 5277): KNOX_SDCARD not a persona
08-08 23:48:49.428 I/ActivityManager(  917): Start proc com.tencent.news:patch for service com.tencent.news/com.tencent.sigma.patch.HotPatchService: pid=5277 uid=10217 gids={50217, 9997, 3003, 1028, 1015} abi=armeabi
08-08 23:48:49.438 I/SELinux ( 5277): Function: selinux_compare_spd_ram, SPD-policy is existed. and_ver=SEPF_SM-N9006_5.0-1 ver=51
08-08 23:48:49.438 I/SELinux ( 5277): Function: selinux_compare_spd_ram , priority [1] , priority version is VE=SEPF_SM-N9006_5.0-1_0051
08-08 23:48:49.438 E/SELinux ( 5277): [DEBUG] get_category: variable seinfo: default sensitivity: NULL, cateogry: NULL
08-08 23:48:49.478 D/TimaKeyStoreProvider( 5277): TimaSignature is unavailable
08-08 23:48:49.478 D/ActivityThread( 5277): Added TimaKeyStore provider
08-08 23:48:49.498 D/ResourcesManager( 5277): creating new AssetManager and set to /data/app/com.tencent.news-1/base.apk
08-08 23:48:49.508 W/ResourcesManager( 5277): Asset path '/system/framework/android.test.runner.jar' does not exist or contains no resources.
08-08 23:48:49.518 W/ResourcesManager( 5277): Asset path '/system/framework/multiwindow.jar' does not exist or contains no resources.
08-08 23:48:49.528 W/System.err( 5260): org.json.JSONException: Value null of type org.json.JSONObject$1 cannot be converted to JSONObject
08-08 23:48:49.528 W/System.err( 5260): 	at org.json.JSON.typeMismatch(JSON.java:111)
08-08 23:48:49.528 W/System.err( 5260): 	at org.json.JSONObject.<init>(JSONObject.java:160)
08-08 23:48:49.528 W/System.err( 5260): 	at org.json.JSONObject.<init>(JSONObject.java:173)
08-08 23:48:49.528 W/System.err( 5260): 	at com.qihoo360.replugin.model.PluginInfo.<init>(PluginInfo.java:167)
08-08 23:48:49.528 W/System.err( 5260): 	at com.qihoo360.replugin.model.PluginInfo.buildFromBuiltInJson(PluginInfo.java:1105)
08-08 23:48:49.528 W/System.err( 5260): 	at com.qihoo360.loader2.g.ʻ(FinderBuiltin.java:82)
08-08 23:48:49.528 W/System.err( 5260): 	at com.qihoo360.loader2.g.ʻ(FinderBuiltin.java:54)
08-08 23:48:49.528 W/System.err( 5260): 	at com.qihoo360.loader2.f.ʻ(Finder.java:41)
08-08 23:48:49.528 W/System.err( 5260): 	at com.qihoo360.loader2.b.ʻ(Builder.java:199)
08-08 23:48:49.528 W/System.err( 5260): 	at com.qihoo360.loader2.ad.ʿ(PmBase.java:316)
08-08 23:48:49.528 W/System.err( 5260): 	at com.qihoo360.loader2.ad.ʻ(PmBase.java:277)
08-08 23:48:49.528 W/System.err( 5260): 	at com.qihoo360.loader2.n.ʻ(PMF.java:72)
08-08 23:48:49.528 W/System.err( 5260): 	at com.qihoo360.replugin.RePlugin$a.ʻ(RePlugin.java:987)
08-08 23:48:49.528 W/System.err( 5260): 	at com.qihoo360.replugin.RePluginApplication.attachBaseContext(RePluginApplication.java:83)
08-08 23:48:49.528 W/System.err( 5260): 	at com.tencent.news.system.Application.attachBaseContext(Application.java:97)
08-08 23:48:49.528 W/System.err( 5260): 	at android.app.Application.attach(Application.java:205)
08-08 23:48:49.528 W/System.err( 5260): 	at java.lang.reflect.Method.invoke(Native Method)
08-08 23:48:49.528 W/System.err( 5260): 	at java.lang.reflect.Method.invoke(Method.java:372)
08-08 23:48:49.528 W/System.err( 5260): 	at com.tencent.sigma.patch.ag.ʻ(ReflectUtils.java:38)
08-08 23:48:49.528 W/System.err( 5260): 	at com.tencent.sigma.patch.HotPatchApplication.ʾ(HotPatchApplication.java:104)
08-08 23:48:49.528 W/System.err( 5260): 	at com.tencent.sigma.patch.HotPatchApplication.ʽ(HotPatchApplication.java:94)
08-08 23:48:49.528 W/System.err( 5260): 	at com.tencent.sigma.patch.HotPatchApplication.ʼ(HotPatchApplication.java:77)
08-08 23:48:49.528 W/System.err( 5260): 	at com.tencent.sigma.patch.HotPatchApplication.attachBaseContext(HotPatchApplication.java:61)
08-08 23:48:49.528 W/System.err( 5260): 	at android.app.Application.attach(Application.java:205)
08-08 23:48:49.528 W/System.err( 5260): 	at android.app.Instrumentation.newApplication(Instrumentation.java:1004)
08-08 23:48:49.528 W/System.err( 5260): 	at android.app.Instrumentation.newApplication(Instrumentation.java:988)
08-08 23:48:49.528 W/System.err( 5260): 	at android.app.LoadedApk.makeApplication(LoadedApk.java:620)
08-08 23:48:49.528 W/System.err( 5260): 	at android.app.ActivityThread.handleBindApplication(ActivityThread.java:5086)
08-08 23:48:49.528 W/System.err( 5260): 	at android.app.ActivityThread.access$1600(ActivityThread.java:177)
08-08 23:48:49.528 W/System.err( 5260): 	at android.app.ActivityThread$H.handleMessage(ActivityThread.java:1509)
08-08 23:48:49.528 W/System.err( 5260): 	at android.os.Handler.dispatchMessage(Handler.java:102)
08-08 23:48:49.528 W/System.err( 5260): 	at android.os.Looper.loop(Looper.java:145)
08-08 23:48:49.528 W/System.err( 5260): 	at android.app.ActivityThread.main(ActivityThread.java:5942)
08-08 23:48:49.528 W/System.err( 5260): 	at java.lang.reflect.Method.invoke(Native Method)
08-08 23:48:49.528 W/System.err( 5260): 	at java.lang.reflect.Method.invoke(Method.java:372)
08-08 23:48:49.528 W/System.err( 5260): 	at com.android.internal.os.ZygoteInit$MethodAndArgsCaller.run(ZygoteInit.java:1400)
08-08 23:48:49.528 W/System.err( 5260): 	at com.android.internal.os.ZygoteInit.main(ZygoteInit.java:1195)
08-08 23:48:49.528 W/System.err( 5260): org.json.JSONException: Value null of type org.json.JSONObject$1 cannot be converted to JSONObject
08-08 23:48:49.528 W/System.err( 5260): 	at org.json.JSON.typeMismatch(JSON.java:111)
08-08 23:48:49.528 W/System.err( 5260): 	at org.json.JSONObject.<init>(JSONObject.java:160)
08-08 23:48:49.528 W/System.err( 5260): 	at org.json.JSONObject.<init>(JSONObject.java:173)
08-08 23:48:49.528 W/System.err( 5260): 	at com.qihoo360.replugin.model.PluginInfo.<init>(PluginInfo.java:177)
08-08 23:48:49.528 W/System.err( 5260): 	at com.qihoo360.replugin.model.PluginInfo.buildFromBuiltInJson(PluginInfo.java:1105)
08-08 23:48:49.528 W/System.err( 5260): 	at com.qihoo360.loader2.g.ʻ(FinderBuiltin.java:82)
08-08 23:48:49.528 W/System.err( 5260): 	at com.qihoo360.loader2.g.ʻ(FinderBuiltin.java:54)
08-08 23:48:49.528 W/System.err( 5260): 	at com.qihoo360.loader2.f.ʻ(Finder.java:41)
08-08 23:48:49.528 W/System.err( 5260): 	at com.qihoo360.loader2.b.ʻ(Builder.java:199)
08-08 23:48:49.528 W/System.err( 5260): 	at com.qihoo360.loader2.ad.ʿ(PmBase.java:316)
08-08 23:48:49.528 W/System.err( 5260): 	at com.qihoo360.loader2.ad.ʻ(PmBase.java:277)
08-08 23:48:49.528 W/System.err( 5260): 	at com.qihoo360.loader2.n.ʻ(PMF.java:72)
08-08 23:48:49.528 W/System.err( 5260): 	at com.qihoo360.replugin.RePlugin$a.ʻ(RePlugin.java:987)
08-08 23:48:49.528 W/System.err( 5260): 	at com.qihoo360.replugin.RePluginApplication.attachBaseContext(RePluginApplication.java:83)
08-08 23:48:49.528 W/System.err( 5260): 	at com.tencent.news.system.Application.attachBaseContext(Application.java:97)
08-08 23:48:49.528 W/System.err( 5260): 	at android.app.Application.attach(Application.java:205)
08-08 23:48:49.528 W/System.err( 5260): 	at java.lang.reflect.Method.invoke(Native Method)
08-08 23:48:49.528 W/System.err( 5260): 	at java.lang.reflect.Method.invoke(Method.java:372)
08-08 23:48:49.528 W/System.err( 5260): 	at com.tencent.sigma.patch.ag.ʻ(ReflectUtils.java:38)
08-08 23:48:49.528 W/System.err( 5260): 	at com.tencent.sigma.patch.HotPatchApplication.ʾ(HotPatchApplication.java:104)
08-08 23:48:49.528 W/System.err( 5260): 	at com.tencent.sigma.patch.HotPatchApplication.ʽ(HotPatchApplication.java:94)
08-08 23:48:49.528 W/System.err( 5260): 	at com.tencent.sigma.patch.HotPatchApplication.ʼ(HotPatchApplication.java:77)
08-08 23:48:49.528 W/System.err( 5260): 	at com.tencent.sigma.patch.HotPatchApplication.attachBaseContext(HotPatchApplication.java:61)
08-08 23:48:49.528 W/System.err( 5260): 	at android.app.Application.attach(Application.java:205)
08-08 23:48:49.528 W/System.err( 5260): 	at android.app.Instrumentation.newApplication(Instrumentation.java:1004)
08-08 23:48:49.528 W/System.err( 5260): 	at android.app.Instrumentation.newApplication(Instrumentation.java:988)
08-08 23:48:49.528 W/System.err( 5260): 	at android.app.LoadedApk.makeApplication(LoadedApk.java:620)
08-08 23:48:49.528 W/System.err( 5260): 	at android.app.ActivityThread.handleBindApplication(ActivityThread.java:5086)
08-08 23:48:49.528 W/System.err( 5260): 	at android.app.ActivityThread.access$1600(ActivityThread.java:177)
08-08 23:48:49.528 W/System.err( 5260): 	at android.app.ActivityThread$H.handleMessage(ActivityThread.java:1509)
08-08 23:48:49.528 W/System.err( 5260): 	at android.os.Handler.dispatchMessage(Handler.java:102)
08-08 23:48:49.528 W/System.err( 5260): 	at android.os.Looper.loop(Looper.java:145)
08-08 23:48:49.528 W/System.err( 5260): 	at android.app.ActivityThread.main(ActivityThread.java:5942)
08-08 23:48:49.528 W/System.err( 5260): 	at java.lang.reflect.Method.invoke(Native Method)
08-08 23:48:49.528 W/System.err( 5260): 	at java.lang.reflect.Method.invoke(Method.java:372)
08-08 23:48:49.528 W/System.err( 5260): 	at com.android.internal.os.ZygoteInit$MethodAndArgsCaller.run(ZygoteInit.java:1400)
08-08 23:48:49.528 W/System.err( 5260): 	at com.android.internal.os.ZygoteInit.main(ZygoteInit.java:1195)
08-08 23:48:49.558 W/ContextImpl( 5277): Failed to ensure directory: /storage/extSdCard/Android/data/com.tencent.news/cache
08-08 23:48:49.558 E/Vold    (  255): Failed to find mounted volume for /storage/extSdCard/Android/data/com.tencent.news/cache/
08-08 23:48:49.558 W/Vold    (  255): Returning OperationFailed - no handler for errno 0
08-08 23:48:49.568 D/ConnectivityService(  917): returning getNetworkInfo(networkType - 0) :[type: MOBILE[] - MOBILE, state: DISCONNECTED/DISCONNECTED, reason: (unspecified), extra: (none), roaming: false, failover: false, isAvailable: true, isConnectedToProvisioningNetwork: false]
08-08 23:48:49.578 D/ConnectivityService(  917): returning getNetworkInfo(networkType - 1) :[type: WIFI[] - WIFI, state: CONNECTED/CONNECTED, reason: (unspecified), extra: "宣龙华的 iPhone (2)", roaming: false, failover: false, isAvailable: true, isConnectedToProvisioningNetwork: false]
08-08 23:48:49.578 D/ConnectivityService(  917): returning getActiveNetworkInfo :[type: WIFI[] - WIFI, state: CONNECTED/CONNECTED, reason: (unspecified), extra: "宣龙华的 iPhone (2)", roaming: false, failover: false, isAvailable: true, isConnectedToProvisioningNetwork: false]
08-08 23:48:49.588 E/Vold    (  255): Failed to find mounted volume for /storage/extSdCard/Android/data/com.tencent.news/files/
08-08 23:48:49.588 W/Vold    (  255): Returning OperationFailed - no handler for errno 0
08-08 23:48:49.598 W/ContextImpl( 5260): Failed to ensure directory: /storage/extSdCard/Android/data/com.tencent.news/files
08-08 23:48:49.598 D/StatusBar.NetworkController( 1177): refreshViews connected={ wifi } level=4 combinedSignalIconId=0x7f020553/com.android.systemui:drawable/stat_sys_wifi_signal_3 mobileLabel=仅限紧急通话 wifiLabel="宣龙华的 iPhone (2)"xxxxXXXXxxxxXXXX emergencyOnly=true combinedLabel="宣龙华的 iPhone (2)"xxxxXXXXxxxxXXXX mAirplaneMode=false mDataActivity=0 mPhoneSignalIconId=0x7f0204e9/com.android.systemui:drawable/stat_sys_signal_4 mQSPhoneSignalIconId=0x7f020148/com.android.systemui:drawable/ic_qs_signal_4 mDataDirectionIconId=0x0/(null) mDataSignalIconId=0x7f0204e9/com.android.systemui:drawable/stat_sys_signal_4 mDataTypeIconId=0x0/(null) mQSDataTypeIconId=0x0/(null) mNoSimIconId=0x0/(null) mWifiIconId=0x7f020553/com.android.systemui:drawable/stat_sys_wifi_signal_3 mQSWifiIconId=0x7f02015d/com.android.systemui:drawable/ic_qs_wifi_3 mWifiActivityIconId=0x7f020527/com.android.systemui:drawable/stat_sys_signal_inout mBluetoothTetherIconId=0x10808f1/android:drawable/stat_sys_tether_bluetooth
08-08 23:48:49.598 D/STATUSBAR-WifiQuickSettingButton( 1177): onWifiSignalChanged enabled=true enabledDesc:"宣龙华的 iPhone (2)"
08-08 23:48:49.598 D/StatusBar.NetworkController( 1177): refreshSignalCluster - setNWBoosterIndicators(false)
08-08 23:48:49.598 D/StatusBar.NetworkController( 1177): applyCHN
08-08 23:48:49.608 D/StatusBar.NetworkController( 1177): refreshSignalCluster - setNWBoosterIndicators(false)
08-08 23:48:49.608 W/ws001   ( 5260): p m hlc u d p o com.tencent.news.loader.p.ProviderN1
08-08 23:48:49.608 D/StatusBar.NetworkController( 1177): applyCHN
08-08 23:48:49.608 D/StatusBar.NetworkController( 1177): refreshSignalCluster - setNWBoosterIndicators(false)
08-08 23:48:49.608 D/StatusBar.NetworkController( 1177): applyCHN
08-08 23:48:49.608 D/StatusBar.NetworkController( 1177): refreshSignalCluster - setNWBoosterIndicators(false)
08-08 23:48:49.608 D/StatusBar.NetworkController( 1177): applyCHN
08-08 23:48:49.668 W/ContextImpl( 5260): Failed to ensure directory: /storage/extSdCard/Android/data/com.tencent.news/files
08-08 23:48:49.668 D/ConnectivityService(  917): returning getNetworkInfo(networkType - 0) :[type: MOBILE[] - MOBILE, state: DISCONNECTED/DISCONNECTED, reason: (unspecified), extra: (none), roaming: false, failover: false, isAvailable: true, isConnectedToProvisioningNetwork: false]
08-08 23:48:49.668 D/ConnectivityService(  917): returning getNetworkInfo(networkType - 1) :[type: WIFI[] - WIFI, state: CONNECTED/CONNECTED, reason: (unspecified), extra: "宣龙华的 iPhone (2)", roaming: false, failover: false, isAvailable: true, isConnectedToProvisioningNetwork: false]
08-08 23:48:49.668 E/Vold    (  255): Failed to find mounted volume for /storage/extSdCard/Android/data/com.tencent.news/files/
08-08 23:48:49.668 W/Vold    (  255): Returning OperationFailed - no handler for errno 0
08-08 23:48:49.668 D/ConnectivityService(  917): returning getActiveNetworkInfo :[type: WIFI[] - WIFI, state: CONNECTED/CONNECTED, reason: (unspecified), extra: "宣龙华的 iPhone (2)", roaming: false, failover: false, isAvailable: true, isConnectedToProvisioningNetwork: false]
08-08 23:48:49.678 I/art     ( 5277): System.exit called, status: 0
08-08 23:48:49.678 I/AndroidRuntime( 5277): VM exiting with result code 0, cleanup skipped.
08-08 23:48:49.728 I/SurfaceFlinger(  256): id=1548 Removed Mauncher (2/9)
08-08 23:48:49.728 I/SurfaceFlinger(  256): id=1548 Removed Mauncher (-2/9)
08-08 23:48:49.728 I/ActivityManager(  917): Process com.tencent.news:patch (pid 5277)(adj 0) has died(356,695)
08-08 23:48:49.728 D/ActivityManager(  917): isDeviceAdminActiveApp false :com.tencent.news
08-08 23:48:49.728 E/ActivityManager(  917): isAutoRunBlockedApp:: com.tencent.news, Auto Run OFF
08-08 23:48:49.728 D/ActivityManager(  917): cleanUpApplicationRecordLocked block to startprocess for auto run off : com.tencent.news
08-08 23:48:49.778 D/ConnectivityService(  917): returning getNetworkInfo(networkType - 0) :[type: MOBILE[] - MOBILE, state: DISCONNECTED/DISCONNECTED, reason: (unspecified), extra: (none), roaming: false, failover: false, isAvailable: true, isConnectedToProvisioningNetwork: false]
08-08 23:48:49.778 D/ConnectivityService(  917): returning getNetworkInfo(networkType - 1) :[type: WIFI[] - WIFI, state: CONNECTED/CONNECTED, reason: (unspecified), extra: "宣龙华的 iPhone (2)", roaming: false, failover: false, isAvailable: true, isConnectedToProvisioningNetwork: false]
08-08 23:48:49.778 D/ConnectivityService(  917): returning getActiveNetworkInfo :[type: WIFI[] - WIFI, state: CONNECTED/CONNECTED, reason: (unspecified), extra: "宣龙华的 iPhone (2)", roaming: false, failover: false, isAvailable: true, isConnectedToProvisioningNetwork: false]
08-08 23:48:49.878 D/LogWriter( 5260): 08-08 23:48:49.888	1	HttpDns	init dump load data from spnetworkId:wifi_"CU_d24p"_
08-08 23:48:49.878 D/LogWriter( 5260): DNSItem{dn='puui.qpic.cn', ttl='900', iplist=[puui.qpic.cn], index=0, from='network_create'}
08-08 23:48:49.878 D/LogWriter( 5260): DNSItem{dn='mat1.gtimg.com', ttl='900', iplist=[mat1.gtimg.com], index=0, from='network_create'}
08-08 23:48:49.878 D/LogWriter( 5260): DNSItem{dn='r.inews.qq.com', ttl='900', iplist=[111.206.25.152, 220.194.95.149, r.inews.qq.com], index=0, from='network_create'}
08-08 23:48:49.878 D/LogWriter( 5260): DNSItem{dn='mallapi.inews.qq.com', ttl='900', iplist=[mallapi.inews.qq.com], index=0, from='network_create'}
08-08 23:48:49.878 D/LogWriter( 5260): DNSItem{dn='h5.ssp.qq.com', ttl='900', iplist=[h5.ssp.qq.com], index=0, from='network_create'}
08-08 23:48:49.878 D/LogWriter( 5260): DNSItem{dn='api.prize.qq.com', ttl='900', iplist=[api.prize.qq.com], index=0, from='network_create'}
08-08 23:48:49.878 D/LogWriter( 5260): DNSItem{dn='w.inews.qq.com', ttl='900', iplist=[111.206.25.152, 220.194.95.149, w.inews.qq.com], index=0, from='network_create'}
08-08 23:48:49.878 D/LogWriter( 5260): DNSItem{dn='vv6.video.qq.com', ttl='900', iplist=[vv6.video.qq.com], index=0, from='network_create'}
08-08 23:48:49.878 D/LogWriter( 5260): DNSItem{dn='thirdqq.qlogo.cn', ttl='900', iplist=[thirdqq.qlogo.cn], index=0, from='network_create'}
08-08 23:48:49.878 D/LogWriter( 5260): DNSItem{dn='q1.qlogo.cn', ttl='900', iplist=[q1.qlogo.cn], index=0, from='network_create'}
08-08 23:48:49.878 D/LogWriter( 5260): DNSItem{dn='puep.qpic.cn', ttl='900', iplist=[puep.qpic.cn], index=0, from='network_create'}
08-08 23:48:49.878 D/LogWriter( 5260): DNSItem{dn='up.inews.qq.com', ttl='900', iplist=[up.inews.qq.com], index=0, from='network_create'}
08-08 23:48:49.878 D/LogWriter( 5260): DNSItem{dn='inews.gtimg.com', ttl='900', iplist=[inews.gtimg.com], index=0, from='network_create'}
08-08 23:48:49.878 D/LogWriter( 5260): DNSItem{dn='pgdt.gtimg.cn', ttl='900', iplist=[pgdt.gtimg.cn], index=0, from='network_create'}
08-08 23:48:49.878 D/LogWriter( 5260): DNSItem{dn='s.inews.gtimg.com', ttl='900', iplist=[s.inews.gtimg.com], index=0, from='network_create'}
08-08 23:48:49.878 D/LogWriter( 5260): 
08-08 23:48:49.878 D/LogWriter( 5260): 
08-08 23:48:49.878 D/LogWriter( 5260): 08-08 23:48:49.888	1	HttpDns	init dump load data from spnetworkId:wifi_"宣龙华的 iPhone (2)"_
08-08 23:48:49.878 D/LogWriter( 5260): DNSItem{dn='puui.qpic.cn', ttl='900', iplist=[puui.qpic.cn], index=0, from='network_create'}
08-08 23:48:49.878 D/LogWriter( 5260): DNSItem{dn='r.inews.qq.com', ttl='900', iplist=[111.30.159.151, 111.30.138.181, r.inews.qq.com], index=0, from='network_create'}
08-08 23:48:49.878 D/LogWriter( 5260): DNSItem{dn='up.inews.qq.com', ttl='900', iplist=[up.inews.qq.com], index=0, from='network_create'}
08-08 23:48:49.878 D/LogWriter( 5260): DNSItem{dn='inews.gtimg.com', ttl='900', iplist=[inews.gtimg.com], index=0, from='network_create'}
08-08 23:48:49.878 D/LogWriter( 5260): DNSItem{dn='c.ssp.qq.com', ttl='900', iplist=[c.ssp.qq.com], index=0, from='network_create'}
08-08 23:48:49.878 D/LogWriter( 5260): DNSItem{dn='mallapi.inews.qq.com', ttl='900', iplist=[mallapi.inews.qq.com], index=0, from='network_create'}
08-08 23:48:49.878 D/LogWriter( 5260): DNSItem{dn='wise.qq.com', ttl='900', iplist=[182.254.118.8, wise.qq.com], index=0, from='network_create'}
08-08 23:48:49.878 D/LogWriter( 5260): DNSItem{dn='api.prize.qq.com', ttl='900', iplist=[api.prize.qq.com], index=0, from='network_create'}
08-08 23:48:49.878 D/LogWriter( 5260): DNSItem{dn='w.inews.qq.com', ttl='900', iplist=[111.30.138.181, 111.30.159.151, w.inews.qq.com], index=0, from='network_create'}
08-08 23:48:49.878 D/LogWriter( 5260): DNSItem{dn='vv6.video.qq.com', ttl='900', iplist=[vv6.video.qq.com], index=0, from='network_create'}
08-08 23:48:49.878 D/LogWriter( 5260): 
08-08 23:48:49.878 D/LogWriter( 5260): 
08-08 23:48:49.888 D/LogWriter( 5260): 08-08 23:48:49.888	1	HttpDns	init dump load data from spnetworkId:inavailable__
08-08 23:48:49.888 D/LogWriter( 5260): 
08-08 23:48:49.888 D/LogWriter( 5260): 
08-08 23:48:50.048 I/art     (  917): Explicit concurrent mark sweep GC freed 148559(8MB) AllocSpace objects, 40(3MB) LOS objects, 24% free, 49MB/65MB, paused 2.330ms total 255.992ms
08-08 23:48:50.058 E/SMD     (  289): DCD ON
08-08 23:48:50.128 W/ContextImpl( 5260): Failed to ensure directory: /storage/extSdCard/Android/data/com.tencent.news/files/runtimeLog
08-08 23:48:50.128 E/Vold    (  255): Failed to find mounted volume for /storage/extSdCard/Android/data/com.tencent.news/files/runtimeLog/
08-08 23:48:50.128 W/Vold    (  255): Returning OperationFailed - no handler for errno 0
08-08 23:48:50.158 W/ActivityManager(  917): getTasks: caller 10205 does not hold GET_TASKS; limiting output
08-08 23:48:50.498 D/MID     ( 5260): [main(1): SourceFile:203] - read the new one
08-08 23:48:50.508 I/MID     ( 5260): [main(1): SourceFile:38] - read mid from sharedPreferences， key=__MTA_DEVICE_INFO__3
08-08 23:48:50.508 D/MID     ( 5260): [main(1): SourceFile:270] - firstRead
08-08 23:48:50.508 I/MID     ( 5260): [main(1): SourceFile:38] - read mid from sharedPreferences， key=__MTA_DEVICE_INFO__3
08-08 23:48:50.578 W/ContextImpl( 5260): Failed to ensure directory: /storage/extSdCard/Android/data/com.tencent.news/files
08-08 23:48:50.578 W/ContextImpl( 5260): Failed to ensure directory: /storage/extSdCard/Android/data/com.tencent.news/files
08-08 23:48:50.578 E/Vold    (  255): Failed to find mounted volume for /storage/extSdCard/Android/data/com.tencent.news/files/
08-08 23:48:50.578 W/Vold    (  255): Returning OperationFailed - no handler for errno 0
08-08 23:48:50.578 E/Vold    (  255): Failed to find mounted volume for /storage/extSdCard/Android/data/com.tencent.news/files/
08-08 23:48:50.578 W/Vold    (  255): Returning OperationFailed - no handler for errno 0
08-08 23:48:50.598 D/StatusBar.NetworkController( 1177): refreshViews connected={ wifi } level=4 combinedSignalIconId=0x7f020553/com.android.systemui:drawable/stat_sys_wifi_signal_3 mobileLabel=仅限紧急通话 wifiLabel="宣龙华的 iPhone (2)"xxxxXXXXxxxxXXXX emergencyOnly=true combinedLabel="宣龙华的 iPhone (2)"xxxxXXXXxxxxXXXX mAirplaneMode=false mDataActivity=0 mPhoneSignalIconId=0x7f0204e9/com.android.systemui:drawable/stat_sys_signal_4 mQSPhoneSignalIconId=0x7f020148/com.android.systemui:drawable/ic_qs_signal_4 mDataDirectionIconId=0x0/(null) mDataSignalIconId=0x7f0204e9/com.android.systemui:drawable/stat_sys_signal_4 mDataTypeIconId=0x0/(null) mQSDataTypeIconId=0x0/(null) mNoSimIconId=0x0/(null) mWifiIconId=0x7f020553/com.android.systemui:drawable/stat_sys_wifi_signal_3 mQSWifiIconId=0x7f02015d/com.android.systemui:drawable/ic_qs_wifi_3 mWifiActivityIconId=0x7f020532/com.android.systemui:drawable/stat_sys_signal_out mBluetoothTetherIconId=0x10808f1/android:drawable/stat_sys_tether_bluetooth
08-08 23:48:50.598 D/STATUSBAR-WifiQuickSettingButton( 1177): onWifiSignalChanged enabled=true enabledDesc:"宣龙华的 iPhone (2)"
08-08 23:48:50.598 D/StatusBar.NetworkController( 1177): refreshSignalCluster - setNWBoosterIndicators(false)
08-08 23:48:50.608 D/StatusBar.NetworkController( 1177): applyCHN
08-08 23:48:50.608 D/StatusBar.NetworkController( 1177): refreshSignalCluster - setNWBoosterIndicators(false)
08-08 23:48:50.608 D/StatusBar.NetworkController( 1177): applyCHN
08-08 23:48:50.608 D/StatusBar.NetworkController( 1177): refreshSignalCluster - setNWBoosterIndicators(false)
08-08 23:48:50.608 D/StatusBar.NetworkController( 1177): applyCHN
08-08 23:48:50.608 D/StatusBar.NetworkController( 1177): refreshSignalCluster - setNWBoosterIndicators(false)
08-08 23:48:50.608 D/StatusBar.NetworkController( 1177): applyCHN
08-08 23:48:50.648 W/ContextImpl( 5260): Failed to ensure directory: /storage/extSdCard/Android/data/com.tencent.news/files
08-08 23:48:50.648 E/Vold    (  255): Failed to find mounted volume for /storage/extSdCard/Android/data/com.tencent.news/files/
08-08 23:48:50.648 W/Vold    (  255): Returning OperationFailed - no handler for errno 0
08-08 23:48:50.678 D/TENCENT_AMS_( 5260): isOpen:false
08-08 23:48:50.678 D/TENCENT_AMS_( 5260): setDebug, enableLogfalse, enableToast: false
08-08 23:48:50.818 D/TENCENT_AMS_( 5260): setDebug, enableLogfalse, enableToast: false
08-08 23:48:50.818 W/ActivityManager(  917): getTasks: caller 10205 does not hold GET_TASKS; limiting output
08-08 23:48:50.818 W/ActivityManager(  917): getTasks: caller 10205 does not hold GET_TASKS; limiting output
08-08 23:48:51.088 D/ConnectivityService(  917): returning getActiveNetworkInfo :[type: WIFI[] - WIFI, state: CONNECTED/CONNECTED, reason: (unspecified), extra: "宣龙华的 iPhone (2)", roaming: false, failover: false, isAvailable: true, isConnectedToProvisioningNetwork: false]
08-08 23:48:51.088 D/ConnectivityService(  917): returning getActiveNetworkInfo :[type: WIFI[] - WIFI, state: CONNECTED/CONNECTED, reason: (unspecified), extra: "宣龙华的 iPhone (2)", roaming: false, failover: false, isAvailable: true, isConnectedToProvisioningNetwork: false]
08-08 23:48:51.168 W/ActivityManager(  917): getTasks: caller 10205 does not hold GET_TASKS; limiting output
08-08 23:48:51.198 D/ConnectivityService(  917): returning getActiveNetworkInfo :[type: WIFI[] - WIFI, state: CONNECTED/CONNECTED, reason: (unspecified), extra: "宣龙华的 iPhone (2)", roaming: false, failover: false, isAvailable: true, isConnectedToProvisioningNetwork: false]
08-08 23:48:51.198 D/ConnectivityService(  917): returning getActiveNetworkInfo :[type: WIFI[] - WIFI, state: CONNECTED/CONNECTED, reason: (unspecified), extra: "宣龙华的 iPhone (2)", roaming: false, failover: false, isAvailable: true, isConnectedToProvisioningNetwork: false]
08-08 23:48:51.228 D/ConnectivityService(  917): returning getActiveNetworkInfo :[type: WIFI[] - WIFI, state: CONNECTED/CONNECTED, reason: (unspecified), extra: "宣龙华的 iPhone (2)", roaming: false, failover: false, isAvailable: true, isConnectedToProvisioningNetwork: false]
08-08 23:48:51.228 E/Vold    (  255): Failed to find mounted volume for /storage/extSdCard/Android/data/com.tencent.news/files/
08-08 23:48:51.228 W/Vold    (  255): Returning OperationFailed - no handler for errno 0
08-08 23:48:51.238 W/ContextImpl( 5260): Failed to ensure directory: /storage/extSdCard/Android/data/com.tencent.news/files
08-08 23:48:51.238 D/ConnectivityService(  917): returning getActiveNetworkInfo :[type: WIFI[] - WIFI, state: CONNECTED/CONNECTED, reason: (unspecified), extra: "宣龙华的 iPhone (2)", roaming: false, failover: false, isAvailable: true, isConnectedToProvisioningNetwork: false]
08-08 23:48:51.328 D/MultiPhoneWindow( 5260): updateMultiWindowStyle style:MultiWindowStyle{type=0, zone=ZONE_UNKNOWN, option=0x01000002, bounds=null, isNull=false, isolatedCenterPoint=Point(0, 0), scale=0.0, specificTaskId=-1},newStyle=MultiWindowStyle{type=0, zone=ZONE_UNKNOWN, option=0x01000002, bounds=null, isNull=false, isolatedCenterPoint=Point(0, 0), scale=0.0, specificTaskId=-1}
08-08 23:48:51.328 D/MultiPhoneWindow( 5260): MultiPhoneWindow : mMinStackBoundForPortRect(0, 0 - 626, 1113), mMinStackBoundForPort=Rect(0, 0 - 1113, 626)
08-08 23:48:51.338 V/BitmapFactory( 5260): DecodeImagePath(decodeResourceStream3) : res/drawable-xxhdpi-v4/multiwindow_ic_drag_drop.png
08-08 23:48:51.338 V/MediaPlayer( 5260): decode(50, 11726196, 5795)
08-08 23:48:51.348 V/MediaPlayerService(  298): decode(28, 11726196, 5795)
08-08 23:48:51.348 V/BitmapFactory( 5260): DecodeImagePath(decodeResourceStream3) : r/g/ah6.png
08-08 23:48:51.348 V/BitmapFactory( 5260): DecodeImagePath(decodeResourceStream3) : r/g/ahh.png
08-08 23:48:51.348 V/MediaPlayerService(  298): player type = 3
08-08 23:48:51.358 V/AwesomePlayer(  298): setDefault
08-08 23:48:51.358 V/AwesomePlayer(  298): constructor
08-08 23:48:51.358 V/BitmapFactory( 5260): DecodeImagePath(decodeResourceStream3) : res/drawable-xxhdpi-v4/multiwindow_ic_maximize.png
08-08 23:48:51.358 V/BitmapFactory( 5260): DecodeImagePath(decodeResourceStream3) : res/drawable-xxhdpi-v4/multiwindow_ic_minimize.png
08-08 23:48:51.358 V/AwesomePlayer(  298): setDefault
08-08 23:48:51.358 V/AwesomePlayer(  298): reset_l()
08-08 23:48:51.358 V/AwesomePlayer(  298): notifyListner_l() msg (8-MEDIA_STOPPED), ext1 (0), ext2 (0)
08-08 23:48:51.358 V/AwesomePlayer(  298): cancelPlayerEvents (keepNotifications=0)
08-08 23:48:51.358 V/AwesomePlayer(  298): mAudioTrackVector clear
08-08 23:48:51.358 V/AwesomePlayer(  298): reset_l() mAudioPlayer successfully deleted
08-08 23:48:51.358 V/AwesomePlayer(  298): mSecCapture clear
08-08 23:48:51.358 V/AwesomePlayer(  298): mSecMediaClock clear
08-08 23:48:51.358 V/StagefrightPlayer(  298): StagefrightPlayer
08-08 23:48:51.358 V/AwesomePlayer(  298): setListener
08-08 23:48:51.358 V/StagefrightPlayer(  298): initCheck
08-08 23:48:51.358 V/AwesomePlayer(  298): setAudioSink
08-08 23:48:51.358 V/StagefrightPlayer(  298): setDataSource(28, 11726196, 5795)
08-08 23:48:51.358 V/AwesomePlayer(  298): reset_l()
08-08 23:48:51.358 V/AwesomePlayer(  298): notifyListner_l() msg (8-MEDIA_STOPPED), ext1 (0), ext2 (0)
08-08 23:48:51.358 V/AudioCache(  298): notify(0xb03ac380, 8, 0, 0)
08-08 23:48:51.358 V/AudioCache(  298): ignored
08-08 23:48:51.358 V/AwesomePlayer(  298): cancelPlayerEvents (keepNotifications=0)
08-08 23:48:51.358 V/AwesomePlayer(  298): mAudioTrackVector clear
08-08 23:48:51.358 V/AwesomePlayer(  298): reset_l() mAudioPlayer successfully deleted
08-08 23:48:51.358 V/AwesomePlayer(  298): mSecCapture clear
08-08 23:48:51.358 V/AwesomePlayer(  298): mSecMediaClock clear
08-08 23:48:51.358 D/OggExtractor(  298):  correct time not found. Let's use approximate value
08-08 23:48:51.358 V/AwesomePlayer(  298): track of type 'audio/vorbis' does not publish bitrate
08-08 23:48:51.358 V/AwesomePlayer(  298): mBitrate = -1 bits/sec
08-08 23:48:51.358 I/OggExtractor(  298): OggSource::OggSource() mExtractor ref count = 4
08-08 23:48:51.358 V/AwesomePlayer(  298): current audio track index (0) is added to vector
08-08 23:48:51.358 V/AwesomePlayer(  298): setDataSource_l: Audio(1), Video(0)
08-08 23:48:51.358 I/AwesomePlayer(  298): checkRightsStatus is not necessary - AwesomePlayer::setDataSource_l
08-08 23:48:51.358 V/MediaPlayerService(  298): prepare
08-08 23:48:51.358 V/AwesomePlayer(  298): prepareAsync
08-08 23:48:51.358 V/MediaPlayerService(  298): wait for prepare
08-08 23:48:51.358 V/AwesomePlayer(  298): onPrepareAsyncEvent
08-08 23:48:51.358 I/SecMediaClock(  298): SecMediaClock constructor
08-08 23:48:51.358 I/SecMediaClock(  298): reset
08-08 23:48:51.358 I/SecVideoCapture(  298): SecVideoCapture constructor
08-08 23:48:51.358 I/SecVideoCapture(  298): reset
08-08 23:48:51.358 V/AwesomePlayer(  298): initAudioDecoder
08-08 23:48:51.358 V/AwesomePlayer(  298): checkOffloadExceptions is true
08-08 23:48:51.358 V/AudioPolicyManager(  298): isOffloadSupported: SR=44100, CM=0x3, Format=0x7000000, StreamType=-1, BitRate=4294967295, duration=362187 us, has_video=0
08-08 23:48:51.358 V/AudioPolicyManager(  298): isOffloadSupported: stream_type != MUSIC, returning false
08-08 23:48:51.358 I/OMXCodec(  298): Attempting to allocate OMX node 'OMX.google.vorbis.decoder'
08-08 23:48:51.368 V/BitmapFactory( 5260): DecodeImagePath(decodeResourceStream3) : res/drawable-xxhdpi-v4/multiwindow_ic_close.png
08-08 23:48:51.368 V/BitmapFactory( 5260): DecodeImagePath(decodeResourceStream3) : r/g/ai3.png
08-08 23:48:51.378 I/OMXCodec(  298): Successfully allocated OMX node 'OMX.google.vorbis.decoder'
08-08 23:48:51.378 I/OMXCodec(  298): >>>UHQA initOutputFormat 16
08-08 23:48:51.378 I/AwesomePlayer(  298): Could not offload audio decode, try pcm offload
08-08 23:48:51.378 V/AudioPolicyManager(  298): isOffloadSupported: SR=44100, CM=0x1, Format=0x1c000001, StreamType=-1, BitRate=4294967295, duration=362187 us, has_video=0
08-08 23:48:51.378 V/AudioPolicyManager(  298): isOffloadSupported: stream_type != MUSIC, returning false
08-08 23:48:51.378 I/OMXCodec(  298): [OMX.google.vorbis.decoder] OMXCodec::start mState=1
08-08 23:48:51.378 I/OMXCodec(  298): [OMX.google.vorbis.decoder] allocating 4 buffers of size 8192 on input port
08-08 23:48:51.378 I/OMXCodec(  298): [OMX.google.vorbis.decoder] allocating 4 buffers of size 32768 on output port
08-08 23:48:51.378 W/Settings( 5260): Setting airplane_mode_on has moved from android.provider.Settings.System to android.provider.Settings.Global, returning read-only value.
08-08 23:48:51.378 I/OMXCodec(  298): [OMX.google.vorbis.decoder] Now Idle. Component sends idle done Event 
08-08 23:48:51.378 V/AwesomePlayer(  298): finishAsyncPrepare_l
08-08 23:48:51.378 V/AwesomePlayer(  298): notifyListner_l() msg (200-MEDIA_INFO), ext1 (973), ext2 (0)
08-08 23:48:51.378 V/AudioCache(  298): notify(0xb03ac380, 200, 973, 0)
08-08 23:48:51.378 V/AudioCache(  298): ignored
08-08 23:48:51.378 V/AwesomePlayer(  298): notifyListner_l() msg (5-MEDIA_SET_VIDEO_SIZE), ext1 (0), ext2 (0)
08-08 23:48:51.378 V/AudioCache(  298): notify(0xb03ac380, 5, 0, 0)
08-08 23:48:51.378 V/AudioCache(  298): ignored
08-08 23:48:51.378 V/AwesomePlayer(  298): notifyListner_l() msg (1-MEDIA_PREPARED), ext1 (0), ext2 (0)
08-08 23:48:51.378 V/AudioCache(  298): notify(0xb03ac380, 1, 0, 0)
08-08 23:48:51.378 V/AudioCache(  298): prepared
08-08 23:48:51.378 V/AudioCache(  298): wait - success
08-08 23:48:51.378 V/MediaPlayerService(  298): start
08-08 23:48:51.378 V/StagefrightPlayer(  298): start
08-08 23:48:51.378 V/AwesomePlayer(  298): play
08-08 23:48:51.378 V/AwesomePlayer(  298): AwesomePlayer::play_l():: This is not a DRM content
08-08 23:48:51.378 V/AwesomePlayer(  298): startAudioPlayer_l, sendErrorNotification (0)
08-08 23:48:51.378 D/AudioPlayer(  298): start of Playback, useOffload 0
08-08 23:48:51.378 V/BitmapFactory( 5260): DecodeImagePath(decodeResourceStream3) : r/g/ab7.png
08-08 23:48:51.378 V/BitmapFactory( 5260): DecodeImagePath(decodeResourceStream3) : r/g/ad2.png
08-08 23:48:51.378 I/OMXCodec(  298): [OMX.google.vorbis.decoder] 0onCmdComplete  mState =  7
08-08 23:48:51.378 I/OMXCodec(  298): [OMX.google.vorbis.decoder] PORT_DISABLED(1)
08-08 23:48:51.378 I/OMXCodec(  298): >>>UHQA initOutputFormat 16
08-08 23:48:51.378 I/OMXCodec(  298): [OMX.google.vorbis.decoder] allocating 4 buffers of size 32768 on output port
08-08 23:48:51.378 I/AudioPlayer(  298): Audio channels(2)
08-08 23:48:51.378 I/AudioPlayer(  298): Audioplayer kKeyAudioPCMFormat:0, 1, 0
08-08 23:48:51.378 I/AudioPlayer(  298): Audioplayer kKeyAudioPCMFormat read fail(2, 1)
08-08 23:48:51.378 V/AudioCache(  298): open(44100, 2, 0x0, 1, 0)
08-08 23:48:51.388 V/AwesomePlayer(  298): notifyListner_l() msg (6-MEDIA_STARTED), ext1 (0), ext2 (0)
08-08 23:48:51.388 V/AudioCache(  298): notify(0xb03ac380, 6, 0, 0)
08-08 23:48:51.388 V/AudioCache(  298): ignored
08-08 23:48:51.388 V/AwesomePlayer(  298): addBatteryData
08-08 23:48:51.388 V/MediaPlayerService(  298): wait for playback complete
08-08 23:48:51.388 I/OMXCodec(  298): [OMX.google.vorbis.decoder] End Of Stream
08-08 23:48:51.388 I/AudioPlayer(  298): First fillBuffer call!!
08-08 23:48:51.388 I/AudioPlayer(  298): >>> setAudioEffect Read mAudioFormat : 1, event : 4587583, value : 4390976
08-08 23:48:51.388 E/AudioPlayer(  298): >>> setAudioEffect Error mAudioFormat : 1, event : 4587583, value : 4390976
08-08 23:48:51.388 V/AwesomePlayer(  298): postAudioEOS delayUs (0)
08-08 23:48:51.388 V/AwesomePlayer(  298): onCheckAudioStatus
08-08 23:48:51.388 V/AwesomePlayer(  298): onCheckAudioStatus() set AUDIO_AT_EOS flag
08-08 23:48:51.388 V/AwesomePlayer(  298): onStreamDone
08-08 23:48:51.388 V/AwesomePlayer(  298): MEDIA_PLAYBACK_COMPLETE
08-08 23:48:51.388 V/AwesomePlayer(  298): notifyListner_l() msg (2-MEDIA_PLAYBACK_COMPLETE), ext1 (0), ext2 (0)
08-08 23:48:51.388 V/AudioCache(  298): notify(0xb03ac380, 2, 0, 0)
08-08 23:48:51.388 V/AudioCache(  298): playback complete - thread will wake up later
08-08 23:48:51.388 V/AwesomePlayer(  298): notifyListner_l() msg (7-MEDIA_PAUSED), ext1 (0), ext2 (0)
08-08 23:48:51.388 V/AudioCache(  298): notify(0xb03ac380, 7, 0, 0)
08-08 23:48:51.388 V/AudioCache(  298): ignored
08-08 23:48:51.388 V/AwesomePlayer(  298): cancelPlayerEvents (keepNotifications=1)
08-08 23:48:51.388 V/AwesomePlayer(  298): addBatteryData
08-08 23:48:51.388 V/AudioCache(  298): wait - success
08-08 23:48:51.388 V/StagefrightPlayer(  298): reset
08-08 23:48:51.388 V/AwesomePlayer(  298): reset_l()
08-08 23:48:51.388 V/AwesomePlayer(  298): notifyListner_l() msg (8-MEDIA_STOPPED), ext1 (0), ext2 (0)
