08-09 20:54:51.504 E/mm-camera(  301): pproc_port_sink_check_caps_reserve:823] error because caps Type:1 not supported.
08-09 20:54:51.504 E/mm-camera(  301): pproc_port_sink_check_caps_reserve:823] error because caps Type:1 not supported.
08-09 20:54:51.504 E/mm-camera(  301): pproc_port_sink_check_caps_reserve:823] error because caps Type:1 not supported.
08-09 20:54:51.504 E/mm-camera(  301): pproc_port_sink_check_caps_reserve:823] error because caps Type:1 not supported.
08-09 20:54:51.504 E/mm-camera(  301): port_isp_check_caps_reserve_func: E, identity = 0x30002, port = 0xb4cb08e0, direction = 1
08-09 20:54:51.504 E/mm-camera(  301): port_isp_check_caps_reserve_func: X, rc = 1, identity = 0x30002, port = 0xb4cb08e0, direction = 1
08-09 20:54:51.504 E/mm-camera(  301): pproc_port_create_stream_topology:469] feature mask 0x0 0x0
08-09 20:54:51.504 E/mm-camera(  301): cpp_port_check_caps_reserve:77, identity=0x30002
08-09 20:54:51.504 E/mm-camera(  301): cpp_port_check_caps_reserve:143, identity=0x30002, reserved
08-09 20:54:51.504 D/StatusBar.NetworkController( 1180): refreshViews connected={ wifi } level=4 combinedSignalIconId=0x7f020553/com.android.systemui:drawable/stat_sys_wifi_signal_3 mobileLabel= wifiLabel="CU_d24p"xxxxXXXXxxxxXXXX emergencyOnly=true combinedLabel="CU_d24p"xxxxXXXXxxxxXXXX mAirplaneMode=false mDataActivity=0 mPhoneSignalIconId=0x7f0204e9/com.android.systemui:drawable/stat_sys_signal_4 mQSPhoneSignalIconId=0x7f020148/com.android.systemui:drawable/ic_qs_signal_4 mDataDirectionIconId=0x0/(null) mDataSignalIconId=0x7f0204e9/com.android.systemui:drawable/stat_sys_signal_4 mDataTypeIconId=0x0/(null) mQSDataTypeIconId=0x0/(null) mNoSimIconId=0x0/(null) mWifiIconId=0x7f020553/com.android.systemui:drawable/stat_sys_wifi_signal_3 mQSWifiIconId=0x7f02015d/com.android.systemui:drawable/ic_qs_wifi_3 mWifiActivityIconId=0x7f020529/com.android.systemui:drawable/stat_sys_signal_no_inout mBluetoothTetherIconId=0x10808f1/android:drawable/stat_sys_tether_bluetooth
08-09 20:54:51.504 E/mm-camera(  301): cpp_module_set_output_duplication_flag:548, current stream w=320, h=240, st=320, sc=240, fmt=1, identity=0x30002
08-09 20:54:51.504 E/mm-camera(  301): cpp_module_set_output_duplication_flag:552, info: no linked stream
08-09 20:54:51.504 E/mm-camera(  301): cpp_module_set_clock_freq:957] clk:266670000, dim:76800, stream_type:1, 
08-09 20:54:51.504 D/STATUSBAR-WifiQuickSettingButton( 1180): onWifiSignalChanged enabled=true enabledDesc:"CU_d24p"
08-09 20:54:51.504 E/mm-camera(  301): cpp_module_notify_add_stream:1141, info: success, identity=0x30002
08-09 20:54:51.504 E/mm-camera(  301): port_isp_ext_link_func: E, identity = 0x30002, port = 0xb4cb08e0, direction = 1
08-09 20:54:51.504 E/mm-camera(  301): port_isp_ext_link_func: X, rc = 1, identity = 0x30002, port = 0xb4cb08e0, direction = 1
08-09 20:54:51.504 E/mm-camera(  301): cpp_port_check_caps_reserve:77, identity=0x30002
08-09 20:54:51.504 E/mm-camera(  301): cpp_port_check_caps_reserve:143, identity=0x30002, reserved
08-09 20:54:51.504 E/mm-camera(  301): module_faceproc_port_check_caps_reserve:838] E
08-09 20:54:51.504 E/mm-camera(  301): module_faceproc_port_check_caps_reserve:852] caps type 2 format 2
08-09 20:54:51.504 E/mm-camera(  301): module_faceproc_acquire_port:306] E
08-09 20:54:51.504 E/mm-camera(  301): module_faceproc_client_create:1344]
08-09 20:54:51.504 D/PhoneStatusBar( 1180): updateIcon slot=smart_scroll index=7 viewIndex=0 old=StatusBarIcon(pkg=androiduser=0 id=0x10807b0 level=0 visible=false num=0 ) icon=StatusBarIcon(pkg=androiduser=0 id=0x10807b0 level=0 visible=true num=0 )
08-09 20:54:51.504 E/mm-camera-img(  301): img_comp_create:513] 
08-09 20:54:51.504 E/mm-camera-img(  301): faceproc_comp_init:46] 
08-09 20:54:51.504 E/mm-camera-img(  301): faceproc_comp_init:56] 
08-09 20:54:51.504 E/mm-camera(  301): module_faceproc_client_create:1415] Face proc feature mask 12a 0
08-09 20:54:51.504 E/mm-camera(  301): module_faceproc_client_create:1418] port 0xb4cb5fa0 client 0xb2524000 X
08-09 20:54:51.504 E/mm-camera(  301): module_faceproc_acquire_port:345] port 0xb4cb5fa0 port_private 0xb2524000 X
08-09 20:54:51.504 E/mm-camera(  301): module_faceproc_port_check_caps_reserve:886] X
08-09 20:54:51.504 E/mm-camera(  301): module_faceproc_port_ext_link:687] port 0xb4cb5fa0 E
08-09 20:54:51.504 E/mm-camera(  301): module_faceproc_port_ext_link:719] X
08-09 20:54:51.504 E/mm-camera(  301): port_isp_check_caps_reserve_func: E, identity = 0x30002, port = 0xb4cb0760, direction = 1
08-09 20:54:51.504 E/mm-camera(  301): port_isp_check_caps_reserve_func: X, rc = 1, identity = 0x30002, port = 0xb4cb0760, direction = 1
08-09 20:54:51.504 E/mm-camera(  301): afd_port_check_caps_reserve: X
08-09 20:54:51.504 E/mm-camera(  301): asd_port_check_caps_reserve: E
08-09 20:54:51.504 E/mm-camera(  301): asd_port_check_caps_reserve: X
08-09 20:54:51.504 E/mm-camera(  301): q3a_port_event: Stream type change event received!
08-09 20:54:51.504 E/mm-camera(  301): port_isp_ext_link_func: E, identity = 0x30002, port = 0xb4cb0760, direction = 1
08-09 20:54:51.504 E/mm-camera(  301): port_isp_ext_link_func: X, rc = 1, identity = 0x30002, port = 0xb4cb0760, direction = 1
08-09 20:54:51.504 E/mm-camera(  301): mct_pipeline_send_ctrl_events: Send Set Parm events
08-09 20:54:51.504 E/mm-camera(  301): port_isp_mct_ctrl_cmd: type=3
08-09 20:54:51.504 E/mm-camera(  301): port_isp_mct_ctrl_cmd: E, identity = 0x30002
08-09 20:54:51.504 E/mm-camera(  301): module_faceproc_client_handle_ctrl_parm:1969] param 2
08-09 20:54:51.504 E/mm-camera(  301): port_isp_mct_ctrl_cmd: X, identity = 0x30002
08-09 20:54:51.504 E/mm-camera(  301): port_isp_mct_ctrl_cmd: type=3
08-09 20:54:51.504 E/mm-camera(  301): port_isp_mct_ctrl_cmd: E, identity = 0x30002
08-09 20:54:51.504 E/mm-camera(  301): module_faceproc_client_handle_ctrl_parm:1969] param 3
08-09 20:54:51.504 E/mm-camera(  301): port_isp_mct_ctrl_cmd: X, identity = 0x30002
08-09 20:54:51.504 E/mm-camera(  301): port_isp_mct_ctrl_cmd: type=3
08-09 20:54:51.504 E/mm-camera(  301): port_isp_mct_ctrl_cmd: E, identity = 0x30002
08-09 20:54:51.504 E/mm-camera(  301): module_faceproc_client_handle_ctrl_parm:1969] param 4
08-09 20:54:51.504 E/mm-camera(  301): port_isp_mct_ctrl_cmd: X, identity = 0x30002
08-09 20:54:51.504 E/mm-camera(  301): port_isp_mct_ctrl_cmd: type=3
08-09 20:54:51.504 E/mm-camera(  301): port_isp_mct_ctrl_cmd: E, identity = 0x30002
08-09 20:54:51.504 E/mm-camera(  301): module_faceproc_client_handle_ctrl_parm:1969] param 5
08-09 20:54:51.504 E/mm-camera(  301): port_isp_mct_ctrl_cmd: X, identity = 0x30002
08-09 20:54:51.504 E/mm-camera(  301): port_isp_mct_ctrl_cmd: type=3
08-09 20:54:51.504 E/mm-camera(  301): port_isp_mct_ctrl_cmd: E, identity = 0x30002
08-09 20:54:51.504 E/mm-camera(  301): module_faceproc_client_handle_ctrl_parm:1969] param 6
08-09 20:54:51.504 E/mm-camera(  301): port_isp_mct_ctrl_cmd: X, identity = 0x30002
08-09 20:54:51.504 E/mm-camera(  301): port_isp_mct_ctrl_cmd: type=3
08-09 20:54:51.504 E/mm-camera(  301): port_isp_mct_ctrl_cmd: E, identity = 0x30002
08-09 20:54:51.504 E/mm-camera(  301): cpp_module_util_get_asf_wnr_params:454 chromatix NULL
08-09 20:54:51.504 E/mm-camera(  301): module_faceproc_client_handle_ctrl_parm:1969] param 7
08-09 20:54:51.504 E/mm-camera(  301): port_isp_mct_ctrl_cmd: X, identity = 0x30002
08-09 20:54:51.504 E/mm-camera(  301): port_isp_mct_ctrl_cmd: type=3
08-09 20:54:51.504 E/mm-camera(  301): port_isp_mct_ctrl_cmd: E, identity = 0x30002
08-09 20:54:51.504 E/mm-camera(  301): module_faceproc_client_handle_ctrl_parm:1969] param 8
08-09 20:54:51.504 E/mm-camera(  301): module_faceproc_client_handle_ctrl_parm:1998] zoom_val 0
08-09 20:54:51.504 E/mm-camera(  301): port_isp_mct_ctrl_cmd: X, identity = 0x30002
08-09 20:54:51.504 E/mm-camera(  301): port_isp_mct_ctrl_cmd: type=3
08-09 20:54:51.504 E/mm-camera(  301): port_isp_mct_ctrl_cmd: E, identity = 0x30002
08-09 20:54:51.504 E/mm-camera(  301): module_faceproc_client_handle_ctrl_parm:1969] param 9
08-09 20:54:51.504 E/mm-camera(  301): port_isp_mct_ctrl_cmd: X, identity = 0x30002
08-09 20:54:51.504 E/mm-camera(  301): port_isp_mct_ctrl_cmd: type=3
08-09 20:54:51.504 E/mm-camera(  301): port_isp_mct_ctrl_cmd: E, identity = 0x30002
08-09 20:54:51.504 E/mm-camera(  301): module_faceproc_client_handle_ctrl_parm:1969] param 10
08-09 20:54:51.504 E/mm-camera(  301): port_isp_mct_ctrl_cmd: X, identity = 0x30002
08-09 20:54:51.504 E/mm-camera-sensor(  301): sensor_set_frame_rate:965 max fps 30.000000 min fps 15.000000
08-09 20:54:51.504 E/mm-camera(  301): port_isp_mct_ctrl_cmd: type=3
08-09 20:54:51.504 E/mm-camera(  301): port_isp_mct_ctrl_cmd: E, identity = 0x30002
08-09 20:54:51.504 E/mm-camera(  301): module_faceproc_client_handle_ctrl_parm:1969] param 11
08-09 20:54:51.504 E/mm-camera(  301): port_isp_mct_ctrl_cmd: X, identity = 0x30002
08-09 20:54:51.504 E/mm-camera(  301): port_isp_mct_ctrl_cmd: type=3
08-09 20:54:51.504 E/mm-camera(  301): port_isp_mct_ctrl_cmd: E, identity = 0x30002
08-09 20:54:51.504 E/mm-camera(  301): module_faceproc_client_handle_ctrl_parm:1969] param 12
08-09 20:54:51.504 E/mm-camera(  301): port_isp_mct_ctrl_cmd: X, identity = 0x30002
08-09 20:54:51.504 E/mm-camera(  301): port_isp_mct_ctrl_cmd: type=3
08-09 20:54:51.504 E/mm-camera(  301): port_isp_mct_ctrl_cmd: E, identity = 0x30002
08-09 20:54:51.504 E/mm-camera(  301): module_faceproc_client_handle_ctrl_parm:1969] param 13
08-09 20:54:51.504 E/mm-camera(  301): port_isp_mct_ctrl_cmd: X, identity = 0x30002
08-09 20:54:51.504 E/mm-camera(  301): port_isp_mct_ctrl_cmd: type=3
08-09 20:54:51.504 E/mm-camera(  301): port_isp_mct_ctrl_cmd: E, identity = 0x30002
08-09 20:54:51.504 E/mm-camera(  301): module_faceproc_client_handle_ctrl_parm:1969] param 14
08-09 20:54:51.504 E/mm-camera(  301): port_isp_mct_ctrl_cmd: X, identity = 0x30002
08-09 20:54:51.504 E/mm-camera(  301): port_isp_mct_ctrl_cmd: type=3
08-09 20:54:51.504 E/mm-camera(  301): port_isp_mct_ctrl_cmd: E, identity = 0x30002
08-09 20:54:51.504 E/mm-camera(  301): module_faceproc_client_handle_ctrl_parm:1969] param 16
08-09 20:54:51.504 E/mm-camera(  301): port_isp_mct_ctrl_cmd: X, identity = 0x30002
08-09 20:54:51.504 E/mm-camera(  301): port_isp_mct_ctrl_cmd: type=3
08-09 20:54:51.504 E/mm-camera(  301): port_isp_mct_ctrl_cmd: E, identity = 0x30002
08-09 20:54:51.504 E/mm-camera(  301): module_faceproc_client_handle_ctrl_parm:1969] param 17
08-09 20:54:51.504 E/mm-camera(  301): port_isp_mct_ctrl_cmd: X, identity = 0x30002
08-09 20:54:51.504 E/mm-camera(  301): port_isp_mct_ctrl_cmd: type=3
08-09 20:54:51.504 E/mm-camera(  301): port_isp_mct_ctrl_cmd: E, identity = 0x30002
08-09 20:54:51.504 E/mm-camera(  301): module_faceproc_client_handle_ctrl_parm:1969] param 18
08-09 20:54:51.504 E/mm-camera(  301): port_isp_mct_ctrl_cmd: X, identity = 0x30002
08-09 20:54:51.504 E/mm-camera(  301): port_isp_mct_ctrl_cmd: type=3
08-09 20:54:51.504 E/mm-camera(  301): port_isp_mct_ctrl_cmd: E, identity = 0x30002
08-09 20:54:51.504 E/mm-camera(  301): module_faceproc_client_handle_ctrl_parm:1969] param 20
08-09 20:54:51.504 E/mm-camera(  301): port_isp_mct_ctrl_cmd: X, identity = 0x30002
08-09 20:54:51.504 E/mm-camera(  301): port_isp_mct_ctrl_cmd: type=3
08-09 20:54:51.504 E/mm-camera(  301): port_isp_mct_ctrl_cmd: E, identity = 0x30002
08-09 20:54:51.504 E/mm-camera(  301): module_faceproc_client_handle_ctrl_parm:1969] param 21
08-09 20:54:51.504 E/mm-camera(  301): port_isp_mct_ctrl_cmd: X, identity = 0x30002
08-09 20:54:51.504 E/mm-camera(  301): port_isp_mct_ctrl_cmd: type=3
08-09 20:54:51.504 E/mm-camera(  301): port_isp_mct_ctrl_cmd: E, identity = 0x30002
08-09 20:54:51.504 E/mm-camera(  301): module_faceproc_client_handle_ctrl_parm:1969] param 22
08-09 20:54:51.504 E/mm-camera(  301): port_isp_mct_ctrl_cmd: X, identity = 0x30002
08-09 20:54:51.504 E/mm-camera(  301): port_isp_mct_ctrl_cmd: type=3
08-09 20:54:51.504 E/mm-camera(  301): port_isp_mct_ctrl_cmd: E, identity = 0x30002
08-09 20:54:51.504 E/mm-camera(  301): module_faceproc_client_handle_ctrl_parm:1969] param 24
08-09 20:54:51.504 E/mm-camera(  301): port_isp_mct_ctrl_cmd: X, identity = 0x30002
08-09 20:54:51.504 E/mm-camera(  301): port_isp_mct_ctrl_cmd: type=3
08-09 20:54:51.504 E/mm-camera(  301): port_isp_mct_ctrl_cmd: E, identity = 0x30002
08-09 20:54:51.504 E/mm-camera(  301): module_faceproc_client_handle_ctrl_parm:1969] param 25
08-09 20:54:51.504 E/mm-camera(  301): port_isp_mct_ctrl_cmd: X, identity = 0x30002
08-09 20:54:51.504 E/mm-camera(  301): port_isp_mct_ctrl_cmd: type=3
08-09 20:54:51.504 E/mm-camera(  301): port_isp_mct_ctrl_cmd: E, identity = 0x30002
08-09 20:54:51.504 E/mm-camera(  301): module_faceproc_client_handle_ctrl_parm:1969] param 26
08-09 20:54:51.504 E/mm-camera(  301): port_isp_mct_ctrl_cmd: X, identity = 0x30002
08-09 20:54:51.504 E/mm-camera-sensor(  301): sensor_set_hfr_mode:584 hfr_mode = 0
08-09 20:54:51.504 E/mm-camera(  301): port_isp_mct_ctrl_cmd: type=3
08-09 20:54:51.504 E/mm-camera(  301): port_isp_mct_ctrl_cmd: E, identity = 0x30002
08-09 20:54:51.504 E/mm-camera(  301): module_faceproc_client_handle_ctrl_parm:1969] param 27
08-09 20:54:51.504 E/mm-camera(  301): port_isp_mct_ctrl_cmd: X, identity = 0x30002
08-09 20:54:51.504 E/mm-camera(  301): port_isp_mct_ctrl_cmd: type=3
08-09 20:54:51.504 E/mm-camera(  301): port_isp_mct_ctrl_cmd: E, identity = 0x30002
08-09 20:54:51.504 E/mm-camera(  301): module_faceproc_client_handle_ctrl_parm:1969] param 28
08-09 20:54:51.504 E/mm-camera(  301): port_isp_mct_ctrl_cmd: X, identity = 0x30002
08-09 20:54:51.504 E/mm-camera(  301): port_isp_mct_ctrl_cmd: type=3
08-09 20:54:51.504 E/mm-camera(  301): port_isp_mct_ctrl_cmd: E, identity = 0x30002
08-09 20:54:51.504 E/mm-camera(  301): module_faceproc_client_handle_ctrl_parm:1969] param 29
08-09 20:54:51.504 E/mm-camera(  301): port_isp_mct_ctrl_cmd: X, identity = 0x30002
08-09 20:54:51.504 E/mm-camera(  301): port_isp_mct_ctrl_cmd: type=3
08-09 20:54:51.504 E/mm-camera(  301): port_isp_mct_ctrl_cmd: E, identity = 0x30002
08-09 20:54:51.504 E/mm-camera(  301): module_faceproc_client_handle_ctrl_parm:1969] param 31
08-09 20:54:51.504 E/mm-camera(  301): port_isp_mct_ctrl_cmd: X, identity = 0x30002
08-09 20:54:51.504 E/mm-camera(  301): port_isp_mct_ctrl_cmd: type=3
08-09 20:54:51.504 E/mm-camera(  301): port_isp_mct_ctrl_cmd: E, identity = 0x30002
08-09 20:54:51.504 E/mm-camera(  301): module_faceproc_client_handle_ctrl_parm:1969] param 33
08-09 20:54:51.504 E/mm-camera(  301): port_isp_mct_ctrl_cmd: X, identity = 0x30002
08-09 20:54:51.504 E/mm-camera(  301): port_isp_mct_ctrl_cmd: type=3
08-09 20:54:51.504 E/mm-camera(  301): port_isp_mct_ctrl_cmd: E, identity = 0x30002
08-09 20:54:51.504 E/mm-camera(  301): module_faceproc_client_handle_ctrl_parm:1969] param 34
08-09 20:54:51.504 E/mm-camera(  301): port_isp_mct_ctrl_cmd: X, identity = 0x30002
08-09 20:54:51.504 E/mm-camera(  301): port_isp_mct_ctrl_cmd: type=3
08-09 20:54:51.504 E/mm-camera(  301): port_isp_mct_ctrl_cmd: E, identity = 0x30002
08-09 20:54:51.504 E/mm-camera(  301): module_faceproc_client_handle_ctrl_parm:1969] param 45
08-09 20:54:51.504 E/mm-camera(  301): port_isp_mct_ctrl_cmd: X, identity = 0x30002
08-09 20:54:51.504 E/mm-camera(  301): port_isp_mct_ctrl_cmd: type=3
08-09 20:54:51.504 E/mm-camera(  301): port_isp_mct_ctrl_cmd: E, identity = 0x30002
08-09 20:54:51.504 E/mm-camera(  301): stats_port_proc_downstream_set_parm pip recording hint value: 0
08-09 20:54:51.504 E/mm-camera(  301): module_faceproc_client_handle_ctrl_parm:1969] param 52
08-09 20:54:51.504 E/mm-camera(  301): port_isp_mct_ctrl_cmd: X, identity = 0x30002
08-09 20:54:51.504 E/mm-camera(  301): port_isp_mct_ctrl_cmd: type=3
08-09 20:54:51.504 E/mm-camera(  301): port_isp_mct_ctrl_cmd: E, identity = 0x30002
08-09 20:54:51.504 E/mm-camera(  301): isp_set_hal_param: CAM_INTF_PARM_LIVE_FRAMEWORK
08-09 20:54:51.504 E/mm-camera(  301): isp_util_set_live_framework: mode : -1261649140
08-09 20:54:51.504 E/mm-camera(  301): isp_util_save_live_framework: aswoogi (0)
08-09 20:54:51.504 E/mm-camera(  301): module_faceproc_client_handle_ctrl_parm:1969] param 53
08-09 20:54:51.504 E/mm-camera(  301): port_isp_mct_ctrl_cmd: X, identity = 0x30002
08-09 20:54:51.504 E/mm-camera(  301): main: return true, return type 0
08-09 20:54:51.504 E/mm-camera(  301): server_process_hal_event:__DBG__ E event id=3
08-09 20:54:51.504 E/mm-camera(  301): server_process_hal_event:__DBG__ X sucess event id=3
08-09 20:54:51.504 E/mm-camera(  301): mct_pipeline_process_set:command=8000004
08-09 20:54:51.504 E/mm-camera(  301): main: return true, return type 0
08-09 20:54:51.504 W/QCamera2HWI(  289): preparePreview: X mCameraId=1
08-09 20:54:51.504 W/QCamera2HWI(  289): startPreview: E mCameraId=1
08-09 20:54:51.504 W/QCamera2HWI(  289): skip 8 frames in Front camera 
08-09 20:54:51.504 W/QCameraChannel(  289): QCameraChannel::start(): bundleInfo.num_of_streams=1
08-09 20:54:51.504 W/QCameraStream(  289): getBufs: [MEM_DBG] Enter: mDynBufAlloc: 0
08-09 20:54:51.504 W/QCamera2HWI(  289): allocateStreamBuf: stream type 6, buf using cached memory = 0
08-09 20:54:51.504 W/QCameraHWI_Mem(  289): int qcamera::QCameraMemory::alloc(int, int, int): use reserved mm heap memory
08-09 20:54:51.504 E/QCameraHWI_Mem(  289): reserved mem is full(heap_id: 0x40000000). go to use iommu
08-09 20:54:51.504 W/QCameraHWI_Mem(  289): int qcamera::QCameraMemory::alloc(int, int, int): use iommu heap memory
08-09 20:54:51.504 W/QCameraHWI_Mem(  289): int qcamera::QCameraMemory::alloc(int, int, int): use reserved mm heap memory
08-09 20:54:51.504 E/QCameraHWI_Mem(  289): reserved mem is full(heap_id: 0x40000000). go to use iommu
08-09 20:54:51.504 W/QCameraHWI_Mem(  289): int qcamera::QCameraMemory::alloc(int, int, int): use iommu heap memory
08-09 20:54:51.504 W/QCameraHWI_Mem(  289): int qcamera::QCameraMemory::alloc(int, int, int): use reserved mm heap memory
08-09 20:54:51.504 E/QCameraHWI_Mem(  289): reserved mem is full(heap_id: 0x40000000). go to use iommu
08-09 20:54:51.504 W/QCameraHWI_Mem(  289): int qcamera::QCameraMemory::alloc(int, int, int): use iommu heap memory
08-09 20:54:51.504 W/QCameraHWI_Mem(  289): int qcamera::QCameraMemory::alloc(int, int, int): use reserved mm heap memory
08-09 20:54:51.504 E/QCameraHWI_Mem(  289): reserved mem is full(heap_id: 0x40000000). go to use iommu
08-09 20:54:51.504 W/QCameraHWI_Mem(  289): int qcamera::QCameraMemory::alloc(int, int, int): use iommu heap memory
08-09 20:54:51.504 W/QCameraHWI_Mem(  289): int qcamera::QCameraMemory::alloc(int, int, int): use reserved mm heap memory
08-09 20:54:51.514 E/QCameraHWI_Mem(  289): reserved mem is full(heap_id: 0x40000000). go to use iommu
08-09 20:54:51.514 W/QCameraHWI_Mem(  289): int qcamera::QCameraMemory::alloc(int, int, int): use iommu heap memory
08-09 20:54:51.514 W/QCameraHWI_Mem(  289): int qcamera::QCameraMemory::alloc(int, int, int): use reserved mm heap memory
08-09 20:54:51.514 E/QCameraHWI_Mem(  289): reserved mem is full(heap_id: 0x40000000). go to use iommu
08-09 20:54:51.514 W/QCameraHWI_Mem(  289): int qcamera::QCameraMemory::alloc(int, int, int): use iommu heap memory
08-09 20:54:51.514 W/QCameraHWI_Mem(  289): int qcamera::QCameraMemory::alloc(int, int, int): use reserved mm heap memory
08-09 20:54:51.514 E/QCameraHWI_Mem(  289): reserved mem is full(heap_id: 0x40000000). go to use iommu
08-09 20:54:51.514 W/QCameraHWI_Mem(  289): int qcamera::QCameraMemory::alloc(int, int, int): use iommu heap memory
08-09 20:54:51.514 W/QCameraHWI_Mem(  289): int qcamera::QCameraMemory::alloc(int, int, int): use reserved mm heap memory
08-09 20:54:51.514 E/QCameraHWI_Mem(  289): reserved mem is full(heap_id: 0x40000000). go to use iommu
08-09 20:54:51.514 W/QCameraHWI_Mem(  289): int qcamera::QCameraMemory::alloc(int, int, int): use iommu heap memory
08-09 20:54:51.514 W/QCameraHWI_Mem(  289): int qcamera::QCameraMemory::alloc(int, int, int): use reserved mm heap memory
08-09 20:54:51.514 E/QCameraHWI_Mem(  289): reserved mem is full(heap_id: 0x40000000). go to use iommu
08-09 20:54:51.514 W/QCameraHWI_Mem(  289): int qcamera::QCameraMemory::alloc(int, int, int): use iommu heap memory
08-09 20:54:51.514 W/QCameraHWI_Mem(  289): int qcamera::QCameraMemory::alloc(int, int, int): use reserved mm heap memory
08-09 20:54:51.514 E/QCameraHWI_Mem(  289): reserved mem is full(heap_id: 0x40000000). go to use iommu
08-09 20:54:51.514 W/QCameraHWI_Mem(  289): int qcamera::QCameraMemory::alloc(int, int, int): use iommu heap memory
08-09 20:54:51.514 W/QCameraHWI_Mem(  289): int qcamera::QCameraMemory::alloc(int, int, int): use reserved mm heap memory
08-09 20:54:51.514 E/QCameraHWI_Mem(  289): reserved mem is full(heap_id: 0x40000000). go to use iommu
08-09 20:54:51.514 W/QCameraHWI_Mem(  289): int qcamera::QCameraMemory::alloc(int, int, int): use iommu heap memory
08-09 20:54:51.514 W/QCameraHWI_Mem(  289): int qcamera::QCameraMemory::alloc(int, int, int): use reserved mm heap memory
08-09 20:54:51.514 E/QCameraHWI_Mem(  289): reserved mem is full(heap_id: 0x40000000). go to use iommu
08-09 20:54:51.514 W/QCameraHWI_Mem(  289): int qcamera::QCameraMemory::alloc(int, int, int): use iommu heap memory
08-09 20:54:51.514 W/QCameraHWI_Mem(  289): int qcamera::QCameraMemory::alloc(int, int, int): use reserved mm heap memory
08-09 20:54:51.514 E/QCameraHWI_Mem(  289): reserved mem is full(heap_id: 0x40000000). go to use iommu
08-09 20:54:51.514 W/QCameraHWI_Mem(  289): int qcamera::QCameraMemory::alloc(int, int, int): use iommu heap memory
08-09 20:54:51.514 W/QCameraHWI_Mem(  289): int qcamera::QCameraMemory::alloc(int, int, int): use reserved mm heap memory
08-09 20:54:51.514 E/QCameraHWI_Mem(  289): reserved mem is full(heap_id: 0x40000000). go to use iommu
08-09 20:54:51.514 W/QCameraHWI_Mem(  289): int qcamera::QCameraMemory::alloc(int, int, int): use iommu heap memory
08-09 20:54:51.514 W/QCameraHWI_Mem(  289): int qcamera::QCameraMemory::alloc(int, int, int): use reserved mm heap memory
08-09 20:54:51.514 E/QCameraHWI_Mem(  289): reserved mem is full(heap_id: 0x40000000). go to use iommu
08-09 20:54:51.514 W/QCameraHWI_Mem(  289): int qcamera::QCameraMemory::alloc(int, int, int): use iommu heap memory
08-09 20:54:51.514 W/QCameraHWI_Mem(  289): int qcamera::QCameraMemory::alloc(int, int, int): use reserved mm heap memory
08-09 20:54:51.514 E/QCameraHWI_Mem(  289): reserved mem is full(heap_id: 0x40000000). go to use iommu
08-09 20:54:51.514 W/QCameraHWI_Mem(  289): int qcamera::QCameraMemory::alloc(int, int, int): use iommu heap memory
08-09 20:54:51.514 W/QCameraHWI_Mem(  289): int qcamera::QCameraMemory::alloc(int, int, int): use reserved mm heap memory
08-09 20:54:51.514 E/QCameraHWI_Mem(  289): reserved mem is full(heap_id: 0x40000000). go to use iommu
08-09 20:54:51.514 W/QCameraHWI_Mem(  289): int qcamera::QCameraMemory::alloc(int, int, int): use iommu heap memory
08-09 20:54:51.514 W/QCameraHWI_Mem(  289): int qcamera::QCameraMemory::alloc(int, int, int): use reserved mm heap memory
08-09 20:54:51.514 E/QCameraHWI_Mem(  289): reserved mem is full(heap_id: 0x40000000). go to use iommu
08-09 20:54:51.514 W/QCameraHWI_Mem(  289): int qcamera::QCameraMemory::alloc(int, int, int): use iommu heap memory
08-09 20:54:51.514 W/QCameraHWI_Mem(  289): int qcamera::QCameraMemory::alloc(int, int, int): use reserved mm heap memory
08-09 20:54:51.514 E/QCameraHWI_Mem(  289): reserved mem is full(heap_id: 0x40000000). go to use iommu
08-09 20:54:51.514 W/QCameraHWI_Mem(  289): int qcamera::QCameraMemory::alloc(int, int, int): use iommu heap memory
08-09 20:54:51.514 W/QCameraHWI_Mem(  289): int qcamera::QCameraMemory::alloc(int, int, int): use reserved mm heap memory
08-09 20:54:51.514 E/QCameraHWI_Mem(  289): reserved mem is full(heap_id: 0x40000000). go to use iommu
08-09 20:54:51.514 W/QCameraHWI_Mem(  289): int qcamera::QCameraMemory::alloc(int, int, int): use iommu heap memory
08-09 20:54:51.514 D/DisplayPowerController(  933): [api] WindowManagerPolicy.ScreenOnListener : Received onScreenOn().
08-09 20:54:51.514 I/DisplayPowerController(  933): Unblocked screen on after 326 ms
08-09 20:54:51.514 D/DisplayPowerState(  933): !@ ColorFade exit
08-09 20:54:51.524 D/KeyguardViewMediator( 1180): handleKeyguardDoneDrawing
08-09 20:54:51.524 W/QCameraStream(  289): getBufs: [MEM_DBG] frame_len: 269872, numBufAlloc: 20
08-09 20:54:51.524 W/QCameraStream(  289): getBufs: [MEM_DBG] All mNumBufs: 20
08-09 20:54:51.524 E/mm-camera(  301): main: return true, return type 1
08-09 20:54:51.524 E/mm-camera(  301): main: return true, return type 1
08-09 20:54:51.524 E/mm-camera(  301): main: return true, return type 1
08-09 20:54:51.524 E/mm-camera(  301): main: return true, return type 1
08-09 20:54:51.524 D/PersonaManagerService(  933): ACTION_SCREEN_ON onReceive
08-09 20:54:51.524 E/mm-camera(  301): main: return true, return type 1
08-09 20:54:51.524 E/mm-camera(  301): main: return true, return type 1
08-09 20:54:51.524 D/PersonaManagerServiceHandler(  933): MSG_ACTION_SCREEN_ON called
08-09 20:54:51.524 I/SurfaceFlinger(  256): id=48 Removed DolorFade (9/9)
08-09 20:54:51.524 E/mm-camera(  301): main: return true, return type 1
08-09 20:54:51.524 E/mm-camera(  301): main: return true, return type 1
08-09 20:54:51.524 E/mm-camera(  301): main: return true, return type 1
08-09 20:54:51.524 E/mm-camera(  301): main: return true, return type 1
08-09 20:54:51.524 I/SurfaceFlinger(  256): id=48 Removed DolorFade (-2/9)
08-09 20:54:51.524 D/DisplayPowerController(  933): getFinalBrightness : 114 -> 94
08-09 20:54:51.524 D/DisplayPowerController(  933): animation target = 94, rate=2000 (PSM:true, AB limit:(-1 ~ -1) MB Limit:(-1 ~ -1) MAdj:(0, (0, 255)))
08-09 20:54:51.534 E/mm-camera(  301): main: return true, return type 1
08-09 20:54:51.534 E/mm-camera(  301): main: return true, return type 1
08-09 20:54:51.534 D/lights  (  933): lcd : 94 +
08-09 20:54:51.534 E/mm-camera(  301): main: return true, return type 1
08-09 20:54:51.534 E/mm-camera(  301): main: return true, return type 1
08-09 20:54:51.534 E/mm-camera(  301): main: return true, return type 1
08-09 20:54:51.534 E/mm-camera(  301): main: return true, return type 1
08-09 20:54:51.534 D/FusedLocationReceiver( 1390): BroadcastReceiver : ACTION_SCREEN_ON
08-09 20:54:51.534 E/mm-camera(  301): main: return true, return type 1
08-09 20:54:51.534 E/mm-camera(  301): main: return true, return type 1
08-09 20:54:51.534 E/mm-camera(  301): main: return true, return type 1
08-09 20:54:51.534 E/mm-camera(  301): main: return true, return type 1
08-09 20:54:51.544 E/mm-camera(  301): main: return true, return type 1
08-09 20:54:51.544 E/mm-camera(  301): main: return true, return type 1
08-09 20:54:51.544 E/mm-camera(  301): main: return true, return type 1
08-09 20:54:51.544 E/mm-camera(  301): main: return true, return type 1
08-09 20:54:51.544 E/mm-camera(  301): main: return true, return type 1
08-09 20:54:51.544 E/mm-camera(  301): main: return true, return type 1
08-09 20:54:51.544 E/mm-camera(  301): main: return true, return type 1
08-09 20:54:51.544 E/mm-camera(  301): main: return true, return type 1
08-09 20:54:51.544 E/mm-camera(  301): main: return true, return type 1
08-09 20:54:51.544 E/mm-camera(  301): main: return true, return type 1
08-09 20:54:51.544 E/mm-camera(  301): main: return true, return type 1
08-09 20:54:51.544 E/mm-camera(  301): main: return true, return type 1
08-09 20:54:51.544 E/mm-camera(  301): main: return true, return type 1
08-09 20:54:51.544 E/mm-camera(  301): main: return true, return type 1
08-09 20:54:51.544 E/mm-camera(  301): main: return true, return type 1
08-09 20:54:51.544 I/NfcService( 1431): When receiving ACTION_SCREEN_ON, S view cover is already opened. So screenState is ON_LOCKED by isKeyguardLocked()
08-09 20:54:51.544 D/NativeNfcManager( 1431): power state=3
08-09 20:54:51.544 E/mm-camera(  301): main: return true, return type 1
08-09 20:54:51.544 E/mm-camera(  301): main: return true, return type 1
08-09 20:54:51.544 E/mm-camera(  301): main: return true, return type 1
08-09 20:54:51.544 E/mm-camera(  301): main: return true, return type 1
08-09 20:54:51.544 E/mm-camera(  301): main: return true, return type 1
08-09 20:54:51.544 E/mm-camera-intf(  289): mm_stream_request_buf: buf_num = 20, stream type = 6
08-09 20:54:51.554 E/mm-camera-intf(  289): mm_stream_streamon: E, my_handle = 0x1500, fd = 51, state = 6
08-09 20:54:51.554 E/mm-camera(  301): server_process_hal_event:__DBG__ E event id=3
08-09 20:54:51.554 E/mm-camera(  301): server_process_hal_event:__DBG__ X sucess event id=3
08-09 20:54:51.554 E/mm-camera(  301): mct_pipeline_process_set:command=8000008
08-09 20:54:51.554 E/mm-camera(  301): mct_pipeline_process_set: stream_type = 6
08-09 20:54:51.554 D/NfcService( 1431): call the applyRouting
08-09 20:54:51.554 E/mm-camera(  301): main: return true, return type 0
08-09 20:54:51.554 W/QCameraStream(  289): getBufs: [MEM_DBG] Enter: mDynBufAlloc: 0
08-09 20:54:51.554 W/QCamera2HWI(  289): allocateStreamBuf: stream type 1, buf using cached memory = 0
08-09 20:54:51.554 I/QCamera2HWI(  289): allocateStreamBuf : No display mode
08-09 20:54:51.554 W/QCameraHWI_Mem(  289): int qcamera::QCameraMemory::alloc(int, int, int): use reserved mm heap memory
08-09 20:54:51.554 D/NfcNciHal( 1431): HaiWrite: enter; len=4
08-09 20:54:51.554 I/NfcNciHal( 1431): HAL_NfcWrite ()
08-09 20:54:51.554 E/QCameraHWI_Mem(  289): reserved mem is full(heap_id: 0x40000000). go to use iommu
08-09 20:54:51.554 D/NfcNciHal( 1431): HaiWrite: exit 0
08-09 20:54:51.554 W/QCameraHWI_Mem(  289): int qcamera::QCameraMemory::alloc(int, int, int): use iommu heap memory
08-09 20:54:51.554 I/NfcNciHal( 1431): nfc_hal_main_send_message() ls:0x10
08-09 20:54:51.554 I/NfcNciHal( 1431): nfc_hal_dm_power_mode_execute () event = 0
08-09 20:54:51.554 I/NfcNciHal( 1431): nfc_hal_dm_set_nfc_wake () ASSERT
08-09 20:54:51.554 D/USERIAL_LINUX( 1431): UPIO_Set: ioctl, state=0
08-09 20:54:51.554 D/USERIAL_LINUX( 1431): UPIO_Set: ioctl, old state=1, insert delay for 20 ms
08-09 20:54:51.554 W/QCameraHWI_Mem(  289): int qcamera::QCameraMemory::alloc(int, int, int): use reserved mm heap memory
08-09 20:54:51.554 I/NfcNciHal( 1431): p_buf->len: 4
08-09 20:54:51.554 I/BrcmNci ( 1431): --
08-09 20:54:51.554 I/BrcmNci ( 1431): SENT NCI  Type:CMD   Name: RF_DEACTIVATE(0x6)   PBF:No/Last   Param Len: 1/1 f:0x0
08-09 20:54:51.554 I/BrcmNci ( 1431):                         De-Activate Type : Idle Mode (0/0x00)
08-09 20:54:51.554 D/BrcmNci ( 1431): Raw NCI Packet:
08-09 20:54:51.554 D/BrcmNci ( 1431): 0000: 21 06 01 00                                     !...
08-09 20:54:51.554 I/BrcmNci ( 1431): --
08-09 20:54:51.554 E/QCameraHWI_Mem(  289): reserved mem is full(heap_id: 0x40000000). go to use iommu
08-09 20:54:51.554 D/USERIAL_LINUX( 1431): USERIAL_Write: (5 bytes)
08-09 20:54:51.554 D/USERIAL_LINUX( 1431): doWriteDelay() delay 19 ms
08-09 20:54:51.554 W/QCameraHWI_Mem(  289): int qcamera::QCameraMemory::alloc(int, int, int): use iommu heap memory
08-09 20:54:51.554 W/QCameraHWI_Mem(  289): int qcamera::QCameraMemory::alloc(int, int, int): use reserved mm heap memory
08-09 20:54:51.554 E/QCameraHWI_Mem(  289): reserved mem is full(heap_id: 0x40000000). go to use iommu
08-09 20:54:51.554 W/QCameraHWI_Mem(  289): int qcamera::QCameraMemory::alloc(int, int, int): use iommu heap memory
08-09 20:54:51.554 W/QCameraHWI_Mem(  289): int qcamera::QCameraMemory::alloc(int, int, int): use reserved mm heap memory
08-09 20:54:51.554 E/QCameraHWI_Mem(  289): reserved mem is full(heap_id: 0x40000000). go to use iommu
08-09 20:54:51.554 W/QCameraHWI_Mem(  289): int qcamera::QCameraMemory::alloc(int, int, int): use iommu heap memory
08-09 20:54:51.554 W/QCameraHWI_Mem(  289): int qcamera::QCameraMemory::alloc(int, int, int): use reserved mm heap memory
08-09 20:54:51.554 E/QCameraHWI_Mem(  289): reserved mem is full(heap_id: 0x40000000). go to use iommu
08-09 20:54:51.554 W/QCameraHWI_Mem(  289): int qcamera::QCameraMemory::alloc(int, int, int): use iommu heap memory
08-09 20:54:51.554 W/QCameraHWI_Mem(  289): int qcamera::QCameraMemory::alloc(int, int, int): use reserved mm heap memory
08-09 20:54:51.554 E/QCameraHWI_Mem(  289): reserved mem is full(heap_id: 0x40000000). go to use iommu
08-09 20:54:51.554 W/QCameraHWI_Mem(  289): int qcamera::QCameraMemory::alloc(int, int, int): use iommu heap memory
08-09 20:54:51.554 W/QCameraStream(  289): getBufs: [MEM_DBG] frame_len: 118784, numBufAlloc: 6
08-09 20:54:51.554 W/QCameraStream(  289): getBufs: [MEM_DBG] All mNumBufs: 6
08-09 20:54:51.554 E/mm-camera(  301): main: return true, return type 1
08-09 20:54:51.554 E/mm-camera(  301): mct_stream_create_buffers: plane idx = 0, offset 0, stride 320, scanline = 240
08-09 20:54:51.554 E/mm-camera(  301): mct_stream_create_buffers: plane idx = 1, offset 0, stride 320, scanline = 120
08-09 20:54:51.554 E/mm-camera(  301): main: return true, return type 1
08-09 20:54:51.554 E/mm-camera(  301): main: return true, return type 1
08-09 20:54:51.554 E/mm-camera(  301): mct_stream_create_buffers: plane idx = 0, offset 0, stride 320, scanline = 240
08-09 20:54:51.554 E/mm-camera(  301): mct_stream_create_buffers: plane idx = 1, offset 0, stride 320, scanline = 120
08-09 20:54:51.554 E/mm-camera(  301): main: return true, return type 1
08-09 20:54:51.554 E/mm-camera(  301): main: return true, return type 1
08-09 20:54:51.554 E/mm-camera(  301): mct_stream_create_buffers: plane idx = 0, offset 0, stride 320, scanline = 240
08-09 20:54:51.554 E/mm-camera(  301): mct_stream_create_buffers: plane idx = 1, offset 0, stride 320, scanline = 120
08-09 20:54:51.554 E/mm-camera(  301): main: return true, return type 1
08-09 20:54:51.554 E/mm-camera(  301): main: return true, return type 1
08-09 20:54:51.554 E/mm-camera(  301): mct_stream_create_buffers: plane idx = 0, offset 0, stride 320, scanline = 240
08-09 20:54:51.554 E/mm-camera(  301): mct_stream_create_buffers: plane idx = 1, offset 0, stride 320, scanline = 120
08-09 20:54:51.554 E/mm-camera(  301): main: return true, return type 1
08-09 20:54:51.554 E/mm-camera(  301): main: return true, return type 1
08-09 20:54:51.554 E/mm-camera(  301): mct_stream_create_buffers: plane idx = 0, offset 0, stride 320, scanline = 240
08-09 20:54:51.554 E/mm-camera(  301): mct_stream_create_buffers: plane idx = 1, offset 0, stride 320, scanline = 120
08-09 20:54:51.554 E/mm-camera(  301): main: return true, return type 1
08-09 20:54:51.554 E/mm-camera(  301): main: return true, return type 1
08-09 20:54:51.554 E/mm-camera(  301): mct_stream_create_buffers: plane idx = 0, offset 0, stride 320, scanline = 240
08-09 20:54:51.554 E/mm-camera(  301): mct_stream_create_buffers: plane idx = 1, offset 0, stride 320, scanline = 120
08-09 20:54:51.554 E/mm-camera(  301): main: return true, return type 1
08-09 20:54:51.554 E/mm-camera-intf(  289): mm_stream_request_buf: buf_num = 6, stream type = 1
08-09 20:54:51.554 E/mm-camera-intf(  289): mm_stream_streamon: E, my_handle = 0x1601, fd = 54, state = 6
08-09 20:54:51.554 E/mm-camera(  301): server_process_hal_event:__DBG__ E event id=3
08-09 20:54:51.554 E/mm-camera(  301): server_process_hal_event:__DBG__ X sucess event id=3
08-09 20:54:51.554 E/mm-camera(  301): mct_pipeline_process_set:command=8000008
08-09 20:54:51.554 E/mm-camera(  301): mct_pipeline_process_set: stream_type = 1
08-09 20:54:51.554 E/mm-camera-sensor(  301): module_sensor_module_process_event:3523 bundle session id 3 stream id 2
08-09 20:54:51.554 E/mm-camera-sensor(  301): module_sensor_module_process_event:3524 event identity 30002
08-09 20:54:51.554 E/mm-camera-sensor(  301): module_sensor_module_process_event:3526 E STATEDBG MCT_EVENT_CONTROL_STREAMON
08-09 20:54:51.554 E/mm-camera-sensor(  301): sensor_util_change_state:1116 STATEDBG Enter
08-09 20:54:51.554 E/mm-camera-sensor(  301): sensor_util_change_state:1123 STATEDBG Enter cur state 0 new state 3
08-09 20:54:51.554 E/mm-camera-sensor(  301): sensor_util_change_state:1162 STATEDBG Exit cur state 3 new state 3
08-09 20:54:51.554 E/mm-camera-sensor(  301): sensor_util_change_state:1166 STATEDBG Exit
08-09 20:54:51.554 E/mm-camera-sensor(  301): port_sensor_handle_stream_on:447 E
08-09 20:54:51.554 E/mm-camera-sensor(  301): port_sensor_handle_stream_on:490 type 1 ide 30002 w 320 h 240 stream on 0
08-09 20:54:51.554 E/mm-camera-sensor(  301): port_sensor_handle_stream_on:494 bundle id -1
08-09 20:54:51.554 E/mm-camera-sensor(  301): port_sensor_handle_stream_on:498 hwinfo = 44 31 33 51 53, session_id = 3
08-09 20:54:51.554 E/mm-camera-sensor(  301): port_sensor_handle_stream_on:499 eeprom_lib_name = 0x0
08-09 20:54:51.554 E/mm-camera-sensor(  301): port_sensor_handle_fast_aec_mode:244 E
08-09 20:54:51.554 E/mm-camera-sensor(  301): port_sensor_handle_fast_aec_mode:264 is_fast_aec_required 1
08-09 20:54:51.554 E/mm-camera-sensor(  301): port_sensor_handle_fast_aec_mode:383 before module_sensor_stream_on
08-09 20:54:51.554 E/mm-camera-sensor(  301): module_sensor_stream_on:1828 ide 30002 SENSOR_START_STREAM
08-09 20:54:51.554 E/mm-camera-sensor(  301): module_sensor_is_ready_for_stream_on:1108 any bundle started 0
08-09 20:54:51.554 E/mm-camera-sensor(  301): module_sensor_is_ready_for_stream_on:1120 s_bundle->stream_on_count 0
08-09 20:54:51.554 E/mm-camera-sensor(  301): module_sensor_is_ready_for_stream_on:1121 is_bundle_started 0
08-09 20:54:51.554 E/mm-camera-sensor(  301): sensor_set_vt_mode:2677 vt mode 3
08-09 20:54:51.554 E/mm-camera-sensor(  301): sensor_set_vt_mode:2679 JAY PIP mode, VT data: 3
08-09 20:54:51.554 E/mm-camera-sensor(  301): sensor_set_pip_mode:2695 pip mode 0
08-09 20:54:51.554 E/mm-camera-sensor(  301): sensor_set_pip_mode:2697 JAY PIP mode, data: 0
08-09 20:54:51.554 E/mm-camera-sensor(  301): sensor_set_shot_mode:2715 shot mode 0
08-09 20:54:51.554 E/mm-camera-sensor(  301): modules_sensor_set_new_resolution:303 SENSOR_SET_RESOLUTION 320*240 mask 2
08-09 20:54:51.554 E/mm-camera-sensor(  301): sensor_set_resolution:2082 width 320, height 240
08-09 20:54:51.554 E/mm-camera-sensor(  301): sensor_set_resolution:2084 stream mask 2 hfr mode 0 fps 30.000000
08-09 20:54:51.554 E/mm-camera-sensor(  301): sensor_pick_resolution:1794 requested aspect ratio 133
08-09 20:54:51.554 E/mm-camera-sensor(  301): sensor_pick_resolution:1996 
08-09 20:54:51.554 E/mm-camera-sensor(  301): sensor_set_resolution:2111 cur res 14 new res 0
08-09 20:54:51.554 E/mm-camera-sensor(  301): sensor_set_resolution:2155 
08-09 20:54:51.554 E/mm-camera-sensor(  301): sensor_set_resolution:2158 current_fps_div 1024
08-09 20:54:51.554 W/PowerManagerService(  933): [smart stay] updateUserActivitySummaryLocked : don't have time to smart stay
08-09 20:54:51.564 D/InputReader(  933): Input event: value=1
08-09 20:54:51.564 D/InputReader(  933): !@notifyKey(172), action=0
08-09 20:54:51.564 D/InputManager-JNI(  933): !@interceptKeyBeforeQueueing(172), action=0
08-09 20:54:51.564 E/SamsungWindowManager(  933): mCoreNumLockHelper.acquire
08-09 20:54:51.564 E/mm-camera-sensor(  301): sensor_get_resolution_info:2536 skip 1 frames
08-09 20:54:51.564 E/mm-camera-sensor(  301): 
08-09 20:54:51.564 E/mm-camera-sensor(  301): sensor_get_resolution_info:2619 full 1920 1080 out 1920 1080 offset 0 0 scale 1
08-09 20:54:51.564 E/mm-camera(  301): receive MCT_EVENT_MODULE_SET_STREAM_CONFIG
08-09 20:54:51.564 E/mm-camera(  301): ispif_util_dump_sensor_cfg: sensor dim: width = 1936, heght = 1090, fmt = 29, is_bayer = 1
08-09 20:54:51.564 E/mm-camera(  301): ispif_util_dump_sensor_cfg: camif_crop: first_pix = 8, last_pix = 1927, first_line = 4, last_line = 1083, max_fps = 30
08-09 20:54:51.564 E/mm-camera(  301): ispif_sink_port_config <-----
08-09 20:54:51.564 E/mm-camera(  301): reserve_camif_resource: is_ispif = 1, sess_idx = 0, fps = 30, num_isps = 1 op clk: 91500000
08-09 20:54:51.564 E/mm-camera(  301): isp_sink_port_stream_config: E, session_id = 3, stream_id = 2, stream_type = 1
08-09 20:54:51.564 E/mm-camera(  301): isp_sink_port_stream_config: session_id = 3, stream_id = 2, is_split = 0
08-09 20:54:51.564 E/mm-camera(  301): isp_sink_port_stream_config: old vfe_id_mask = 0x0, new vfe_id_mask = 0x1
08-09 20:54:51.564 D/lights  (  933): lcd : 94 -
08-09 20:54:51.564 D/InputManager-JNI(  933): !@handleInterceptActions(172), action=0, wmActions=1
08-09 20:54:51.564 E/mm-camera(  301): module_faceproc_port_event_func:590] MCT_EVENT_MODULE_SET_STREAM_CONFIG, w = 1936, h = 1090
08-09 20:54:51.564 E/mm-camera(  301): after port_ispif_forward_event_to_peer
08-09 20:54:51.564 E/mm-camera-sensor(  301): chromatix name libchromatix_s5k6b2yx_smart_stay.so
08-09 20:54:51.564 E/mm-camera-sensor(  301): chromatix_load_library:50 libchromatix_s5k6b2yx_smart_stay.so load from phone
08-09 20:54:51.564 E/mm-camera-sensor(  301): chromatix_load_library:58 chromatix from phone libchromatix_s5k6b2yx_smart_stay.so
08-09 20:54:51.564 D/lights  (  933): button : 1 +
08-09 20:54:51.564 E/mm-camera-sensor(  301): chromatix_load_library:50 libchromatix_s5k6b2yx_zslshot.so load from phone
08-09 20:54:51.564 D/cmaweather( 1884): [Cmaweather J]>>> SWW:69 [0:0] =============== BR act = androidintentactionSCREEN_ON
08-09 20:54:51.564 E/mm-camera-sensor(  301): chromatix_load_library:58 chromatix from phone libchromatix_s5k6b2yx_zslshot.so
08-09 20:54:51.564 E/mm-camera-sensor(  301): chromatix_load_common_library:110 libchromatix_s5k6b2yx_common.so load from phone
08-09 20:54:51.564 D/cmaweather( 1884): [Cmaweather J]>>> SWW:72 [0:0] =============== androidintentactionSCREEN_ON instance : [0]1
08-09 20:54:51.564 E/mm-camera-sensor(  301): chromatix_load_common_library:118 common chromatix from phone libchromatix_s5k6b2yx_common.so
08-09 20:54:51.564 E/mm-camera-sensor(  301): sensor_set_chromatix, chx : 0xb0c01020, common chx : 0xb0c13e3c
08-09 20:54:51.564 D/PowerManagerService(  933): [api] [s] wakeUpWithReason (uid: 1000 pid: 933) eventTime = 1423510 event = 1
08-09 20:54:51.564 D/DisplayPowerController(  933): getFinalBrightness : 114 -> 94
08-09 20:54:51.564 D/DisplayPowerController(  933): animation target = 94, rate=2000 (PSM:true, AB limit:(-1 ~ -1) MB Limit:(-1 ~ -1) MAdj:(0, (0, 255)))
08-09 20:54:51.564 D/PowerManagerService(  933): [s] DisplayPowerCallbacks : onStateChanged()
08-09 20:54:51.564 D/PowerManagerService(  933): SecHardwareInterface.setBatteryADC : true
08-09 20:54:51.564 D/PowerManagerService(  933): [input device light] setInputDeviceLightOn is called : 1
08-09 20:54:51.564 D/PowerManagerService(  933): [input device light] handleInputDeviceLightOn
08-09 20:54:51.574 E/mm-camera(  301): cpp_module_handle_chromatix_ptr_event:627 calling cpp_module_util_get_asf_wnr_params for normal
08-09 20:54:51.574 E/mm-camera(  301): isp40_util_get_params: CDS Control : 0, Set hystersis trigger A: 298.000000, B: 301.000000 
08-09 20:54:51.574 E/mm-camera(  301): port_isp_mct_ctrl_cmd: type=1
08-09 20:54:51.574 E/mm-camera(  301): port_isp_mct_ctrl_cmd: E, identity = 0x30002, STREAMON
08-09 20:54:51.574 W/mm-camera(  301): q3a_aecawb_thread_en_q_msg: [SYNC_CHECK] int sem!
08-09 20:54:51.574 W/mm-camera(  301): q3a_aecawb_thread_en_q_msg: [SYNC_CHECK] lock sem!
08-09 20:54:51.574 W/mm-camera(  301): q3a_aecawb_thread_en_q_msg: [SYNC_CHECK] unlock sem!
08-09 20:54:51.574 D/PersonaManager(  933): isKioskContainerExistOnDevice
08-09 20:54:51.574 E/mm-camera(  301): module_faceproc_client_start:1645] E
08-09 20:54:51.574 E/mm-camera(  301): module_faceproc_client_exec:1207] E
08-09 20:54:51.574 E/mm-camera-img(  301): img_comp_set_param:97] param 515
08-09 20:54:51.574 E/mm-camera-img(  301): faceproc_comp_set_param:124] param 0x203
08-09 20:54:51.574 E/mm-camera-img(  301): faceproc_comp_set_param:145] mode 1
08-09 20:54:51.574 E/mm-camera-img(  301): img_comp_set_param:97] param 513
08-09 20:54:51.574 E/mm-camera-img(  301): faceproc_comp_set_param:124] param 0x201
08-09 20:54:51.574 E/mm-camera-img(  301): faceproc_comp_cfg_debug:230] FaceProc cfg hist enable 0
08-09 20:54:51.574 E/mm-camera-img(  301): faceproc_comp_cfg_debug:233] FaceProc cfg max_height 1088
08-09 20:54:51.574 E/mm-camera-img(  301): faceproc_comp_cfg_debug:236] FaceProc cfg max_width 1920
08-09 20:54:51.574 E/mm-camera-img(  301): faceproc_comp_cfg_debug:239] FaceProc cfg face_orientation_hint 4
08-09 20:54:51.574 E/mm-camera-img(  301): faceproc_comp_cfg_debug:242] FaceProc cfg max_face_size 1000
08-09 20:54:51.574 E/mm-camera-img(  301): faceproc_comp_cfg_debug:245] FaceProc cfg max_num_face_to_detect 10
08-09 20:54:51.574 E/mm-camera-img(  301): faceproc_comp_cfg_debug:248] FaceProc cfg min_face_size 100
08-09 20:54:51.574 E/mm-camera-img(  301): faceproc_comp_cfg_debug:251] FaceProc cfg rotation_range 45
08-09 20:54:51.574 E/mm-camera-img(  301): faceproc_comp_eng_config:1394] Face proc number of faces set 10 
08-09 20:54:51.574 E/mm-camera-img(  301): GetDtRequiredMovieMemSiz bmem 304217 wmem 8857012 rc=0
08-09 20:54:51.574 E/mm-camera-img(  301): After GetDtRequiredMovieMemSiz bmem 315213 wmem 9425332 rc = 0
08-09 20:54:51.574 E/mm-camera-img(  301): GetDtRequiredMovieMemSiz1 value rc=0
08-09 20:54:51.574 E/mm-camera-img(  301): SetWMemoryArea rc=0
08-09 20:54:51.574 E/mm-camera-img(  301): SetBMemoryArea rc=0
08-09 20:54:51.574 D/USERIAL_LINUX( 1431): USERIAL_Write len = 5, ret = 5
08-09 20:54:51.574 E/mm-camera-img(  301): img_comp_start: before wait
08-09 20:54:51.574 E/mm-camera-img(  301): img_comp_start: after wait
08-09 20:54:51.574 E/mm-camera-img(  301): face_proc_thread_loop:367] state 1 abort 0
08-09 20:54:51.574 E/mm-camera(  301): module_faceproc_client_exec:1277] X rc 0
08-09 20:54:51.574 E/mm-camera-img(  301): img_q_wait: before wait
08-09 20:54:51.574 E/mm-camera(  301): module_faceproc_client_start:1685] X
08-09 20:54:51.574 E/mm-camera-img(  301): mod_imglib_map_fd_buffer:253] p_buf 0xb373d6a0 p_buf_info 0xb2524040
08-09 20:54:51.574 E/mm-camera-img(  301): mod_imglib_map_fd_buffer:271] buffer cnt 0 idx 0 addr 0xb39d8000
08-09 20:54:51.574 E/mm-camera-img(  301): mod_imglib_map_fd_buffer:253] p_buf 0xb373d780 p_buf_info 0xb2524040
08-09 20:54:51.574 E/mm-camera-img(  301): mod_imglib_map_fd_buffer:271] buffer cnt 1 idx 1 addr 0xb39bb000
08-09 20:54:51.574 E/mm-camera-img(  301): mod_imglib_map_fd_buffer:253] p_buf 0xb373d860 p_buf_info 0xb2524040
08-09 20:54:51.574 E/mm-camera-img(  301): mod_imglib_map_fd_buffer:271] buffer cnt 2 idx 2 addr 0xb380c000
08-09 20:54:51.574 E/mm-camera-img(  301): mod_imglib_map_fd_buffer:253] p_buf 0xb373d940 p_buf_info 0xb2524040
08-09 20:54:51.574 E/mm-camera-img(  301): mod_imglib_map_fd_buffer:271] buffer cnt 3 idx 3 addr 0xb270b000
08-09 20:54:51.574 D/InputManager-JNI(  933): sysfs_write -: /sys/class/input/event2/device/enabled: 1
08-09 20:54:51.574 E/mm-camera-img(  301): mod_imglib_map_fd_buffer:253] p_buf 0xb373da20 p_buf_info 0xb2524040
08-09 20:54:51.574 E/mm-camera-img(  301): mod_imglib_map_fd_buffer:271] buffer cnt 4 idx 4 addr 0xb1c17000
08-09 20:54:51.574 E/mm-camera-img(  301): mod_imglib_map_fd_buffer:253] p_buf 0xb373db00 p_buf_info 0xb2524040
08-09 20:54:51.574 E/mm-camera-img(  301): mod_imglib_map_fd_buffer:271] buffer cnt 5 idx 5 addr 0xb121b000
08-09 20:54:51.574 E/mm-camera(  301): module_faceproc_client_map_buffers:1507] dim 320x240
08-09 20:54:51.574 E/mm-camera(  301): cpp_module_handle_streamon_event:1747, identity=0x30002, stream-on done
08-09 20:54:51.574 W/mm-camera(  301): q3a_aecawb_thread_en_q_msg: [SYNC_CHECK] int sem!
08-09 20:54:51.574 W/mm-camera(  301): q3a_aecawb_thread_en_q_msg: [SYNC_CHECK] lock sem!
08-09 20:54:51.574 W/mm-camera(  301): q3a_aecawb_thread_en_q_msg: [SYNC_CHECK] unlock sem!
08-09 20:54:51.574 E/mm-camera(  301): cpp_hw_params_update_wnr_params:3113 invalid trigger input 0.000000
08-09 20:54:51.574 E/mm-camera(  301): port_isp_mct_ctrl_cmd: E, identity = 0x30002, isp_streamon
08-09 20:54:51.574 E/mm-camera(  301): isp_streamon: E, session_id = 3
08-09 20:54:51.574 E/mm-camera(  301): isp_proc_async_command: E ISP_ASYNC_COMMAND_STREAMON = 3
08-09 20:54:51.574 E/mm-camera(  301): isp_proc_streamon: E, session_id = 3, stream_id = 2, stream_type = 1 num_bufs 6
08-09 20:54:51.574 E/mm-camera(  301): isp_generate_new_bufq_handle: bufg_handle_count: 33
08-09 20:54:51.574 E/mm-camera(  301): isp_validate_buf_request: total 6 current buffer count 6 for stream 2
08-09 20:54:51.574 E/mm-camera(  301): isp_fmt_to_pix_pattern: format 29
08-09 20:54:51.574 E/mm-camera(  301): isp_hw_proc_set_recording_hint: recording_hint: 0
08-09 20:54:51.574 E/mm-camera(  301): isp_util_set_flash_mode: E flashmode=0
08-09 20:54:51.574 E/mm-camera(  301): isp_proc_streamon: set_all_saved_params done, session_id = 3
08-09 20:54:51.574 D/USERIAL_LINUX( 1431): my_read: return 5(0x5) bytes, errno=0 count=280, n=1, timeout=-1
08-09 20:54:51.574 D/USERIAL_LINUX( 1431): userial_read_thread(): enqueued p_buf=0xa1c0638c, count=1, length=5
08-09 20:54:51.574 E/mm-camera(  301): module_faceproc_port_event_func:617] MCT_EVENT_MODULE_ISP_OUTPUT_DIM, w = 320, h = 240
08-09 20:54:51.574 E/mm-camera(  301): isp_proc_streamon: sending dim downstream done, session_id = 3
08-09 20:54:51.574 D/USERIAL_LINUX( 1431): my_read: enter, pbuf=a1c06bc8, len = 280
08-09 20:54:51.574 I/BrcmNci ( 1431): --
08-09 20:54:51.574 I/BrcmNci ( 1431): RECV NCI  Type:RSP   Name: RF_DEACTIVATE(0x6)   PBF:No/Last   Param Len: 1/1 f:0x0
08-09 20:54:51.574 I/BrcmNci ( 1431):                                   Status : OK (0x00)
08-09 20:54:51.574 E/mm-camera(  301): isp_hw_subscribe_one_v4l2_event: event_type = 0x8000200, is_subscribe = 1
08-09 20:54:51.574 D/BrcmNci ( 1431): Raw NCI Packet:
08-09 20:54:51.574 D/BrcmNci ( 1431): 0000: 41 06 01 00                                     A...
08-09 20:54:51.574 I/BrcmNci ( 1431): --
