08-08 23:29:00.338 I/art     (23703): Alloc sticky concurrent mark sweep GC freed 1048319(38MB) AllocSpace objects, 0(0B) LOS objects, 25% free, 18MB/24MB, paused 699us total 109.866ms
08-08 23:29:01.888 E/SMD     (  289): DCD ON
08-08 23:29:03.438 D/StatusBar.NetworkController( 1177): refreshViews connected={ wifi } level=4 combinedSignalIconId=0x7f020553/com.android.systemui:drawable/stat_sys_wifi_signal_3 mobileLabel=仅限紧急通话 wifiLabel="宣龙华的 iPhone (2)"xxxxXXXXxxxxXXXX emergencyOnly=true combinedLabel="宣龙华的 iPhone (2)"xxxxXXXXxxxxXXXX mAirplaneMode=false mDataActivity=0 mPhoneSignalIconId=0x7f0204e9/com.android.systemui:drawable/stat_sys_signal_4 mQSPhoneSignalIconId=0x7f020148/com.android.systemui:drawable/ic_qs_signal_4 mDataDirectionIconId=0x0/(null) mDataSignalIconId=0x7f0204e9/com.android.systemui:drawable/stat_sys_signal_4 mDataTypeIconId=0x0/(null) mQSDataTypeIconId=0x0/(null) mNoSimIconId=0x0/(null) mWifiIconId=0x7f020553/com.android.systemui:drawable/stat_sys_wifi_signal_3 mQSWifiIconId=0x7f02015d/com.android.systemui:drawable/ic_qs_wifi_3 mWifiActivityIconId=0x7f020527/com.android.systemui:drawable/stat_sys_signal_inout mBluetoothTetherIconId=0x10808f1/android:drawable/stat_sys_tether_bluetooth
08-08 23:29:03.438 D/STATUSBAR-WifiQuickSettingButton( 1177): onWifiSignalChanged enabled=true enabledDesc:"宣龙华的 iPhone (2)"
08-08 23:29:03.438 D/StatusBar.NetworkController( 1177): refreshSignalCluster - setNWBoosterIndicators(false)
08-08 23:29:03.438 D/StatusBar.NetworkController( 1177): applyCHN
08-08 23:29:03.448 D/StatusBar.NetworkController( 1177): refreshSignalCluster - setNWBoosterIndicators(false)
08-08 23:29:03.448 D/StatusBar.NetworkController( 1177): applyCHN
08-08 23:29:03.448 D/StatusBar.NetworkController( 1177): refreshSignalCluster - setNWBoosterIndicators(false)
08-08 23:29:03.448 D/StatusBar.NetworkController( 1177): applyCHN
08-08 23:29:03.458 D/StatusBar.NetworkController( 1177): refreshSignalCluster - setNWBoosterIndicators(false)
08-08 23:29:03.458 D/StatusBar.NetworkController( 1177): applyCHN
08-08 23:29:03.748 D/StatusBar.NetworkController( 1177): refreshViews connected={ wifi } level=4 combinedSignalIconId=0x7f020556/com.android.systemui:drawable/stat_sys_wifi_signal_4 mobileLabel=仅限紧急通话 wifiLabel="宣龙华的 iPhone (2)"xxxxXXXXxxxxXXXX emergencyOnly=true combinedLabel="宣龙华的 iPhone (2)"xxxxXXXXxxxxXXXX mAirplaneMode=false mDataActivity=0 mPhoneSignalIconId=0x7f0204e9/com.android.systemui:drawable/stat_sys_signal_4 mQSPhoneSignalIconId=0x7f020148/com.android.systemui:drawable/ic_qs_signal_4 mDataDirectionIconId=0x0/(null) mDataSignalIconId=0x7f0204e9/com.android.systemui:drawable/stat_sys_signal_4 mDataTypeIconId=0x0/(null) mQSDataTypeIconId=0x0/(null) mNoSimIconId=0x0/(null) mWifiIconId=0x7f020556/com.android.systemui:drawable/stat_sys_wifi_signal_4 mQSWifiIconId=0x7f02015e/com.android.systemui:drawable/ic_qs_wifi_4 mWifiActivityIconId=0x7f020527/com.android.systemui:drawable/stat_sys_signal_inout mBluetoothTetherIconId=0x10808f1/android:drawable/stat_sys_tether_bluetooth
08-08 23:29:03.748 D/STATUSBAR-WifiQuickSettingButton( 1177): onWifiSignalChanged enabled=true enabledDesc:"宣龙华的 iPhone (2)"
08-08 23:29:03.748 D/StatusBar.NetworkController( 1177): refreshSignalCluster - setNWBoosterIndicators(false)
08-08 23:29:03.748 D/StatusBar.NetworkController( 1177): applyCHN
08-08 23:29:03.748 D/StatusBar.NetworkController( 1177): refreshSignalCluster - setNWBoosterIndicators(false)
08-08 23:29:03.748 D/StatusBar.NetworkController( 1177): applyCHN
08-08 23:29:03.748 D/StatusBar.NetworkController( 1177): refreshSignalCluster - setNWBoosterIndicators(false)
08-08 23:29:03.748 D/StatusBar.NetworkController( 1177): applyCHN
08-08 23:29:03.748 D/StatusBar.NetworkController( 1177): refreshSignalCluster - setNWBoosterIndicators(false)
08-08 23:29:03.748 D/StatusBar.NetworkController( 1177): applyCHN
08-08 23:29:04.458 D/StatusBar.NetworkController( 1177): refreshViews connected={ wifi } level=4 combinedSignalIconId=0x7f020556/com.android.systemui:drawable/stat_sys_wifi_signal_4 mobileLabel=仅限紧急通话 wifiLabel="宣龙华的 iPhone (2)"xxxxXXXXxxxxXXXX emergencyOnly=true combinedLabel="宣龙华的 iPhone (2)"xxxxXXXXxxxxXXXX mAirplaneMode=false mDataActivity=0 mPhoneSignalIconId=0x7f0204e9/com.android.systemui:drawable/stat_sys_signal_4 mQSPhoneSignalIconId=0x7f020148/com.android.systemui:drawable/ic_qs_signal_4 mDataDirectionIconId=0x0/(null) mDataSignalIconId=0x7f0204e9/com.android.systemui:drawable/stat_sys_signal_4 mDataTypeIconId=0x0/(null) mQSDataTypeIconId=0x0/(null) mNoSimIconId=0x0/(null) mWifiIconId=0x7f020556/com.android.systemui:drawable/stat_sys_wifi_signal_4 mQSWifiIconId=0x7f02015e/com.android.systemui:drawable/ic_qs_wifi_4 mWifiActivityIconId=0x7f020529/com.android.systemui:drawable/stat_sys_signal_no_inout mBluetoothTetherIconId=0x10808f1/android:drawable/stat_sys_tether_bluetooth
08-08 23:29:04.458 D/STATUSBAR-WifiQuickSettingButton( 1177): onWifiSignalChanged enabled=true enabledDesc:"宣龙华的 iPhone (2)"
08-08 23:29:04.458 D/StatusBar.NetworkController( 1177): refreshSignalCluster - setNWBoosterIndicators(false)
08-08 23:29:04.458 D/StatusBar.NetworkController( 1177): applyCHN
08-08 23:29:04.458 D/StatusBar.NetworkController( 1177): refreshSignalCluster - setNWBoosterIndicators(false)
08-08 23:29:04.458 D/StatusBar.NetworkController( 1177): applyCHN
08-08 23:29:04.458 D/StatusBar.NetworkController( 1177): refreshSignalCluster - setNWBoosterIndicators(false)
08-08 23:29:04.458 D/StatusBar.NetworkController( 1177): applyCHN
08-08 23:29:04.458 D/StatusBar.NetworkController( 1177): refreshSignalCluster - setNWBoosterIndicators(false)
08-08 23:29:04.458 D/StatusBar.NetworkController( 1177): applyCHN
08-08 23:29:04.888 E/SMD     (  289): DCD ON
08-08 23:29:05.908 D/KeyguardUpdateMonitor( 1177): received broadcast android.intent.action.BATTERY_CHANGED
08-08 23:29:05.908 D/KeyguardUpdateMonitor( 1177): handleBatteryUpdate
08-08 23:29:05.918 V/HeadsetService( 3910): HeadsetService - Received Intent.ACTION_BATTERY_CHANGED
08-08 23:29:05.918 D/HeadsetStateMachine( 3910): Disconnected process message: 10
08-08 23:29:06.768 D/StatusBar.NetworkController( 1177): refreshViews connected={ wifi } level=4 combinedSignalIconId=0x7f020553/com.android.systemui:drawable/stat_sys_wifi_signal_3 mobileLabel=仅限紧急通话 wifiLabel="宣龙华的 iPhone (2)"xxxxXXXXxxxxXXXX emergencyOnly=true combinedLabel="宣龙华的 iPhone (2)"xxxxXXXXxxxxXXXX mAirplaneMode=false mDataActivity=0 mPhoneSignalIconId=0x7f0204e9/com.android.systemui:drawable/stat_sys_signal_4 mQSPhoneSignalIconId=0x7f020148/com.android.systemui:drawable/ic_qs_signal_4 mDataDirectionIconId=0x0/(null) mDataSignalIconId=0x7f0204e9/com.android.systemui:drawable/stat_sys_signal_4 mDataTypeIconId=0x0/(null) mQSDataTypeIconId=0x0/(null) mNoSimIconId=0x0/(null) mWifiIconId=0x7f020553/com.android.systemui:drawable/stat_sys_wifi_signal_3 mQSWifiIconId=0x7f02015d/com.android.systemui:drawable/ic_qs_wifi_3 mWifiActivityIconId=0x7f020529/com.android.systemui:drawable/stat_sys_signal_no_inout mBluetoothTetherIconId=0x10808f1/android:drawable/stat_sys_tether_bluetooth
08-08 23:29:06.768 D/STATUSBAR-WifiQuickSettingButton( 1177): onWifiSignalChanged enabled=true enabledDesc:"宣龙华的 iPhone (2)"
08-08 23:29:06.768 D/StatusBar.NetworkController( 1177): refreshSignalCluster - setNWBoosterIndicators(false)
08-08 23:29:06.768 D/StatusBar.NetworkController( 1177): applyCHN
08-08 23:29:06.778 D/StatusBar.NetworkController( 1177): refreshSignalCluster - setNWBoosterIndicators(false)
08-08 23:29:06.778 D/StatusBar.NetworkController( 1177): applyCHN
08-08 23:29:06.778 D/StatusBar.NetworkController( 1177): refreshSignalCluster - setNWBoosterIndicators(false)
08-08 23:29:06.778 D/StatusBar.NetworkController( 1177): applyCHN
08-08 23:29:06.778 D/StatusBar.NetworkController( 1177): refreshSignalCluster - setNWBoosterIndicators(false)
08-08 23:29:06.778 D/StatusBar.NetworkController( 1177): applyCHN
08-08 23:29:07.158 I/art     ( 2844): Alloc sticky concurrent mark sweep GC freed 1039467(53MB) AllocSpace objects, 0(0B) LOS objects, 0% free, 39MB/39MB, paused 1.417ms total 160.091ms
08-08 23:29:07.158 I/art     ( 2844): WaitForGcToComplete blocked for 153.373ms for cause Alloc
08-08 23:29:07.168 I/art     ( 2844): Alloc sticky concurrent mark sweep GC freed 7(624B) AllocSpace objects, 0(0B) LOS objects, 0% free, 39MB/39MB, paused 1.704ms total 14.729ms
08-08 23:29:07.888 E/SMD     (  289): DCD ON
08-08 23:29:08.278 I/art     (23703): Alloc sticky concurrent mark sweep GC freed 1048319(38MB) AllocSpace objects, 0(0B) LOS objects, 25% free, 18MB/24MB, paused 692us total 111.781ms
08-08 23:29:10.888 E/SMD     (  289): DCD ON
08-08 23:29:13.888 E/SMD     (  289): DCD ON
08-08 23:29:15.978 D/StatusBar.NetworkController( 1177): onSignalStrengthsChanged signalStrength=SignalStrength: 14 99 -120 -160 -120 -1 -1 99 2147483647 2147483647 2147483647 -1 2147483647 0x4 gsm|lte level=4
08-08 23:29:15.988 D/StatusBar.NetworkController( 1177): updateTelephonySignalStrength: hasService=true ss=SignalStrength: 14 99 -120 -160 -120 -1 -1 99 2147483647 2147483647 2147483647 -1 2147483647 0x4 gsm|lte
08-08 23:29:15.988 D/StatusBar.NetworkController( 1177): updateTelephonySignalStrength: iconLevel=4
08-08 23:29:15.988 D/StatusBar.NetworkController( 1177): updateTelephonySignalStrength, No signal level. mPhoneSignalIconId = com.android.systemui:drawable/stat_sys_signal_4 mDataSignalIconId = com.android.systemui:drawable/stat_sys_signal_4 mQSPhoneSignalIconId = com.android.systemui:drawable/ic_qs_signal_4 mContentDescriptionPhoneSignal = 满格手机信号
08-08 23:29:15.988 D/StatusBar.NetworkController( 1177): refreshViews connected={ wifi } level=4 combinedSignalIconId=0x7f020553/com.android.systemui:drawable/stat_sys_wifi_signal_3 mobileLabel=仅限紧急通话 wifiLabel="宣龙华的 iPhone (2)"xxxxXXXXxxxxXXXX emergencyOnly=true combinedLabel="宣龙华的 iPhone (2)"xxxxXXXXxxxxXXXX mAirplaneMode=false mDataActivity=0 mPhoneSignalIconId=0x7f0204e9/com.android.systemui:drawable/stat_sys_signal_4 mQSPhoneSignalIconId=0x7f020148/com.android.systemui:drawable/ic_qs_signal_4 mDataDirectionIconId=0x0/(null) mDataSignalIconId=0x7f0204e9/com.android.systemui:drawable/stat_sys_signal_4 mDataTypeIconId=0x0/(null) mQSDataTypeIconId=0x0/(null) mNoSimIconId=0x0/(null) mWifiIconId=0x7f020553/com.android.systemui:drawable/stat_sys_wifi_signal_3 mQSWifiIconId=0x7f02015d/com.android.systemui:drawable/ic_qs_wifi_3 mWifiActivityIconId=0x7f020529/com.android.systemui:drawable/stat_sys_signal_no_inout mBluetoothTetherIconId=0x10808f1/android:drawable/stat_sys_tether_bluetooth
08-08 23:29:15.988 D/STATUSBAR-WifiQuickSettingButton( 1177): onWifiSignalChanged enabled=true enabledDesc:"宣龙华的 iPhone (2)"
08-08 23:29:15.998 D/cell strength( 1386): ===== cell singal strength changed : 14
08-08 23:29:15.998 D/KeyguardUpdateMonitor( 1177): received broadcast android.intent.action.BATTERY_CHANGED
08-08 23:29:15.998 D/KeyguardUpdateMonitor( 1177): handleBatteryUpdate
08-08 23:29:16.008 V/HeadsetService( 3910): HeadsetService - Received Intent.ACTION_BATTERY_CHANGED
08-08 23:29:16.008 D/HeadsetStateMachine( 3910): Disconnected process message: 10
08-08 23:29:16.248 I/art     (23703): Alloc sticky concurrent mark sweep GC freed 1048319(38MB) AllocSpace objects, 0(0B) LOS objects, 25% free, 18MB/24MB, paused 803us total 114.523ms
08-08 23:29:16.888 E/SMD     (  289): DCD ON
08-08 23:29:17.498 D/StatusBar.NetworkController( 1177): refreshViews connected={ wifi } level=4 combinedSignalIconId=0x7f020553/com.android.systemui:drawable/stat_sys_wifi_signal_3 mobileLabel=仅限紧急通话 wifiLabel="宣龙华的 iPhone (2)"xxxxXXXXxxxxXXXX emergencyOnly=true combinedLabel="宣龙华的 iPhone (2)"xxxxXXXXxxxxXXXX mAirplaneMode=false mDataActivity=0 mPhoneSignalIconId=0x7f0204e9/com.android.systemui:drawable/stat_sys_signal_4 mQSPhoneSignalIconId=0x7f020148/com.android.systemui:drawable/ic_qs_signal_4 mDataDirectionIconId=0x0/(null) mDataSignalIconId=0x7f0204e9/com.android.systemui:drawable/stat_sys_signal_4 mDataTypeIconId=0x0/(null) mQSDataTypeIconId=0x0/(null) mNoSimIconId=0x0/(null) mWifiIconId=0x7f020553/com.android.systemui:drawable/stat_sys_wifi_signal_3 mQSWifiIconId=0x7f02015d/com.android.systemui:drawable/ic_qs_wifi_3 mWifiActivityIconId=0x7f020525/com.android.systemui:drawable/stat_sys_signal_in mBluetoothTetherIconId=0x10808f1/android:drawable/stat_sys_tether_bluetooth
08-08 23:29:17.498 D/STATUSBAR-WifiQuickSettingButton( 1177): onWifiSignalChanged enabled=true enabledDesc:"宣龙华的 iPhone (2)"
08-08 23:29:17.498 D/StatusBar.NetworkController( 1177): refreshSignalCluster - setNWBoosterIndicators(false)
08-08 23:29:17.498 D/StatusBar.NetworkController( 1177): applyCHN
08-08 23:29:17.508 D/StatusBar.NetworkController( 1177): refreshSignalCluster - setNWBoosterIndicators(false)
08-08 23:29:17.508 D/StatusBar.NetworkController( 1177): applyCHN
08-08 23:29:17.508 D/StatusBar.NetworkController( 1177): refreshSignalCluster - setNWBoosterIndicators(false)
08-08 23:29:17.508 D/StatusBar.NetworkController( 1177): applyCHN
08-08 23:29:17.508 D/StatusBar.NetworkController( 1177): refreshSignalCluster - setNWBoosterIndicators(false)
08-08 23:29:17.508 D/StatusBar.NetworkController( 1177): applyCHN
08-08 23:29:18.508 D/StatusBar.NetworkController( 1177): refreshViews connected={ wifi } level=4 combinedSignalIconId=0x7f020553/com.android.systemui:drawable/stat_sys_wifi_signal_3 mobileLabel=仅限紧急通话 wifiLabel="宣龙华的 iPhone (2)"xxxxXXXXxxxxXXXX emergencyOnly=true combinedLabel="宣龙华的 iPhone (2)"xxxxXXXXxxxxXXXX mAirplaneMode=false mDataActivity=0 mPhoneSignalIconId=0x7f0204e9/com.android.systemui:drawable/stat_sys_signal_4 mQSPhoneSignalIconId=0x7f020148/com.android.systemui:drawable/ic_qs_signal_4 mDataDirectionIconId=0x0/(null) mDataSignalIconId=0x7f0204e9/com.android.systemui:drawable/stat_sys_signal_4 mDataTypeIconId=0x0/(null) mQSDataTypeIconId=0x0/(null) mNoSimIconId=0x0/(null) mWifiIconId=0x7f020553/com.android.systemui:drawable/stat_sys_wifi_signal_3 mQSWifiIconId=0x7f02015d/com.android.systemui:drawable/ic_qs_wifi_3 mWifiActivityIconId=0x7f020529/com.android.systemui:drawable/stat_sys_signal_no_inout mBluetoothTetherIconId=0x10808f1/android:drawable/stat_sys_tether_bluetooth
08-08 23:29:18.508 D/STATUSBAR-WifiQuickSettingButton( 1177): onWifiSignalChanged enabled=true enabledDesc:"宣龙华的 iPhone (2)"
08-08 23:29:18.508 D/StatusBar.NetworkController( 1177): refreshSignalCluster - setNWBoosterIndicators(false)
08-08 23:29:18.508 D/StatusBar.NetworkController( 1177): applyCHN
08-08 23:29:18.518 D/StatusBar.NetworkController( 1177): refreshSignalCluster - setNWBoosterIndicators(false)
08-08 23:29:18.518 D/StatusBar.NetworkController( 1177): applyCHN
08-08 23:29:18.518 D/StatusBar.NetworkController( 1177): refreshSignalCluster - setNWBoosterIndicators(false)
08-08 23:29:18.518 D/StatusBar.NetworkController( 1177): applyCHN
08-08 23:29:18.518 D/StatusBar.NetworkController( 1177): refreshSignalCluster - setNWBoosterIndicators(false)
08-08 23:29:18.518 D/StatusBar.NetworkController( 1177): applyCHN
08-08 23:29:19.888 E/SMD     (  289): DCD ON
08-08 23:29:22.888 E/SMD     (  289): DCD ON
08-08 23:29:24.198 I/art     (23703): Alloc sticky concurrent mark sweep GC freed 1048319(38MB) AllocSpace objects, 0(0B) LOS objects, 25% free, 18MB/24MB, paused 698us total 112.713ms
08-08 23:29:25.888 E/SMD     (  289): DCD ON
08-08 23:29:26.048 D/KeyguardUpdateMonitor( 1177): received broadcast android.intent.action.BATTERY_CHANGED
08-08 23:29:26.048 D/KeyguardUpdateMonitor( 1177): handleBatteryUpdate
08-08 23:29:26.048 V/HeadsetService( 3910): HeadsetService - Received Intent.ACTION_BATTERY_CHANGED
08-08 23:29:26.048 D/HeadsetStateMachine( 3910): Disconnected process message: 10
08-08 23:29:28.888 E/SMD     (  289): DCD ON
08-08 23:29:30.938 D/StatusBar.NetworkController( 1177): refreshViews connected={ wifi } level=4 combinedSignalIconId=0x7f020556/com.android.systemui:drawable/stat_sys_wifi_signal_4 mobileLabel=仅限紧急通话 wifiLabel="宣龙华的 iPhone (2)"xxxxXXXXxxxxXXXX emergencyOnly=true combinedLabel="宣龙华的 iPhone (2)"xxxxXXXXxxxxXXXX mAirplaneMode=false mDataActivity=0 mPhoneSignalIconId=0x7f0204e9/com.android.systemui:drawable/stat_sys_signal_4 mQSPhoneSignalIconId=0x7f020148/com.android.systemui:drawable/ic_qs_signal_4 mDataDirectionIconId=0x0/(null) mDataSignalIconId=0x7f0204e9/com.android.systemui:drawable/stat_sys_signal_4 mDataTypeIconId=0x0/(null) mQSDataTypeIconId=0x0/(null) mNoSimIconId=0x0/(null) mWifiIconId=0x7f020556/com.android.systemui:drawable/stat_sys_wifi_signal_4 mQSWifiIconId=0x7f02015e/com.android.systemui:drawable/ic_qs_wifi_4 mWifiActivityIconId=0x7f020529/com.android.systemui:drawable/stat_sys_signal_no_inout mBluetoothTetherIconId=0x10808f1/android:drawable/stat_sys_tether_bluetooth
08-08 23:29:30.938 D/STATUSBAR-WifiQuickSettingButton( 1177): onWifiSignalChanged enabled=true enabledDesc:"宣龙华的 iPhone (2)"
08-08 23:29:30.938 D/StatusBar.NetworkController( 1177): refreshSignalCluster - setNWBoosterIndicators(false)
08-08 23:29:30.938 D/StatusBar.NetworkController( 1177): applyCHN
08-08 23:29:30.938 D/StatusBar.NetworkController( 1177): refreshSignalCluster - setNWBoosterIndicators(false)
08-08 23:29:30.938 D/StatusBar.NetworkController( 1177): applyCHN
08-08 23:29:30.938 D/StatusBar.NetworkController( 1177): refreshSignalCluster - setNWBoosterIndicators(false)
08-08 23:29:30.938 D/StatusBar.NetworkController( 1177): applyCHN
08-08 23:29:30.938 D/StatusBar.NetworkController( 1177): refreshSignalCluster - setNWBoosterIndicators(false)
08-08 23:29:30.938 D/StatusBar.NetworkController( 1177): applyCHN
08-08 23:29:31.888 E/SMD     (  289): DCD ON
08-08 23:29:32.228 I/art     (23703): Alloc sticky concurrent mark sweep GC freed 1048319(38MB) AllocSpace objects, 0(0B) LOS objects, 25% free, 18MB/24MB, paused 715us total 112.917ms
08-08 23:29:33.958 D/StatusBar.NetworkController( 1177): refreshViews connected={ wifi } level=4 combinedSignalIconId=0x7f020553/com.android.systemui:drawable/stat_sys_wifi_signal_3 mobileLabel=仅限紧急通话 wifiLabel="宣龙华的 iPhone (2)"xxxxXXXXxxxxXXXX emergencyOnly=true combinedLabel="宣龙华的 iPhone (2)"xxxxXXXXxxxxXXXX mAirplaneMode=false mDataActivity=0 mPhoneSignalIconId=0x7f0204e9/com.android.systemui:drawable/stat_sys_signal_4 mQSPhoneSignalIconId=0x7f020148/com.android.systemui:drawable/ic_qs_signal_4 mDataDirectionIconId=0x0/(null) mDataSignalIconId=0x7f0204e9/com.android.systemui:drawable/stat_sys_signal_4 mDataTypeIconId=0x0/(null) mQSDataTypeIconId=0x0/(null) mNoSimIconId=0x0/(null) mWifiIconId=0x7f020553/com.android.systemui:drawable/stat_sys_wifi_signal_3 mQSWifiIconId=0x7f02015d/com.android.systemui:drawable/ic_qs_wifi_3 mWifiActivityIconId=0x7f020529/com.android.systemui:drawable/stat_sys_signal_no_inout mBluetoothTetherIconId=0x10808f1/android:drawable/stat_sys_tether_bluetooth
08-08 23:29:33.958 D/STATUSBAR-WifiQuickSettingButton( 1177): onWifiSignalChanged enabled=true enabledDesc:"宣龙华的 iPhone (2)"
08-08 23:29:33.958 D/StatusBar.NetworkController( 1177): refreshSignalCluster - setNWBoosterIndicators(false)
08-08 23:29:33.958 D/StatusBar.NetworkController( 1177): applyCHN
08-08 23:29:33.958 D/StatusBar.NetworkController( 1177): refreshSignalCluster - setNWBoosterIndicators(false)
08-08 23:29:33.958 D/StatusBar.NetworkController( 1177): applyCHN
08-08 23:29:33.958 D/StatusBar.NetworkController( 1177): refreshSignalCluster - setNWBoosterIndicators(false)
08-08 23:29:33.958 D/StatusBar.NetworkController( 1177): applyCHN
08-08 23:29:33.958 D/StatusBar.NetworkController( 1177): refreshSignalCluster - setNWBoosterIndicators(false)
08-08 23:29:33.958 D/StatusBar.NetworkController( 1177): applyCHN
08-08 23:29:34.888 E/SMD     (  289): DCD ON
08-08 23:29:37.888 E/SMD     (  289): DCD ON
08-08 23:29:40.028 I/art     (23703): Alloc sticky concurrent mark sweep GC freed 1048319(38MB) AllocSpace objects, 0(0B) LOS objects, 25% free, 18MB/24MB, paused 690us total 118.909ms
08-08 23:29:40.888 E/SMD     (  289): DCD ON
08-08 23:29:43.018 D/StatusBar.NetworkController( 1177): refreshViews connected={ wifi } level=4 combinedSignalIconId=0x7f020556/com.android.systemui:drawable/stat_sys_wifi_signal_4 mobileLabel=仅限紧急通话 wifiLabel="宣龙华的 iPhone (2)"xxxxXXXXxxxxXXXX emergencyOnly=true combinedLabel="宣龙华的 iPhone (2)"xxxxXXXXxxxxXXXX mAirplaneMode=false mDataActivity=0 mPhoneSignalIconId=0x7f0204e9/com.android.systemui:drawable/stat_sys_signal_4 mQSPhoneSignalIconId=0x7f020148/com.android.systemui:drawable/ic_qs_signal_4 mDataDirectionIconId=0x0/(null) mDataSignalIconId=0x7f0204e9/com.android.systemui:drawable/stat_sys_signal_4 mDataTypeIconId=0x0/(null) mQSDataTypeIconId=0x0/(null) mNoSimIconId=0x0/(null) mWifiIconId=0x7f020556/com.android.systemui:drawable/stat_sys_wifi_signal_4 mQSWifiIconId=0x7f02015e/com.android.systemui:drawable/ic_qs_wifi_4 mWifiActivityIconId=0x7f020529/com.android.systemui:drawable/stat_sys_signal_no_inout mBluetoothTetherIconId=0x10808f1/android:drawable/stat_sys_tether_bluetooth
08-08 23:29:43.018 D/STATUSBAR-WifiQuickSettingButton( 1177): onWifiSignalChanged enabled=true enabledDesc:"宣龙华的 iPhone (2)"
08-08 23:29:43.018 D/StatusBar.NetworkController( 1177): refreshSignalCluster - setNWBoosterIndicators(false)
08-08 23:29:43.018 D/StatusBar.NetworkController( 1177): applyCHN
08-08 23:29:43.018 D/StatusBar.NetworkController( 1177): refreshSignalCluster - setNWBoosterIndicators(false)
08-08 23:29:43.018 D/StatusBar.NetworkController( 1177): applyCHN
08-08 23:29:43.018 D/StatusBar.NetworkController( 1177): refreshSignalCluster - setNWBoosterIndicators(false)
08-08 23:29:43.018 D/StatusBar.NetworkController( 1177): applyCHN
08-08 23:29:43.018 D/StatusBar.NetworkController( 1177): refreshSignalCluster - setNWBoosterIndicators(false)
08-08 23:29:43.018 D/StatusBar.NetworkController( 1177): applyCHN
08-08 23:29:43.098 I/BatteryStatsDumper(  917): In refreshStats isReason Screen ON/OFF: false
08-08 23:29:43.118 D/NetworkStatsFactory(  917): UpdateStatsForKnox
08-08 23:29:43.178 D/NetworkStatsFactory(  917): UpdateStatsForKnox
08-08 23:29:43.248 I/BatteryStatsDumper(  917): WARNING! Cputime is more than 10 seconds behind Foreground time
08-08 23:29:43.248 I/BatteryStatsDumper(  917): Screen bin #0: time=88822 power=0.5625393333333334
08-08 23:29:43.248 I/BatteryStatsDumper(  917): Screen bin #1: time=2344813 power=44.551447
08-08 23:29:43.248 I/BatteryStatsDumper(  917): Screen bin #2: time=296539 power=9.390401666666667
08-08 23:29:43.248 I/BatteryStatsDumper(  917): Screen bin #3: time=0 power=0.0
08-08 23:29:43.248 I/BatteryStatsDumper(  917): Screen bin #4: time=2 power=1.1399999999999999E-4
08-08 23:29:43.248 I/BatteryStatsDumper(  917): Previous Battery Level: 16 Current Level: 18 Delta: -2
08-08 23:29:43.468 I/BatteryStatsDumper(  917): Writing to database completed
08-08 23:29:43.888 E/SMD     (  289): DCD ON
08-08 23:29:46.898 E/SMD     (  289): DCD ON
08-08 23:29:47.928 I/art     (23703): Alloc sticky concurrent mark sweep GC freed 1048319(38MB) AllocSpace objects, 0(0B) LOS objects, 25% free, 18MB/24MB, paused 690us total 109.477ms
08-08 23:29:49.048 D/StatusBar.NetworkController( 1177): refreshViews connected={ wifi } level=4 combinedSignalIconId=0x7f020553/com.android.systemui:drawable/stat_sys_wifi_signal_3 mobileLabel=仅限紧急通话 wifiLabel="宣龙华的 iPhone (2)"xxxxXXXXxxxxXXXX emergencyOnly=true combinedLabel="宣龙华的 iPhone (2)"xxxxXXXXxxxxXXXX mAirplaneMode=false mDataActivity=0 mPhoneSignalIconId=0x7f0204e9/com.android.systemui:drawable/stat_sys_signal_4 mQSPhoneSignalIconId=0x7f020148/com.android.systemui:drawable/ic_qs_signal_4 mDataDirectionIconId=0x0/(null) mDataSignalIconId=0x7f0204e9/com.android.systemui:drawable/stat_sys_signal_4 mDataTypeIconId=0x0/(null) mQSDataTypeIconId=0x0/(null) mNoSimIconId=0x0/(null) mWifiIconId=0x7f020553/com.android.systemui:drawable/stat_sys_wifi_signal_3 mQSWifiIconId=0x7f02015d/com.android.systemui:drawable/ic_qs_wifi_3 mWifiActivityIconId=0x7f020529/com.android.systemui:drawable/stat_sys_signal_no_inout mBluetoothTetherIconId=0x10808f1/android:drawable/stat_sys_tether_bluetooth
08-08 23:29:49.048 D/STATUSBAR-WifiQuickSettingButton( 1177): onWifiSignalChanged enabled=true enabledDesc:"宣龙华的 iPhone (2)"
08-08 23:29:49.048 D/StatusBar.NetworkController( 1177): refreshSignalCluster - setNWBoosterIndicators(false)
08-08 23:29:49.048 D/StatusBar.NetworkController( 1177): applyCHN
08-08 23:29:49.048 D/StatusBar.NetworkController( 1177): refreshSignalCluster - setNWBoosterIndicators(false)
08-08 23:29:49.048 D/StatusBar.NetworkController( 1177): applyCHN
08-08 23:29:49.048 D/StatusBar.NetworkController( 1177): refreshSignalCluster - setNWBoosterIndicators(false)
08-08 23:29:49.048 D/StatusBar.NetworkController( 1177): applyCHN
08-08 23:29:49.048 D/StatusBar.NetworkController( 1177): refreshSignalCluster - setNWBoosterIndicators(false)
08-08 23:29:49.048 D/StatusBar.NetworkController( 1177): applyCHN
08-08 23:29:49.898 E/SMD     (  289): DCD ON
08-08 23:29:52.068 D/StatusBar.NetworkController( 1177): refreshViews connected={ wifi } level=4 combinedSignalIconId=0x7f020556/com.android.systemui:drawable/stat_sys_wifi_signal_4 mobileLabel=仅限紧急通话 wifiLabel="宣龙华的 iPhone (2)"xxxxXXXXxxxxXXXX emergencyOnly=true combinedLabel="宣龙华的 iPhone (2)"xxxxXXXXxxxxXXXX mAirplaneMode=false mDataActivity=0 mPhoneSignalIconId=0x7f0204e9/com.android.systemui:drawable/stat_sys_signal_4 mQSPhoneSignalIconId=0x7f020148/com.android.systemui:drawable/ic_qs_signal_4 mDataDirectionIconId=0x0/(null) mDataSignalIconId=0x7f0204e9/com.android.systemui:drawable/stat_sys_signal_4 mDataTypeIconId=0x0/(null) mQSDataTypeIconId=0x0/(null) mNoSimIconId=0x0/(null) mWifiIconId=0x7f020556/com.android.systemui:drawable/stat_sys_wifi_signal_4 mQSWifiIconId=0x7f02015e/com.android.systemui:drawable/ic_qs_wifi_4 mWifiActivityIconId=0x7f020529/com.android.systemui:drawable/stat_sys_signal_no_inout mBluetoothTetherIconId=0x10808f1/android:drawable/stat_sys_tether_bluetooth
08-08 23:29:52.068 D/STATUSBAR-WifiQuickSettingButton( 1177): onWifiSignalChanged enabled=true enabledDesc:"宣龙华的 iPhone (2)"
08-08 23:29:52.068 D/StatusBar.NetworkController( 1177): refreshSignalCluster - setNWBoosterIndicators(false)
08-08 23:29:52.068 D/StatusBar.NetworkController( 1177): applyCHN
08-08 23:29:52.068 D/StatusBar.NetworkController( 1177): refreshSignalCluster - setNWBoosterIndicators(false)
08-08 23:29:52.068 D/StatusBar.NetworkController( 1177): applyCHN
08-08 23:29:52.068 D/StatusBar.NetworkController( 1177): refreshSignalCluster - setNWBoosterIndicators(false)
08-08 23:29:52.068 D/StatusBar.NetworkController( 1177): applyCHN
08-08 23:29:52.068 D/StatusBar.NetworkController( 1177): refreshSignalCluster - setNWBoosterIndicators(false)
08-08 23:29:52.068 D/StatusBar.NetworkController( 1177): applyCHN
08-08 23:29:52.898 E/SMD     (  289): DCD ON
08-08 23:29:53.558 V/CommonParams( 5484): cast to Long com.baidu.pushservice.clt Exception. java.lang.NullPointerException: Attempt to invoke virtual method 'java.lang.String java.lang.Object.toString()' on a null object reference
08-08 23:29:53.558 V/CommonParams( 5484): cast to int com.baidu.pushservice.lsi Exception. 
08-08 23:29:53.568 V/CommonParams( 5484): cast to int com.baidu.pushservice.sd Exception. 
08-08 23:29:53.598 D/KeyguardUpdateMonitor( 1177): received broadcast android.intent.action.BATTERY_CHANGED
08-08 23:29:53.598 D/KeyguardUpdateMonitor( 1177): handleBatteryUpdate
08-08 23:29:53.598 V/HeadsetService( 3910): HeadsetService - Received Intent.ACTION_BATTERY_CHANGED
08-08 23:29:53.598 D/HeadsetStateMachine( 3910): Disconnected process message: 10
08-08 23:29:53.628 D/StatusBar.NetworkController( 1177): refreshViews connected={ wifi } level=4 combinedSignalIconId=0x7f020556/com.android.systemui:drawable/stat_sys_wifi_signal_4 mobileLabel=仅限紧急通话 wifiLabel="宣龙华的 iPhone (2)"xxxxXXXXxxxxXXXX emergencyOnly=true combinedLabel="宣龙华的 iPhone (2)"xxxxXXXXxxxxXXXX mAirplaneMode=false mDataActivity=0 mPhoneSignalIconId=0x7f0204e9/com.android.systemui:drawable/stat_sys_signal_4 mQSPhoneSignalIconId=0x7f020148/com.android.systemui:drawable/ic_qs_signal_4 mDataDirectionIconId=0x0/(null) mDataSignalIconId=0x7f0204e9/com.android.systemui:drawable/stat_sys_signal_4 mDataTypeIconId=0x0/(null) mQSDataTypeIconId=0x0/(null) mNoSimIconId=0x0/(null) mWifiIconId=0x7f020556/com.android.systemui:drawable/stat_sys_wifi_signal_4 mQSWifiIconId=0x7f02015e/com.android.systemui:drawable/ic_qs_wifi_4 mWifiActivityIconId=0x7f020532/com.android.systemui:drawable/stat_sys_signal_out mBluetoothTetherIconId=0x10808f1/android:drawable/stat_sys_tether_bluetooth
08-08 23:29:53.628 D/STATUSBAR-WifiQuickSettingButton( 1177): onWifiSignalChanged enabled=true enabledDesc:"宣龙华的 iPhone (2)"
08-08 23:29:53.628 D/StatusBar.NetworkController( 1177): refreshSignalCluster - setNWBoosterIndicators(false)
08-08 23:29:53.628 D/StatusBar.NetworkController( 1177): applyCHN
08-08 23:29:53.628 D/StatusBar.NetworkController( 1177): refreshSignalCluster - setNWBoosterIndicators(false)
08-08 23:29:53.628 D/StatusBar.NetworkController( 1177): applyCHN
08-08 23:29:53.628 D/StatusBar.NetworkController( 1177): refreshSignalCluster - setNWBoosterIndicators(false)
08-08 23:29:53.628 D/StatusBar.NetworkController( 1177): applyCHN
08-08 23:29:53.628 D/StatusBar.NetworkController( 1177): refreshSignalCluster - setNWBoosterIndicators(false)
08-08 23:29:53.628 D/StatusBar.NetworkController( 1177): applyCHN
08-08 23:29:53.758 I/socket  ( 5484): msgid:5
08-08 23:29:54.628 D/StatusBar.NetworkController( 1177): refreshViews connected={ wifi } level=4 combinedSignalIconId=0x7f020556/com.android.systemui:drawable/stat_sys_wifi_signal_4 mobileLabel=仅限紧急通话 wifiLabel="宣龙华的 iPhone (2)"xxxxXXXXxxxxXXXX emergencyOnly=true combinedLabel="宣龙华的 iPhone (2)"xxxxXXXXxxxxXXXX mAirplaneMode=false mDataActivity=0 mPhoneSignalIconId=0x7f0204e9/com.android.systemui:drawable/stat_sys_signal_4 mQSPhoneSignalIconId=0x7f020148/com.android.systemui:drawable/ic_qs_signal_4 mDataDirectionIconId=0x0/(null) mDataSignalIconId=0x7f0204e9/com.android.systemui:drawable/stat_sys_signal_4 mDataTypeIconId=0x0/(null) mQSDataTypeIconId=0x0/(null) mNoSimIconId=0x0/(null) mWifiIconId=0x7f020556/com.android.systemui:drawable/stat_sys_wifi_signal_4 mQSWifiIconId=0x7f02015e/com.android.systemui:drawable/ic_qs_wifi_4 mWifiActivityIconId=0x7f020527/com.android.systemui:drawable/stat_sys_signal_inout mBluetoothTetherIconId=0x10808f1/android:drawable/stat_sys_tether_bluetooth
08-08 23:29:54.628 D/STATUSBAR-WifiQuickSettingButton( 1177): onWifiSignalChanged enabled=true enabledDesc:"宣龙华的 iPhone (2)"
08-08 23:29:54.628 D/StatusBar.NetworkController( 1177): refreshSignalCluster - setNWBoosterIndicators(false)
08-08 23:29:54.628 D/StatusBar.NetworkController( 1177): applyCHN
08-08 23:29:54.638 D/StatusBar.NetworkController( 1177): refreshSignalCluster - setNWBoosterIndicators(false)
08-08 23:29:54.638 D/StatusBar.NetworkController( 1177): applyCHN
08-08 23:29:54.638 D/StatusBar.NetworkController( 1177): refreshSignalCluster - setNWBoosterIndicators(false)
08-08 23:29:54.638 D/StatusBar.NetworkController( 1177): applyCHN
08-08 23:29:54.638 D/StatusBar.NetworkController( 1177): refreshSignalCluster - setNWBoosterIndicators(false)
08-08 23:29:54.648 D/StatusBar.NetworkController( 1177): applyCHN
08-08 23:29:55.098 D/StatusBar.NetworkController( 1177): refreshViews connected={ wifi } level=4 combinedSignalIconId=0x7f020553/com.android.systemui:drawable/stat_sys_wifi_signal_3 mobileLabel=仅限紧急通话 wifiLabel="宣龙华的 iPhone (2)"xxxxXXXXxxxxXXXX emergencyOnly=true combinedLabel="宣龙华的 iPhone (2)"xxxxXXXXxxxxXXXX mAirplaneMode=false mDataActivity=0 mPhoneSignalIconId=0x7f0204e9/com.android.systemui:drawable/stat_sys_signal_4 mQSPhoneSignalIconId=0x7f020148/com.android.systemui:drawable/ic_qs_signal_4 mDataDirectionIconId=0x0/(null) mDataSignalIconId=0x7f0204e9/com.android.systemui:drawable/stat_sys_signal_4 mDataTypeIconId=0x0/(null) mQSDataTypeIconId=0x0/(null) mNoSimIconId=0x0/(null) mWifiIconId=0x7f020553/com.android.systemui:drawable/stat_sys_wifi_signal_3 mQSWifiIconId=0x7f02015d/com.android.systemui:drawable/ic_qs_wifi_3 mWifiActivityIconId=0x7f020527/com.android.systemui:drawable/stat_sys_signal_inout mBluetoothTetherIconId=0x10808f1/android:drawable/stat_sys_tether_bluetooth
08-08 23:29:55.098 D/STATUSBAR-WifiQuickSettingButton( 1177): onWifiSignalChanged enabled=true enabledDesc:"宣龙华的 iPhone (2)"
08-08 23:29:55.098 D/StatusBar.NetworkController( 1177): refreshSignalCluster - setNWBoosterIndicators(false)
08-08 23:29:55.098 D/StatusBar.NetworkController( 1177): applyCHN
08-08 23:29:55.098 D/StatusBar.NetworkController( 1177): refreshSignalCluster - setNWBoosterIndicators(false)
08-08 23:29:55.098 D/StatusBar.NetworkController( 1177): applyCHN
08-08 23:29:55.108 D/StatusBar.NetworkController( 1177): refreshSignalCluster - setNWBoosterIndicators(false)
08-08 23:29:55.108 D/StatusBar.NetworkController( 1177): applyCHN
08-08 23:29:55.108 D/StatusBar.NetworkController( 1177): refreshSignalCluster - setNWBoosterIndicators(false)
08-08 23:29:55.108 D/StatusBar.NetworkController( 1177): applyCHN
08-08 23:29:55.628 D/StatusBar.NetworkController( 1177): refreshViews connected={ wifi } level=4 combinedSignalIconId=0x7f020553/com.android.systemui:drawable/stat_sys_wifi_signal_3 mobileLabel=仅限紧急通话 wifiLabel="宣龙华的 iPhone (2)"xxxxXXXXxxxxXXXX emergencyOnly=true combinedLabel="宣龙华的 iPhone (2)"xxxxXXXXxxxxXXXX mAirplaneMode=false mDataActivity=0 mPhoneSignalIconId=0x7f0204e9/com.android.systemui:drawable/stat_sys_signal_4 mQSPhoneSignalIconId=0x7f020148/com.android.systemui:drawable/ic_qs_signal_4 mDataDirectionIconId=0x0/(null) mDataSignalIconId=0x7f0204e9/com.android.systemui:drawable/stat_sys_signal_4 mDataTypeIconId=0x0/(null) mQSDataTypeIconId=0x0/(null) mNoSimIconId=0x0/(null) mWifiIconId=0x7f020553/com.android.systemui:drawable/stat_sys_wifi_signal_3 mQSWifiIconId=0x7f02015d/com.android.systemui:drawable/ic_qs_wifi_3 mWifiActivityIconId=0x7f020529/com.android.systemui:drawable/stat_sys_signal_no_inout mBluetoothTetherIconId=0x10808f1/android:drawable/stat_sys_tether_bluetooth
08-08 23:29:55.628 D/STATUSBAR-WifiQuickSettingButton( 1177): onWifiSignalChanged enabled=true enabledDesc:"宣龙华的 iPhone (2)"
08-08 23:29:55.628 D/StatusBar.NetworkController( 1177): refreshSignalCluster - setNWBoosterIndicators(false)
08-08 23:29:55.628 D/StatusBar.NetworkController( 1177): applyCHN
08-08 23:29:55.638 D/StatusBar.NetworkController( 1177): refreshSignalCluster - setNWBoosterIndicators(false)
08-08 23:29:55.638 D/StatusBar.NetworkController( 1177): applyCHN
08-08 23:29:55.638 D/StatusBar.NetworkController( 1177): refreshSignalCluster - setNWBoosterIndicators(false)
08-08 23:29:55.638 D/StatusBar.NetworkController( 1177): applyCHN
08-08 23:29:55.638 D/StatusBar.NetworkController( 1177): refreshSignalCluster - setNWBoosterIndicators(false)
08-08 23:29:55.648 D/StatusBar.NetworkController( 1177): applyCHN
08-08 23:29:55.868 I/art     (23703): Alloc sticky concurrent mark sweep GC freed 1048319(38MB) AllocSpace objects, 0(0B) LOS objects, 25% free, 18MB/24MB, paused 688us total 112.360ms
08-08 23:29:55.898 E/SMD     (  289): DCD ON
08-08 23:29:58.108 D/StatusBar.NetworkController( 1177): refreshViews connected={ wifi } level=4 combinedSignalIconId=0x7f020556/com.android.systemui:drawable/stat_sys_wifi_signal_4 mobileLabel=仅限紧急通话 wifiLabel="宣龙华的 iPhone (2)"xxxxXXXXxxxxXXXX emergencyOnly=true combinedLabel="宣龙华的 iPhone (2)"xxxxXXXXxxxxXXXX mAirplaneMode=false mDataActivity=0 mPhoneSignalIconId=0x7f0204e9/com.android.systemui:drawable/stat_sys_signal_4 mQSPhoneSignalIconId=0x7f020148/com.android.systemui:drawable/ic_qs_signal_4 mDataDirectionIconId=0x0/(null) mDataSignalIconId=0x7f0204e9/com.android.systemui:drawable/stat_sys_signal_4 mDataTypeIconId=0x0/(null) mQSDataTypeIconId=0x0/(null) mNoSimIconId=0x0/(null) mWifiIconId=0x7f020556/com.android.systemui:drawable/stat_sys_wifi_signal_4 mQSWifiIconId=0x7f02015e/com.android.systemui:drawable/ic_qs_wifi_4 mWifiActivityIconId=0x7f020529/com.android.systemui:drawable/stat_sys_signal_no_inout mBluetoothTetherIconId=0x10808f1/android:drawable/stat_sys_tether_bluetooth
08-08 23:29:58.108 D/STATUSBAR-WifiQuickSettingButton( 1177): onWifiSignalChanged enabled=true enabledDesc:"宣龙华的 iPhone (2)"
08-08 23:29:58.108 D/StatusBar.NetworkController( 1177): refreshSignalCluster - setNWBoosterIndicators(false)
08-08 23:29:58.118 D/StatusBar.NetworkController( 1177): applyCHN
08-08 23:29:58.118 D/StatusBar.NetworkController( 1177): refreshSignalCluster - setNWBoosterIndicators(false)
08-08 23:29:58.118 D/StatusBar.NetworkController( 1177): applyCHN
08-08 23:29:58.118 D/StatusBar.NetworkController( 1177): refreshSignalCluster - setNWBoosterIndicators(false)
08-08 23:29:58.118 D/StatusBar.NetworkController( 1177): applyCHN
08-08 23:29:58.118 D/StatusBar.NetworkController( 1177): refreshSignalCluster - setNWBoosterIndicators(false)
08-08 23:29:58.128 D/StatusBar.NetworkController( 1177): applyCHN
08-08 23:29:58.898 E/SMD     (  289): DCD ON
08-08 23:29:59.998 D/KeyguardUpdateMonitor( 1177): received broadcast android.intent.action.TIME_TICK
08-08 23:29:59.998 D/KeyguardUpdateMonitor( 1177): handleTimeUpdate
08-08 23:29:59.998 D/KeyguardEffectViewController( 1177): onReceive action : android.intent.action.TIME_TICK
08-08 23:29:59.998 I/KeyguardEffectViewController( 1177): *** don't update sliding image ***
08-08 23:30:00.038 D/DateView( 1177): regionalDateFormat = 3333/11/22 isRTLlanguage = false returnDateFormat = MMMM d日, E
08-08 23:30:00.038 D/DateView( 1177): regionalDateFormat = 3333/11/22 isRTLlanguage = false returnDateFormat = MMMM d日, E
08-08 23:30:01.128 D/StatusBar.NetworkController( 1177): refreshViews connected={ wifi } level=4 combinedSignalIconId=0x7f020553/com.android.systemui:drawable/stat_sys_wifi_signal_3 mobileLabel=仅限紧急通话 wifiLabel="宣龙华的 iPhone (2)"xxxxXXXXxxxxXXXX emergencyOnly=true combinedLabel="宣龙华的 iPhone (2)"xxxxXXXXxxxxXXXX mAirplaneMode=false mDataActivity=0 mPhoneSignalIconId=0x7f0204e9/com.android.systemui:drawable/stat_sys_signal_4 mQSPhoneSignalIconId=0x7f020148/com.android.systemui:drawable/ic_qs_signal_4 mDataDirectionIconId=0x0/(null) mDataSignalIconId=0x7f0204e9/com.android.systemui:drawable/stat_sys_signal_4 mDataTypeIconId=0x0/(null) mQSDataTypeIconId=0x0/(null) mNoSimIconId=0x0/(null) mWifiIconId=0x7f020553/com.android.systemui:drawable/stat_sys_wifi_signal_3 mQSWifiIconId=0x7f02015d/com.android.systemui:drawable/ic_qs_wifi_3 mWifiActivityIconId=0x7f020529/com.android.systemui:drawable/stat_sys_signal_no_inout mBluetoothTetherIconId=0x10808f1/android:drawable/stat_sys_tether_bluetooth
08-08 23:30:01.128 D/STATUSBAR-WifiQuickSettingButton( 1177): onWifiSignalChanged enabled=true enabledDesc:"宣龙华的 iPhone (2)"
08-08 23:30:01.128 D/StatusBar.NetworkController( 1177): refreshSignalCluster - setNWBoosterIndicators(false)
08-08 23:30:01.138 D/StatusBar.NetworkController( 1177): applyCHN
08-08 23:30:01.138 D/StatusBar.NetworkController( 1177): refreshSignalCluster - setNWBoosterIndicators(false)
08-08 23:30:01.138 D/StatusBar.NetworkController( 1177): applyCHN
08-08 23:30:01.138 D/StatusBar.NetworkController( 1177): refreshSignalCluster - setNWBoosterIndicators(false)
08-08 23:30:01.138 D/StatusBar.NetworkController( 1177): applyCHN
08-08 23:30:01.138 D/StatusBar.NetworkController( 1177): refreshSignalCluster - setNWBoosterIndicators(false)
08-08 23:30:01.138 D/StatusBar.NetworkController( 1177): applyCHN
08-08 23:30:01.898 E/SMD     (  289): DCD ON
08-08 23:30:03.908 I/art     (23703): Alloc sticky concurrent mark sweep GC freed 1048319(38MB) AllocSpace objects, 0(0B) LOS objects, 25% free, 18MB/24MB, paused 757us total 111.881ms
08-08 23:30:04.898 E/SMD     (  289): DCD ON
08-08 23:30:05.268 D/cell strength( 1386): ===== cell singal strength changed : 14
08-08 23:30:05.268 D/StatusBar.NetworkController( 1177): onSignalStrengthsChanged signalStrength=SignalStrength: 14 99 -120 -160 -120 -1 -1 99 2147483647 2147483647 2147483647 -1 2147483647 0x4 gsm|lte level=4
08-08 23:30:05.268 D/StatusBar.NetworkController( 1177): updateTelephonySignalStrength: hasService=true ss=SignalStrength: 14 99 -120 -160 -120 -1 -1 99 2147483647 2147483647 2147483647 -1 2147483647 0x4 gsm|lte
08-08 23:30:05.268 D/StatusBar.NetworkController( 1177): updateTelephonySignalStrength: iconLevel=4
08-08 23:30:05.268 D/StatusBar.NetworkController( 1177): updateTelephonySignalStrength, No signal level. mPhoneSignalIconId = com.android.systemui:drawable/stat_sys_signal_4 mDataSignalIconId = com.android.systemui:drawable/stat_sys_signal_4 mQSPhoneSignalIconId = com.android.systemui:drawable/ic_qs_signal_4 mContentDescriptionPhoneSignal = 满格手机信号
08-08 23:30:05.268 D/StatusBar.NetworkController( 1177): refreshViews connected={ wifi } level=4 combinedSignalIconId=0x7f020553/com.android.systemui:drawable/stat_sys_wifi_signal_3 mobileLabel=仅限紧急通话 wifiLabel="宣龙华的 iPhone (2)"xxxxXXXXxxxxXXXX emergencyOnly=true combinedLabel="宣龙华的 iPhone (2)"xxxxXXXXxxxxXXXX mAirplaneMode=false mDataActivity=0 mPhoneSignalIconId=0x7f0204e9/com.android.systemui:drawable/stat_sys_signal_4 mQSPhoneSignalIconId=0x7f020148/com.android.systemui:drawable/ic_qs_signal_4 mDataDirectionIconId=0x0/(null) mDataSignalIconId=0x7f0204e9/com.android.systemui:drawable/stat_sys_signal_4 mDataTypeIconId=0x0/(null) mQSDataTypeIconId=0x0/(null) mNoSimIconId=0x0/(null) mWifiIconId=0x7f020553/com.android.systemui:drawable/stat_sys_wifi_signal_3 mQSWifiIconId=0x7f02015d/com.android.systemui:drawable/ic_qs_wifi_3 mWifiActivityIconId=0x7f020529/com.android.systemui:drawable/stat_sys_signal_no_inout mBluetoothTetherIconId=0x10808f1/android:drawable/stat_sys_tether_bluetooth
08-08 23:30:05.268 D/STATUSBAR-WifiQuickSettingButton( 1177): onWifiSignalChanged enabled=true enabledDesc:"宣龙华的 iPhone (2)"
08-08 23:30:07.168 D/StatusBar.NetworkController( 1177): refreshViews connected={ wifi } level=4 combinedSignalIconId=0x7f020556/com.android.systemui:drawable/stat_sys_wifi_signal_4 mobileLabel=仅限紧急通话 wifiLabel="宣龙华的 iPhone (2)"xxxxXXXXxxxxXXXX emergencyOnly=true combinedLabel="宣龙华的 iPhone (2)"xxxxXXXXxxxxXXXX mAirplaneMode=false mDataActivity=0 mPhoneSignalIconId=0x7f0204e9/com.android.systemui:drawable/stat_sys_signal_4 mQSPhoneSignalIconId=0x7f020148/com.android.systemui:drawable/ic_qs_signal_4 mDataDirectionIconId=0x0/(null) mDataSignalIconId=0x7f0204e9/com.android.systemui:drawable/stat_sys_signal_4 mDataTypeIconId=0x0/(null) mQSDataTypeIconId=0x0/(null) mNoSimIconId=0x0/(null) mWifiIconId=0x7f020556/com.android.systemui:drawable/stat_sys_wifi_signal_4 mQSWifiIconId=0x7f02015e/com.android.systemui:drawable/ic_qs_wifi_4 mWifiActivityIconId=0x7f020529/com.android.systemui:drawable/stat_sys_signal_no_inout mBluetoothTetherIconId=0x10808f1/android:drawable/stat_sys_tether_bluetooth
08-08 23:30:07.168 D/STATUSBAR-WifiQuickSettingButton( 1177): onWifiSignalChanged enabled=true enabledDesc:"宣龙华的 iPhone (2)"
08-08 23:30:07.178 D/StatusBar.NetworkController( 1177): refreshSignalCluster - setNWBoosterIndicators(false)
08-08 23:30:07.178 D/StatusBar.NetworkController( 1177): applyCHN
08-08 23:30:07.178 D/StatusBar.NetworkController( 1177): refreshSignalCluster - setNWBoosterIndicators(false)
08-08 23:30:07.178 D/StatusBar.NetworkController( 1177): applyCHN
08-08 23:30:07.188 D/StatusBar.NetworkController( 1177): refreshSignalCluster - setNWBoosterIndicators(false)
08-08 23:30:07.188 D/StatusBar.NetworkController( 1177): applyCHN
08-08 23:30:07.188 D/StatusBar.NetworkController( 1177): refreshSignalCluster - setNWBoosterIndicators(false)
08-08 23:30:07.188 D/StatusBar.NetworkController( 1177): applyCHN
08-08 23:30:07.898 E/SMD     (  289): DCD ON
08-08 23:30:10.208 D/StatusBar.NetworkController( 1177): refreshViews connected={ wifi } level=4 combinedSignalIconId=0x7f020553/com.android.systemui:drawable/stat_sys_wifi_signal_3 mobileLabel=仅限紧急通话 wifiLabel="宣龙华的 iPhone (2)"xxxxXXXXxxxxXXXX emergencyOnly=true combinedLabel="宣龙华的 iPhone (2)"xxxxXXXXxxxxXXXX mAirplaneMode=false mDataActivity=0 mPhoneSignalIconId=0x7f0204e9/com.android.systemui:drawable/stat_sys_signal_4 mQSPhoneSignalIconId=0x7f020148/com.android.systemui:drawable/ic_qs_signal_4 mDataDirectionIconId=0x0/(null) mDataSignalIconId=0x7f0204e9/com.android.systemui:drawable/stat_sys_signal_4 mDataTypeIconId=0x0/(null) mQSDataTypeIconId=0x0/(null) mNoSimIconId=0x0/(null) mWifiIconId=0x7f020553/com.android.systemui:drawable/stat_sys_wifi_signal_3 mQSWifiIconId=0x7f02015d/com.android.systemui:drawable/ic_qs_wifi_3 mWifiActivityIconId=0x7f020529/com.android.systemui:drawable/stat_sys_signal_no_inout mBluetoothTetherIconId=0x10808f1/android:drawable/stat_sys_tether_bluetooth
08-08 23:30:10.208 D/STATUSBAR-WifiQuickSettingButton( 1177): onWifiSignalChanged enabled=true enabledDesc:"宣龙华的 iPhone (2)"
08-08 23:30:10.208 D/StatusBar.NetworkController( 1177): refreshSignalCluster - setNWBoosterIndicators(false)
08-08 23:30:10.208 D/StatusBar.NetworkController( 1177): applyCHN
08-08 23:30:10.208 D/StatusBar.NetworkController( 1177): refreshSignalCluster - setNWBoosterIndicators(false)
08-08 23:30:10.208 D/StatusBar.NetworkController( 1177): applyCHN
08-08 23:30:10.208 D/StatusBar.NetworkController( 1177): refreshSignalCluster - setNWBoosterIndicators(false)
08-08 23:30:10.208 D/StatusBar.NetworkController( 1177): applyCHN
08-08 23:30:10.208 D/StatusBar.NetworkController( 1177): refreshSignalCluster - setNWBoosterIndicators(false)
08-08 23:30:10.208 D/StatusBar.NetworkController( 1177): applyCHN
08-08 23:30:10.898 E/SMD     (  289): DCD ON
08-08 23:30:11.788 I/art     (23703): Alloc sticky concurrent mark sweep GC freed 1048319(38MB) AllocSpace objects, 0(0B) LOS objects, 25% free, 18MB/24MB, paused 770us total 115.637ms
08-08 23:30:13.688 D/KeyguardUpdateMonitor( 1177): received broadcast android.intent.action.BATTERY_CHANGED
08-08 23:30:13.688 D/KeyguardUpdateMonitor( 1177): handleBatteryUpdate
08-08 23:30:13.698 V/HeadsetService( 3910): HeadsetService - Received Intent.ACTION_BATTERY_CHANGED
08-08 23:30:13.698 D/HeadsetStateMachine( 3910): Disconnected process message: 10
08-08 23:30:13.898 E/SMD     (  289): DCD ON
08-08 23:30:16.248 D/StatusBar.NetworkController( 1177): refreshViews connected={ wifi } level=4 combinedSignalIconId=0x7f020556/com.android.systemui:drawable/stat_sys_wifi_signal_4 mobileLabel=仅限紧急通话 wifiLabel="宣龙华的 iPhone (2)"xxxxXXXXxxxxXXXX emergencyOnly=true combinedLabel="宣龙华的 iPhone (2)"xxxxXXXXxxxxXXXX mAirplaneMode=false mDataActivity=0 mPhoneSignalIconId=0x7f0204e9/com.android.systemui:drawable/stat_sys_signal_4 mQSPhoneSignalIconId=0x7f020148/com.android.systemui:drawable/ic_qs_signal_4 mDataDirectionIconId=0x0/(null) mDataSignalIconId=0x7f0204e9/com.android.systemui:drawable/stat_sys_signal_4 mDataTypeIconId=0x0/(null) mQSDataTypeIconId=0x0/(null) mNoSimIconId=0x0/(null) mWifiIconId=0x7f020556/com.android.systemui:drawable/stat_sys_wifi_signal_4 mQSWifiIconId=0x7f02015e/com.android.systemui:drawable/ic_qs_wifi_4 mWifiActivityIconId=0x7f020529/com.android.systemui:drawable/stat_sys_signal_no_inout mBluetoothTetherIconId=0x10808f1/android:drawable/stat_sys_tether_bluetooth
08-08 23:30:16.248 D/STATUSBAR-WifiQuickSettingButton( 1177): onWifiSignalChanged enabled=true enabledDesc:"宣龙华的 iPhone (2)"
08-08 23:30:16.248 D/StatusBar.NetworkController( 1177): refreshSignalCluster - setNWBoosterIndicators(false)
08-08 23:30:16.258 D/StatusBar.NetworkController( 1177): applyCHN
08-08 23:30:16.258 D/StatusBar.NetworkController( 1177): refreshSignalCluster - setNWBoosterIndicators(false)
08-08 23:30:16.258 D/StatusBar.NetworkController( 1177): applyCHN
08-08 23:30:16.258 D/StatusBar.NetworkController( 1177): refreshSignalCluster - setNWBoosterIndicators(false)
08-08 23:30:16.258 D/StatusBar.NetworkController( 1177): applyCHN
08-08 23:30:16.258 D/StatusBar.NetworkController( 1177): refreshSignalCluster - setNWBoosterIndicators(false)
08-08 23:30:16.258 D/StatusBar.NetworkController( 1177): applyCHN
08-08 23:30:16.898 E/SMD     (  289): DCD ON
08-08 23:30:19.158 D/StatusBar.NetworkController( 1177): onSignalStrengthsChanged signalStrength=SignalStrength: 14 99 -120 -160 -120 -1 -1 99 2147483647 2147483647 2147483647 -1 2147483647 0x4 gsm|lte level=4
08-08 23:30:19.158 D/StatusBar.NetworkController( 1177): updateTelephonySignalStrength: hasService=true ss=SignalStrength: 14 99 -120 -160 -120 -1 -1 99 2147483647 2147483647 2147483647 -1 2147483647 0x4 gsm|lte
08-08 23:30:19.158 D/StatusBar.NetworkController( 1177): updateTelephonySignalStrength: iconLevel=4
08-08 23:30:19.158 D/StatusBar.NetworkController( 1177): updateTelephonySignalStrength, No signal level. mPhoneSignalIconId = com.android.systemui:drawable/stat_sys_signal_4 mDataSignalIconId = com.android.systemui:drawable/stat_sys_signal_4 mQSPhoneSignalIconId = com.android.systemui:drawable/ic_qs_signal_4 mContentDescriptionPhoneSignal = 满格手机信号
08-08 23:30:19.158 D/StatusBar.NetworkController( 1177): refreshViews connected={ wifi } level=4 combinedSignalIconId=0x7f020556/com.android.systemui:drawable/stat_sys_wifi_signal_4 mobileLabel=仅限紧急通话 wifiLabel="宣龙华的 iPhone (2)"xxxxXXXXxxxxXXXX emergencyOnly=true combinedLabel="宣龙华的 iPhone (2)"xxxxXXXXxxxxXXXX mAirplaneMode=false mDataActivity=0 mPhoneSignalIconId=0x7f0204e9/com.android.systemui:drawable/stat_sys_signal_4 mQSPhoneSignalIconId=0x7f020148/com.android.systemui:drawable/ic_qs_signal_4 mDataDirectionIconId=0x0/(null) mDataSignalIconId=0x7f0204e9/com.android.systemui:drawable/stat_sys_signal_4 mDataTypeIconId=0x0/(null) mQSDataTypeIconId=0x0/(null) mNoSimIconId=0x0/(null) mWifiIconId=0x7f020556/com.android.systemui:drawable/stat_sys_wifi_signal_4 mQSWifiIconId=0x7f02015e/com.android.systemui:drawable/ic_qs_wifi_4 mWifiActivityIconId=0x7f020529/com.android.systemui:drawable/stat_sys_signal_no_inout mBluetoothTetherIconId=0x10808f1/android:drawable/stat_sys_tether_bluetooth
