08-09 20:47:04.773 D/ActivityManager(  933): isDeviceAdminActiveApp false :com.sec.android.Kies
08-09 20:47:04.773 D/ActivityManager(  933): isAutoRunBlockedApp:: com.sec.android.Kies, Auto Run ON
08-09 20:47:04.773 D/ActivityManager(  933): isDeviceAdminActiveApp false :com.sec.android.cloudagent
08-09 20:47:04.773 D/ActivityManager(  933): isAutoRunBlockedApp:: com.sec.android.cloudagent, Auto Run ON
08-09 20:47:04.773 D/ActivityManager(  933): isDeviceAdminActiveApp false :com.android.providers.calendar
08-09 20:47:04.773 D/ActivityManager(  933): isAutoRunBlockedApp:: com.android.providers.calendar, Auto Run ON
08-09 20:47:04.773 D/ActivityManager(  933): isDeviceAdminActiveApp false :com.tencent.mobileqq
08-09 20:47:04.773 D/ActivityManager(  933): isAutoRunBlockedApp:: com.tencent.mobileqq, Auto Run ON
08-09 20:47:04.773 D/ActivityManager(  933): isDeviceAdminActiveApp false :com.tencent.mm
08-09 20:47:04.773 D/ActivityManager(  933): isAutoRunBlockedApp:: com.tencent.mm, Auto Run ON
08-09 20:47:04.773 D/ActivityManager(  933): isDeviceAdminActiveApp false :com.sec.android.app.myfiles
08-09 20:47:04.773 D/ActivityManager(  933): isAutoRunBlockedApp:: com.sec.android.app.myfiles, Auto Run ON
08-09 20:47:04.773 D/ActivityManager(  933): isDeviceAdminActiveApp false :com.qualcomm.timeservice
08-09 20:47:04.773 D/ActivityManager(  933): isAutoRunBlockedApp:: com.qualcomm.timeservice, Auto Run ON
08-09 20:47:04.773 D/ActivityManager(  933): isDeviceAdminActiveApp false :com.sec.android.app.music
08-09 20:47:04.773 D/ActivityManager(  933): isAutoRunBlockedApp:: com.sec.android.app.music, Auto Run ON
08-09 20:47:04.773 D/ActivityManager(  933): isDeviceAdminActiveApp false :com.samsung.android.app.galaxyfinder
08-09 20:47:04.773 D/ActivityManager(  933): isAutoRunBlockedApp:: com.samsung.android.app.galaxyfinder, Auto Run ON
08-09 20:47:04.773 D/ActivityManager(  933): isDeviceAdminActiveApp false :com.samsung.android.securitylogagent
08-09 20:47:04.773 D/ActivityManager(  933): isAutoRunBlockedApp:: com.samsung.android.securitylogagent, Auto Run ON
08-09 20:47:04.773 D/ActivityManager(  933): isDeviceAdminActiveApp false :com.android.calendar
08-09 20:47:04.773 D/ActivityManager(  933): isAutoRunBlockedApp:: com.android.calendar, Auto Run ON
08-09 20:47:04.773 D/ActivityManager(  933): isDeviceAdminActiveApp false :com.sec.android.widgetapp.SPlannerAppWidget
08-09 20:47:04.773 D/ActivityManager(  933): isAutoRunBlockedApp:: com.sec.android.widgetapp.SPlannerAppWidget, Auto Run ON
08-09 20:47:04.773 D/ActivityManager(  933): isDeviceAdminActiveApp false :com.sec.esdk.elm
08-09 20:47:04.773 D/ActivityManager(  933): isAutoRunBlockedApp:: com.sec.esdk.elm, Auto Run ON
08-09 20:47:04.773 D/ActivityManager(  933): isDeviceAdminActiveApp false :com.sec.android.app.clockpackage
08-09 20:47:04.773 D/ActivityManager(  933): isAutoRunBlockedApp:: com.sec.android.app.clockpackage, Auto Run ON
08-09 20:47:04.773 D/ActivityManager(  933): isDeviceAdminActiveApp false :com.samsung.android.scloud.sync
08-09 20:47:04.773 D/ActivityManager(  933): isAutoRunBlockedApp:: com.samsung.android.scloud.sync, Auto Run ON
08-09 20:47:04.773 D/ActivityManager(  933): isDeviceAdminActiveApp false :com.samsung.klmsagent
08-09 20:47:04.773 D/ActivityManager(  933): isAutoRunBlockedApp:: com.samsung.klmsagent, Auto Run ON
08-09 20:47:04.773 D/ActivityManager(  933): isDeviceAdminActiveApp false :com.tencent.engine
08-09 20:47:04.773 D/ActivityManager(  933): isAutoRunBlockedApp:: com.tencent.engine, Auto Run ON
08-09 20:47:04.773 D/ActivityManager(  933): isDeviceAdminActiveApp false :com.sec.spp.push
08-09 20:47:04.773 D/ActivityManager(  933): isAutoRunBlockedApp:: com.sec.spp.push, Auto Run ON
08-09 20:47:04.773 D/ActivityManager(  933): isDeviceAdminActiveApp false :com.sec.android.app.GlanceView
08-09 20:47:04.773 D/ActivityManager(  933): isAutoRunBlockedApp:: com.sec.android.app.GlanceView, Auto Run ON
08-09 20:47:04.773 D/ActivityManager(  933): isDeviceAdminActiveApp false :com.samsung.SMT
08-09 20:47:04.773 D/ActivityManager(  933): isAutoRunBlockedApp:: com.samsung.SMT, Auto Run ON
08-09 20:47:04.773 D/ActivityManager(  933): isDeviceAdminActiveApp false :com.sec.android.pagebuddynotisvc
08-09 20:47:04.773 D/ActivityManager(  933): isAutoRunBlockedApp:: com.sec.android.pagebuddynotisvc, Auto Run ON
08-09 20:47:04.773 D/ActivityManager(  933): isDeviceAdminActiveApp false :com.sec.android.app.SmartClipService
08-09 20:47:04.773 D/ActivityManager(  933): isAutoRunBlockedApp:: com.sec.android.app.SmartClipService, Auto Run ON
08-09 20:47:04.773 D/ActivityManager(  933): isDeviceAdminActiveApp false :com.android.managedprovisioning
08-09 20:47:04.773 D/ActivityManager(  933): isAutoRunBlockedApp:: com.android.managedprovisioning, Auto Run ON
08-09 20:47:04.773 D/ActivityManager(  933): isDeviceAdminActiveApp false :com.sec.android.service.sm
08-09 20:47:04.773 D/ActivityManager(  933): isAutoRunBlockedApp:: com.sec.android.service.sm, Auto Run ON
08-09 20:47:04.773 D/ActivityManager(  933): isDeviceAdminActiveApp false :com.policydm
08-09 20:47:04.773 D/ActivityManager(  933): isAutoRunBlockedApp:: com.policydm, Auto Run ON
08-09 20:47:04.773 D/ActivityManager(  933): isDeviceAdminActiveApp false :com.samsung.aasaservice
08-09 20:47:04.773 D/ActivityManager(  933): isAutoRunBlockedApp:: com.samsung.aasaservice, Auto Run ON
08-09 20:47:04.773 D/ActivityManager(  933): isDeviceAdminActiveApp false :com.samsung.android.providers.context
08-09 20:47:04.773 D/ActivityManager(  933): isAutoRunBlockedApp:: com.samsung.android.providers.context, Auto Run ON
08-09 20:47:04.773 D/ActivityManager(  933): isDeviceAdminActiveApp false :com.sec.android.app.samsungapps
08-09 20:47:04.773 D/ActivityManager(  933): isAutoRunBlockedApp:: com.sec.android.app.samsungapps, Auto Run ON
08-09 20:47:04.773 D/ActivityManager(  933): isDeviceAdminActiveApp false :com.android.incallui
08-09 20:47:04.773 D/ActivityManager(  933): isAutoRunBlockedApp:: com.android.incallui, Auto Run ON
08-09 20:47:04.773 D/ActivityManager(  933): isDeviceAdminActiveApp false :org.simalliance.openmobileapi.service
08-09 20:47:04.773 D/ActivityManager(  933): isAutoRunBlockedApp:: org.simalliance.openmobileapi.service, Auto Run ON
08-09 20:47:04.773 D/ActivityManager(  933): isDeviceAdminActiveApp false :com.sec.location.nsflp
08-09 20:47:04.773 D/ActivityManager(  933): isAutoRunBlockedApp:: com.sec.location.nsflp, Auto Run ON
08-09 20:47:04.773 D/ActivityManager(  933): isDeviceAdminActiveApp false :com.android.providers.telephony
08-09 20:47:04.773 D/ActivityManager(  933): isAutoRunBlockedApp:: com.android.providers.telephony, Auto Run ON
08-09 20:47:04.773 D/ActivityManager(  933): isDeviceAdminActiveApp false :com.android.stk
08-09 20:47:04.773 D/ActivityManager(  933): isAutoRunBlockedApp:: com.android.stk, Auto Run ON
08-09 20:47:04.773 D/ActivityManager(  933): isDeviceAdminActiveApp false :com.sec.enterprise.mdm.services.simpin
08-09 20:47:04.773 D/ActivityManager(  933): isAutoRunBlockedApp:: com.sec.enterprise.mdm.services.simpin, Auto Run ON
08-09 20:47:04.773 D/ActivityManager(  933): isDeviceAdminActiveApp false :com.android.settings
08-09 20:47:04.773 D/ActivityManager(  933): isAutoRunBlockedApp:: com.android.settings, Auto Run ON
08-09 20:47:04.773 D/ActivityManager(  933): isDeviceAdminActiveApp false :com.sec.android.app.bluetoothtest
08-09 20:47:04.773 D/ActivityManager(  933): isAutoRunBlockedApp:: com.sec.android.app.bluetoothtest, Auto Run ON
08-09 20:47:04.773 D/ActivityManager(  933): isDeviceAdminActiveApp false :com.android.phone
08-09 20:47:04.773 D/ActivityManager(  933): isAutoRunBlockedApp:: com.android.phone, Auto Run ON
08-09 20:47:04.773 D/ActivityManager(  933): isDeviceAdminActiveApp false :com.samsung.sec.android.application.csc
08-09 20:47:04.773 D/ActivityManager(  933): isAutoRunBlockedApp:: com.samsung.sec.android.application.csc, Auto Run ON
08-09 20:47:04.773 D/ActivityManager(  933): isDeviceAdminActiveApp false :com.android.nfc
08-09 20:47:04.783 D/ActivityManager(  933): isAutoRunBlockedApp:: com.android.nfc, Auto Run ON
08-09 20:47:04.783 D/ActivityManager(  933): isDeviceAdminActiveApp false :com.android.server.telecom
08-09 20:47:04.783 D/ActivityManager(  933): isAutoRunBlockedApp:: com.android.server.telecom, Auto Run ON
08-09 20:47:04.783 D/ActivityManager(  933): isDeviceAdminActiveApp false :com.android.systemui
08-09 20:47:04.783 D/ActivityManager(  933): isAutoRunBlockedApp:: com.android.systemui, Auto Run ON
08-09 20:47:04.783 D/ActivityManager(  933): isDeviceAdminActiveApp false :com.android.systemui
08-09 20:47:04.783 D/ActivityManager(  933): isAutoRunBlockedApp:: com.android.systemui, Auto Run ON
08-09 20:47:04.783 D/ActivityManager(  933): isDeviceAdminActiveApp false :com.sec.android.providers.security
08-09 20:47:04.783 D/ActivityManager(  933): isAutoRunBlockedApp:: com.sec.android.providers.security, Auto Run ON
08-09 20:47:04.783 D/ActivityManager(  933): isDeviceAdminActiveApp false :android
08-09 20:47:04.783 D/ActivityManager(  933): isAutoRunBlockedApp:: android, Auto Run ON
08-09 20:47:04.783 D/ActivityManager(  933): isDeviceAdminActiveApp false :com.android.providers.settings
08-09 20:47:04.783 D/ActivityManager(  933): isAutoRunBlockedApp:: com.android.providers.settings, Auto Run ON
08-09 20:47:04.783 D/ActivityManager(  933): isDeviceAdminActiveApp false :com.dsi.ant.server
08-09 20:47:04.783 D/ActivityManager(  933): isAutoRunBlockedApp:: com.dsi.ant.server, Auto Run ON
08-09 20:47:31.259 D/MotionRecognitionService(  933): try start thread -1
08-09 20:47:31.329 D/WifiService(  933): startScan by pid=1373, uid=10015
08-09 20:47:31.579 W/ProcessCpuTracker(  933): Skipping unknown process pid 12267
08-09 20:47:31.589 W/ProcessCpuTracker(  933): Skipping unknown process pid 12270
08-09 20:47:32.059 I/PowerManagerService(  933): [PWL] Off : 1755s ago
08-09 20:47:33.111 D/MotionRecognitionService(  933): try start thread -1
08-09 20:47:33.421 D/ConnectivityService(  933): returning getNetworkInfo(networkType - 1) :[type: WIFI[] - WIFI, state: CONNECTED/CONNECTED, reason: (unspecified), extra: "CU_d24p", roaming: false, failover: false, isAvailable: true, isConnectedToProvisioningNetwork: false]
08-09 20:47:33.751 D/ActivityManager(  933): isDeviceAdminActiveApp false :com.android.systemui
08-09 20:47:33.751 D/ActivityManager(  933): isAutoRunBlockedApp:: com.android.systemui, Auto Run ON
08-09 20:47:35.608 D/MotionRecognitionService(  933): try start thread -1
08-09 20:47:36.128 D/MotionRecognitionService(  933): try start thread -1
08-09 20:47:54.306 D/MotionRecognitionService(  933): try start thread -1
08-09 20:47:56.501 D/MotionRecognitionService(  933): try start thread -1
08-09 20:47:59.328 D/MotionRecognitionService(  933): try start thread -1
08-09 20:48:11.662 V/AlarmManager(  933): waitForAlarm result :8
08-09 20:48:11.662 D/MotionRecognitionService(  933): try start thread -1
08-09 20:48:12.658 D/MotionRecognitionService(  933): try start thread -1
08-09 20:48:13.432 D/MotionRecognitionService(  933): try start thread -1
08-09 20:48:14.614 D/MotionRecognitionService(  933): try start thread -1
08-09 20:48:15.668 D/MotionRecognitionService(  933): try start thread -1
08-09 20:48:15.828 D/SSRM:n  (  933): SIOP:: AP = 300, PST = 300, CUR = 450
08-09 20:48:17.453 D/MotionRecognitionService(  933): try start thread -1
08-09 20:48:24.815 D/MotionRecognitionService(  933): try start thread -1
08-09 20:48:24.905 D/WifiService(  933): startScan by pid=1373, uid=10015
08-09 20:48:27.106 D/MotionRecognitionService(  933): try start thread -1
08-09 20:48:27.166 D/ConnectivityService(  933): returning getNetworkInfo(networkType - 1) :[type: WIFI[] - WIFI, state: CONNECTED/CONNECTED, reason: (unspecified), extra: "CU_d24p", roaming: false, failover: false, isAvailable: true, isConnectedToProvisioningNetwork: false]
08-09 20:48:27.346 D/ActivityManager(  933): isDeviceAdminActiveApp false :com.android.systemui
08-09 20:48:27.346 D/ActivityManager(  933): isAutoRunBlockedApp:: com.android.systemui, Auto Run ON
08-09 20:49:11.752 D/MotionRecognitionService(  933): try start thread -1
08-09 20:49:11.782 E/Watchdog(  933): !@Sync 45
08-09 20:49:12.402 D/MotionRecognitionService(  933): try start thread -1
08-09 20:49:36.002 D/MotionRecognitionService(  933): try start thread -1
08-09 20:49:39.188 D/MotionRecognitionService(  933): try start thread -1
08-09 20:49:58.898 D/MotionRecognitionService(  933): try start thread -1
08-09 20:50:27.090 D/MotionRecognitionService(  933): try start thread -1
08-09 20:50:58.445 V/AlarmManager(  933): waitForAlarm result :4
08-09 20:50:58.445 D/MotionRecognitionService(  933): try start thread -1
08-09 20:50:58.465 D/ActivityManager(  933): isDeviceAdminActiveApp false :com.tencent.news
08-09 20:50:58.465 E/ActivityManager(  933): isAutoRunBlockedApp:: com.tencent.news, Auto Run OFF
08-09 20:50:58.495 D/ConnectivityService(  933): returning getActiveNetworkInfo :[type: WIFI[] - WIFI, state: CONNECTED/CONNECTED, reason: (unspecified), extra: "CU_d24p", roaming: false, failover: false, isAvailable: true, isConnectedToProvisioningNetwork: false]
08-09 20:50:58.515 D/ConnectivityService(  933): returning getActiveNetworkInfo :[type: WIFI[] - WIFI, state: CONNECTED/CONNECTED, reason: (unspecified), extra: "CU_d24p", roaming: false, failover: false, isAvailable: true, isConnectedToProvisioningNetwork: false]
08-09 20:51:27.614 V/AlarmManager(  933): waitForAlarm result :8
08-09 20:51:27.614 D/MotionRecognitionService(  933): try start thread -1
08-09 20:51:28.224 D/SSRM:n  (  933): SIOP:: AP = 300, PST = 300, CUR = 450
08-09 20:51:28.664 D/PowerManagerService(  933): [api] [s] wakeUpWithReason (uid: 1000 pid: 933) eventTime = 1377480 event = 1
08-09 20:51:28.664 I/PowerManagerService(  933): !@[ps] Screen__On  - 3 :  wakeUpWithReason: 1 (uid: 1000 pid: 933)
08-09 20:51:28.664 I/PowerManagerService(  933): Waking up from sleep (uid 1000)...
08-09 20:51:28.664 D/PowerManagerService(  933): [PWL] sb acquire: PowerManagerService.Broadcasts
08-09 20:51:28.674 D/PowerManagerService(  933): [s] UserActivityState : 0 -> 1
08-09 20:51:28.674 D/PowerManagerService(  933): [PWL] sb acquire: PowerManagerService.Display
08-09 20:51:28.674 I/DisplayPowerController(  933): Blocking screen on until initial contents have been drawn.
08-09 20:51:28.674 D/StatusBarKeyguardViewManager( 1180): onScreenTurnedOn()
08-09 20:51:28.684 D/DisplayPowerController(  933): getFinalBrightness : 114 -> 94
08-09 20:51:28.684 D/DisplayPowerController(  933): animation target = 94, rate=2000 (PSM:true, AB limit:(-1 ~ -1) MB Limit:(-1 ~ -1) MAdj:(0, (0, 255)))
08-09 20:51:28.694 D/PowerManagerService(  933): !@[s] unblankAllDisplays() : unblankAllDisplaysFromPowerManager
08-09 20:51:28.694 I/DisplayManagerService(  933): Display device changed: DisplayDeviceInfo{"": 1080 x 1920, 60.0 fps, supportedRefreshRates [60.0], density 480, 386.366 x 387.047 dpi, appVsyncOff 0, presDeadline 17666667, touch INTERNAL, rotation 0, type BUILT_IN, state ON, FLAG_DEFAULT_DISPLAY, FLAG_ROTATES_WITH_CONTENT, FLAG_SECURE, FLAG_SUPPORTS_PROTECTED_BUFFERS}
08-09 20:51:28.704 V/ActivityManager(  933): Display changed displayId=0
08-09 20:51:28.734 D/DisplayPowerController(  933): getFinalBrightness : 114 -> 94
08-09 20:51:28.734 D/DisplayPowerController(  933): animation target = 94, rate=2000 (PSM:true, AB limit:(-1 ~ -1) MB Limit:(-1 ~ -1) MAdj:(0, (0, 255)))
08-09 20:51:28.734 D/BatteryMeterView( 1180): onDraw batteryColor : -1
08-09 20:51:28.744 D/StatusBarKeyguardViewManager( 1180): callback.onShown()
08-09 20:51:28.754 D/InputMethodManagerService(  933): [HARDWARE_KEYBOARD] (refreshImeWindowVisibilityLocked) isChineseRegion = true, isFolderPhone= false isFolderOpen = false hardKeyShown = false
08-09 20:51:28.754 D/InputMethodManagerService(  933): [HARDWARE_KEYBOARD] (refreshImeWindowVisibilityLocked) mImeWindowVis= 0 inputVisible = falsehaveHardKeyboard = false hardKeyShown = false
08-09 20:51:28.764 D/MotionRecognitionService(  933):   mReceiver.onReceive : ACTION_SCREEN_ON
08-09 20:51:28.764 E/MotionRecognitionService(  933):  handler : SCREEN_ON end
08-09 20:51:28.764 D/NotificationService(  933): ACTION_SCREEN_ON
08-09 20:51:28.834 D/NotificationService(  933): Pickup - unregisterListener
08-09 20:51:28.834 D/LightsService(  933): [api] [SvcLED] turnOff:: id = 4 (uid: 1000 pid: 933) 
08-09 20:51:28.834 D/LightsService(  933): [SvcLED] setSvcLedStateLocked:: SvcLEDState : 0x2 -> 0x0 | SvcLED(id=4) set Off
08-09 20:51:28.834 D/LightsService(  933): [SvcLED] Lux failed to be updated in 700ms. -> handleForcedSvcLEDTasK
08-09 20:51:28.834 D/LightsService(  933): [SvcLED]  setSvcLedLightLocked :: Current SvcLED(id=4) maintains its priority right
08-09 20:51:28.844 V/AlarmManager(  933): waitForAlarm result :8
08-09 20:51:28.854 D/LightsService(  933): [api] onReceive : SvcLEDReceiver re-enables LightSenor and sends MSG_FORCEDSVCLEDTASK
08-09 20:51:28.854 V/NetworkStats(  933): performPollLocked(flags=0x3)
08-09 20:51:28.854 D/ConnectivityService(  933): returning getNetworkInfo(networkType - 28) :[type: MOBILE_ENT1[] - MOBILE_ENT1, state: DISCONNECTED/DISCONNECTED, reason: (unspecified), extra: (none), roaming: false, failover: false, isAvailable: true, isConnectedToProvisioningNetwork: false]
08-09 20:51:28.864 V/NetworkStats(  933): performPollLocked() took 7ms
08-09 20:51:28.874 W/ContextImpl(  933): Calling a method in the system process without a qualified user: android.app.ContextImpl.sendBroadcast:1699 com.android.server.ConnectivityService.handleSetPolicyDataEnable:1678 com.android.server.ConnectivityService.access$4200:230 com.android.server.ConnectivityService$InternalHandler.handleMessage:2922 android.os.Handler.dispatchMessage:102 
08-09 20:51:28.874 W/NetworkStats(  933): getDevSummary: NetworkStats: elapsedRealtime=0
08-09 20:51:28.874 W/NetworkStats(  933): getXtSummary: NetworkStats: elapsedRealtime=766288889
08-09 20:51:28.884 D/ActivityManager(  933): bindService callerProcessName:android, calleePkgName: com.tencent.news, action: null
08-09 20:51:28.884 D/ActivityManager(  933): isDeviceAdminActiveApp false :com.tencent.news
08-09 20:51:28.884 E/ActivityManager(  933): isAutoRunBlockedApp:: com.tencent.news, Auto Run OFF
08-09 20:51:28.884 D/ActivityManager(  933): isNotRunningApp - com.tencent.news : not running
08-09 20:51:28.884 D/ActivityManager(  933): isNotRunningApp - com.tencent.news is not running ? true
08-09 20:51:28.884 D/ActivityManager(  933): isSamsungService pkgName: android, FLAG_SYSTEM : 1
08-09 20:51:28.884 D/ActivityManager(  933): isSamsungService true:android
08-09 20:51:28.914 D/PowerManagerService(  933): [smart stay] handleSmartStay
08-09 20:51:28.914 W/PowerManagerService(  933): [smart stay] updateUserActivitySummaryLocked : don't have time to smart stay
08-09 20:51:28.914 D/PowerManagerService(  933): [api] [s] wakeUpWithReason (uid: 1000 pid: 933) eventTime = 1377730 event = 1
08-09 20:51:28.914 E/SmartFaceService(  933): setValue, key: smart-stay-framecount-reset value: 
08-09 20:51:28.914 E/SmartFaceService(  933): register:1377739
08-09 20:51:28.924 E/SmartFaceService(  933): register, serviceType(100) pid 933 : system
08-09 20:51:28.924 E/SmartFaceService.Client(  933): New SmartFaceService.Client, service type: 100 pid: 933 appName: system
08-09 20:51:28.924 E/SmartFaceService(  933): mLightIntensityEnough: true mLux: 0.0
08-09 20:51:28.924 D/Stay/Rotation Worker(  933): client added
08-09 20:51:28.924 D/Scroll/Pause Worker(  933): updateClientsDone.
08-09 20:51:28.924 D/Stay/Rotation Worker(  933): updateClientsDone. def. do nothing.
08-09 20:51:28.924 E/SmartFaceService(  933): Service Type to Worker: 100
08-09 20:51:28.924 E/SmartFaceService(  933): Last Active clients:0 Current Active clients: 1
08-09 20:51:28.924 E/SmartFaceService(  933): Last Smart Pause clients: 0 Current Smart Pause clients: 0
08-09 20:51:28.924 E/SmartFaceService(  933): We have active clients. open camera
08-09 20:51:28.924 W/PowerManagerService(  933): [smart stay] updateUserActivitySummaryLocked : don't have time to smart stay
08-09 20:51:28.924 E/SmartFaceService(  933): mWakeLock.acquire() in FD
08-09 20:51:28.924 D/StatusBarManagerService(  933): setIcon slot=smart_scroll index=7 icon=StatusBarIcon(pkg=androiduser=0 id=0x10807b0 level=0 visible=true num=0 )
08-09 20:51:28.924 D/StatusBarManagerService(  933): setIconVisibility slot=smart_scroll visible=true
08-09 20:51:28.924 D/SmartFaceIndicator(  933): normal icon
08-09 20:51:28.924 E/CameraController(  933): openCamera S
08-09 20:51:28.924 D/ConnectivityService(  933): returning getActiveNetworkInfo :[type: WIFI[] - WIFI, state: CONNECTED/CONNECTED, reason: (unspecified), extra: "CU_d24p", roaming: false, failover: false, isAvailable: true, isConnectedToProvisioningNetwork: false]
08-09 20:51:28.924 D/VoIPInterfaceManager(  933): isVoIPRinging()...
08-09 20:51:28.924 D/VoIPInterfaceManager(  933): isVoIPRunningAndDeregi()...
08-09 20:51:28.924 D/VoIPInterfaceManager(  933): Not exist call session
08-09 20:51:28.924 E/CameraController(  933): sendMessageAndWait, lock.lock before
08-09 20:51:28.924 E/CameraController(  933): sendMessageAndWait, lock.lock after
08-09 20:51:28.924 E/CameraController(  933): Wait for 1
08-09 20:51:28.924 E/CameraController(  933): waitHere, condition var. will be used. related lock release and re-acquired after await done.
08-09 20:51:28.924 E/CameraController(  933): handleMessage(1) before lock{ when=0 what=1 arg1=4 target=com.samsung.android.smartface.CameraController$EventHandler }
08-09 20:51:28.924 D/ConnectivityService(  933): returning getActiveNetworkInfo :[type: WIFI[] - WIFI, state: CONNECTED/CONNECTED, reason: (unspecified), extra: "CU_d24p", roaming: false, failover: false, isAvailable: true, isConnectedToProvisioningNetwork: false]
08-09 20:51:28.924 E/CameraController(  933): handleMessage, lock.lock after
08-09 20:51:28.924 E/CameraController(  933): handleMessage(1) after lock{ when=-1ms what=1 arg1=4 target=com.samsung.android.smartface.CameraController$EventHandler }
08-09 20:51:28.924 E/CameraController(  933): isCameraAllowed: true
08-09 20:51:28.924 E/CameraController(  933): open() as 100
08-09 20:51:28.924 W/PowerManagerService(  933): [smart stay] updateUserActivitySummaryLocked : don't have time to smart stay
08-09 20:51:28.924 V/AlarmManager(  933): waitForAlarm result :8
08-09 20:51:28.944 D/PowerManagerService(  933): Excessive delay in mPhotonicModulator.requestDisplayState(mRequestingState): 255ms
08-09 20:51:28.944 D/IpRemoteDisplayController(  933): intent received android.intent.action.SCREEN_ON
08-09 20:51:28.944 D/IpRemoteDisplayController(  933): Bridge Server is not available
08-09 20:51:28.954 D/DisplayPowerController(  933): [api] WindowManagerPolicy.ScreenOnListener : Received onScreenOn().
08-09 20:51:28.954 I/DisplayPowerController(  933): Unblocked screen on after 281 ms
08-09 20:51:28.954 D/DisplayPowerState(  933): !@ ColorFade exit
08-09 20:51:28.974 D/DisplayPowerController(  933): getFinalBrightness : 114 -> 94
08-09 20:51:28.974 D/DisplayPowerController(  933): animation target = 94, rate=2000 (PSM:true, AB limit:(-1 ~ -1) MB Limit:(-1 ~ -1) MAdj:(0, (0, 255)))
08-09 20:51:28.994 D/DisplayPowerController(  933): getFinalBrightness : 114 -> 94
08-09 20:51:28.994 D/DisplayPowerController(  933): animation target = 94, rate=2000 (PSM:true, AB limit:(-1 ~ -1) MB Limit:(-1 ~ -1) MAdj:(0, (0, 255)))
08-09 20:51:28.994 D/PowerManagerService(  933): [s] DisplayPowerCallbacks : onStateChanged()
08-09 20:51:28.994 D/PowerManagerService(  933): SecHardwareInterface.setBatteryADC : true
08-09 20:51:29.004 D/PowerManagerService(  933): [input device light] setInputDeviceLightOn is called : 1
08-09 20:51:29.004 D/PowerManagerService(  933): [input device light] handleInputDeviceLightOn
08-09 20:51:29.004 W/PowerManagerService(  933): [smart stay] updateUserActivitySummaryLocked : don't have time to smart stay
08-09 20:51:29.034 W/ActivityManager(  933): getTasks: caller 10206 does not hold GET_TASKS; limiting output
08-09 20:51:29.044 W/ActivityManager(  933): getTasks: caller 10206 does not hold GET_TASKS; limiting output
08-09 20:51:29.044 D/ConnectivityService(  933): returning getActiveNetworkInfo :[type: WIFI[] - WIFI, state: CONNECTED/CONNECTED, reason: (unspecified), extra: "CU_d24p", roaming: false, failover: false, isAvailable: true, isConnectedToProvisioningNetwork: false]
08-09 20:51:29.054 D/SSRM:a  (  933): DeviceInfo:: 001100100000
08-09 20:51:29.054 D/SSRM:a  (  933): SettingsAirViewInfo:: 010100000
08-09 20:51:29.054 D/ConnectivityService(  933): returning getNetworkInfo(networkType - 1) :[type: WIFI[] - WIFI, state: CONNECTED/CONNECTED, reason: (unspecified), extra: "CU_d24p", roaming: false, failover: false, isAvailable: true, isConnectedToProvisioningNetwork: false]
08-09 20:51:29.054 D/FocusedStackFrame(  933): Set to : 0
08-09 20:51:29.054 W/PowerManagerService(  933): [smart stay] updateUserActivitySummaryLocked : don't have time to smart stay
08-09 20:51:29.074 D/MultiPhoneWindow( 6014): onMultiWindowStyleChanged style:MultiWindowStyle{type=0, zone=ZONE_UNKNOWN, option=0x01000002, bounds=null, isNull=false, isolatedCenterPoint=Point(0, 0), scale=0.0, specificTaskId=-1},notifyReason=4,OldStyle=MultiWindowStyle{type=0, zone=ZONE_UNKNOWN, option=0x01000002, bounds=null, isNull=false, isolatedCenterPoint=Point(0, 0), scale=0.0, specificTaskId=-1}
08-09 20:51:29.074 D/MultiPhoneWindow( 6014): performUpdateVisibility, not full screen ignore visible [false] request
08-09 20:51:29.094 D/SSRM:n  (  933): SIOP:: AP = 300, PST = 300, CUR = 450
08-09 20:51:29.104 W/ActivityManager(  933): getTasks: caller 10206 does not hold GET_TASKS; limiting output
08-09 20:51:29.104 D/ActivityManager(  933): isDeviceAdminActiveApp false :com.sec.android.daemonapp
08-09 20:51:29.104 D/ActivityManager(  933): isAutoRunBlockedApp:: com.sec.android.daemonapp, Auto Run ON
08-09 20:51:29.104 W/ActivityManager(  933): getTasks: caller 10206 does not hold GET_TASKS; limiting output
08-09 20:51:29.114 E/CameraController(  933): open() x
08-09 20:51:29.114 E/CameraController(  933): Preview need to be rotated counter clock-wise 90 degree.
08-09 20:51:29.114 E/CameraController(  933): setCamreaParameter with mode: 1 service_type: 100
08-09 20:51:29.114 E/CameraController(  933): Preview Size Is Not Supported (maybe auto-mode). Auto-Select
08-09 20:51:29.114 E/CameraController(  933): Front Camera Support 320, 240 preview
08-09 20:51:29.124 D/PowerManagerService(  933): [PWL] sb release: PowerManagerService.Broadcasts
08-09 20:51:29.124 E/CameraController(  933): StartPreview()
08-09 20:51:29.214 E/CameraController(  933): StartPreview() X
08-09 20:51:29.214 E/CameraController(  933): handleMessage signal: 1
08-09 20:51:29.214 E/CameraController(  933): handleMessage(1) before let go!{ when=-291ms what=1 arg1=4 target=com.samsung.android.smartface.CameraController$EventHandler }
08-09 20:51:29.214 E/CameraController(  933): handleMessage(1) after let go!{ when=-291ms what=1 arg1=4 target=com.samsung.android.smartface.CameraController$EventHandler }
08-09 20:51:29.214 E/CameraController(  933): handleMessage, lock.unlock before
08-09 20:51:29.214 E/CameraController(  933): handleMessage(1) after unlock{ when=-291ms what=1 arg1=4 target=com.samsung.android.smartface.CameraController$EventHandler }
08-09 20:51:29.214 E/CameraController(  933): waitHere, 290ms
08-09 20:51:29.214 E/CameraController(  933): Wait for 1 DONE!
08-09 20:51:29.214 E/CameraController(  933): sendMessageAndWait, lock.unlock before
08-09 20:51:29.214 E/CameraController(  933): sendMessageAndWait, lock.unlock after
08-09 20:51:29.214 E/CameraController(  933): openCamera E
08-09 20:51:29.254 W/PowerManagerService(  933): [smart stay] updateUserActivitySummaryLocked : don't have time to smart stay
08-09 20:51:29.354 D/WifiService(  933): startScan by pid=1373, uid=10015
08-09 20:51:29.374 D/ConnectivityService(  933): returning getNetworkInfo(networkType - 1) :[type: WIFI[] - WIFI, state: CONNECTED/CONNECTED, reason: (unspecified), extra: "CU_d24p", roaming: false, failover: false, isAvailable: true, isConnectedToProvisioningNetwork: false]
08-09 20:51:29.414 W/PowerManagerService(  933): [smart stay] updateUserActivitySummaryLocked : don't have time to smart stay
08-09 20:51:29.554 D/LightsService(  933): [SvcLED] Lux failed to be updated in 700ms. -> handleForcedSvcLEDTasK
08-09 20:51:29.554 D/LightsService(  933): [SvcLED]  setSvcLedLightLocked :: Current SvcLED(id=4) maintains its priority right
08-09 20:51:29.804 E/SmartFaceService(  933): Orientation: 0
08-09 20:51:29.804 E/SmartFaceService(  933): Calling onPreviewFrame: Thread[Scroll/Pause Worker,5,main]/1378622
08-09 20:51:29.804 E/SmartFaceService(  933): Calling onPreviewFrame: Thread[Stay/Rotation Worker,5,main]/1378622
08-09 20:51:29.804 D/Stay/Rotation Worker(  933): handleMessage: 1
08-09 20:51:29.854 E/SmartFaceService(  933): Orientation: 0
08-09 20:51:29.854 E/SmartFaceService(  933): Calling onPreviewFrame: Thread[Scroll/Pause Worker,5,main]/1378675
08-09 20:51:29.854 E/SmartFaceService(  933): Calling onPreviewFrame: Thread[Stay/Rotation Worker,5,main]/1378675
08-09 20:51:29.924 E/SmartFaceService(  933): Orientation: 0
08-09 20:51:29.924 E/SmartFaceService(  933): Calling onPreviewFrame: Thread[Scroll/Pause Worker,5,main]/1378742
08-09 20:51:29.924 E/SmartFaceService(  933): Calling onPreviewFrame: Thread[Stay/Rotation Worker,5,main]/1378743
08-09 20:51:29.984 E/SmartFaceService(  933): Orientation: 0
08-09 20:51:29.984 E/SmartFaceService(  933): Calling onPreviewFrame: Thread[Scroll/Pause Worker,5,main]/1378805
08-09 20:51:29.984 E/SmartFaceService(  933): Calling onPreviewFrame: Thread[Stay/Rotation Worker,5,main]/1378805
08-09 20:51:30.054 E/SmartFaceService(  933): Orientation: 0
08-09 20:51:30.054 E/SmartFaceService(  933): Calling onPreviewFrame: Thread[Scroll/Pause Worker,5,main]/1378872
08-09 20:51:30.054 E/SmartFaceService(  933): Calling onPreviewFrame: Thread[Stay/Rotation Worker,5,main]/1378872
08-09 20:51:30.114 E/Stay/Rotation Worker(  933): processSmartStay[310ms], ret: -1 needToStay: 0 mFrameCount: 0 mFixed: false
08-09 20:51:30.114 D/Stay/Rotation Worker(  933): handleMessage: 1
08-09 20:51:30.114 E/SmartFaceService(  933): Orientation: 0
08-09 20:51:30.124 E/SmartFaceService(  933): Calling onPreviewFrame: Thread[Scroll/Pause Worker,5,main]/1378940
08-09 20:51:30.124 E/SmartFaceService(  933): Calling onPreviewFrame: Thread[Stay/Rotation Worker,5,main]/1378940
08-09 20:51:30.184 E/SmartFaceService(  933): Orientation: 0
08-09 20:51:30.184 E/SmartFaceService(  933): Calling onPreviewFrame: Thread[Scroll/Pause Worker,5,main]/1379007
08-09 20:51:30.184 E/SmartFaceService(  933): Calling onPreviewFrame: Thread[Stay/Rotation Worker,5,main]/1379007
08-09 20:51:30.254 E/SmartFaceService(  933): Orientation: 0
08-09 20:51:30.254 E/SmartFaceService(  933): Calling onPreviewFrame: Thread[Scroll/Pause Worker,5,main]/1379076
08-09 20:51:30.254 E/SmartFaceService(  933): Calling onPreviewFrame: Thread[Stay/Rotation Worker,5,main]/1379076
08-09 20:51:30.324 E/SmartFaceService(  933): Orientation: 0
08-09 20:51:30.324 E/SmartFaceService(  933): Calling onPreviewFrame: Thread[Scroll/Pause Worker,5,main]/1379144
08-09 20:51:30.324 E/SmartFaceService(  933): Calling onPreviewFrame: Thread[Stay/Rotation Worker,5,main]/1379144
08-09 20:51:30.364 E/Stay/Rotation Worker(  933): processSmartStay[247ms], ret: -1 needToStay: 0 mFrameCount: 1 mFixed: false
08-09 20:51:30.364 D/Stay/Rotation Worker(  933): handleMessage: 1
08-09 20:51:30.364 E/SmartFaceService(  933): unregister:1379183
08-09 20:51:30.364 E/SmartFaceService(  933): unregister
08-09 20:51:30.364 E/SmartFaceService(  933): unregister client found. pid 933 servicetype: 100 AppName: system
08-09 20:51:30.364 E/SmartFaceService(  933): send LastServiecTypeFromClient to scroll pause worker: 0
08-09 20:51:30.364 E/SmartFaceService(  933): mLightIntensityEnough: true mLux: 0.0
08-09 20:51:30.364 D/Scroll/Pause Worker(  933): updateClientsDone.
08-09 20:51:30.364 D/Stay/Rotation Worker(  933): updateClientsDone. def. do nothing.
08-09 20:51:30.364 E/SmartFaceService(  933): Service Type to Worker: 0
08-09 20:51:30.364 E/SmartFaceService(  933): Last Active clients:1 Current Active clients: 0
08-09 20:51:30.364 E/SmartFaceService(  933): Last Smart Pause clients: 0 Current Smart Pause clients: 0
08-09 20:51:30.364 E/SmartFaceService(  933): No active clients. close camera
08-09 20:51:30.364 E/CameraController(  933): closeCamera S
08-09 20:51:30.364 E/CameraController(  933): sendMessageAndWait, lock.lock before
08-09 20:51:30.364 E/CameraController(  933): sendMessageAndWait, lock.lock after
08-09 20:51:30.364 E/CameraController(  933): Wait for 0
08-09 20:51:30.364 E/CameraController(  933): waitHere, condition var. will be used. related lock release and re-acquired after await done.
08-09 20:51:30.364 E/CameraController(  933): handleMessage(0) before lock{ when=-1ms what=0 target=com.samsung.android.smartface.CameraController$EventHandler }
08-09 20:51:30.364 E/CameraController(  933): handleMessage, lock.lock after
08-09 20:51:30.364 E/CameraController(  933): handleMessage(0) after lock{ when=-1ms what=0 target=com.samsung.android.smartface.CameraController$EventHandler }
08-09 20:51:30.504 D/PowerManagerService(  933): [input device light] handleInputDeviceLightOff
08-09 20:51:30.574 E/Stay/Rotation Worker(  933): processSmartStay[214ms], ret: -1 needToStay: 0 mFrameCount: 2 mFixed: false
08-09 20:51:30.644 E/SmartFaceService(  933): Clear worker messages
08-09 20:51:30.804 E/CameraController(  933): handleMessage signal: 0
08-09 20:51:30.804 E/CameraController(  933): handleMessage(0) before let go!{ when=-441ms what=0 target=com.samsung.android.smartface.CameraController$EventHandler }
08-09 20:51:30.804 E/CameraController(  933): handleMessage(0) after let go!{ when=-441ms what=0 target=com.samsung.android.smartface.CameraController$EventHandler }
08-09 20:51:30.804 E/CameraController(  933): handleMessage, lock.unlock before
08-09 20:51:30.804 E/CameraController(  933): handleMessage(0) after unlock{ when=-441ms what=0 target=com.samsung.android.smartface.CameraController$EventHandler }
08-09 20:51:30.804 E/CameraController(  933): waitHere, 442ms
08-09 20:51:30.804 E/CameraController(  933): Wait for 0 DONE!
08-09 20:51:30.804 E/CameraController(  933): sendMessageAndWait, lock.unlock before
08-09 20:51:30.804 E/CameraController(  933): sendMessageAndWait, lock.unlock after
08-09 20:51:30.804 E/CameraController(  933): closeCamera E
08-09 20:51:30.804 D/StatusBarManagerService(  933): setIconVisibility slot=smart_scroll visible=false
08-09 20:51:30.804 D/SmartFaceIndicator(  933): no icon
08-09 20:51:30.804 W/PowerManagerService(  933): [smart stay] updateUserActivitySummaryLocked : don't have time to smart stay
08-09 20:51:30.804 E/SmartFaceService(  933): mWakeLock.release() in FD
08-09 20:51:30.814 D/PowerManagerService(  933): [smart stay] faceDetect : bFaceDetected : false
08-09 20:51:30.814 D/PowerManagerService(  933): [smart stay] handleSmartStay : mFaceDetected : false
08-09 20:51:31.224 D/ActivityManager(  933): isDeviceAdminActiveApp false :com.android.systemui
08-09 20:51:31.224 D/ActivityManager(  933): isAutoRunBlockedApp:: com.android.systemui, Auto Run ON
08-09 20:51:31.294 D/ConnectivityService(  933): returning getNetworkInfo(networkType - 1) :[type: WIFI[] - WIFI, state: CONNECTED/CONNECTED, reason: (unspecified), extra: "CU_d24p", roaming: false, failover: false, isAvailable: true, isConnectedToProvisioningNetwork: false]
08-09 20:51:31.664 D/PowerManagerService(  933): [s] UserActivityState : 1 -> 4
08-09 20:51:31.664 I/PowerManagerService(  933): !@[ps] Screen__Off - 3 : timeout (0x4) (2)
08-09 20:51:31.664 I/PowerManagerService(  933): Going to sleep due to screen timeout (uid 1000)...
08-09 20:51:31.664 D/DisplayPowerController(  933): getFinalBrightness : 20 -> 1
08-09 20:51:31.664 D/DisplayPowerController(  933): animation target = 1, rate=2000 (PSM:true, AB limit:(-1 ~ -1) MB Limit:(-1 ~ -1) MAdj:(0, (0, 255)))
08-09 20:51:31.674 D/PowerManagerService(  933): [s] DisplayPowerCallbacks : onStateChanged()
08-09 20:51:31.674 D/PowerManagerService(  933): [PWL] sb acquire: PowerManagerService.Broadcasts
08-09 20:51:31.674 D/PowerManagerService(  933): SecHardwareInterface.setBatteryADC : false
08-09 20:51:31.674 D/PowerManagerService(  933): handleSandman : startDream()
08-09 20:51:31.674 E/PowerManagerService(  933): handleSandman : startDreaming, but isDreaming false
08-09 20:51:31.674 I/PowerManagerService(  933): Sleeping (uid 1000)...
08-09 20:51:31.674 D/PowerManagerService(  933): [s] UserActivityState : 4 -> 0
08-09 20:51:31.674 D/PowerManagerService(  933): [input device light] setInputDeviceLightOn is called : 0
08-09 20:51:31.674 D/PowerManagerService(  933): [input device light] handleInputDeviceLightOff
08-09 20:51:31.794 D/STATUSBAR-PhoneStatusBar( 1180):  mBrightnessEnablebySettings = true mBrightnessEnablebyBattery = true mBrightnessEnablebyDisableFlag = true mPmsBrightnessEnablebySettings = true
08-09 20:51:31.804 D/STATUSBAR-PhoneStatusBar( 1180): showHideQConnectLayout userID : 0 emMode:false mQconnectEnable:true QconnectService:true
08-09 20:51:31.814 D/DisplayPowerController(  933): ColorFade: onAnimationStart
08-09 20:51:31.814 D/DisplayPowerController(  933): getFinalBrightness : 114 -> 0
08-09 20:51:31.814 D/DisplayPowerController(  933): animation target = 0, rate=2000 (PSM:true, AB limit:(-1 ~ -1) MB Limit:(-1 ~ -1) MAdj:(0, (0, 255)))
08-09 20:51:31.814 D/DisplayPowerController(  933): getFinalBrightness : 114 -> 0
08-09 20:51:31.814 D/DisplayPowerController(  933): animation target = 0, rate=2000 (PSM:true, AB limit:(-1 ~ -1) MB Limit:(-1 ~ -1) MAdj:(0, (0, 255)))
08-09 20:51:31.864 D/StatusBar-DoNotDistrub( 1180): isDisableAlert isDormantModeOn:false isNotificationDisabled:true
08-09 20:51:31.874 D/MotionRecognitionService(  933):   mReceiver.onReceive : ACTION_SCREEN_OFF
08-09 20:51:31.874 E/MotionRecognitionService(  933):  handler : SCREEN_OFF end 
08-09 20:51:31.874 D/NotificationService(  933): ACTION_SCREEN_OFF
08-09 20:51:31.874 D/NotificationService(  933): Pickup - Found Missed Event
08-09 20:51:31.954 D/NotificationService(  933): Pickup - registerListener
08-09 20:51:31.954 D/LightsService(  933): [api] [SvcLED] setFlashing :: id = 4, color = ffffffff, mode = 12, onMS = 500, offMS = 2000,  (uid: 1000 pid: 933) 
08-09 20:51:31.954 D/LightsService(  933): [SvcLED] setSvcLedStateLocked:: SvcLEDState : 0x0 -> 0x2 | SvcLED(id=4) set On
08-09 20:51:31.994 D/DisplayPowerState(  933): !@ ColorFade entry
08-09 20:51:31.994 D/DisplayPowerController(  933): ColorFade: onAnimationEnd
08-09 20:51:32.004 D/IpRemoteDisplayController(  933): intent received android.intent.action.SCREEN_OFF
08-09 20:51:32.004 D/IpRemoteDisplayController(  933): Bridge Server is not available
08-09 20:51:32.014 D/DisplayPowerController(  933): getFinalBrightness : 0 -> 0
08-09 20:51:32.014 D/DisplayPowerController(  933): animation target = 0, rate=0 (PSM:true, AB limit:(-1 ~ -1) MB Limit:(-1 ~ -1) MAdj:(0, (0, 255)))
08-09 20:51:32.014 D/DisplayPowerController(  933): getFinalBrightness : 0 -> 0
08-09 20:51:32.014 D/DisplayPowerController(  933): animation target = 0, rate=0 (PSM:true, AB limit:(-1 ~ -1) MB Limit:(-1 ~ -1) MAdj:(0, (0, 255)))
08-09 20:51:32.014 I/DisplayManagerService(  933): Display device changed: DisplayDeviceInfo{"": 1080 x 1920, 60.0 fps, supportedRefreshRates [60.0], density 480, 386.366 x 387.047 dpi, appVsyncOff 0, presDeadline 17666667, touch INTERNAL, rotation 0, type BUILT_IN, state OFF, FLAG_DEFAULT_DISPLAY, FLAG_ROTATES_WITH_CONTENT, FLAG_SECURE, FLAG_SUPPORTS_PROTECTED_BUFFERS}
08-09 20:51:32.014 V/ActivityManager(  933): Display changed displayId=0
08-09 20:51:32.014 D/DisplayPowerController(  933): getFinalBrightness : 0 -> 0
08-09 20:51:32.014 D/DisplayPowerController(  933): animation target = 0, rate=0 (PSM:true, AB limit:(-1 ~ -1) MB Limit:(-1 ~ -1) MAdj:(0, (0, 255)))
08-09 20:51:32.014 D/PowerManagerService(  933): [s] DisplayPowerCallbacks : onStateChanged()
08-09 20:51:32.014 D/PowerManagerService(  933): [PWL] sb release: PowerManagerService.Display
08-09 20:51:32.064 D/STATUSBAR-PhoneStatusBar( 1180):      ACTION_SCREEN_OFF is finished!!!! 
08-09 20:51:32.094 W/ActivityManager(  933): getTasks: caller 10206 does not hold GET_TASKS; limiting output
08-09 20:51:32.104 D/ConnectivityService(  933): returning getNetworkInfo(networkType - 1) :[type: WIFI[] - WIFI, state: CONNECTED/CONNECTED, reason: (unspecified), extra: "CU_d24p", roaming: false, failover: false, isAvailable: true, isConnectedToProvisioningNetwork: false]
08-09 20:51:32.134 W/ActivityManager(  933): getTasks: caller 10206 does not hold GET_TASKS; limiting output
08-09 20:51:32.144 W/ActivityManager(  933): getTasks: caller 10093 does not hold GET_TASKS; limiting output
08-09 20:51:32.144 W/ActivityManager(  933): getTasks: caller 10093 does not hold GET_TASKS; limiting output
08-09 20:51:32.144 W/BroadcastQueue(  933): Skipping deliver [sec] BroadcastRecord{3a608998 u-1 android.intent.action.SCREEN_OFF} to ReceiverList{3b1983b 1180 com.android.systemui/10064/u0 remote:14e9deca}: filter unregistered
08-09 20:51:32.144 D/PowerManagerService(  933): [PWL] sb release: PowerManagerService.Broadcasts
08-09 20:51:32.144 D/SSRM:n  (  933): SIOP:: AP = 320, PST = 302, CUR = 450
08-09 20:51:32.264 D/PowerManagerService(  933): !@[s] blankAllDisplays() : blankAllDisplaysFromPowerManage
08-09 20:51:32.274 I/PowerManagerService(  933): [PWL] Off : 0s ago
08-09 20:51:32.274 D/PowerManagerService(  933): Excessive delay in mPhotonicModulator.requestDisplayState(mRequestingState): 260ms
08-09 20:51:32.344 D/LightsService(  933): [SvcLED]  onSensorChanged::light value = 20
08-09 20:51:32.354 W/ActivityManager(  933): mDVFSHelper.acquire()
08-09 20:51:32.354 D/LightsService(  933): [SvcLED]  setSvcLedLightLocked :: Current SvcLED(id=4) maintains its priority right
08-09 20:51:32.364 D/FocusedStackFrame(  933): Set to : 0
08-09 20:51:32.454 D/ConnectivityService(  933): returning getNetworkInfo(networkType - 1) :[type: WIFI[] - WIFI, state: CONNECTED/CONNECTED, reason: (unspecified), extra: "CU_d24p", roaming: false, failover: false, isAvailable: true, isConnectedToProvisioningNetwork: false]
08-09 20:51:32.494 D/MultiPhoneWindow( 6014): updateMultiWindowStyle style:MultiWindowStyle{type=0, zone=ZONE_UNKNOWN, option=0x01000002, bounds=null, isNull=false, isolatedCenterPoint=Point(0, 0), scale=0.0, specificTaskId=-1},newStyle=MultiWindowStyle{type=0, zone=ZONE_UNKNOWN, option=0x01000002, bounds=null, isNull=false, isolatedCenterPoint=Point(0, 0), scale=0.0, specificTaskId=-1}
08-09 20:51:32.494 D/MultiPhoneWindow( 6014): MultiPhoneWindow : mMinStackBoundForPortRect(0, 0 - 626, 1113), mMinStackBoundForPort=Rect(0, 0 - 1113, 626)
08-09 20:51:32.604 D/MultiPhoneWindow( 6014): refreshUI state=1
08-09 20:51:32.604 D/MultiPhoneWindow( 6014): performUpdateVisibility, not full screen ignore visible [false] request
08-09 20:51:32.604 D/MultiPhoneWindow( 6014): MinimizeAnimator::removeWindow
08-09 20:51:32.614 V/ActivityThread( 6014): updateVisibility : ActivityRecord{16eda653 token=android.os.BinderProxy@11a265b7 {com.tencent.news/com.tencent.news.push.alive.offactivity.HollowActivity}} show : true
08-09 20:51:32.624 D/ConnectivityService(  933): returning getActiveNetworkInfo :[type: WIFI[] - WIFI, state: CONNECTED/CONNECTED, reason: (unspecified), extra: "CU_d24p", roaming: false, failover: false, isAvailable: true, isConnectedToProvisioningNetwork: false]
08-09 20:51:32.624 D/ConnectivityService(  933): returning getActiveNetworkInfo :[type: WIFI[] - WIFI, state: CONNECTED/CONNECTED, reason: (unspecified), extra: "CU_d24p", roaming: false, failover: false, isAvailable: true, isConnectedToProvisioningNetwork: false]
08-09 20:51:32.634 D/ConnectivityService(  933): returning getActiveNetworkInfo :[type: WIFI[] - WIFI, state: CONNECTED/CONNECTED, reason: (unspecified), extra: "CU_d24p", roaming: false, failover: false, isAvailable: true, isConnectedToProvisioningNetwork: false]
08-09 20:51:32.634 D/ConnectivityService(  933): returning getActiveNetworkInfo :[type: WIFI[] - WIFI, state: CONNECTED/CONNECTED, reason: (unspecified), extra: "CU_d24p", roaming: false, failover: false, isAvailable: true, isConnectedToProvisioningNetwork: false]
08-09 20:51:32.654 W/ActivityManager(  933): mDVFSHelper.release()
08-09 20:51:34.658 D/MotionRecognitionService(  933): try start thread -1
08-09 20:51:34.998 V/AlarmManager(  933): waitForAlarm result :8
08-09 20:51:35.068 D/ConnectivityService(  933): returning getActiveNetworkInfo :[type: WIFI[] - WIFI, state: CONNECTED/CONNECTED, reason: (unspecified), extra: "CU_d24p", roaming: false, failover: false, isAvailable: true, isConnectedToProvisioningNetwork: false]
08-09 20:51:40.709 D/MotionRecognitionService(  933): try start thread -1
08-09 20:51:40.709 D/ConnectivityService(  933): returning getActiveNetworkInfo :[type: WIFI[] - WIFI, state: CONNECTED/CONNECTED, reason: (unspecified), extra: "CU_d24p", roaming: false, failover: false, isAvailable: true, isConnectedToProvisioningNetwork: false]
08-09 20:51:40.789 D/ConnectivityService(  933): returning getActiveNetworkInfo :[type: WIFI[] - WIFI, state: CONNECTED/CONNECTED, reason: (unspecified), extra: "CU_d24p", roaming: false, failover: false, isAvailable: true, isConnectedToProvisioningNetwork: false]
08-09 20:51:42.367 V/AlarmManager(  933): waitForAlarm result :8
08-09 20:51:42.367 D/MotionRecognitionService(  933): try start thread -1
08-09 20:52:01.102 V/AlarmManager(  933): waitForAlarm result :8
08-09 20:52:01.102 D/MotionRecognitionService(  933): try start thread -1
08-09 20:52:01.132 V/AlarmManager(  933): waitForAlarm result :8
08-09 20:52:02.834 I/PowerManagerService(  933): [PWL] Off : 31s ago
08-09 20:52:02.864 D/MotionRecognitionService(  933): try start thread -1
08-09 20:52:03.622 D/MotionRecognitionService(  933): try start thread -1
08-09 20:52:04.601 D/MotionRecognitionService(  933): try start thread -1
08-09 20:52:05.211 D/WifiService(  933): startScan by pid=1373, uid=10015
08-09 20:52:07.281 D/ConnectivityService(  933): returning getNetworkInfo(networkType - 1) :[type: WIFI[] - WIFI, state: CONNECTED/CONNECTED, reason: (unspecified), extra: "CU_d24p", roaming: false, failover: false, isAvailable: true, isConnectedToProvisioningNetwork: false]
08-09 20:52:07.561 D/MotionRecognitionService(  933): try start thread -1
08-09 20:52:07.601 D/ActivityManager(  933): isDeviceAdminActiveApp false :com.android.systemui
08-09 20:52:07.601 D/ActivityManager(  933): isAutoRunBlockedApp:: com.android.systemui, Auto Run ON
08-09 20:52:08.051 D/SSRM:n  (  933): SIOP:: AP = 300, PST = 302, CUR = 450
08-09 20:52:08.357 D/MotionRecognitionService(  933): try start thread -1
08-09 20:52:08.784 D/MotionRecognitionService(  933): try start thread -1
08-09 20:52:10.377 D/MotionRecognitionService(  933): try start thread -1
08-09 20:52:17.730 D/MotionRecognitionService(  933): try start thread -1
08-09 20:52:44.118 D/MotionRecognitionService(  933): try start thread -1
08-09 20:52:44.688 D/MotionRecognitionService(  933): try start thread -1
08-09 20:52:48.196 D/MotionRecognitionService(  933): try start thread -1
08-09 20:52:57.219 D/MotionRecognitionService(  933): try start thread -1
08-09 20:52:57.359 I/PowerManagerService(  933): [PWL] Off : 85s ago
08-09 20:53:02.123 V/AlarmManager(  933): waitForAlarm result :8
08-09 20:53:02.123 D/MotionRecognitionService(  933): try start thread -1
08-09 20:53:03.100 D/MotionRecognitionService(  933): try start thread -1
08-09 20:53:06.120 D/MotionRecognitionService(  933): try start thread -1
08-09 20:53:06.190 D/WifiService(  933): startScan by pid=1373, uid=10015
08-09 20:53:08.130 D/MotionRecognitionService(  933): try start thread -1
08-09 20:53:08.210 D/ConnectivityService(  933): returning getNetworkInfo(networkType - 1) :[type: WIFI[] - WIFI, state: CONNECTED/CONNECTED, reason: (unspecified), extra: "CU_d24p", roaming: false, failover: false, isAvailable: true, isConnectedToProvisioningNetwork: false]
08-09 20:53:08.610 D/ActivityManager(  933): isDeviceAdminActiveApp false :com.android.systemui
08-09 20:53:08.610 D/ActivityManager(  933): isAutoRunBlockedApp:: com.android.systemui, Auto Run ON
08-09 20:53:08.750 D/SSRM:n  (  933): SIOP:: AP = 300, PST = 302, CUR = 450
08-09 20:53:09.040 E/Watchdog(  933): !@Sync 46
08-09 20:53:15.127 D/MotionRecognitionService(  933): try start thread -1
08-09 20:53:21.271 D/MotionRecognitionService(  933): try start thread -1
08-09 20:53:22.234 D/MotionRecognitionService(  933): try start thread -1
08-09 20:53:24.208 D/MotionRecognitionService(  933): try start thread -1
08-09 20:53:28.211 D/MotionRecognitionService(  933): try start thread -1
08-09 20:53:28.741 D/MotionRecognitionService(  933): try start thread -1
08-09 20:53:45.123 D/MotionRecognitionService(  933): try start thread -1
08-09 20:53:46.644 D/MotionRecognitionService(  933): try start thread -1
08-09 20:53:47.956 D/MotionRecognitionService(  933): try start thread -1
08-09 20:53:51.791 D/MotionRecognitionService(  933): try start thread -1
08-09 20:54:06.020 D/MotionRecognitionService(  933): try start thread -1
08-09 20:54:06.100 D/WifiService(  933): startScan by pid=1373, uid=10015
08-09 20:54:08.271 D/MotionRecognitionService(  933): try start thread -1
