08-09 23:39:14.354 D/StatusBar.NetworkController( 1180): refreshViews connected={ wifi } level=4 combinedSignalIconId=0x7f020553/com.android.systemui:drawable/stat_sys_wifi_signal_3 mobileLabel= wifiLabel="CU_d24p"xxxxXXXXxxxxXXXX emergencyOnly=true combinedLabel="CU_d24p"xxxxXXXXxxxxXXXX mAirplaneMode=false mDataActivity=0 mPhoneSignalIconId=0x7f0204e9/com.android.systemui:drawable/stat_sys_signal_4 mQSPhoneSignalIconId=0x7f020148/com.android.systemui:drawable/ic_qs_signal_4 mDataDirectionIconId=0x0/(null) mDataSignalIconId=0x7f0204e9/com.android.systemui:drawable/stat_sys_signal_4 mDataTypeIconId=0x0/(null) mQSDataTypeIconId=0x0/(null) mNoSimIconId=0x0/(null) mWifiIconId=0x7f020553/com.android.systemui:drawable/stat_sys_wifi_signal_3 mQSWifiIconId=0x7f02015d/com.android.systemui:drawable/ic_qs_wifi_3 mWifiActivityIconId=0x7f020529/com.android.systemui:drawable/stat_sys_signal_no_inout mBluetoothTetherIconId=0x10808f1/android:drawable/stat_sys_tether_bluetooth
08-09 23:39:14.354 D/STATUSBAR-WifiQuickSettingButton( 1180): onWifiSignalChanged enabled=true enabledDesc:"CU_d24p"
08-09 23:39:14.354 D/StatusBar.NetworkController( 1180): refreshSignalCluster - setNWBoosterIndicators(false)
08-09 23:39:14.354 D/StatusBar.NetworkController( 1180): applyCHN
08-09 23:39:14.364 D/StatusBar.NetworkController( 1180): refreshSignalCluster - setNWBoosterIndicators(false)
08-09 23:39:14.364 D/StatusBar.NetworkController( 1180): applyCHN
08-09 23:39:14.374 D/StatusBar.NetworkController( 1180): refreshSignalCluster - setNWBoosterIndicators(false)
08-09 23:39:14.374 D/StatusBar.NetworkController( 1180): applyCHN
08-09 23:39:14.374 D/StatusBar.NetworkController( 1180): refreshSignalCluster - setNWBoosterIndicators(false)
08-09 23:39:14.374 D/StatusBar.NetworkController( 1180): applyCHN
08-09 23:39:16.184 E/WifiStateMachine(  933): WifiStateMachine CMD_START_SCAN source 10015 txSuccessRate=22.50 rxSuccessRate=13.50 targetRoamBSSID=88:3f:d3:3f:82:d0 RSSI=-66
08-09 23:39:16.184 I/wpa_supplicant( 1157): wlan0: Setting scan request: 0 sec 0 usec
08-09 23:39:16.184 I/wpa_supplicant( 1157): P2P: Current p2p state = IDLE
08-09 23:39:16.184 D/WifiService(  933): startScan by pid=1373, uid=10015
08-09 23:39:16.204 I/wpa_supplicant( 1157): Scan requested (ret=0) - scan timeout 30 seconds
08-09 23:39:17.244 E/SMD     (  283): DCD ON
08-09 23:39:18.254 I/NLP     ( 1373): Location result:[location successful by Baidu], reason:[network location] locType=161
08-09 23:39:18.264 W/NetworkLocation( 1373): BaiduNetworkLocationProvider1:BaiduNetworkLocationProvider1 : forceLocation: network provider not Enabled!
08-09 23:39:18.264 D/ConnectivityService(  933): returning getNetworkInfo(networkType - 1) :[type: WIFI[] - WIFI, state: CONNECTED/CONNECTED, reason: (unspecified), extra: "CU_d24p", roaming: false, failover: false, isAvailable: true, isConnectedToProvisioningNetwork: false]
08-09 23:39:18.564 I/wpa_supplicant( 1157): nl80211: Received scan results (2 BSSes)
08-09 23:39:18.614 D/ActivityManager(  933): isDeviceAdminActiveApp false :com.android.systemui
08-09 23:39:18.614 D/ActivityManager(  933): isAutoRunBlockedApp:: com.android.systemui, Auto Run ON
08-09 23:39:19.404 D/StatusBar.NetworkController( 1180): refreshViews connected={ wifi } level=4 combinedSignalIconId=0x7f020553/com.android.systemui:drawable/stat_sys_wifi_signal_3 mobileLabel= wifiLabel="CU_d24p"xxxxXXXXxxxxXXXX emergencyOnly=true combinedLabel="CU_d24p"xxxxXXXXxxxxXXXX mAirplaneMode=false mDataActivity=0 mPhoneSignalIconId=0x7f0204e9/com.android.systemui:drawable/stat_sys_signal_4 mQSPhoneSignalIconId=0x7f020148/com.android.systemui:drawable/ic_qs_signal_4 mDataDirectionIconId=0x0/(null) mDataSignalIconId=0x7f0204e9/com.android.systemui:drawable/stat_sys_signal_4 mDataTypeIconId=0x0/(null) mQSDataTypeIconId=0x0/(null) mNoSimIconId=0x0/(null) mWifiIconId=0x7f020553/com.android.systemui:drawable/stat_sys_wifi_signal_3 mQSWifiIconId=0x7f02015d/com.android.systemui:drawable/ic_qs_wifi_3 mWifiActivityIconId=0x7f020527/com.android.systemui:drawable/stat_sys_signal_inout mBluetoothTetherIconId=0x10808f1/android:drawable/stat_sys_tether_bluetooth
08-09 23:39:19.404 D/STATUSBAR-WifiQuickSettingButton( 1180): onWifiSignalChanged enabled=true enabledDesc:"CU_d24p"
08-09 23:39:19.404 D/StatusBar.NetworkController( 1180): refreshSignalCluster - setNWBoosterIndicators(false)
08-09 23:39:19.404 D/StatusBar.NetworkController( 1180): applyCHN
08-09 23:39:19.424 D/StatusBar.NetworkController( 1180): refreshSignalCluster - setNWBoosterIndicators(false)
08-09 23:39:19.424 D/StatusBar.NetworkController( 1180): applyCHN
08-09 23:39:19.424 D/StatusBar.NetworkController( 1180): refreshSignalCluster - setNWBoosterIndicators(false)
08-09 23:39:19.424 D/StatusBar.NetworkController( 1180): applyCHN
08-09 23:39:19.424 D/StatusBar.NetworkController( 1180): refreshSignalCluster - setNWBoosterIndicators(false)
08-09 23:39:19.434 D/StatusBar.NetworkController( 1180): applyCHN
08-09 23:39:20.084 D/SSRM:n  (  933): SIOP:: AP = 340, PST = 340, CUR = 450
08-09 23:39:20.234 E/SMD     (  283): DCD ON
08-09 23:39:20.434 D/StatusBar.NetworkController( 1180): refreshViews connected={ wifi } level=4 combinedSignalIconId=0x7f020553/com.android.systemui:drawable/stat_sys_wifi_signal_3 mobileLabel= wifiLabel="CU_d24p"xxxxXXXXxxxxXXXX emergencyOnly=true combinedLabel="CU_d24p"xxxxXXXXxxxxXXXX mAirplaneMode=false mDataActivity=0 mPhoneSignalIconId=0x7f0204e9/com.android.systemui:drawable/stat_sys_signal_4 mQSPhoneSignalIconId=0x7f020148/com.android.systemui:drawable/ic_qs_signal_4 mDataDirectionIconId=0x0/(null) mDataSignalIconId=0x7f0204e9/com.android.systemui:drawable/stat_sys_signal_4 mDataTypeIconId=0x0/(null) mQSDataTypeIconId=0x0/(null) mNoSimIconId=0x0/(null) mWifiIconId=0x7f020553/com.android.systemui:drawable/stat_sys_wifi_signal_3 mQSWifiIconId=0x7f02015d/com.android.systemui:drawable/ic_qs_wifi_3 mWifiActivityIconId=0x7f020529/com.android.systemui:drawable/stat_sys_signal_no_inout mBluetoothTetherIconId=0x10808f1/android:drawable/stat_sys_tether_bluetooth
08-09 23:39:20.434 D/STATUSBAR-WifiQuickSettingButton( 1180): onWifiSignalChanged enabled=true enabledDesc:"CU_d24p"
08-09 23:39:20.434 D/StatusBar.NetworkController( 1180): refreshSignalCluster - setNWBoosterIndicators(false)
08-09 23:39:20.434 D/StatusBar.NetworkController( 1180): applyCHN
08-09 23:39:20.444 D/StatusBar.NetworkController( 1180): refreshSignalCluster - setNWBoosterIndicators(false)
08-09 23:39:20.454 D/StatusBar.NetworkController( 1180): applyCHN
08-09 23:39:20.454 D/StatusBar.NetworkController( 1180): refreshSignalCluster - setNWBoosterIndicators(false)
08-09 23:39:20.454 D/StatusBar.NetworkController( 1180): applyCHN
08-09 23:39:20.454 D/StatusBar.NetworkController( 1180): refreshSignalCluster - setNWBoosterIndicators(false)
08-09 23:39:20.454 D/StatusBar.NetworkController( 1180): applyCHN
08-09 23:39:23.234 E/SMD     (  283): DCD ON
08-09 23:39:26.204 E/WifiStateMachine(  933): WifiStateMachine CMD_START_SCAN source 10015 txSuccessRate=1.53 rxSuccessRate=0.97 targetRoamBSSID=88:3f:d3:3f:82:d0 RSSI=-65
08-09 23:39:26.204 I/wpa_supplicant( 1157): wlan0: Setting scan request: 0 sec 0 usec
08-09 23:39:26.204 I/wpa_supplicant( 1157): P2P: Current p2p state = IDLE
08-09 23:39:26.204 D/WifiService(  933): startScan by pid=1373, uid=10015
08-09 23:39:26.224 I/wpa_supplicant( 1157): Scan requested (ret=0) - scan timeout 30 seconds
08-09 23:39:26.234 E/SMD     (  283): DCD ON
08-09 23:39:28.264 I/NLP     ( 1373): Location result:[location successful by Baidu], reason:[network location] locType=161
08-09 23:39:28.264 D/ConnectivityService(  933): returning getNetworkInfo(networkType - 1) :[type: WIFI[] - WIFI, state: CONNECTED/CONNECTED, reason: (unspecified), extra: "CU_d24p", roaming: false, failover: false, isAvailable: true, isConnectedToProvisioningNetwork: false]
08-09 23:39:28.274 W/NetworkLocation( 1373): BaiduNetworkLocationProvider1:BaiduNetworkLocationProvider1 : forceLocation: network provider not Enabled!
08-09 23:39:28.584 I/wpa_supplicant( 1157): nl80211: Received scan results (2 BSSes)
08-09 23:39:28.634 D/ActivityManager(  933): isDeviceAdminActiveApp false :com.android.systemui
08-09 23:39:28.634 D/ActivityManager(  933): isAutoRunBlockedApp:: com.android.systemui, Auto Run ON
08-09 23:39:29.244 E/SMD     (  283): DCD ON
08-09 23:39:29.784 E/Watchdog(  933): !@Sync 376
08-09 23:39:30.154 D/SSRM:n  (  933): SIOP:: AP = 340, PST = 340, CUR = 450
08-09 23:39:32.244 E/SMD     (  283): DCD ON
08-09 23:39:33.594 D/BatteryService(  933): !@BatteryListener : batteryPropertiesChanged!
08-09 23:39:33.594 D/BatteryService(  933): level:100, scale:100, status:5, health:2, present:true, voltage: 4317, temperature: 311, technology: Li-ion, AC powered:false, USB powered:true, Wireless powered:false, icon:17303724, invalid charger:0
08-09 23:39:33.594 D/BatteryService(  933): online:4, current avg:450, charge type:0, power sharing:false, high voltage charger:false, capacity:280000, current_now:450
08-09 23:39:33.594 D/BatteryService(  933): Sending ACTION_BATTERY_CHANGED.
08-09 23:39:33.604 D/KeyguardUpdateMonitor( 1180): received broadcast android.intent.action.BATTERY_CHANGED
08-09 23:39:33.604 D/KeyguardUpdateMonitor( 1180): handleBatteryUpdate
08-09 23:39:33.624 V/HeadsetService( 3806): HeadsetService - Received Intent.ACTION_BATTERY_CHANGED
08-09 23:39:33.624 D/HeadsetStateMachine( 3806): Disconnected process message: 10
08-09 23:39:33.624 I/MotionRecognitionService(  933): Plugged
08-09 23:39:33.624 I/MotionRecognitionService(  933): setPowerConnected  = true
08-09 23:39:33.634 D/STATUSBAR-PhoneStatusBar( 1180):  mBrightnessEnablebySettings = true mBrightnessEnablebyBattery = true mBrightnessEnablebyDisableFlag = true mPmsBrightnessEnablebySettings = true
08-09 23:39:33.634 D/BatteryMeterView( 1180): ACTION_BATTERY_CHANGED : level:100 status:5 health:2
08-09 23:39:33.634 D/BatteryMeterView( 1180): ACTION_BATTERY_CHANGED : level:100 status:5 health:2
08-09 23:39:33.634 D/BatteryMeterView( 1180): ACTION_BATTERY_CHANGED : level:100 status:5 health:2
08-09 23:39:34.534 D/StatusBar.NetworkController( 1180): refreshViews connected={ wifi } level=4 combinedSignalIconId=0x7f020553/com.android.systemui:drawable/stat_sys_wifi_signal_3 mobileLabel= wifiLabel="CU_d24p"xxxxXXXXxxxxXXXX emergencyOnly=true combinedLabel="CU_d24p"xxxxXXXXxxxxXXXX mAirplaneMode=false mDataActivity=0 mPhoneSignalIconId=0x7f0204e9/com.android.systemui:drawable/stat_sys_signal_4 mQSPhoneSignalIconId=0x7f020148/com.android.systemui:drawable/ic_qs_signal_4 mDataDirectionIconId=0x0/(null) mDataSignalIconId=0x7f0204e9/com.android.systemui:drawable/stat_sys_signal_4 mDataTypeIconId=0x0/(null) mQSDataTypeIconId=0x0/(null) mNoSimIconId=0x0/(null) mWifiIconId=0x7f020553/com.android.systemui:drawable/stat_sys_wifi_signal_3 mQSWifiIconId=0x7f02015d/com.android.systemui:drawable/ic_qs_wifi_3 mWifiActivityIconId=0x7f020525/com.android.systemui:drawable/stat_sys_signal_in mBluetoothTetherIconId=0x10808f1/android:drawable/stat_sys_tether_bluetooth
08-09 23:39:34.534 D/STATUSBAR-WifiQuickSettingButton( 1180): onWifiSignalChanged enabled=true enabledDesc:"CU_d24p"
08-09 23:39:34.534 D/StatusBar.NetworkController( 1180): refreshSignalCluster - setNWBoosterIndicators(false)
08-09 23:39:34.534 D/StatusBar.NetworkController( 1180): applyCHN
08-09 23:39:34.554 D/StatusBar.NetworkController( 1180): refreshSignalCluster - setNWBoosterIndicators(false)
08-09 23:39:34.554 D/StatusBar.NetworkController( 1180): applyCHN
08-09 23:39:34.564 D/StatusBar.NetworkController( 1180): refreshSignalCluster - setNWBoosterIndicators(false)
08-09 23:39:34.564 D/StatusBar.NetworkController( 1180): applyCHN
08-09 23:39:34.564 D/StatusBar.NetworkController( 1180): refreshSignalCluster - setNWBoosterIndicators(false)
08-09 23:39:34.564 D/StatusBar.NetworkController( 1180): applyCHN
08-09 23:39:35.244 E/SMD     (  283): DCD ON
08-09 23:39:35.564 D/StatusBar.NetworkController( 1180): refreshViews connected={ wifi } level=4 combinedSignalIconId=0x7f020553/com.android.systemui:drawable/stat_sys_wifi_signal_3 mobileLabel= wifiLabel="CU_d24p"xxxxXXXXxxxxXXXX emergencyOnly=true combinedLabel="CU_d24p"xxxxXXXXxxxxXXXX mAirplaneMode=false mDataActivity=0 mPhoneSignalIconId=0x7f0204e9/com.android.systemui:drawable/stat_sys_signal_4 mQSPhoneSignalIconId=0x7f020148/com.android.systemui:drawable/ic_qs_signal_4 mDataDirectionIconId=0x0/(null) mDataSignalIconId=0x7f0204e9/com.android.systemui:drawable/stat_sys_signal_4 mDataTypeIconId=0x0/(null) mQSDataTypeIconId=0x0/(null) mNoSimIconId=0x0/(null) mWifiIconId=0x7f020553/com.android.systemui:drawable/stat_sys_wifi_signal_3 mQSWifiIconId=0x7f02015d/com.android.systemui:drawable/ic_qs_wifi_3 mWifiActivityIconId=0x7f020529/com.android.systemui:drawable/stat_sys_signal_no_inout mBluetoothTetherIconId=0x10808f1/android:drawable/stat_sys_tether_bluetooth
08-09 23:39:35.564 D/STATUSBAR-WifiQuickSettingButton( 1180): onWifiSignalChanged enabled=true enabledDesc:"CU_d24p"
08-09 23:39:35.564 D/StatusBar.NetworkController( 1180): refreshSignalCluster - setNWBoosterIndicators(false)
08-09 23:39:35.564 D/StatusBar.NetworkController( 1180): applyCHN
08-09 23:39:35.584 D/StatusBar.NetworkController( 1180): refreshSignalCluster - setNWBoosterIndicators(false)
08-09 23:39:35.584 D/StatusBar.NetworkController( 1180): applyCHN
08-09 23:39:35.584 D/StatusBar.NetworkController( 1180): refreshSignalCluster - setNWBoosterIndicators(false)
08-09 23:39:35.584 D/StatusBar.NetworkController( 1180): applyCHN
08-09 23:39:35.594 D/StatusBar.NetworkController( 1180): refreshSignalCluster - setNWBoosterIndicators(false)
08-09 23:39:35.594 D/StatusBar.NetworkController( 1180): applyCHN
08-09 23:39:36.244 D/WifiService(  933): startScan by pid=1373, uid=10015
08-09 23:39:36.244 E/WifiStateMachine(  933): WifiStateMachine CMD_START_SCAN source 10015 txSuccessRate=0.19 rxSuccessRate=1.12 targetRoamBSSID=88:3f:d3:3f:82:d0 RSSI=-68
08-09 23:39:36.244 I/wpa_supplicant( 1157): wlan0: Setting scan request: 0 sec 0 usec
08-09 23:39:36.244 I/wpa_supplicant( 1157): P2P: Current p2p state = IDLE
08-09 23:39:36.254 I/wpa_supplicant( 1157): Scan requested (ret=0) - scan timeout 30 seconds
08-09 23:39:38.244 E/SMD     (  283): DCD ON
08-09 23:39:38.314 I/NLP     ( 1373): Location result:[location successful by Baidu], reason:[network location] locType=161
08-09 23:39:38.314 W/NetworkLocation( 1373): BaiduNetworkLocationProvider1:BaiduNetworkLocationProvider1 : forceLocation: network provider not Enabled!
08-09 23:39:38.324 D/ConnectivityService(  933): returning getNetworkInfo(networkType - 1) :[type: WIFI[] - WIFI, state: CONNECTED/CONNECTED, reason: (unspecified), extra: "CU_d24p", roaming: false, failover: false, isAvailable: true, isConnectedToProvisioningNetwork: false]
08-09 23:39:38.604 D/StatusBar.NetworkController( 1180): refreshViews connected={ wifi } level=4 combinedSignalIconId=0x7f020553/com.android.systemui:drawable/stat_sys_wifi_signal_3 mobileLabel= wifiLabel="CU_d24p"xxxxXXXXxxxxXXXX emergencyOnly=true combinedLabel="CU_d24p"xxxxXXXXxxxxXXXX mAirplaneMode=false mDataActivity=0 mPhoneSignalIconId=0x7f0204e9/com.android.systemui:drawable/stat_sys_signal_4 mQSPhoneSignalIconId=0x7f020148/com.android.systemui:drawable/ic_qs_signal_4 mDataDirectionIconId=0x0/(null) mDataSignalIconId=0x7f0204e9/com.android.systemui:drawable/stat_sys_signal_4 mDataTypeIconId=0x0/(null) mQSDataTypeIconId=0x0/(null) mNoSimIconId=0x0/(null) mWifiIconId=0x7f020553/com.android.systemui:drawable/stat_sys_wifi_signal_3 mQSWifiIconId=0x7f02015d/com.android.systemui:drawable/ic_qs_wifi_3 mWifiActivityIconId=0x7f020525/com.android.systemui:drawable/stat_sys_signal_in mBluetoothTetherIconId=0x10808f1/android:drawable/stat_sys_tether_bluetooth
08-09 23:39:38.604 D/STATUSBAR-WifiQuickSettingButton( 1180): onWifiSignalChanged enabled=true enabledDesc:"CU_d24p"
08-09 23:39:38.604 D/StatusBar.NetworkController( 1180): refreshSignalCluster - setNWBoosterIndicators(false)
08-09 23:39:38.604 D/StatusBar.NetworkController( 1180): applyCHN
08-09 23:39:38.624 I/wpa_supplicant( 1157): nl80211: Received scan results (2 BSSes)
08-09 23:39:38.644 D/StatusBar.NetworkController( 1180): refreshSignalCluster - setNWBoosterIndicators(false)
08-09 23:39:38.644 D/StatusBar.NetworkController( 1180): applyCHN
08-09 23:39:38.644 D/StatusBar.NetworkController( 1180): refreshSignalCluster - setNWBoosterIndicators(false)
08-09 23:39:38.644 D/StatusBar.NetworkController( 1180): applyCHN
08-09 23:39:38.664 D/StatusBar.NetworkController( 1180): refreshSignalCluster - setNWBoosterIndicators(false)
08-09 23:39:38.664 D/StatusBar.NetworkController( 1180): applyCHN
08-09 23:39:38.694 D/ActivityManager(  933): isDeviceAdminActiveApp false :com.android.systemui
08-09 23:39:38.694 D/ActivityManager(  933): isAutoRunBlockedApp:: com.android.systemui, Auto Run ON
08-09 23:39:39.634 D/StatusBar.NetworkController( 1180): refreshViews connected={ wifi } level=4 combinedSignalIconId=0x7f020553/com.android.systemui:drawable/stat_sys_wifi_signal_3 mobileLabel= wifiLabel="CU_d24p"xxxxXXXXxxxxXXXX emergencyOnly=true combinedLabel="CU_d24p"xxxxXXXXxxxxXXXX mAirplaneMode=false mDataActivity=0 mPhoneSignalIconId=0x7f0204e9/com.android.systemui:drawable/stat_sys_signal_4 mQSPhoneSignalIconId=0x7f020148/com.android.systemui:drawable/ic_qs_signal_4 mDataDirectionIconId=0x0/(null) mDataSignalIconId=0x7f0204e9/com.android.systemui:drawable/stat_sys_signal_4 mDataTypeIconId=0x0/(null) mQSDataTypeIconId=0x0/(null) mNoSimIconId=0x0/(null) mWifiIconId=0x7f020553/com.android.systemui:drawable/stat_sys_wifi_signal_3 mQSWifiIconId=0x7f02015d/com.android.systemui:drawable/ic_qs_wifi_3 mWifiActivityIconId=0x7f020529/com.android.systemui:drawable/stat_sys_signal_no_inout mBluetoothTetherIconId=0x10808f1/android:drawable/stat_sys_tether_bluetooth
08-09 23:39:39.634 D/STATUSBAR-WifiQuickSettingButton( 1180): onWifiSignalChanged enabled=true enabledDesc:"CU_d24p"
08-09 23:39:39.634 D/StatusBar.NetworkController( 1180): refreshSignalCluster - setNWBoosterIndicators(false)
08-09 23:39:39.634 D/StatusBar.NetworkController( 1180): applyCHN
08-09 23:39:39.644 D/StatusBar.NetworkController( 1180): refreshSignalCluster - setNWBoosterIndicators(false)
08-09 23:39:39.654 D/StatusBar.NetworkController( 1180): applyCHN
08-09 23:39:39.654 D/StatusBar.NetworkController( 1180): refreshSignalCluster - setNWBoosterIndicators(false)
08-09 23:39:39.654 D/StatusBar.NetworkController( 1180): applyCHN
08-09 23:39:39.654 D/StatusBar.NetworkController( 1180): refreshSignalCluster - setNWBoosterIndicators(false)
08-09 23:39:39.654 D/StatusBar.NetworkController( 1180): applyCHN
08-09 23:39:40.224 D/SSRM:n  (  933): SIOP:: AP = 340, PST = 340, CUR = 450
08-09 23:39:41.244 E/SMD     (  283): DCD ON
08-09 23:39:42.194 D/ConnectivityService(  933): returning getActiveNetworkInfo :[type: WIFI[] - WIFI, state: CONNECTED/CONNECTED, reason: (unspecified), extra: "CU_d24p", roaming: false, failover: false, isAvailable: true, isConnectedToProvisioningNetwork: false]
08-09 23:39:44.244 E/SMD     (  283): DCD ON
08-09 23:39:46.274 D/WifiService(  933): startScan by pid=1373, uid=10015
08-09 23:39:46.274 E/WifiStateMachine(  933): WifiStateMachine CMD_START_SCAN source 10015 txSuccessRate=0.02 rxSuccessRate=0.39 targetRoamBSSID=88:3f:d3:3f:82:d0 RSSI=-66
08-09 23:39:46.274 I/wpa_supplicant( 1157): wlan0: Setting scan request: 0 sec 0 usec
08-09 23:39:46.274 I/wpa_supplicant( 1157): P2P: Current p2p state = IDLE
08-09 23:39:46.284 I/wpa_supplicant( 1157): Scan requested (ret=0) - scan timeout 30 seconds
08-09 23:39:47.244 E/SMD     (  283): DCD ON
08-09 23:39:48.314 I/NLP     ( 1373): Location result:[location successful by Baidu], reason:[network location] locType=161
08-09 23:39:48.324 D/ConnectivityService(  933): returning getNetworkInfo(networkType - 1) :[type: WIFI[] - WIFI, state: CONNECTED/CONNECTED, reason: (unspecified), extra: "CU_d24p", roaming: false, failover: false, isAvailable: true, isConnectedToProvisioningNetwork: false]
08-09 23:39:48.334 W/NetworkLocation( 1373): BaiduNetworkLocationProvider1:BaiduNetworkLocationProvider1 : forceLocation: network provider not Enabled!
08-09 23:39:48.634 I/wpa_supplicant( 1157): nl80211: Received scan results (2 BSSes)
08-09 23:39:48.684 D/ActivityManager(  933): isDeviceAdminActiveApp false :com.android.systemui
08-09 23:39:48.684 D/ActivityManager(  933): isAutoRunBlockedApp:: com.android.systemui, Auto Run ON
08-09 23:39:50.254 E/SMD     (  283): DCD ON
08-09 23:39:50.324 D/SSRM:n  (  933): SIOP:: AP = 340, PST = 340, CUR = 450
08-09 23:39:52.724 D/StatusBar.NetworkController( 1180): refreshViews connected={ wifi } level=4 combinedSignalIconId=0x7f020553/com.android.systemui:drawable/stat_sys_wifi_signal_3 mobileLabel= wifiLabel="CU_d24p"xxxxXXXXxxxxXXXX emergencyOnly=true combinedLabel="CU_d24p"xxxxXXXXxxxxXXXX mAirplaneMode=false mDataActivity=0 mPhoneSignalIconId=0x7f0204e9/com.android.systemui:drawable/stat_sys_signal_4 mQSPhoneSignalIconId=0x7f020148/com.android.systemui:drawable/ic_qs_signal_4 mDataDirectionIconId=0x0/(null) mDataSignalIconId=0x7f0204e9/com.android.systemui:drawable/stat_sys_signal_4 mDataTypeIconId=0x0/(null) mQSDataTypeIconId=0x0/(null) mNoSimIconId=0x0/(null) mWifiIconId=0x7f020553/com.android.systemui:drawable/stat_sys_wifi_signal_3 mQSWifiIconId=0x7f02015d/com.android.systemui:drawable/ic_qs_wifi_3 mWifiActivityIconId=0x7f020525/com.android.systemui:drawable/stat_sys_signal_in mBluetoothTetherIconId=0x10808f1/android:drawable/stat_sys_tether_bluetooth
08-09 23:39:52.724 D/STATUSBAR-WifiQuickSettingButton( 1180): onWifiSignalChanged enabled=true enabledDesc:"CU_d24p"
08-09 23:39:52.724 D/StatusBar.NetworkController( 1180): refreshSignalCluster - setNWBoosterIndicators(false)
08-09 23:39:52.724 D/StatusBar.NetworkController( 1180): applyCHN
08-09 23:39:52.744 D/StatusBar.NetworkController( 1180): refreshSignalCluster - setNWBoosterIndicators(false)
08-09 23:39:52.744 D/StatusBar.NetworkController( 1180): applyCHN
08-09 23:39:52.744 D/StatusBar.NetworkController( 1180): refreshSignalCluster - setNWBoosterIndicators(false)
08-09 23:39:52.744 D/StatusBar.NetworkController( 1180): applyCHN
08-09 23:39:52.754 D/StatusBar.NetworkController( 1180): refreshSignalCluster - setNWBoosterIndicators(false)
08-09 23:39:52.754 D/StatusBar.NetworkController( 1180): applyCHN
08-09 23:39:53.254 E/SMD     (  283): DCD ON
08-09 23:39:53.754 D/StatusBar.NetworkController( 1180): refreshViews connected={ wifi } level=4 combinedSignalIconId=0x7f020553/com.android.systemui:drawable/stat_sys_wifi_signal_3 mobileLabel= wifiLabel="CU_d24p"xxxxXXXXxxxxXXXX emergencyOnly=true combinedLabel="CU_d24p"xxxxXXXXxxxxXXXX mAirplaneMode=false mDataActivity=0 mPhoneSignalIconId=0x7f0204e9/com.android.systemui:drawable/stat_sys_signal_4 mQSPhoneSignalIconId=0x7f020148/com.android.systemui:drawable/ic_qs_signal_4 mDataDirectionIconId=0x0/(null) mDataSignalIconId=0x7f0204e9/com.android.systemui:drawable/stat_sys_signal_4 mDataTypeIconId=0x0/(null) mQSDataTypeIconId=0x0/(null) mNoSimIconId=0x0/(null) mWifiIconId=0x7f020553/com.android.systemui:drawable/stat_sys_wifi_signal_3 mQSWifiIconId=0x7f02015d/com.android.systemui:drawable/ic_qs_wifi_3 mWifiActivityIconId=0x7f020529/com.android.systemui:drawable/stat_sys_signal_no_inout mBluetoothTetherIconId=0x10808f1/android:drawable/stat_sys_tether_bluetooth
08-09 23:39:53.754 D/STATUSBAR-WifiQuickSettingButton( 1180): onWifiSignalChanged enabled=true enabledDesc:"CU_d24p"
08-09 23:39:53.754 D/StatusBar.NetworkController( 1180): refreshSignalCluster - setNWBoosterIndicators(false)
08-09 23:39:53.754 D/StatusBar.NetworkController( 1180): applyCHN
08-09 23:39:53.774 D/StatusBar.NetworkController( 1180): refreshSignalCluster - setNWBoosterIndicators(false)
08-09 23:39:53.774 D/StatusBar.NetworkController( 1180): applyCHN
08-09 23:39:53.774 D/StatusBar.NetworkController( 1180): refreshSignalCluster - setNWBoosterIndicators(false)
08-09 23:39:53.774 D/StatusBar.NetworkController( 1180): applyCHN
08-09 23:39:53.784 D/StatusBar.NetworkController( 1180): refreshSignalCluster - setNWBoosterIndicators(false)
08-09 23:39:53.784 D/StatusBar.NetworkController( 1180): applyCHN
08-09 23:39:56.254 E/SMD     (  283): DCD ON
08-09 23:39:56.314 D/WifiService(  933): startScan by pid=1373, uid=10015
08-09 23:39:56.314 E/WifiStateMachine(  933): WifiStateMachine CMD_START_SCAN source 10015 txSuccessRate=0.00 rxSuccessRate=0.55 targetRoamBSSID=88:3f:d3:3f:82:d0 RSSI=-71
08-09 23:39:56.314 I/wpa_supplicant( 1157): wlan0: Setting scan request: 0 sec 0 usec
08-09 23:39:56.314 I/wpa_supplicant( 1157): P2P: Current p2p state = IDLE
08-09 23:39:56.324 I/wpa_supplicant( 1157): Scan requested (ret=0) - scan timeout 30 seconds
08-09 23:39:58.354 I/NLP     ( 1373): Location result:[location successful by Baidu], reason:[network location] locType=161
08-09 23:39:58.364 W/NetworkLocation( 1373): BaiduNetworkLocationProvider1:BaiduNetworkLocationProvider1 : forceLocation: network provider not Enabled!
08-09 23:39:58.364 D/ConnectivityService(  933): returning getNetworkInfo(networkType - 1) :[type: WIFI[] - WIFI, state: CONNECTED/CONNECTED, reason: (unspecified), extra: "CU_d24p", roaming: false, failover: false, isAvailable: true, isConnectedToProvisioningNetwork: false]
08-09 23:39:58.704 I/wpa_supplicant( 1157): nl80211: Received scan results (2 BSSes)
08-09 23:39:58.754 D/ActivityManager(  933): isDeviceAdminActiveApp false :com.android.systemui
08-09 23:39:58.754 D/ActivityManager(  933): isAutoRunBlockedApp:: com.android.systemui, Auto Run ON
08-09 23:39:59.254 E/SMD     (  283): DCD ON
08-09 23:39:59.784 E/Watchdog(  933): !@Sync 377
08-09 23:39:59.994 V/AlarmManager(  933): waitForAlarm result :8
08-09 23:40:00.004 D/KeyguardUpdateMonitor( 1180): received broadcast android.intent.action.TIME_TICK
08-09 23:40:00.004 D/KeyguardUpdateMonitor( 1180): handleTimeUpdate
08-09 23:40:00.004 D/KeyguardEffectViewController( 1180): onReceive action : android.intent.action.TIME_TICK
08-09 23:40:00.004 I/KeyguardEffectViewController( 1180): *** don't update sliding image ***
08-09 23:40:00.114 D/DateView( 1180): regionalDateFormat = 3333/11/22 isRTLlanguage = false returnDateFormat = MMMM d, E
08-09 23:40:00.114 D/DateView( 1180): regionalDateFormat = 3333/11/22 isRTLlanguage = false returnDateFormat = MMMM d, E
08-09 23:40:00.384 D/SSRM:n  (  933): SIOP:: AP = 340, PST = 340, CUR = 450
08-09 23:40:02.254 E/SMD     (  283): DCD ON
08-09 23:40:03.644 D/BatteryService(  933): !@BatteryListener : batteryPropertiesChanged!
08-09 23:40:05.254 E/SMD     (  283): DCD ON
08-09 23:40:06.344 D/WifiService(  933): startScan by pid=1373, uid=10015
08-09 23:40:06.354 E/WifiStateMachine(  933): WifiStateMachine CMD_START_SCAN source 10015 txSuccessRate=0.00 rxSuccessRate=0.03 targetRoamBSSID=88:3f:d3:3f:82:d0 RSSI=-64
08-09 23:40:06.354 I/wpa_supplicant( 1157): wlan0: Setting scan request: 0 sec 0 usec
08-09 23:40:06.354 I/wpa_supplicant( 1157): P2P: Current p2p state = IDLE
08-09 23:40:06.364 I/wpa_supplicant( 1157): Scan requested (ret=0) - scan timeout 30 seconds
08-09 23:40:07.854 D/StatusBar.NetworkController( 1180): refreshViews connected={ wifi } level=4 combinedSignalIconId=0x7f020553/com.android.systemui:drawable/stat_sys_wifi_signal_3 mobileLabel= wifiLabel="CU_d24p"xxxxXXXXxxxxXXXX emergencyOnly=true combinedLabel="CU_d24p"xxxxXXXXxxxxXXXX mAirplaneMode=false mDataActivity=0 mPhoneSignalIconId=0x7f0204e9/com.android.systemui:drawable/stat_sys_signal_4 mQSPhoneSignalIconId=0x7f020148/com.android.systemui:drawable/ic_qs_signal_4 mDataDirectionIconId=0x0/(null) mDataSignalIconId=0x7f0204e9/com.android.systemui:drawable/stat_sys_signal_4 mDataTypeIconId=0x0/(null) mQSDataTypeIconId=0x0/(null) mNoSimIconId=0x0/(null) mWifiIconId=0x7f020553/com.android.systemui:drawable/stat_sys_wifi_signal_3 mQSWifiIconId=0x7f02015d/com.android.systemui:drawable/ic_qs_wifi_3 mWifiActivityIconId=0x7f020525/com.android.systemui:drawable/stat_sys_signal_in mBluetoothTetherIconId=0x10808f1/android:drawable/stat_sys_tether_bluetooth
08-09 23:40:07.854 D/STATUSBAR-WifiQuickSettingButton( 1180): onWifiSignalChanged enabled=true enabledDesc:"CU_d24p"
08-09 23:40:07.854 D/StatusBar.NetworkController( 1180): refreshSignalCluster - setNWBoosterIndicators(false)
08-09 23:40:07.854 D/StatusBar.NetworkController( 1180): applyCHN
08-09 23:40:07.864 D/StatusBar.NetworkController( 1180): refreshSignalCluster - setNWBoosterIndicators(false)
08-09 23:40:07.874 D/StatusBar.NetworkController( 1180): applyCHN
08-09 23:40:07.874 D/StatusBar.NetworkController( 1180): refreshSignalCluster - setNWBoosterIndicators(false)
08-09 23:40:07.874 D/StatusBar.NetworkController( 1180): applyCHN
08-09 23:40:07.874 D/StatusBar.NetworkController( 1180): refreshSignalCluster - setNWBoosterIndicators(false)
08-09 23:40:07.874 D/StatusBar.NetworkController( 1180): applyCHN
08-09 23:40:08.254 E/SMD     (  283): DCD ON
08-09 23:40:08.424 I/NLP     ( 1373): Location result:[location successful by Baidu], reason:[network location] locType=161
08-09 23:40:08.424 W/NetworkLocation( 1373): BaiduNetworkLocationProvider1:BaiduNetworkLocationProvider1 : forceLocation: network provider not Enabled!
08-09 23:40:08.424 D/ConnectivityService(  933): returning getNetworkInfo(networkType - 1) :[type: WIFI[] - WIFI, state: CONNECTED/CONNECTED, reason: (unspecified), extra: "CU_d24p", roaming: false, failover: false, isAvailable: true, isConnectedToProvisioningNetwork: false]
08-09 23:40:08.724 I/wpa_supplicant( 1157): nl80211: Received scan results (2 BSSes)
08-09 23:40:08.774 D/ActivityManager(  933): isDeviceAdminActiveApp false :com.android.systemui
08-09 23:40:08.774 D/ActivityManager(  933): isAutoRunBlockedApp:: com.android.systemui, Auto Run ON
08-09 23:40:08.884 D/StatusBar.NetworkController( 1180): refreshViews connected={ wifi } level=4 combinedSignalIconId=0x7f020553/com.android.systemui:drawable/stat_sys_wifi_signal_3 mobileLabel= wifiLabel="CU_d24p"xxxxXXXXxxxxXXXX emergencyOnly=true combinedLabel="CU_d24p"xxxxXXXXxxxxXXXX mAirplaneMode=false mDataActivity=0 mPhoneSignalIconId=0x7f0204e9/com.android.systemui:drawable/stat_sys_signal_4 mQSPhoneSignalIconId=0x7f020148/com.android.systemui:drawable/ic_qs_signal_4 mDataDirectionIconId=0x0/(null) mDataSignalIconId=0x7f0204e9/com.android.systemui:drawable/stat_sys_signal_4 mDataTypeIconId=0x0/(null) mQSDataTypeIconId=0x0/(null) mNoSimIconId=0x0/(null) mWifiIconId=0x7f020553/com.android.systemui:drawable/stat_sys_wifi_signal_3 mQSWifiIconId=0x7f02015d/com.android.systemui:drawable/ic_qs_wifi_3 mWifiActivityIconId=0x7f020529/com.android.systemui:drawable/stat_sys_signal_no_inout mBluetoothTetherIconId=0x10808f1/android:drawable/stat_sys_tether_bluetooth
08-09 23:40:08.884 D/STATUSBAR-WifiQuickSettingButton( 1180): onWifiSignalChanged enabled=true enabledDesc:"CU_d24p"
08-09 23:40:08.894 D/StatusBar.NetworkController( 1180): refreshSignalCluster - setNWBoosterIndicators(false)
08-09 23:40:08.894 D/StatusBar.NetworkController( 1180): applyCHN
08-09 23:40:08.904 D/StatusBar.NetworkController( 1180): refreshSignalCluster - setNWBoosterIndicators(false)
08-09 23:40:08.904 D/StatusBar.NetworkController( 1180): applyCHN
08-09 23:40:08.914 D/StatusBar.NetworkController( 1180): refreshSignalCluster - setNWBoosterIndicators(false)
08-09 23:40:08.914 D/StatusBar.NetworkController( 1180): applyCHN
08-09 23:40:08.914 D/StatusBar.NetworkController( 1180): refreshSignalCluster - setNWBoosterIndicators(false)
08-09 23:40:08.914 D/StatusBar.NetworkController( 1180): applyCHN
08-09 23:40:10.474 D/SSRM:n  (  933): SIOP:: AP = 340, PST = 340, CUR = 450
08-09 23:40:11.254 E/SMD     (  283): DCD ON
08-09 23:40:14.254 E/SMD     (  283): DCD ON
08-09 23:40:16.384 D/WifiService(  933): startScan by pid=1373, uid=10015
08-09 23:40:16.384 E/WifiStateMachine(  933): WifiStateMachine CMD_START_SCAN source 10015 txSuccessRate=0.00 rxSuccessRate=0.13 targetRoamBSSID=88:3f:d3:3f:82:d0 RSSI=-64
08-09 23:40:16.384 I/wpa_supplicant( 1157): wlan0: Setting scan request: 0 sec 0 usec
08-09 23:40:16.384 I/wpa_supplicant( 1157): P2P: Current p2p state = IDLE
08-09 23:40:16.404 I/wpa_supplicant( 1157): Scan requested (ret=0) - scan timeout 30 seconds
08-09 23:40:17.264 E/SMD     (  283): DCD ON
08-09 23:40:18.454 I/NLP     ( 1373): Location result:[location successful by Baidu], reason:[network location] locType=161
08-09 23:40:18.454 W/NetworkLocation( 1373): BaiduNetworkLocationProvider1:BaiduNetworkLocationProvider1 : forceLocation: network provider not Enabled!
08-09 23:40:18.454 D/ConnectivityService(  933): returning getNetworkInfo(networkType - 1) :[type: WIFI[] - WIFI, state: CONNECTED/CONNECTED, reason: (unspecified), extra: "CU_d24p", roaming: false, failover: false, isAvailable: true, isConnectedToProvisioningNetwork: false]
08-09 23:40:18.784 I/wpa_supplicant( 1157): nl80211: Received scan results (2 BSSes)
08-09 23:40:18.834 D/ActivityManager(  933): isDeviceAdminActiveApp false :com.android.systemui
08-09 23:40:18.834 D/ActivityManager(  933): isAutoRunBlockedApp:: com.android.systemui, Auto Run ON
08-09 23:40:20.264 E/SMD     (  283): DCD ON
08-09 23:40:20.574 D/SSRM:n  (  933): SIOP:: AP = 340, PST = 340, CUR = 450
08-09 23:40:23.264 E/SMD     (  283): DCD ON
08-09 23:40:26.264 E/SMD     (  283): DCD ON
08-09 23:40:26.414 D/WifiService(  933): startScan by pid=1373, uid=10015
08-09 23:40:26.424 E/WifiStateMachine(  933): WifiStateMachine CMD_START_SCAN source 10015 txSuccessRate=0.00 rxSuccessRate=0.02 targetRoamBSSID=88:3f:d3:3f:82:d0 RSSI=-67
08-09 23:40:26.424 I/wpa_supplicant( 1157): wlan0: Setting scan request: 0 sec 0 usec
08-09 23:40:26.424 I/wpa_supplicant( 1157): P2P: Current p2p state = IDLE
08-09 23:40:26.434 I/wpa_supplicant( 1157): Scan requested (ret=0) - scan timeout 30 seconds
08-09 23:40:28.484 I/NLP     ( 1373): Location result:[location successful by Baidu], reason:[network location] locType=161
08-09 23:40:28.484 W/NetworkLocation( 1373): BaiduNetworkLocationProvider1:BaiduNetworkLocationProvider1 : forceLocation: network provider not Enabled!
08-09 23:40:28.484 D/ConnectivityService(  933): returning getNetworkInfo(networkType - 1) :[type: WIFI[] - WIFI, state: CONNECTED/CONNECTED, reason: (unspecified), extra: "CU_d24p", roaming: false, failover: false, isAvailable: true, isConnectedToProvisioningNetwork: false]
08-09 23:40:28.794 I/wpa_supplicant( 1157): nl80211: Received scan results (2 BSSes)
08-09 23:40:28.844 D/ActivityManager(  933): isDeviceAdminActiveApp false :com.android.systemui
08-09 23:40:28.844 D/ActivityManager(  933): isAutoRunBlockedApp:: com.android.systemui, Auto Run ON
08-09 23:40:29.264 E/SMD     (  283): DCD ON
08-09 23:40:29.784 E/Watchdog(  933): !@Sync 378
08-09 23:40:30.634 D/SSRM:n  (  933): SIOP:: AP = 340, PST = 340, CUR = 450
08-09 23:40:31.024 D/StatusBar.NetworkController( 1180): refreshViews connected={ wifi } level=4 combinedSignalIconId=0x7f020553/com.android.systemui:drawable/stat_sys_wifi_signal_3 mobileLabel= wifiLabel="CU_d24p"xxxxXXXXxxxxXXXX emergencyOnly=true combinedLabel="CU_d24p"xxxxXXXXxxxxXXXX mAirplaneMode=false mDataActivity=0 mPhoneSignalIconId=0x7f0204e9/com.android.systemui:drawable/stat_sys_signal_4 mQSPhoneSignalIconId=0x7f020148/com.android.systemui:drawable/ic_qs_signal_4 mDataDirectionIconId=0x0/(null) mDataSignalIconId=0x7f0204e9/com.android.systemui:drawable/stat_sys_signal_4 mDataTypeIconId=0x0/(null) mQSDataTypeIconId=0x0/(null) mNoSimIconId=0x0/(null) mWifiIconId=0x7f020553/com.android.systemui:drawable/stat_sys_wifi_signal_3 mQSWifiIconId=0x7f02015d/com.android.systemui:drawable/ic_qs_wifi_3 mWifiActivityIconId=0x7f020525/com.android.systemui:drawable/stat_sys_signal_in mBluetoothTetherIconId=0x10808f1/android:drawable/stat_sys_tether_bluetooth
08-09 23:40:31.024 D/STATUSBAR-WifiQuickSettingButton( 1180): onWifiSignalChanged enabled=true enabledDesc:"CU_d24p"
08-09 23:40:31.024 D/StatusBar.NetworkController( 1180): refreshSignalCluster - setNWBoosterIndicators(false)
08-09 23:40:31.024 D/StatusBar.NetworkController( 1180): applyCHN
08-09 23:40:31.044 D/StatusBar.NetworkController( 1180): refreshSignalCluster - setNWBoosterIndicators(false)
08-09 23:40:31.044 D/StatusBar.NetworkController( 1180): applyCHN
08-09 23:40:31.044 D/StatusBar.NetworkController( 1180): refreshSignalCluster - setNWBoosterIndicators(false)
08-09 23:40:31.044 D/StatusBar.NetworkController( 1180): applyCHN
08-09 23:40:31.054 D/StatusBar.NetworkController( 1180): refreshSignalCluster - setNWBoosterIndicators(false)
08-09 23:40:31.054 D/StatusBar.NetworkController( 1180): applyCHN
08-09 23:40:32.054 D/StatusBar.NetworkController( 1180): refreshViews connected={ wifi } level=4 combinedSignalIconId=0x7f020553/com.android.systemui:drawable/stat_sys_wifi_signal_3 mobileLabel= wifiLabel="CU_d24p"xxxxXXXXxxxxXXXX emergencyOnly=true combinedLabel="CU_d24p"xxxxXXXXxxxxXXXX mAirplaneMode=false mDataActivity=0 mPhoneSignalIconId=0x7f0204e9/com.android.systemui:drawable/stat_sys_signal_4 mQSPhoneSignalIconId=0x7f020148/com.android.systemui:drawable/ic_qs_signal_4 mDataDirectionIconId=0x0/(null) mDataSignalIconId=0x7f0204e9/com.android.systemui:drawable/stat_sys_signal_4 mDataTypeIconId=0x0/(null) mQSDataTypeIconId=0x0/(null) mNoSimIconId=0x0/(null) mWifiIconId=0x7f020553/com.android.systemui:drawable/stat_sys_wifi_signal_3 mQSWifiIconId=0x7f02015d/com.android.systemui:drawable/ic_qs_wifi_3 mWifiActivityIconId=0x7f020529/com.android.systemui:drawable/stat_sys_signal_no_inout mBluetoothTetherIconId=0x10808f1/android:drawable/stat_sys_tether_bluetooth
08-09 23:40:32.054 D/STATUSBAR-WifiQuickSettingButton( 1180): onWifiSignalChanged enabled=true enabledDesc:"CU_d24p"
08-09 23:40:32.054 D/StatusBar.NetworkController( 1180): refreshSignalCluster - setNWBoosterIndicators(false)
08-09 23:40:32.054 D/StatusBar.NetworkController( 1180): applyCHN
08-09 23:40:32.074 D/StatusBar.NetworkController( 1180): refreshSignalCluster - setNWBoosterIndicators(false)
08-09 23:40:32.074 D/StatusBar.NetworkController( 1180): applyCHN
08-09 23:40:32.074 D/StatusBar.NetworkController( 1180): refreshSignalCluster - setNWBoosterIndicators(false)
08-09 23:40:32.074 D/StatusBar.NetworkController( 1180): applyCHN
08-09 23:40:32.074 D/StatusBar.NetworkController( 1180): refreshSignalCluster - setNWBoosterIndicators(false)
08-09 23:40:32.084 D/StatusBar.NetworkController( 1180): applyCHN
08-09 23:40:32.264 E/SMD     (  283): DCD ON
08-09 23:40:33.724 D/KeyguardUpdateMonitor( 1180): received broadcast android.intent.action.BATTERY_CHANGED
08-09 23:40:33.724 D/BatteryService(  933): !@BatteryListener : batteryPropertiesChanged!
08-09 23:40:33.724 D/BatteryService(  933): level:100, scale:100, status:5, health:2, present:true, voltage: 4316, temperature: 311, technology: Li-ion, AC powered:false, USB powered:true, Wireless powered:false, icon:17303724, invalid charger:0
08-09 23:40:33.724 D/BatteryService(  933): online:4, current avg:450, charge type:0, power sharing:false, high voltage charger:false, capacity:280000, current_now:450
08-09 23:40:33.724 D/BatteryService(  933): Sending ACTION_BATTERY_CHANGED.
08-09 23:40:33.734 D/KeyguardUpdateMonitor( 1180): handleBatteryUpdate
08-09 23:40:33.734 I/MotionRecognitionService(  933): Plugged
08-09 23:40:33.734 I/MotionRecognitionService(  933): setPowerConnected  = true
08-09 23:40:33.754 V/HeadsetService( 3806): HeadsetService - Received Intent.ACTION_BATTERY_CHANGED
08-09 23:40:33.754 D/HeadsetStateMachine( 3806): Disconnected process message: 10
08-09 23:40:33.754 D/STATUSBAR-PhoneStatusBar( 1180):  mBrightnessEnablebySettings = true mBrightnessEnablebyBattery = true mBrightnessEnablebyDisableFlag = true mPmsBrightnessEnablebySettings = true
08-09 23:40:33.774 D/BatteryMeterView( 1180): ACTION_BATTERY_CHANGED : level:100 status:5 health:2
08-09 23:40:33.774 D/BatteryMeterView( 1180): ACTION_BATTERY_CHANGED : level:100 status:5 health:2
08-09 23:40:33.774 D/BatteryMeterView( 1180): ACTION_BATTERY_CHANGED : level:100 status:5 health:2
08-09 23:40:34.084 D/StatusBar.NetworkController( 1180): refreshViews connected={ wifi } level=4 combinedSignalIconId=0x7f020553/com.android.systemui:drawable/stat_sys_wifi_signal_3 mobileLabel= wifiLabel="CU_d24p"xxxxXXXXxxxxXXXX emergencyOnly=true combinedLabel="CU_d24p"xxxxXXXXxxxxXXXX mAirplaneMode=false mDataActivity=0 mPhoneSignalIconId=0x7f0204e9/com.android.systemui:drawable/stat_sys_signal_4 mQSPhoneSignalIconId=0x7f020148/com.android.systemui:drawable/ic_qs_signal_4 mDataDirectionIconId=0x0/(null) mDataSignalIconId=0x7f0204e9/com.android.systemui:drawable/stat_sys_signal_4 mDataTypeIconId=0x0/(null) mQSDataTypeIconId=0x0/(null) mNoSimIconId=0x0/(null) mWifiIconId=0x7f020553/com.android.systemui:drawable/stat_sys_wifi_signal_3 mQSWifiIconId=0x7f02015d/com.android.systemui:drawable/ic_qs_wifi_3 mWifiActivityIconId=0x7f020527/com.android.systemui:drawable/stat_sys_signal_inout mBluetoothTetherIconId=0x10808f1/android:drawable/stat_sys_tether_bluetooth
08-09 23:40:34.084 D/STATUSBAR-WifiQuickSettingButton( 1180): onWifiSignalChanged enabled=true enabledDesc:"CU_d24p"
08-09 23:40:34.094 D/StatusBar.NetworkController( 1180): refreshSignalCluster - setNWBoosterIndicators(false)
08-09 23:40:34.094 D/StatusBar.NetworkController( 1180): applyCHN
08-09 23:40:34.104 D/StatusBar.NetworkController( 1180): refreshSignalCluster - setNWBoosterIndicators(false)
08-09 23:40:34.104 D/StatusBar.NetworkController( 1180): applyCHN
08-09 23:40:34.114 D/StatusBar.NetworkController( 1180): refreshSignalCluster - setNWBoosterIndicators(false)
08-09 23:40:34.114 D/StatusBar.NetworkController( 1180): applyCHN
08-09 23:40:34.114 D/StatusBar.NetworkController( 1180): refreshSignalCluster - setNWBoosterIndicators(false)
08-09 23:40:34.114 D/StatusBar.NetworkController( 1180): applyCHN
08-09 23:40:35.114 D/StatusBar.NetworkController( 1180): refreshViews connected={ wifi } level=4 combinedSignalIconId=0x7f020553/com.android.systemui:drawable/stat_sys_wifi_signal_3 mobileLabel= wifiLabel="CU_d24p"xxxxXXXXxxxxXXXX emergencyOnly=true combinedLabel="CU_d24p"xxxxXXXXxxxxXXXX mAirplaneMode=false mDataActivity=0 mPhoneSignalIconId=0x7f0204e9/com.android.systemui:drawable/stat_sys_signal_4 mQSPhoneSignalIconId=0x7f020148/com.android.systemui:drawable/ic_qs_signal_4 mDataDirectionIconId=0x0/(null) mDataSignalIconId=0x7f0204e9/com.android.systemui:drawable/stat_sys_signal_4 mDataTypeIconId=0x0/(null) mQSDataTypeIconId=0x0/(null) mNoSimIconId=0x0/(null) mWifiIconId=0x7f020553/com.android.systemui:drawable/stat_sys_wifi_signal_3 mQSWifiIconId=0x7f02015d/com.android.systemui:drawable/ic_qs_wifi_3 mWifiActivityIconId=0x7f020529/com.android.systemui:drawable/stat_sys_signal_no_inout mBluetoothTetherIconId=0x10808f1/android:drawable/stat_sys_tether_bluetooth
08-09 23:40:35.114 D/STATUSBAR-WifiQuickSettingButton( 1180): onWifiSignalChanged enabled=true enabledDesc:"CU_d24p"
08-09 23:40:35.124 D/StatusBar.NetworkController( 1180): refreshSignalCluster - setNWBoosterIndicators(false)
08-09 23:40:35.124 D/StatusBar.NetworkController( 1180): applyCHN
08-09 23:40:35.134 D/StatusBar.NetworkController( 1180): refreshSignalCluster - setNWBoosterIndicators(false)
08-09 23:40:35.134 D/StatusBar.NetworkController( 1180): applyCHN
08-09 23:40:35.144 D/StatusBar.NetworkController( 1180): refreshSignalCluster - setNWBoosterIndicators(false)
08-09 23:40:35.144 D/StatusBar.NetworkController( 1180): applyCHN
08-09 23:40:35.144 D/StatusBar.NetworkController( 1180): refreshSignalCluster - setNWBoosterIndicators(false)
08-09 23:40:35.144 D/StatusBar.NetworkController( 1180): applyCHN
08-09 23:40:35.254 E/SMD     (  283): DCD ON
08-09 23:40:36.464 D/WifiService(  933): startScan by pid=1373, uid=10015
08-09 23:40:36.464 E/WifiStateMachine(  933): WifiStateMachine CMD_START_SCAN source 10015 txSuccessRate=0.50 rxSuccessRate=0.75 targetRoamBSSID=88:3f:d3:3f:82:d0 RSSI=-67
08-09 23:40:36.464 I/wpa_supplicant( 1157): wlan0: Setting scan request: 0 sec 0 usec
08-09 23:40:36.464 I/wpa_supplicant( 1157): P2P: Current p2p state = IDLE
08-09 23:40:36.474 I/wpa_supplicant( 1157): Scan requested (ret=0) - scan timeout 30 seconds
08-09 23:40:38.264 E/SMD     (  283): DCD ON
08-09 23:40:38.524 I/NLP     ( 1373): Location result:[location successful by Baidu], reason:[network location] locType=161
08-09 23:40:38.524 W/NetworkLocation( 1373): BaiduNetworkLocationProvider1:BaiduNetworkLocationProvider1 : forceLocation: network provider not Enabled!
08-09 23:40:38.524 D/ConnectivityService(  933): returning getNetworkInfo(networkType - 1) :[type: WIFI[] - WIFI, state: CONNECTED/CONNECTED, reason: (unspecified), extra: "CU_d24p", roaming: false, failover: false, isAvailable: true, isConnectedToProvisioningNetwork: false]
08-09 23:40:38.844 I/wpa_supplicant( 1157): nl80211: Received scan results (2 BSSes)
08-09 23:40:38.894 D/ActivityManager(  933): isDeviceAdminActiveApp false :com.android.systemui
08-09 23:40:38.894 D/ActivityManager(  933): isAutoRunBlockedApp:: com.android.systemui, Auto Run ON
08-09 23:40:40.684 D/SSRM:n  (  933): SIOP:: AP = 340, PST = 340, CUR = 450
08-09 23:40:41.264 E/SMD     (  283): DCD ON
08-09 23:40:44.264 E/SMD     (  283): DCD ON
08-09 23:40:46.494 D/WifiService(  933): startScan by pid=1373, uid=10015
08-09 23:40:46.504 E/WifiStateMachine(  933): WifiStateMachine CMD_START_SCAN source 10015 txSuccessRate=0.06 rxSuccessRate=0.09 targetRoamBSSID=88:3f:d3:3f:82:d0 RSSI=-67
08-09 23:40:46.504 I/wpa_supplicant( 1157): wlan0: Setting scan request: 0 sec 0 usec
08-09 23:40:46.504 I/wpa_supplicant( 1157): P2P: Current p2p state = IDLE
08-09 23:40:46.514 I/wpa_supplicant( 1157): Scan requested (ret=0) - scan timeout 30 seconds
08-09 23:40:47.264 E/SMD     (  283): DCD ON
08-09 23:40:48.554 I/NLP     ( 1373): Location result:[location successful by Baidu], reason:[network location] locType=161
08-09 23:40:48.564 W/NetworkLocation( 1373): BaiduNetworkLocationProvider1:BaiduNetworkLocationProvider1 : forceLocation: network provider not Enabled!
08-09 23:40:48.564 D/ConnectivityService(  933): returning getNetworkInfo(networkType - 1) :[type: WIFI[] - WIFI, state: CONNECTED/CONNECTED, reason: (unspecified), extra: "CU_d24p", roaming: false, failover: false, isAvailable: true, isConnectedToProvisioningNetwork: false]
08-09 23:40:48.884 I/wpa_supplicant( 1157): nl80211: Received scan results (2 BSSes)
08-09 23:40:48.924 D/ActivityManager(  933): isDeviceAdminActiveApp false :com.android.systemui
08-09 23:40:48.924 D/ActivityManager(  933): isAutoRunBlockedApp:: com.android.systemui, Auto Run ON
08-09 23:40:50.274 E/SMD     (  283): DCD ON
08-09 23:40:50.754 D/SSRM:n  (  933): SIOP:: AP = 340, PST = 340, CUR = 450
08-09 23:40:53.274 E/SMD     (  283): DCD ON
08-09 23:40:56.274 E/SMD     (  283): DCD ON
08-09 23:40:56.534 D/WifiService(  933): startScan by pid=1373, uid=10015
08-09 23:40:56.544 E/WifiStateMachine(  933): WifiStateMachine CMD_START_SCAN source 10015 txSuccessRate=0.01 rxSuccessRate=0.01 targetRoamBSSID=88:3f:d3:3f:82:d0 RSSI=-67
08-09 23:40:56.544 I/wpa_supplicant( 1157): wlan0: Setting scan request: 0 sec 0 usec
08-09 23:40:56.544 I/wpa_supplicant( 1157): P2P: Current p2p state = IDLE
08-09 23:40:56.554 I/wpa_supplicant( 1157): Scan requested (ret=0) - scan timeout 30 seconds
08-09 23:40:58.584 I/NLP     ( 1373): Location result:[location successful by Baidu], reason:[network location] locType=161
08-09 23:40:58.584 D/ConnectivityService(  933): returning getNetworkInfo(networkType - 1) :[type: WIFI[] - WIFI, state: CONNECTED/CONNECTED, reason: (unspecified), extra: "CU_d24p", roaming: false, failover: false, isAvailable: true, isConnectedToProvisioningNetwork: false]
08-09 23:40:58.594 W/NetworkLocation( 1373): BaiduNetworkLocationProvider1:BaiduNetworkLocationProvider1 : forceLocation: network provider not Enabled!
08-09 23:40:58.914 I/wpa_supplicant( 1157): nl80211: Received scan results (2 BSSes)
08-09 23:40:58.954 D/ActivityManager(  933): isDeviceAdminActiveApp false :com.android.systemui
08-09 23:40:58.954 D/ActivityManager(  933): isAutoRunBlockedApp:: com.android.systemui, Auto Run ON
08-09 23:40:59.264 E/SMD     (  283): DCD ON
08-09 23:40:59.794 E/Watchdog(  933): !@Sync 379
08-09 23:40:59.984 V/AlarmManager(  933): waitForAlarm result :8
08-09 23:41:00.004 D/KeyguardUpdateMonitor( 1180): received broadcast android.intent.action.TIME_TICK
08-09 23:41:00.004 D/KeyguardUpdateMonitor( 1180): handleTimeUpdate
08-09 23:41:00.004 D/KeyguardEffectViewController( 1180): onReceive action : android.intent.action.TIME_TICK
08-09 23:41:00.004 I/KeyguardEffectViewController( 1180): *** don't update sliding image ***
08-09 23:41:00.114 D/DateView( 1180): regionalDateFormat = 3333/11/22 isRTLlanguage = false returnDateFormat = MMMM d, E
08-09 23:41:00.124 D/DateView( 1180): regionalDateFormat = 3333/11/22 isRTLlanguage = false returnDateFormat = MMMM d, E
08-09 23:41:00.814 D/SSRM:n  (  933): SIOP:: AP = 340, PST = 340, CUR = 450
08-09 23:41:02.274 E/SMD     (  283): DCD ON
