08-09 23:37:42.474 D/StatusBar.NetworkController( 1180): refreshViews connected={ wifi } level=4 combinedSignalIconId=0x7f020553/com.android.systemui:drawable/stat_sys_wifi_signal_3 mobileLabel= wifiLabel="CU_d24p"xxxxXXXXxxxxXXXX emergencyOnly=true combinedLabel="CU_d24p"xxxxXXXXxxxxXXXX mAirplaneMode=false mDataActivity=0 mPhoneSignalIconId=0x7f0204e9/com.android.systemui:drawable/stat_sys_signal_4 mQSPhoneSignalIconId=0x7f020148/com.android.systemui:drawable/ic_qs_signal_4 mDataDirectionIconId=0x0/(null) mDataSignalIconId=0x7f0204e9/com.android.systemui:drawable/stat_sys_signal_4 mDataTypeIconId=0x0/(null) mQSDataTypeIconId=0x0/(null) mNoSimIconId=0x0/(null) mWifiIconId=0x7f020553/com.android.systemui:drawable/stat_sys_wifi_signal_3 mQSWifiIconId=0x7f02015d/com.android.systemui:drawable/ic_qs_wifi_3 mWifiActivityIconId=0x7f020529/com.android.systemui:drawable/stat_sys_signal_no_inout mBluetoothTetherIconId=0x10808f1/android:drawable/stat_sys_tether_bluetooth
08-09 23:37:42.484 D/STATUSBAR-WifiQuickSettingButton( 1180): onWifiSignalChanged enabled=true enabledDesc:"CU_d24p"
08-09 23:37:42.484 D/StatusBar.NetworkController( 1180): refreshSignalCluster - setNWBoosterIndicators(false)
08-09 23:37:42.484 D/StatusBar.NetworkController( 1180): applyCHN
08-09 23:37:42.494 D/StatusBar.NetworkController( 1180): refreshSignalCluster - setNWBoosterIndicators(false)
08-09 23:37:42.494 D/StatusBar.NetworkController( 1180): applyCHN
08-09 23:37:42.504 D/StatusBar.NetworkController( 1180): refreshSignalCluster - setNWBoosterIndicators(false)
08-09 23:37:42.504 D/StatusBar.NetworkController( 1180): applyCHN
08-09 23:37:42.504 D/StatusBar.NetworkController( 1180): refreshSignalCluster - setNWBoosterIndicators(false)
08-09 23:37:42.504 D/StatusBar.NetworkController( 1180): applyCHN
08-09 23:37:44.224 E/SMD     (  283): DCD ON
08-09 23:37:45.954 D/WifiService(  933): startScan by pid=1373, uid=10015
08-09 23:37:45.954 E/WifiStateMachine(  933): WifiStateMachine CMD_START_SCAN source 10015 txSuccessRate=0.00 rxSuccessRate=4.13 targetRoamBSSID=88:3f:d3:3f:82:d0 RSSI=-66
08-09 23:37:45.954 I/wpa_supplicant( 1157): wlan0: Setting scan request: 0 sec 0 usec
08-09 23:37:45.954 I/wpa_supplicant( 1157): P2P: Current p2p state = IDLE
08-09 23:37:45.964 I/wpa_supplicant( 1157): Scan requested (ret=0) - scan timeout 30 seconds
08-09 23:37:46.524 D/StatusBar.NetworkController( 1180): refreshViews connected={ wifi } level=4 combinedSignalIconId=0x7f020553/com.android.systemui:drawable/stat_sys_wifi_signal_3 mobileLabel= wifiLabel="CU_d24p"xxxxXXXXxxxxXXXX emergencyOnly=true combinedLabel="CU_d24p"xxxxXXXXxxxxXXXX mAirplaneMode=false mDataActivity=0 mPhoneSignalIconId=0x7f0204e9/com.android.systemui:drawable/stat_sys_signal_4 mQSPhoneSignalIconId=0x7f020148/com.android.systemui:drawable/ic_qs_signal_4 mDataDirectionIconId=0x0/(null) mDataSignalIconId=0x7f0204e9/com.android.systemui:drawable/stat_sys_signal_4 mDataTypeIconId=0x0/(null) mQSDataTypeIconId=0x0/(null) mNoSimIconId=0x0/(null) mWifiIconId=0x7f020553/com.android.systemui:drawable/stat_sys_wifi_signal_3 mQSWifiIconId=0x7f02015d/com.android.systemui:drawable/ic_qs_wifi_3 mWifiActivityIconId=0x7f020525/com.android.systemui:drawable/stat_sys_signal_in mBluetoothTetherIconId=0x10808f1/android:drawable/stat_sys_tether_bluetooth
08-09 23:37:46.524 D/STATUSBAR-WifiQuickSettingButton( 1180): onWifiSignalChanged enabled=true enabledDesc:"CU_d24p"
08-09 23:37:46.524 D/StatusBar.NetworkController( 1180): refreshSignalCluster - setNWBoosterIndicators(false)
08-09 23:37:46.524 D/StatusBar.NetworkController( 1180): applyCHN
08-09 23:37:46.544 D/StatusBar.NetworkController( 1180): refreshSignalCluster - setNWBoosterIndicators(false)
08-09 23:37:46.544 D/StatusBar.NetworkController( 1180): applyCHN
08-09 23:37:46.554 D/StatusBar.NetworkController( 1180): refreshSignalCluster - setNWBoosterIndicators(false)
08-09 23:37:46.554 D/StatusBar.NetworkController( 1180): applyCHN
08-09 23:37:46.554 D/StatusBar.NetworkController( 1180): refreshSignalCluster - setNWBoosterIndicators(false)
08-09 23:37:46.554 D/StatusBar.NetworkController( 1180): applyCHN
08-09 23:37:47.224 E/SMD     (  283): DCD ON
08-09 23:37:47.554 D/StatusBar.NetworkController( 1180): refreshViews connected={ wifi } level=4 combinedSignalIconId=0x7f020553/com.android.systemui:drawable/stat_sys_wifi_signal_3 mobileLabel= wifiLabel="CU_d24p"xxxxXXXXxxxxXXXX emergencyOnly=true combinedLabel="CU_d24p"xxxxXXXXxxxxXXXX mAirplaneMode=false mDataActivity=0 mPhoneSignalIconId=0x7f0204e9/com.android.systemui:drawable/stat_sys_signal_4 mQSPhoneSignalIconId=0x7f020148/com.android.systemui:drawable/ic_qs_signal_4 mDataDirectionIconId=0x0/(null) mDataSignalIconId=0x7f0204e9/com.android.systemui:drawable/stat_sys_signal_4 mDataTypeIconId=0x0/(null) mQSDataTypeIconId=0x0/(null) mNoSimIconId=0x0/(null) mWifiIconId=0x7f020553/com.android.systemui:drawable/stat_sys_wifi_signal_3 mQSWifiIconId=0x7f02015d/com.android.systemui:drawable/ic_qs_wifi_3 mWifiActivityIconId=0x7f020529/com.android.systemui:drawable/stat_sys_signal_no_inout mBluetoothTetherIconId=0x10808f1/android:drawable/stat_sys_tether_bluetooth
08-09 23:37:47.554 D/STATUSBAR-WifiQuickSettingButton( 1180): onWifiSignalChanged enabled=true enabledDesc:"CU_d24p"
08-09 23:37:47.554 D/StatusBar.NetworkController( 1180): refreshSignalCluster - setNWBoosterIndicators(false)
08-09 23:37:47.554 D/StatusBar.NetworkController( 1180): applyCHN
08-09 23:37:47.574 D/StatusBar.NetworkController( 1180): refreshSignalCluster - setNWBoosterIndicators(false)
08-09 23:37:47.574 D/StatusBar.NetworkController( 1180): applyCHN
08-09 23:37:47.574 D/StatusBar.NetworkController( 1180): refreshSignalCluster - setNWBoosterIndicators(false)
08-09 23:37:47.574 D/StatusBar.NetworkController( 1180): applyCHN
08-09 23:37:47.584 D/StatusBar.NetworkController( 1180): refreshSignalCluster - setNWBoosterIndicators(false)
08-09 23:37:47.584 D/StatusBar.NetworkController( 1180): applyCHN
08-09 23:37:48.004 I/NLP     ( 1373): Location result:[location successful by Baidu], reason:[network location] locType=161
08-09 23:37:48.014 W/NetworkLocation( 1373): BaiduNetworkLocationProvider1:BaiduNetworkLocationProvider1 : forceLocation: network provider not Enabled!
08-09 23:37:48.014 D/ConnectivityService(  933): returning getNetworkInfo(networkType - 1) :[type: WIFI[] - WIFI, state: CONNECTED/CONNECTED, reason: (unspecified), extra: "CU_d24p", roaming: false, failover: false, isAvailable: true, isConnectedToProvisioningNetwork: false]
08-09 23:37:48.344 I/wpa_supplicant( 1157): nl80211: Received scan results (2 BSSes)
08-09 23:37:48.384 D/ActivityManager(  933): isDeviceAdminActiveApp false :com.android.systemui
08-09 23:37:48.384 D/ActivityManager(  933): isAutoRunBlockedApp:: com.android.systemui, Auto Run ON
08-09 23:37:49.494 D/SSRM:n  (  933): SIOP:: AP = 340, PST = 340, CUR = 450
08-09 23:37:50.214 E/SMD     (  283): DCD ON
08-09 23:37:50.594 D/StatusBar.NetworkController( 1180): refreshViews connected={ wifi } level=4 combinedSignalIconId=0x7f020553/com.android.systemui:drawable/stat_sys_wifi_signal_3 mobileLabel= wifiLabel="CU_d24p"xxxxXXXXxxxxXXXX emergencyOnly=true combinedLabel="CU_d24p"xxxxXXXXxxxxXXXX mAirplaneMode=false mDataActivity=0 mPhoneSignalIconId=0x7f0204e9/com.android.systemui:drawable/stat_sys_signal_4 mQSPhoneSignalIconId=0x7f020148/com.android.systemui:drawable/ic_qs_signal_4 mDataDirectionIconId=0x0/(null) mDataSignalIconId=0x7f0204e9/com.android.systemui:drawable/stat_sys_signal_4 mDataTypeIconId=0x0/(null) mQSDataTypeIconId=0x0/(null) mNoSimIconId=0x0/(null) mWifiIconId=0x7f020553/com.android.systemui:drawable/stat_sys_wifi_signal_3 mQSWifiIconId=0x7f02015d/com.android.systemui:drawable/ic_qs_wifi_3 mWifiActivityIconId=0x7f020525/com.android.systemui:drawable/stat_sys_signal_in mBluetoothTetherIconId=0x10808f1/android:drawable/stat_sys_tether_bluetooth
08-09 23:37:50.594 D/STATUSBAR-WifiQuickSettingButton( 1180): onWifiSignalChanged enabled=true enabledDesc:"CU_d24p"
08-09 23:37:50.594 D/StatusBar.NetworkController( 1180): refreshSignalCluster - setNWBoosterIndicators(false)
08-09 23:37:50.594 D/StatusBar.NetworkController( 1180): applyCHN
08-09 23:37:50.614 D/StatusBar.NetworkController( 1180): refreshSignalCluster - setNWBoosterIndicators(false)
08-09 23:37:50.614 D/StatusBar.NetworkController( 1180): applyCHN
08-09 23:37:50.614 D/StatusBar.NetworkController( 1180): refreshSignalCluster - setNWBoosterIndicators(false)
08-09 23:37:50.614 D/StatusBar.NetworkController( 1180): applyCHN
08-09 23:37:50.624 D/StatusBar.NetworkController( 1180): refreshSignalCluster - setNWBoosterIndicators(false)
08-09 23:37:50.624 D/StatusBar.NetworkController( 1180): applyCHN
08-09 23:37:51.624 D/StatusBar.NetworkController( 1180): refreshViews connected={ wifi } level=4 combinedSignalIconId=0x7f020553/com.android.systemui:drawable/stat_sys_wifi_signal_3 mobileLabel= wifiLabel="CU_d24p"xxxxXXXXxxxxXXXX emergencyOnly=true combinedLabel="CU_d24p"xxxxXXXXxxxxXXXX mAirplaneMode=false mDataActivity=0 mPhoneSignalIconId=0x7f0204e9/com.android.systemui:drawable/stat_sys_signal_4 mQSPhoneSignalIconId=0x7f020148/com.android.systemui:drawable/ic_qs_signal_4 mDataDirectionIconId=0x0/(null) mDataSignalIconId=0x7f0204e9/com.android.systemui:drawable/stat_sys_signal_4 mDataTypeIconId=0x0/(null) mQSDataTypeIconId=0x0/(null) mNoSimIconId=0x0/(null) mWifiIconId=0x7f020553/com.android.systemui:drawable/stat_sys_wifi_signal_3 mQSWifiIconId=0x7f02015d/com.android.systemui:drawable/ic_qs_wifi_3 mWifiActivityIconId=0x7f020529/com.android.systemui:drawable/stat_sys_signal_no_inout mBluetoothTetherIconId=0x10808f1/android:drawable/stat_sys_tether_bluetooth
08-09 23:37:51.624 D/STATUSBAR-WifiQuickSettingButton( 1180): onWifiSignalChanged enabled=true enabledDesc:"CU_d24p"
08-09 23:37:51.624 D/StatusBar.NetworkController( 1180): refreshSignalCluster - setNWBoosterIndicators(false)
08-09 23:37:51.624 D/StatusBar.NetworkController( 1180): applyCHN
08-09 23:37:51.644 D/StatusBar.NetworkController( 1180): refreshSignalCluster - setNWBoosterIndicators(false)
08-09 23:37:51.644 D/StatusBar.NetworkController( 1180): applyCHN
08-09 23:37:51.644 D/StatusBar.NetworkController( 1180): refreshSignalCluster - setNWBoosterIndicators(false)
08-09 23:37:51.644 D/StatusBar.NetworkController( 1180): applyCHN
08-09 23:37:51.654 D/StatusBar.NetworkController( 1180): refreshSignalCluster - setNWBoosterIndicators(false)
08-09 23:37:51.654 D/StatusBar.NetworkController( 1180): applyCHN
08-09 23:37:53.224 E/SMD     (  283): DCD ON
08-09 23:37:55.664 D/StatusBar.NetworkController( 1180): refreshViews connected={ wifi } level=4 combinedSignalIconId=0x7f020553/com.android.systemui:drawable/stat_sys_wifi_signal_3 mobileLabel= wifiLabel="CU_d24p"xxxxXXXXxxxxXXXX emergencyOnly=true combinedLabel="CU_d24p"xxxxXXXXxxxxXXXX mAirplaneMode=false mDataActivity=0 mPhoneSignalIconId=0x7f0204e9/com.android.systemui:drawable/stat_sys_signal_4 mQSPhoneSignalIconId=0x7f020148/com.android.systemui:drawable/ic_qs_signal_4 mDataDirectionIconId=0x0/(null) mDataSignalIconId=0x7f0204e9/com.android.systemui:drawable/stat_sys_signal_4 mDataTypeIconId=0x0/(null) mQSDataTypeIconId=0x0/(null) mNoSimIconId=0x0/(null) mWifiIconId=0x7f020553/com.android.systemui:drawable/stat_sys_wifi_signal_3 mQSWifiIconId=0x7f02015d/com.android.systemui:drawable/ic_qs_wifi_3 mWifiActivityIconId=0x7f020525/com.android.systemui:drawable/stat_sys_signal_in mBluetoothTetherIconId=0x10808f1/android:drawable/stat_sys_tether_bluetooth
08-09 23:37:55.664 D/STATUSBAR-WifiQuickSettingButton( 1180): onWifiSignalChanged enabled=true enabledDesc:"CU_d24p"
08-09 23:37:55.674 D/StatusBar.NetworkController( 1180): refreshSignalCluster - setNWBoosterIndicators(false)
08-09 23:37:55.674 D/StatusBar.NetworkController( 1180): applyCHN
08-09 23:37:55.694 D/StatusBar.NetworkController( 1180): refreshSignalCluster - setNWBoosterIndicators(false)
08-09 23:37:55.694 D/StatusBar.NetworkController( 1180): applyCHN
08-09 23:37:55.694 D/StatusBar.NetworkController( 1180): refreshSignalCluster - setNWBoosterIndicators(false)
08-09 23:37:55.694 D/StatusBar.NetworkController( 1180): applyCHN
08-09 23:37:55.704 D/StatusBar.NetworkController( 1180): refreshSignalCluster - setNWBoosterIndicators(false)
08-09 23:37:55.704 D/StatusBar.NetworkController( 1180): applyCHN
08-09 23:37:55.954 E/WifiStateMachine(  933): WifiStateMachine CMD_START_SCAN source 10015 txSuccessRate=0.00 rxSuccessRate=1.38 targetRoamBSSID=88:3f:d3:3f:82:d0 RSSI=-67
08-09 23:37:55.954 I/wpa_supplicant( 1157): wlan0: Setting scan request: 0 sec 0 usec
08-09 23:37:55.954 I/wpa_supplicant( 1157): P2P: Current p2p state = IDLE
08-09 23:37:55.954 D/WifiService(  933): startScan by pid=1373, uid=10015
08-09 23:37:55.974 I/wpa_supplicant( 1157): Scan requested (ret=0) - scan timeout 30 seconds
08-09 23:37:56.214 E/SMD     (  283): DCD ON
08-09 23:37:56.694 D/StatusBar.NetworkController( 1180): refreshViews connected={ wifi } level=4 combinedSignalIconId=0x7f020553/com.android.systemui:drawable/stat_sys_wifi_signal_3 mobileLabel= wifiLabel="CU_d24p"xxxxXXXXxxxxXXXX emergencyOnly=true combinedLabel="CU_d24p"xxxxXXXXxxxxXXXX mAirplaneMode=false mDataActivity=0 mPhoneSignalIconId=0x7f0204e9/com.android.systemui:drawable/stat_sys_signal_4 mQSPhoneSignalIconId=0x7f020148/com.android.systemui:drawable/ic_qs_signal_4 mDataDirectionIconId=0x0/(null) mDataSignalIconId=0x7f0204e9/com.android.systemui:drawable/stat_sys_signal_4 mDataTypeIconId=0x0/(null) mQSDataTypeIconId=0x0/(null) mNoSimIconId=0x0/(null) mWifiIconId=0x7f020553/com.android.systemui:drawable/stat_sys_wifi_signal_3 mQSWifiIconId=0x7f02015d/com.android.systemui:drawable/ic_qs_wifi_3 mWifiActivityIconId=0x7f020529/com.android.systemui:drawable/stat_sys_signal_no_inout mBluetoothTetherIconId=0x10808f1/android:drawable/stat_sys_tether_bluetooth
08-09 23:37:56.694 D/STATUSBAR-WifiQuickSettingButton( 1180): onWifiSignalChanged enabled=true enabledDesc:"CU_d24p"
08-09 23:37:56.704 D/StatusBar.NetworkController( 1180): refreshSignalCluster - setNWBoosterIndicators(false)
08-09 23:37:56.704 D/StatusBar.NetworkController( 1180): applyCHN
08-09 23:37:56.724 D/StatusBar.NetworkController( 1180): refreshSignalCluster - setNWBoosterIndicators(false)
08-09 23:37:56.724 D/StatusBar.NetworkController( 1180): applyCHN
08-09 23:37:56.724 D/StatusBar.NetworkController( 1180): refreshSignalCluster - setNWBoosterIndicators(false)
08-09 23:37:56.724 D/StatusBar.NetworkController( 1180): applyCHN
08-09 23:37:56.724 D/StatusBar.NetworkController( 1180): refreshSignalCluster - setNWBoosterIndicators(false)
08-09 23:37:56.734 D/StatusBar.NetworkController( 1180): applyCHN
08-09 23:37:58.014 I/NLP     ( 1373): Location result:[location successful by Baidu], reason:[network location] locType=161
08-09 23:37:58.024 D/ConnectivityService(  933): returning getNetworkInfo(networkType - 1) :[type: WIFI[] - WIFI, state: CONNECTED/CONNECTED, reason: (unspecified), extra: "CU_d24p", roaming: false, failover: false, isAvailable: true, isConnectedToProvisioningNetwork: false]
08-09 23:37:58.034 W/NetworkLocation( 1373): BaiduNetworkLocationProvider1:BaiduNetworkLocationProvider1 : forceLocation: network provider not Enabled!
08-09 23:37:58.344 I/wpa_supplicant( 1157): nl80211: Received scan results (2 BSSes)
08-09 23:37:58.374 D/ActivityManager(  933): isDeviceAdminActiveApp false :com.android.systemui
08-09 23:37:58.374 D/ActivityManager(  933): isAutoRunBlockedApp:: com.android.systemui, Auto Run ON
08-09 23:37:59.224 E/SMD     (  283): DCD ON
08-09 23:37:59.544 D/SSRM:n  (  933): SIOP:: AP = 340, PST = 340, CUR = 450
08-09 23:37:59.784 E/Watchdog(  933): !@Sync 373
08-09 23:37:59.994 V/AlarmManager(  933): waitForAlarm result :8
08-09 23:38:00.004 D/KeyguardUpdateMonitor( 1180): received broadcast android.intent.action.TIME_TICK
08-09 23:38:00.004 D/KeyguardUpdateMonitor( 1180): handleTimeUpdate
08-09 23:38:00.004 D/KeyguardEffectViewController( 1180): onReceive action : android.intent.action.TIME_TICK
08-09 23:38:00.004 I/KeyguardEffectViewController( 1180): *** don't update sliding image ***
08-09 23:38:00.084 D/DateView( 1180): regionalDateFormat = 3333/11/22 isRTLlanguage = false returnDateFormat = MMMM d, E
08-09 23:38:00.094 D/DateView( 1180): regionalDateFormat = 3333/11/22 isRTLlanguage = false returnDateFormat = MMMM d, E
08-09 23:38:02.214 E/SMD     (  283): DCD ON
08-09 23:38:03.414 D/BatteryService(  933): !@BatteryListener : batteryPropertiesChanged!
08-09 23:38:03.414 D/BatteryService(  933): level:100, scale:100, status:5, health:2, present:true, voltage: 4317, temperature: 311, technology: Li-ion, AC powered:false, USB powered:true, Wireless powered:false, icon:17303724, invalid charger:0
08-09 23:38:03.414 D/BatteryService(  933): online:4, current avg:450, charge type:0, power sharing:false, high voltage charger:false, capacity:280000, current_now:450
08-09 23:38:03.414 D/BatteryService(  933): Sending ACTION_BATTERY_CHANGED.
08-09 23:38:03.424 D/KeyguardUpdateMonitor( 1180): received broadcast android.intent.action.BATTERY_CHANGED
08-09 23:38:03.424 D/KeyguardUpdateMonitor( 1180): handleBatteryUpdate
08-09 23:38:03.424 I/MotionRecognitionService(  933): Plugged
08-09 23:38:03.424 I/MotionRecognitionService(  933): setPowerConnected  = true
08-09 23:38:03.454 D/STATUSBAR-PhoneStatusBar( 1180):  mBrightnessEnablebySettings = true mBrightnessEnablebyBattery = true mBrightnessEnablebyDisableFlag = true mPmsBrightnessEnablebySettings = true
08-09 23:38:03.464 V/HeadsetService( 3806): HeadsetService - Received Intent.ACTION_BATTERY_CHANGED
08-09 23:38:03.464 D/HeadsetStateMachine( 3806): Disconnected process message: 10
08-09 23:38:03.474 D/BatteryMeterView( 1180): ACTION_BATTERY_CHANGED : level:100 status:5 health:2
08-09 23:38:03.474 D/BatteryMeterView( 1180): ACTION_BATTERY_CHANGED : level:100 status:5 health:2
08-09 23:38:03.474 D/BatteryMeterView( 1180): ACTION_BATTERY_CHANGED : level:100 status:5 health:2
08-09 23:38:03.764 D/StatusBar.NetworkController( 1180): refreshViews connected={ wifi } level=4 combinedSignalIconId=0x7f020553/com.android.systemui:drawable/stat_sys_wifi_signal_3 mobileLabel= wifiLabel="CU_d24p"xxxxXXXXxxxxXXXX emergencyOnly=true combinedLabel="CU_d24p"xxxxXXXXxxxxXXXX mAirplaneMode=false mDataActivity=0 mPhoneSignalIconId=0x7f0204e9/com.android.systemui:drawable/stat_sys_signal_4 mQSPhoneSignalIconId=0x7f020148/com.android.systemui:drawable/ic_qs_signal_4 mDataDirectionIconId=0x0/(null) mDataSignalIconId=0x7f0204e9/com.android.systemui:drawable/stat_sys_signal_4 mDataTypeIconId=0x0/(null) mQSDataTypeIconId=0x0/(null) mNoSimIconId=0x0/(null) mWifiIconId=0x7f020553/com.android.systemui:drawable/stat_sys_wifi_signal_3 mQSWifiIconId=0x7f02015d/com.android.systemui:drawable/ic_qs_wifi_3 mWifiActivityIconId=0x7f020527/com.android.systemui:drawable/stat_sys_signal_inout mBluetoothTetherIconId=0x10808f1/android:drawable/stat_sys_tether_bluetooth
08-09 23:38:03.764 D/STATUSBAR-WifiQuickSettingButton( 1180): onWifiSignalChanged enabled=true enabledDesc:"CU_d24p"
08-09 23:38:03.764 D/StatusBar.NetworkController( 1180): refreshSignalCluster - setNWBoosterIndicators(false)
08-09 23:38:03.774 D/StatusBar.NetworkController( 1180): applyCHN
08-09 23:38:03.784 D/StatusBar.NetworkController( 1180): refreshSignalCluster - setNWBoosterIndicators(false)
08-09 23:38:03.784 D/StatusBar.NetworkController( 1180): applyCHN
08-09 23:38:03.784 D/StatusBar.NetworkController( 1180): refreshSignalCluster - setNWBoosterIndicators(false)
08-09 23:38:03.784 D/StatusBar.NetworkController( 1180): applyCHN
08-09 23:38:03.794 D/StatusBar.NetworkController( 1180): refreshSignalCluster - setNWBoosterIndicators(false)
08-09 23:38:03.794 D/StatusBar.NetworkController( 1180): applyCHN
08-09 23:38:04.784 D/StatusBar.NetworkController( 1180): refreshViews connected={ wifi } level=4 combinedSignalIconId=0x7f020553/com.android.systemui:drawable/stat_sys_wifi_signal_3 mobileLabel= wifiLabel="CU_d24p"xxxxXXXXxxxxXXXX emergencyOnly=true combinedLabel="CU_d24p"xxxxXXXXxxxxXXXX mAirplaneMode=false mDataActivity=0 mPhoneSignalIconId=0x7f0204e9/com.android.systemui:drawable/stat_sys_signal_4 mQSPhoneSignalIconId=0x7f020148/com.android.systemui:drawable/ic_qs_signal_4 mDataDirectionIconId=0x0/(null) mDataSignalIconId=0x7f0204e9/com.android.systemui:drawable/stat_sys_signal_4 mDataTypeIconId=0x0/(null) mQSDataTypeIconId=0x0/(null) mNoSimIconId=0x0/(null) mWifiIconId=0x7f020553/com.android.systemui:drawable/stat_sys_wifi_signal_3 mQSWifiIconId=0x7f02015d/com.android.systemui:drawable/ic_qs_wifi_3 mWifiActivityIconId=0x7f020529/com.android.systemui:drawable/stat_sys_signal_no_inout mBluetoothTetherIconId=0x10808f1/android:drawable/stat_sys_tether_bluetooth
08-09 23:38:04.784 D/STATUSBAR-WifiQuickSettingButton( 1180): onWifiSignalChanged enabled=true enabledDesc:"CU_d24p"
08-09 23:38:04.794 D/StatusBar.NetworkController( 1180): refreshSignalCluster - setNWBoosterIndicators(false)
08-09 23:38:04.794 D/StatusBar.NetworkController( 1180): applyCHN
08-09 23:38:04.804 D/StatusBar.NetworkController( 1180): refreshSignalCluster - setNWBoosterIndicators(false)
08-09 23:38:04.804 D/StatusBar.NetworkController( 1180): applyCHN
08-09 23:38:04.814 D/StatusBar.NetworkController( 1180): refreshSignalCluster - setNWBoosterIndicators(false)
08-09 23:38:04.814 D/StatusBar.NetworkController( 1180): applyCHN
08-09 23:38:04.814 D/StatusBar.NetworkController( 1180): refreshSignalCluster - setNWBoosterIndicators(false)
08-09 23:38:04.814 D/StatusBar.NetworkController( 1180): applyCHN
08-09 23:38:05.224 E/SMD     (  283): DCD ON
08-09 23:38:05.994 D/WifiService(  933): startScan by pid=1373, uid=10015
08-09 23:38:05.994 E/WifiStateMachine(  933): WifiStateMachine CMD_START_SCAN source 10015 txSuccessRate=0.50 rxSuccessRate=1.17 targetRoamBSSID=88:3f:d3:3f:82:d0 RSSI=-68
08-09 23:38:05.994 I/wpa_supplicant( 1157): wlan0: Setting scan request: 0 sec 0 usec
08-09 23:38:05.994 I/wpa_supplicant( 1157): P2P: Current p2p state = IDLE
08-09 23:38:06.004 I/wpa_supplicant( 1157): Scan requested (ret=0) - scan timeout 30 seconds
08-09 23:38:08.064 I/NLP     ( 1373): Location result:[location successful by Baidu], reason:[network location] locType=161
08-09 23:38:08.064 W/NetworkLocation( 1373): BaiduNetworkLocationProvider1:BaiduNetworkLocationProvider1 : forceLocation: network provider not Enabled!
08-09 23:38:08.064 D/ConnectivityService(  933): returning getNetworkInfo(networkType - 1) :[type: WIFI[] - WIFI, state: CONNECTED/CONNECTED, reason: (unspecified), extra: "CU_d24p", roaming: false, failover: false, isAvailable: true, isConnectedToProvisioningNetwork: false]
08-09 23:38:08.214 E/SMD     (  283): DCD ON
08-09 23:38:08.364 I/wpa_supplicant( 1157): nl80211: Received scan results (2 BSSes)
08-09 23:38:08.414 D/ActivityManager(  933): isDeviceAdminActiveApp false :com.android.systemui
08-09 23:38:08.414 D/ActivityManager(  933): isAutoRunBlockedApp:: com.android.systemui, Auto Run ON
08-09 23:38:09.614 D/SSRM:n  (  933): SIOP:: AP = 340, PST = 340, CUR = 450
08-09 23:38:11.224 E/SMD     (  283): DCD ON
08-09 23:38:13.854 D/StatusBar.NetworkController( 1180): refreshViews connected={ wifi } level=4 combinedSignalIconId=0x7f020553/com.android.systemui:drawable/stat_sys_wifi_signal_3 mobileLabel= wifiLabel="CU_d24p"xxxxXXXXxxxxXXXX emergencyOnly=true combinedLabel="CU_d24p"xxxxXXXXxxxxXXXX mAirplaneMode=false mDataActivity=0 mPhoneSignalIconId=0x7f0204e9/com.android.systemui:drawable/stat_sys_signal_4 mQSPhoneSignalIconId=0x7f020148/com.android.systemui:drawable/ic_qs_signal_4 mDataDirectionIconId=0x0/(null) mDataSignalIconId=0x7f0204e9/com.android.systemui:drawable/stat_sys_signal_4 mDataTypeIconId=0x0/(null) mQSDataTypeIconId=0x0/(null) mNoSimIconId=0x0/(null) mWifiIconId=0x7f020553/com.android.systemui:drawable/stat_sys_wifi_signal_3 mQSWifiIconId=0x7f02015d/com.android.systemui:drawable/ic_qs_wifi_3 mWifiActivityIconId=0x7f020525/com.android.systemui:drawable/stat_sys_signal_in mBluetoothTetherIconId=0x10808f1/android:drawable/stat_sys_tether_bluetooth
08-09 23:38:13.854 D/STATUSBAR-WifiQuickSettingButton( 1180): onWifiSignalChanged enabled=true enabledDesc:"CU_d24p"
08-09 23:38:13.864 D/StatusBar.NetworkController( 1180): refreshSignalCluster - setNWBoosterIndicators(false)
08-09 23:38:13.864 D/StatusBar.NetworkController( 1180): applyCHN
08-09 23:38:13.874 D/StatusBar.NetworkController( 1180): refreshSignalCluster - setNWBoosterIndicators(false)
08-09 23:38:13.874 D/StatusBar.NetworkController( 1180): applyCHN
08-09 23:38:13.884 D/StatusBar.NetworkController( 1180): refreshSignalCluster - setNWBoosterIndicators(false)
08-09 23:38:13.884 D/StatusBar.NetworkController( 1180): applyCHN
08-09 23:38:13.884 D/StatusBar.NetworkController( 1180): refreshSignalCluster - setNWBoosterIndicators(false)
08-09 23:38:13.884 D/StatusBar.NetworkController( 1180): applyCHN
08-09 23:38:14.224 E/SMD     (  283): DCD ON
08-09 23:38:14.884 D/StatusBar.NetworkController( 1180): refreshViews connected={ wifi } level=4 combinedSignalIconId=0x7f020553/com.android.systemui:drawable/stat_sys_wifi_signal_3 mobileLabel= wifiLabel="CU_d24p"xxxxXXXXxxxxXXXX emergencyOnly=true combinedLabel="CU_d24p"xxxxXXXXxxxxXXXX mAirplaneMode=false mDataActivity=0 mPhoneSignalIconId=0x7f0204e9/com.android.systemui:drawable/stat_sys_signal_4 mQSPhoneSignalIconId=0x7f020148/com.android.systemui:drawable/ic_qs_signal_4 mDataDirectionIconId=0x0/(null) mDataSignalIconId=0x7f0204e9/com.android.systemui:drawable/stat_sys_signal_4 mDataTypeIconId=0x0/(null) mQSDataTypeIconId=0x0/(null) mNoSimIconId=0x0/(null) mWifiIconId=0x7f020553/com.android.systemui:drawable/stat_sys_wifi_signal_3 mQSWifiIconId=0x7f02015d/com.android.systemui:drawable/ic_qs_wifi_3 mWifiActivityIconId=0x7f020529/com.android.systemui:drawable/stat_sys_signal_no_inout mBluetoothTetherIconId=0x10808f1/android:drawable/stat_sys_tether_bluetooth
08-09 23:38:14.884 D/STATUSBAR-WifiQuickSettingButton( 1180): onWifiSignalChanged enabled=true enabledDesc:"CU_d24p"
08-09 23:38:14.884 D/StatusBar.NetworkController( 1180): refreshSignalCluster - setNWBoosterIndicators(false)
08-09 23:38:14.884 D/StatusBar.NetworkController( 1180): applyCHN
08-09 23:38:14.894 D/StatusBar.NetworkController( 1180): refreshSignalCluster - setNWBoosterIndicators(false)
08-09 23:38:14.904 D/StatusBar.NetworkController( 1180): applyCHN
08-09 23:38:14.904 D/StatusBar.NetworkController( 1180): refreshSignalCluster - setNWBoosterIndicators(false)
08-09 23:38:14.904 D/StatusBar.NetworkController( 1180): applyCHN
08-09 23:38:14.904 D/StatusBar.NetworkController( 1180): refreshSignalCluster - setNWBoosterIndicators(false)
08-09 23:38:14.904 D/StatusBar.NetworkController( 1180): applyCHN
08-09 23:38:15.994 D/WifiService(  933): startScan by pid=1373, uid=10015
08-09 23:38:15.994 E/WifiStateMachine(  933): WifiStateMachine CMD_START_SCAN source 10015 txSuccessRate=0.06 rxSuccessRate=1.15 targetRoamBSSID=88:3f:d3:3f:82:d0 RSSI=-70
08-09 23:38:15.994 I/wpa_supplicant( 1157): wlan0: Setting scan request: 0 sec 0 usec
08-09 23:38:15.994 I/wpa_supplicant( 1157): P2P: Current p2p state = IDLE
08-09 23:38:16.004 I/wpa_supplicant( 1157): Scan requested (ret=0) - scan timeout 30 seconds
08-09 23:38:17.234 E/SMD     (  283): DCD ON
08-09 23:38:17.924 D/StatusBar.NetworkController( 1180): refreshViews connected={ wifi } level=4 combinedSignalIconId=0x7f020553/com.android.systemui:drawable/stat_sys_wifi_signal_3 mobileLabel= wifiLabel="CU_d24p"xxxxXXXXxxxxXXXX emergencyOnly=true combinedLabel="CU_d24p"xxxxXXXXxxxxXXXX mAirplaneMode=false mDataActivity=0 mPhoneSignalIconId=0x7f0204e9/com.android.systemui:drawable/stat_sys_signal_4 mQSPhoneSignalIconId=0x7f020148/com.android.systemui:drawable/ic_qs_signal_4 mDataDirectionIconId=0x0/(null) mDataSignalIconId=0x7f0204e9/com.android.systemui:drawable/stat_sys_signal_4 mDataTypeIconId=0x0/(null) mQSDataTypeIconId=0x0/(null) mNoSimIconId=0x0/(null) mWifiIconId=0x7f020553/com.android.systemui:drawable/stat_sys_wifi_signal_3 mQSWifiIconId=0x7f02015d/com.android.systemui:drawable/ic_qs_wifi_3 mWifiActivityIconId=0x7f020525/com.android.systemui:drawable/stat_sys_signal_in mBluetoothTetherIconId=0x10808f1/android:drawable/stat_sys_tether_bluetooth
08-09 23:38:17.924 D/STATUSBAR-WifiQuickSettingButton( 1180): onWifiSignalChanged enabled=true enabledDesc:"CU_d24p"
08-09 23:38:17.924 D/StatusBar.NetworkController( 1180): refreshSignalCluster - setNWBoosterIndicators(false)
08-09 23:38:17.924 D/StatusBar.NetworkController( 1180): applyCHN
08-09 23:38:17.944 D/StatusBar.NetworkController( 1180): refreshSignalCluster - setNWBoosterIndicators(false)
08-09 23:38:17.944 D/StatusBar.NetworkController( 1180): applyCHN
08-09 23:38:17.944 D/StatusBar.NetworkController( 1180): refreshSignalCluster - setNWBoosterIndicators(false)
08-09 23:38:17.944 D/StatusBar.NetworkController( 1180): applyCHN
08-09 23:38:17.944 D/StatusBar.NetworkController( 1180): refreshSignalCluster - setNWBoosterIndicators(false)
08-09 23:38:17.944 D/StatusBar.NetworkController( 1180): applyCHN
08-09 23:38:18.024 I/NLP     ( 1373): Location result:[location successful by Baidu], reason:[network location] locType=161
08-09 23:38:18.034 W/NetworkLocation( 1373): BaiduNetworkLocationProvider1:BaiduNetworkLocationProvider1 : forceLocation: network provider not Enabled!
08-09 23:38:18.034 D/ConnectivityService(  933): returning getNetworkInfo(networkType - 1) :[type: WIFI[] - WIFI, state: CONNECTED/CONNECTED, reason: (unspecified), extra: "CU_d24p", roaming: false, failover: false, isAvailable: true, isConnectedToProvisioningNetwork: false]
08-09 23:38:18.374 I/wpa_supplicant( 1157): nl80211: Received scan results (2 BSSes)
08-09 23:38:18.414 D/ActivityManager(  933): isDeviceAdminActiveApp false :com.android.systemui
08-09 23:38:18.414 D/ActivityManager(  933): isAutoRunBlockedApp:: com.android.systemui, Auto Run ON
08-09 23:38:18.954 D/StatusBar.NetworkController( 1180): refreshViews connected={ wifi } level=4 combinedSignalIconId=0x7f020553/com.android.systemui:drawable/stat_sys_wifi_signal_3 mobileLabel= wifiLabel="CU_d24p"xxxxXXXXxxxxXXXX emergencyOnly=true combinedLabel="CU_d24p"xxxxXXXXxxxxXXXX mAirplaneMode=false mDataActivity=0 mPhoneSignalIconId=0x7f0204e9/com.android.systemui:drawable/stat_sys_signal_4 mQSPhoneSignalIconId=0x7f020148/com.android.systemui:drawable/ic_qs_signal_4 mDataDirectionIconId=0x0/(null) mDataSignalIconId=0x7f0204e9/com.android.systemui:drawable/stat_sys_signal_4 mDataTypeIconId=0x0/(null) mQSDataTypeIconId=0x0/(null) mNoSimIconId=0x0/(null) mWifiIconId=0x7f020553/com.android.systemui:drawable/stat_sys_wifi_signal_3 mQSWifiIconId=0x7f02015d/com.android.systemui:drawable/ic_qs_wifi_3 mWifiActivityIconId=0x7f020529/com.android.systemui:drawable/stat_sys_signal_no_inout mBluetoothTetherIconId=0x10808f1/android:drawable/stat_sys_tether_bluetooth
08-09 23:38:18.954 D/STATUSBAR-WifiQuickSettingButton( 1180): onWifiSignalChanged enabled=true enabledDesc:"CU_d24p"
08-09 23:38:18.954 D/StatusBar.NetworkController( 1180): refreshSignalCluster - setNWBoosterIndicators(false)
08-09 23:38:18.954 D/StatusBar.NetworkController( 1180): applyCHN
08-09 23:38:18.964 D/StatusBar.NetworkController( 1180): refreshSignalCluster - setNWBoosterIndicators(false)
08-09 23:38:18.974 D/StatusBar.NetworkController( 1180): applyCHN
08-09 23:38:18.974 D/StatusBar.NetworkController( 1180): refreshSignalCluster - setNWBoosterIndicators(false)
08-09 23:38:18.974 D/StatusBar.NetworkController( 1180): applyCHN
08-09 23:38:18.974 D/StatusBar.NetworkController( 1180): refreshSignalCluster - setNWBoosterIndicators(false)
08-09 23:38:18.974 D/StatusBar.NetworkController( 1180): applyCHN
08-09 23:38:19.684 D/SSRM:n  (  933): SIOP:: AP = 340, PST = 340, CUR = 450
08-09 23:38:20.234 E/SMD     (  283): DCD ON
08-09 23:38:23.234 E/SMD     (  283): DCD ON
08-09 23:38:26.014 D/StatusBar.NetworkController( 1180): refreshViews connected={ wifi } level=4 combinedSignalIconId=0x7f020553/com.android.systemui:drawable/stat_sys_wifi_signal_3 mobileLabel= wifiLabel="CU_d24p"xxxxXXXXxxxxXXXX emergencyOnly=true combinedLabel="CU_d24p"xxxxXXXXxxxxXXXX mAirplaneMode=false mDataActivity=0 mPhoneSignalIconId=0x7f0204e9/com.android.systemui:drawable/stat_sys_signal_4 mQSPhoneSignalIconId=0x7f020148/com.android.systemui:drawable/ic_qs_signal_4 mDataDirectionIconId=0x0/(null) mDataSignalIconId=0x7f0204e9/com.android.systemui:drawable/stat_sys_signal_4 mDataTypeIconId=0x0/(null) mQSDataTypeIconId=0x0/(null) mNoSimIconId=0x0/(null) mWifiIconId=0x7f020553/com.android.systemui:drawable/stat_sys_wifi_signal_3 mQSWifiIconId=0x7f02015d/com.android.systemui:drawable/ic_qs_wifi_3 mWifiActivityIconId=0x7f020525/com.android.systemui:drawable/stat_sys_signal_in mBluetoothTetherIconId=0x10808f1/android:drawable/stat_sys_tether_bluetooth
08-09 23:38:26.014 D/STATUSBAR-WifiQuickSettingButton( 1180): onWifiSignalChanged enabled=true enabledDesc:"CU_d24p"
08-09 23:38:26.014 D/StatusBar.NetworkController( 1180): refreshSignalCluster - setNWBoosterIndicators(false)
08-09 23:38:26.014 D/StatusBar.NetworkController( 1180): applyCHN
08-09 23:38:26.034 D/StatusBar.NetworkController( 1180): refreshSignalCluster - setNWBoosterIndicators(false)
08-09 23:38:26.034 D/StatusBar.NetworkController( 1180): applyCHN
08-09 23:38:26.044 D/StatusBar.NetworkController( 1180): refreshSignalCluster - setNWBoosterIndicators(false)
08-09 23:38:26.044 D/StatusBar.NetworkController( 1180): applyCHN
08-09 23:38:26.044 D/StatusBar.NetworkController( 1180): refreshSignalCluster - setNWBoosterIndicators(false)
08-09 23:38:26.044 D/StatusBar.NetworkController( 1180): applyCHN
08-09 23:38:26.074 E/WifiStateMachine(  933): WifiStateMachine CMD_START_SCAN source 10015 txSuccessRate=0.00 rxSuccessRate=0.32 targetRoamBSSID=88:3f:d3:3f:82:d0 RSSI=-65
08-09 23:38:26.074 I/wpa_supplicant( 1157): wlan0: Setting scan request: 0 sec 0 usec
08-09 23:38:26.074 I/wpa_supplicant( 1157): P2P: Current p2p state = IDLE
08-09 23:38:26.074 D/WifiService(  933): startScan by pid=1373, uid=10015
08-09 23:38:26.084 I/wpa_supplicant( 1157): Scan requested (ret=0) - scan timeout 30 seconds
08-09 23:38:26.224 E/SMD     (  283): DCD ON
08-09 23:38:27.044 D/StatusBar.NetworkController( 1180): refreshViews connected={ wifi } level=4 combinedSignalIconId=0x7f020553/com.android.systemui:drawable/stat_sys_wifi_signal_3 mobileLabel= wifiLabel="CU_d24p"xxxxXXXXxxxxXXXX emergencyOnly=true combinedLabel="CU_d24p"xxxxXXXXxxxxXXXX mAirplaneMode=false mDataActivity=0 mPhoneSignalIconId=0x7f0204e9/com.android.systemui:drawable/stat_sys_signal_4 mQSPhoneSignalIconId=0x7f020148/com.android.systemui:drawable/ic_qs_signal_4 mDataDirectionIconId=0x0/(null) mDataSignalIconId=0x7f0204e9/com.android.systemui:drawable/stat_sys_signal_4 mDataTypeIconId=0x0/(null) mQSDataTypeIconId=0x0/(null) mNoSimIconId=0x0/(null) mWifiIconId=0x7f020553/com.android.systemui:drawable/stat_sys_wifi_signal_3 mQSWifiIconId=0x7f02015d/com.android.systemui:drawable/ic_qs_wifi_3 mWifiActivityIconId=0x7f020529/com.android.systemui:drawable/stat_sys_signal_no_inout mBluetoothTetherIconId=0x10808f1/android:drawable/stat_sys_tether_bluetooth
08-09 23:38:27.044 D/STATUSBAR-WifiQuickSettingButton( 1180): onWifiSignalChanged enabled=true enabledDesc:"CU_d24p"
08-09 23:38:27.054 D/StatusBar.NetworkController( 1180): refreshSignalCluster - setNWBoosterIndicators(false)
08-09 23:38:27.054 D/StatusBar.NetworkController( 1180): applyCHN
08-09 23:38:27.064 D/StatusBar.NetworkController( 1180): refreshSignalCluster - setNWBoosterIndicators(false)
08-09 23:38:27.074 D/StatusBar.NetworkController( 1180): applyCHN
08-09 23:38:27.074 D/StatusBar.NetworkController( 1180): refreshSignalCluster - setNWBoosterIndicators(false)
08-09 23:38:27.074 D/StatusBar.NetworkController( 1180): applyCHN
08-09 23:38:27.074 D/StatusBar.NetworkController( 1180): refreshSignalCluster - setNWBoosterIndicators(false)
08-09 23:38:27.074 D/StatusBar.NetworkController( 1180): applyCHN
08-09 23:38:28.124 I/NLP     ( 1373): Location result:[location successful by Baidu], reason:[network location] locType=161
08-09 23:38:28.124 W/NetworkLocation( 1373): BaiduNetworkLocationProvider1:BaiduNetworkLocationProvider1 : forceLocation: network provider not Enabled!
08-09 23:38:28.134 D/ConnectivityService(  933): returning getNetworkInfo(networkType - 1) :[type: WIFI[] - WIFI, state: CONNECTED/CONNECTED, reason: (unspecified), extra: "CU_d24p", roaming: false, failover: false, isAvailable: true, isConnectedToProvisioningNetwork: false]
08-09 23:38:28.434 I/wpa_supplicant( 1157): nl80211: Received scan results (2 BSSes)
08-09 23:38:28.484 D/ActivityManager(  933): isDeviceAdminActiveApp false :com.android.systemui
08-09 23:38:28.484 D/ActivityManager(  933): isAutoRunBlockedApp:: com.android.systemui, Auto Run ON
08-09 23:38:29.234 E/SMD     (  283): DCD ON
08-09 23:38:29.734 D/SSRM:n  (  933): SIOP:: AP = 340, PST = 340, CUR = 450
08-09 23:38:29.774 E/Watchdog(  933): !@Sync 374
08-09 23:38:32.224 E/SMD     (  283): DCD ON
08-09 23:38:33.474 D/BatteryService(  933): !@BatteryListener : batteryPropertiesChanged!
08-09 23:38:33.474 D/BatteryService(  933): level:100, scale:100, status:5, health:2, present:true, voltage: 4316, temperature: 311, technology: Li-ion, AC powered:false, USB powered:true, Wireless powered:false, icon:17303724, invalid charger:0
08-09 23:38:33.474 D/BatteryService(  933): online:4, current avg:450, charge type:0, power sharing:false, high voltage charger:false, capacity:280000, current_now:450
08-09 23:38:33.474 D/BatteryService(  933): Sending ACTION_BATTERY_CHANGED.
08-09 23:38:33.484 D/KeyguardUpdateMonitor( 1180): received broadcast android.intent.action.BATTERY_CHANGED
08-09 23:38:33.484 D/KeyguardUpdateMonitor( 1180): handleBatteryUpdate
08-09 23:38:33.484 I/MotionRecognitionService(  933): Plugged
08-09 23:38:33.484 I/MotionRecognitionService(  933): setPowerConnected  = true
08-09 23:38:33.514 D/STATUSBAR-PhoneStatusBar( 1180):  mBrightnessEnablebySettings = true mBrightnessEnablebyBattery = true mBrightnessEnablebyDisableFlag = true mPmsBrightnessEnablebySettings = true
08-09 23:38:33.524 V/HeadsetService( 3806): HeadsetService - Received Intent.ACTION_BATTERY_CHANGED
08-09 23:38:33.524 D/HeadsetStateMachine( 3806): Disconnected process message: 10
08-09 23:38:33.534 D/BatteryMeterView( 1180): ACTION_BATTERY_CHANGED : level:100 status:5 health:2
08-09 23:38:33.534 D/BatteryMeterView( 1180): ACTION_BATTERY_CHANGED : level:100 status:5 health:2
08-09 23:38:33.534 D/BatteryMeterView( 1180): ACTION_BATTERY_CHANGED : level:100 status:5 health:2
08-09 23:38:35.234 E/SMD     (  283): DCD ON
08-09 23:38:36.074 E/WifiStateMachine(  933): WifiStateMachine CMD_START_SCAN source 10015 txSuccessRate=0.00 rxSuccessRate=0.17 targetRoamBSSID=88:3f:d3:3f:82:d0 RSSI=-69
08-09 23:38:36.074 D/WifiService(  933): startScan by pid=1373, uid=10015
08-09 23:38:36.084 I/wpa_supplicant( 1157): wlan0: Setting scan request: 0 sec 0 usec
08-09 23:38:36.084 I/wpa_supplicant( 1157): P2P: Current p2p state = IDLE
08-09 23:38:36.094 I/wpa_supplicant( 1157): Scan requested (ret=0) - scan timeout 30 seconds
08-09 23:38:38.164 I/NLP     ( 1373): Location result:[location successful by Baidu], reason:[network location] locType=161
08-09 23:38:38.164 W/NetworkLocation( 1373): BaiduNetworkLocationProvider1:BaiduNetworkLocationProvider1 : forceLocation: network provider not Enabled!
08-09 23:38:38.164 D/ConnectivityService(  933): returning getNetworkInfo(networkType - 1) :[type: WIFI[] - WIFI, state: CONNECTED/CONNECTED, reason: (unspecified), extra: "CU_d24p", roaming: false, failover: false, isAvailable: true, isConnectedToProvisioningNetwork: false]
08-09 23:38:38.234 E/SMD     (  283): DCD ON
08-09 23:38:38.464 I/wpa_supplicant( 1157): nl80211: Received scan results (2 BSSes)
08-09 23:38:38.514 D/ActivityManager(  933): isDeviceAdminActiveApp false :com.android.systemui
08-09 23:38:38.514 D/ActivityManager(  933): isAutoRunBlockedApp:: com.android.systemui, Auto Run ON
08-09 23:38:39.794 D/SSRM:n  (  933): SIOP:: AP = 340, PST = 340, CUR = 450
08-09 23:38:41.234 E/SMD     (  283): DCD ON
08-09 23:38:44.234 E/SMD     (  283): DCD ON
08-09 23:38:46.094 D/WifiService(  933): startScan by pid=1373, uid=10015
08-09 23:38:46.094 E/WifiStateMachine(  933): WifiStateMachine CMD_START_SCAN source 10015 txSuccessRate=0.00 rxSuccessRate=0.02 targetRoamBSSID=88:3f:d3:3f:82:d0 RSSI=-68
08-09 23:38:46.094 I/wpa_supplicant( 1157): wlan0: Setting scan request: 0 sec 0 usec
08-09 23:38:46.094 I/wpa_supplicant( 1157): P2P: Current p2p state = IDLE
08-09 23:38:46.114 I/wpa_supplicant( 1157): Scan requested (ret=0) - scan timeout 30 seconds
08-09 23:38:47.234 E/SMD     (  283): DCD ON
08-09 23:38:48.154 I/NLP     ( 1373): Location result:[location successful by Baidu], reason:[network location] locType=161
08-09 23:38:48.154 W/NetworkLocation( 1373): BaiduNetworkLocationProvider1:BaiduNetworkLocationProvider1 : forceLocation: network provider not Enabled!
08-09 23:38:48.154 D/ConnectivityService(  933): returning getNetworkInfo(networkType - 1) :[type: WIFI[] - WIFI, state: CONNECTED/CONNECTED, reason: (unspecified), extra: "CU_d24p", roaming: false, failover: false, isAvailable: true, isConnectedToProvisioningNetwork: false]
08-09 23:38:48.464 I/wpa_supplicant( 1157): nl80211: Received scan results (2 BSSes)
08-09 23:38:48.504 D/ActivityManager(  933): isDeviceAdminActiveApp false :com.android.systemui
08-09 23:38:48.514 D/ActivityManager(  933): isAutoRunBlockedApp:: com.android.systemui, Auto Run ON
08-09 23:38:49.884 D/SSRM:n  (  933): SIOP:: AP = 340, PST = 340, CUR = 450
08-09 23:38:50.234 E/SMD     (  283): DCD ON
08-09 23:38:53.234 E/SMD     (  283): DCD ON
08-09 23:38:56.114 E/WifiStateMachine(  933): WifiStateMachine CMD_START_SCAN source 10015 txSuccessRate=0.00 rxSuccessRate=0.00 targetRoamBSSID=88:3f:d3:3f:82:d0 RSSI=-68
08-09 23:38:56.114 I/wpa_supplicant( 1157): wlan0: Setting scan request: 0 sec 0 usec
08-09 23:38:56.114 I/wpa_supplicant( 1157): P2P: Current p2p state = IDLE
08-09 23:38:56.114 D/WifiService(  933): startScan by pid=1373, uid=10015
08-09 23:38:56.134 I/wpa_supplicant( 1157): Scan requested (ret=0) - scan timeout 30 seconds
08-09 23:38:56.234 E/SMD     (  283): DCD ON
08-09 23:38:58.164 I/NLP     ( 1373): Location result:[location successful by Baidu], reason:[network location] locType=161
08-09 23:38:58.174 W/NetworkLocation( 1373): BaiduNetworkLocationProvider1:BaiduNetworkLocationProvider1 : forceLocation: network provider not Enabled!
08-09 23:38:58.174 D/ConnectivityService(  933): returning getNetworkInfo(networkType - 1) :[type: WIFI[] - WIFI, state: CONNECTED/CONNECTED, reason: (unspecified), extra: "CU_d24p", roaming: false, failover: false, isAvailable: true, isConnectedToProvisioningNetwork: false]
08-09 23:38:58.494 I/wpa_supplicant( 1157): nl80211: Received scan results (2 BSSes)
08-09 23:38:58.524 D/ActivityManager(  933): isDeviceAdminActiveApp false :com.android.systemui
08-09 23:38:58.524 D/ActivityManager(  933): isAutoRunBlockedApp:: com.android.systemui, Auto Run ON
08-09 23:38:59.244 E/SMD     (  283): DCD ON
08-09 23:38:59.784 E/Watchdog(  933): !@Sync 375
08-09 23:38:59.934 D/SSRM:n  (  933): SIOP:: AP = 340, PST = 340, CUR = 450
08-09 23:38:59.994 V/AlarmManager(  933): waitForAlarm result :8
08-09 23:39:00.004 D/KeyguardUpdateMonitor( 1180): received broadcast android.intent.action.TIME_TICK
08-09 23:39:00.004 D/KeyguardUpdateMonitor( 1180): handleTimeUpdate
08-09 23:39:00.004 D/KeyguardEffectViewController( 1180): onReceive action : android.intent.action.TIME_TICK
08-09 23:39:00.004 I/KeyguardEffectViewController( 1180): *** don't update sliding image ***
08-09 23:39:00.084 D/DateView( 1180): regionalDateFormat = 3333/11/22 isRTLlanguage = false returnDateFormat = MMMM d, E
08-09 23:39:00.084 D/DateView( 1180): regionalDateFormat = 3333/11/22 isRTLlanguage = false returnDateFormat = MMMM d, E
08-09 23:39:02.244 E/SMD     (  283): DCD ON
08-09 23:39:03.534 D/BatteryService(  933): !@BatteryListener : batteryPropertiesChanged!
08-09 23:39:03.534 D/BatteryService(  933): level:100, scale:100, status:5, health:2, present:true, voltage: 4318, temperature: 311, technology: Li-ion, AC powered:false, USB powered:true, Wireless powered:false, icon:17303724, invalid charger:0
08-09 23:39:03.534 D/BatteryService(  933): online:4, current avg:450, charge type:0, power sharing:false, high voltage charger:false, capacity:280000, current_now:450
08-09 23:39:03.534 D/BatteryService(  933): Sending ACTION_BATTERY_CHANGED.
08-09 23:39:03.544 D/KeyguardUpdateMonitor( 1180): received broadcast android.intent.action.BATTERY_CHANGED
08-09 23:39:03.544 D/KeyguardUpdateMonitor( 1180): handleBatteryUpdate
08-09 23:39:03.544 I/MotionRecognitionService(  933): Plugged
08-09 23:39:03.544 I/MotionRecognitionService(  933): setPowerConnected  = true
08-09 23:39:03.574 D/STATUSBAR-PhoneStatusBar( 1180):  mBrightnessEnablebySettings = true mBrightnessEnablebyBattery = true mBrightnessEnablebyDisableFlag = true mPmsBrightnessEnablebySettings = true
08-09 23:39:03.584 V/HeadsetService( 3806): HeadsetService - Received Intent.ACTION_BATTERY_CHANGED
08-09 23:39:03.584 D/HeadsetStateMachine( 3806): Disconnected process message: 10
08-09 23:39:03.594 D/BatteryMeterView( 1180): ACTION_BATTERY_CHANGED : level:100 status:5 health:2
08-09 23:39:03.594 D/BatteryMeterView( 1180): ACTION_BATTERY_CHANGED : level:100 status:5 health:2
08-09 23:39:03.594 D/BatteryMeterView( 1180): ACTION_BATTERY_CHANGED : level:100 status:5 health:2
08-09 23:39:04.534 D/ConnectivityService(  933): returning getActiveNetworkInfo :[type: WIFI[] - WIFI, state: CONNECTED/CONNECTED, reason: (unspecified), extra: "CU_d24p", roaming: false, failover: false, isAvailable: true, isConnectedToProvisioningNetwork: false]
08-09 23:39:04.534 D/ConnectivityService(  933): returning getNetworkInfo(networkType - 1) :[type: WIFI[] - WIFI, state: CONNECTED/CONNECTED, reason: (unspecified), extra: "CU_d24p", roaming: false, failover: false, isAvailable: true, isConnectedToProvisioningNetwork: false]
08-09 23:39:05.234 E/SMD     (  283): DCD ON
08-09 23:39:06.144 E/WifiStateMachine(  933): WifiStateMachine CMD_START_SCAN source 10015 txSuccessRate=0.00 rxSuccessRate=0.00 targetRoamBSSID=88:3f:d3:3f:82:d0 RSSI=-68
08-09 23:39:06.144 D/WifiService(  933): startScan by pid=1373, uid=10015
08-09 23:39:06.154 I/wpa_supplicant( 1157): wlan0: Setting scan request: 0 sec 0 usec
08-09 23:39:06.154 I/wpa_supplicant( 1157): P2P: Current p2p state = IDLE
08-09 23:39:06.164 I/wpa_supplicant( 1157): Scan requested (ret=0) - scan timeout 30 seconds
08-09 23:39:08.214 I/NLP     ( 1373): Location result:[location successful by Baidu], reason:[network location] locType=161
08-09 23:39:08.214 D/ConnectivityService(  933): returning getNetworkInfo(networkType - 1) :[type: WIFI[] - WIFI, state: CONNECTED/CONNECTED, reason: (unspecified), extra: "CU_d24p", roaming: false, failover: false, isAvailable: true, isConnectedToProvisioningNetwork: false]
08-09 23:39:08.224 W/NetworkLocation( 1373): BaiduNetworkLocationProvider1:BaiduNetworkLocationProvider1 : forceLocation: network provider not Enabled!
08-09 23:39:08.234 E/SMD     (  283): DCD ON
08-09 23:39:08.524 I/wpa_supplicant( 1157): nl80211: Received scan results (2 BSSes)
08-09 23:39:08.574 D/ActivityManager(  933): isDeviceAdminActiveApp false :com.android.systemui
08-09 23:39:08.574 D/ActivityManager(  933): isAutoRunBlockedApp:: com.android.systemui, Auto Run ON
08-09 23:39:09.984 D/SSRM:n  (  933): SIOP:: AP = 340, PST = 340, CUR = 450
08-09 23:39:11.244 E/SMD     (  283): DCD ON
08-09 23:39:13.324 D/StatusBar.NetworkController( 1180): refreshViews connected={ wifi } level=4 combinedSignalIconId=0x7f020553/com.android.systemui:drawable/stat_sys_wifi_signal_3 mobileLabel= wifiLabel="CU_d24p"xxxxXXXXxxxxXXXX emergencyOnly=true combinedLabel="CU_d24p"xxxxXXXXxxxxXXXX mAirplaneMode=false mDataActivity=0 mPhoneSignalIconId=0x7f0204e9/com.android.systemui:drawable/stat_sys_signal_4 mQSPhoneSignalIconId=0x7f020148/com.android.systemui:drawable/ic_qs_signal_4 mDataDirectionIconId=0x0/(null) mDataSignalIconId=0x7f0204e9/com.android.systemui:drawable/stat_sys_signal_4 mDataTypeIconId=0x0/(null) mQSDataTypeIconId=0x0/(null) mNoSimIconId=0x0/(null) mWifiIconId=0x7f020553/com.android.systemui:drawable/stat_sys_wifi_signal_3 mQSWifiIconId=0x7f02015d/com.android.systemui:drawable/ic_qs_wifi_3 mWifiActivityIconId=0x7f020527/com.android.systemui:drawable/stat_sys_signal_inout mBluetoothTetherIconId=0x10808f1/android:drawable/stat_sys_tether_bluetooth
08-09 23:39:13.324 D/STATUSBAR-WifiQuickSettingButton( 1180): onWifiSignalChanged enabled=true enabledDesc:"CU_d24p"
08-09 23:39:13.324 D/StatusBar.NetworkController( 1180): refreshSignalCluster - setNWBoosterIndicators(false)
08-09 23:39:13.324 D/StatusBar.NetworkController( 1180): applyCHN
08-09 23:39:13.344 D/StatusBar.NetworkController( 1180): refreshSignalCluster - setNWBoosterIndicators(false)
08-09 23:39:13.344 D/StatusBar.NetworkController( 1180): applyCHN
08-09 23:39:13.344 D/StatusBar.NetworkController( 1180): refreshSignalCluster - setNWBoosterIndicators(false)
08-09 23:39:13.344 D/StatusBar.NetworkController( 1180): applyCHN
08-09 23:39:13.344 D/StatusBar.NetworkController( 1180): refreshSignalCluster - setNWBoosterIndicators(false)
08-09 23:39:13.354 D/StatusBar.NetworkController( 1180): applyCHN
08-09 23:39:14.244 E/SMD     (  283): DCD ON
