08-10 10:33:37.031 D/StatusBar.NetworkController( 1180): refreshViews connected={ wifi } level=4 combinedSignalIconId=0x7f020553/com.android.systemui:drawable/stat_sys_wifi_signal_3 mobileLabel= wifiLabel="CU_d24p"xxxxXXXXxxxxXXXX emergencyOnly=true combinedLabel="CU_d24p"xxxxXXXXxxxxXXXX mAirplaneMode=false mDataActivity=0 mPhoneSignalIconId=0x7f0204e9/com.android.systemui:drawable/stat_sys_signal_4 mQSPhoneSignalIconId=0x7f020148/com.android.systemui:drawable/ic_qs_signal_4 mDataDirectionIconId=0x0/(null) mDataSignalIconId=0x7f0204e9/com.android.systemui:drawable/stat_sys_signal_4 mDataTypeIconId=0x0/(null) mQSDataTypeIconId=0x0/(null) mNoSimIconId=0x0/(null) mWifiIconId=0x7f020553/com.android.systemui:drawable/stat_sys_wifi_signal_3 mQSWifiIconId=0x7f02015d/com.android.systemui:drawable/ic_qs_wifi_3 mWifiActivityIconId=0x7f020527/com.android.systemui:drawable/stat_sys_signal_inout mBluetoothTetherIconId=0x10808f1/android:drawable/stat_sys_tether_bluetooth
08-10 10:33:37.031 D/STATUSBAR-WifiQuickSettingButton( 1180): onWifiSignalChanged enabled=true enabledDesc:"CU_d24p"
08-10 10:33:37.041 D/StatusBar.NetworkController( 1180): refreshSignalCluster - setNWBoosterIndicators(false)
08-10 10:33:37.041 D/StatusBar.NetworkController( 1180): applyCHN
08-10 10:33:37.051 D/StatusBar.NetworkController( 1180): refreshSignalCluster - setNWBoosterIndicators(false)
08-10 10:33:37.051 D/StatusBar.NetworkController( 1180): applyCHN
08-10 10:33:37.061 D/StatusBar.NetworkController( 1180): refreshSignalCluster - setNWBoosterIndicators(false)
08-10 10:33:37.061 D/StatusBar.NetworkController( 1180): applyCHN
08-10 10:33:37.061 D/StatusBar.NetworkController( 1180): refreshSignalCluster - setNWBoosterIndicators(false)
08-10 10:33:37.061 D/StatusBar.NetworkController( 1180): applyCHN
08-10 10:33:38.061 D/StatusBar.NetworkController( 1180): refreshViews connected={ wifi } level=4 combinedSignalIconId=0x7f020553/com.android.systemui:drawable/stat_sys_wifi_signal_3 mobileLabel= wifiLabel="CU_d24p"xxxxXXXXxxxxXXXX emergencyOnly=true combinedLabel="CU_d24p"xxxxXXXXxxxxXXXX mAirplaneMode=false mDataActivity=0 mPhoneSignalIconId=0x7f0204e9/com.android.systemui:drawable/stat_sys_signal_4 mQSPhoneSignalIconId=0x7f020148/com.android.systemui:drawable/ic_qs_signal_4 mDataDirectionIconId=0x0/(null) mDataSignalIconId=0x7f0204e9/com.android.systemui:drawable/stat_sys_signal_4 mDataTypeIconId=0x0/(null) mQSDataTypeIconId=0x0/(null) mNoSimIconId=0x0/(null) mWifiIconId=0x7f020553/com.android.systemui:drawable/stat_sys_wifi_signal_3 mQSWifiIconId=0x7f02015d/com.android.systemui:drawable/ic_qs_wifi_3 mWifiActivityIconId=0x7f020529/com.android.systemui:drawable/stat_sys_signal_no_inout mBluetoothTetherIconId=0x10808f1/android:drawable/stat_sys_tether_bluetooth
08-10 10:33:38.061 D/STATUSBAR-WifiQuickSettingButton( 1180): onWifiSignalChanged enabled=true enabledDesc:"CU_d24p"
08-10 10:33:38.071 D/StatusBar.NetworkController( 1180): refreshSignalCluster - setNWBoosterIndicators(false)
08-10 10:33:38.071 D/StatusBar.NetworkController( 1180): applyCHN
08-10 10:33:38.081 D/StatusBar.NetworkController( 1180): refreshSignalCluster - setNWBoosterIndicators(false)
08-10 10:33:38.081 D/StatusBar.NetworkController( 1180): applyCHN
08-10 10:33:38.091 D/StatusBar.NetworkController( 1180): refreshSignalCluster - setNWBoosterIndicators(false)
08-10 10:33:38.091 D/StatusBar.NetworkController( 1180): applyCHN
08-10 10:33:38.091 D/StatusBar.NetworkController( 1180): refreshSignalCluster - setNWBoosterIndicators(false)
08-10 10:33:38.091 D/StatusBar.NetworkController( 1180): applyCHN
08-10 10:33:39.091 D/WifiService(  933): startScan by pid=1373, uid=10015
08-10 10:33:39.101 E/WifiStateMachine(  933): WifiStateMachine CMD_START_SCAN source 10015 txSuccessRate=2.02 rxSuccessRate=1.13 targetRoamBSSID=88:3f:d3:3f:82:d0 RSSI=-74
08-10 10:33:39.101 I/wpa_supplicant( 1157): wlan0: Setting scan request: 0 sec 0 usec
08-10 10:33:39.101 I/wpa_supplicant( 1157): P2P: Current p2p state = IDLE
08-10 10:33:39.111 I/wpa_supplicant( 1157): Scan requested (ret=0) - scan timeout 30 seconds
08-10 10:33:39.281 E/SMD     (  283): DCD ON
08-10 10:33:40.101 D/StatusBar.NetworkController( 1180): refreshViews connected={ wifi } level=4 combinedSignalIconId=0x7f020553/com.android.systemui:drawable/stat_sys_wifi_signal_3 mobileLabel= wifiLabel="CU_d24p"xxxxXXXXxxxxXXXX emergencyOnly=true combinedLabel="CU_d24p"xxxxXXXXxxxxXXXX mAirplaneMode=false mDataActivity=0 mPhoneSignalIconId=0x7f0204e9/com.android.systemui:drawable/stat_sys_signal_4 mQSPhoneSignalIconId=0x7f020148/com.android.systemui:drawable/ic_qs_signal_4 mDataDirectionIconId=0x0/(null) mDataSignalIconId=0x7f0204e9/com.android.systemui:drawable/stat_sys_signal_4 mDataTypeIconId=0x0/(null) mQSDataTypeIconId=0x0/(null) mNoSimIconId=0x0/(null) mWifiIconId=0x7f020553/com.android.systemui:drawable/stat_sys_wifi_signal_3 mQSWifiIconId=0x7f02015d/com.android.systemui:drawable/ic_qs_wifi_3 mWifiActivityIconId=0x7f020525/com.android.systemui:drawable/stat_sys_signal_in mBluetoothTetherIconId=0x10808f1/android:drawable/stat_sys_tether_bluetooth
08-10 10:33:40.101 D/STATUSBAR-WifiQuickSettingButton( 1180): onWifiSignalChanged enabled=true enabledDesc:"CU_d24p"
08-10 10:33:40.101 D/StatusBar.NetworkController( 1180): refreshSignalCluster - setNWBoosterIndicators(false)
08-10 10:33:40.101 D/StatusBar.NetworkController( 1180): applyCHN
08-10 10:33:40.121 D/StatusBar.NetworkController( 1180): refreshSignalCluster - setNWBoosterIndicators(false)
08-10 10:33:40.121 D/StatusBar.NetworkController( 1180): applyCHN
08-10 10:33:40.121 D/StatusBar.NetworkController( 1180): refreshSignalCluster - setNWBoosterIndicators(false)
08-10 10:33:40.121 D/StatusBar.NetworkController( 1180): applyCHN
08-10 10:33:40.131 D/StatusBar.NetworkController( 1180): refreshSignalCluster - setNWBoosterIndicators(false)
08-10 10:33:40.131 D/StatusBar.NetworkController( 1180): applyCHN
08-10 10:33:40.711 D/BatteryService(  933): !@BatteryListener : batteryPropertiesChanged!
08-10 10:33:40.711 D/BatteryService(  933): level:90, scale:100, status:2, health:2, present:true, voltage: 4240, temperature: 316, technology: Li-ion, AC powered:false, USB powered:true, Wireless powered:false, icon:17303724, invalid charger:0
08-10 10:33:40.711 D/BatteryService(  933): online:4, current avg:450, charge type:1, power sharing:false, high voltage charger:false, capacity:280000, current_now:450
08-10 10:33:40.711 D/BatteryService(  933): Sending ACTION_BATTERY_CHANGED.
08-10 10:33:40.721 D/KeyguardUpdateMonitor( 1180): received broadcast android.intent.action.BATTERY_CHANGED
08-10 10:33:40.721 D/KeyguardUpdateMonitor( 1180): handleBatteryUpdate
08-10 10:33:40.721 I/MotionRecognitionService(  933): Plugged
08-10 10:33:40.721 I/MotionRecognitionService(  933): setPowerConnected  = true
08-10 10:33:40.741 D/STATUSBAR-PhoneStatusBar( 1180):  mBrightnessEnablebySettings = true mBrightnessEnablebyBattery = true mBrightnessEnablebyDisableFlag = true mPmsBrightnessEnablebySettings = true
08-10 10:33:40.751 V/HeadsetService( 3806): HeadsetService - Received Intent.ACTION_BATTERY_CHANGED
08-10 10:33:40.751 D/HeadsetStateMachine( 3806): Disconnected process message: 10
08-10 10:33:40.761 D/BatteryMeterView( 1180): ACTION_BATTERY_CHANGED : level:90 status:2 health:2
08-10 10:33:40.761 D/BatteryMeterView( 1180): ACTION_BATTERY_CHANGED : level:90 status:2 health:2
08-10 10:33:40.761 D/BatteryMeterView( 1180): ACTION_BATTERY_CHANGED : level:90 status:2 health:2
08-10 10:33:41.131 D/StatusBar.NetworkController( 1180): refreshViews connected={ wifi } level=4 combinedSignalIconId=0x7f020553/com.android.systemui:drawable/stat_sys_wifi_signal_3 mobileLabel= wifiLabel="CU_d24p"xxxxXXXXxxxxXXXX emergencyOnly=true combinedLabel="CU_d24p"xxxxXXXXxxxxXXXX mAirplaneMode=false mDataActivity=0 mPhoneSignalIconId=0x7f0204e9/com.android.systemui:drawable/stat_sys_signal_4 mQSPhoneSignalIconId=0x7f020148/com.android.systemui:drawable/ic_qs_signal_4 mDataDirectionIconId=0x0/(null) mDataSignalIconId=0x7f0204e9/com.android.systemui:drawable/stat_sys_signal_4 mDataTypeIconId=0x0/(null) mQSDataTypeIconId=0x0/(null) mNoSimIconId=0x0/(null) mWifiIconId=0x7f020553/com.android.systemui:drawable/stat_sys_wifi_signal_3 mQSWifiIconId=0x7f02015d/com.android.systemui:drawable/ic_qs_wifi_3 mWifiActivityIconId=0x7f020529/com.android.systemui:drawable/stat_sys_signal_no_inout mBluetoothTetherIconId=0x10808f1/android:drawable/stat_sys_tether_bluetooth
08-10 10:33:41.131 D/STATUSBAR-WifiQuickSettingButton( 1180): onWifiSignalChanged enabled=true enabledDesc:"CU_d24p"
08-10 10:33:41.141 D/StatusBar.NetworkController( 1180): refreshSignalCluster - setNWBoosterIndicators(false)
08-10 10:33:41.141 D/StatusBar.NetworkController( 1180): applyCHN
08-10 10:33:41.151 D/StatusBar.NetworkController( 1180): refreshSignalCluster - setNWBoosterIndicators(false)
08-10 10:33:41.151 D/StatusBar.NetworkController( 1180): applyCHN
08-10 10:33:41.151 D/StatusBar.NetworkController( 1180): refreshSignalCluster - setNWBoosterIndicators(false)
08-10 10:33:41.161 D/StatusBar.NetworkController( 1180): applyCHN
08-10 10:33:41.161 D/StatusBar.NetworkController( 1180): refreshSignalCluster - setNWBoosterIndicators(false)
08-10 10:33:41.161 D/StatusBar.NetworkController( 1180): applyCHN
08-10 10:33:41.201 D/SSRM:n  (  933): SIOP:: AP = 350, PST = 350, CUR = 450
08-10 10:33:41.221 I/NLP     ( 1373): Location result:[location successful by Baidu], reason:[network location] locType=161
08-10 10:33:41.221 W/NetworkLocation( 1373): BaiduNetworkLocationProvider1:BaiduNetworkLocationProvider1 : forceLocation: network provider not Enabled!
08-10 10:33:41.221 D/ConnectivityService(  933): returning getNetworkInfo(networkType - 1) :[type: WIFI[] - WIFI, state: CONNECTED/CONNECTED, reason: (unspecified), extra: "CU_d24p", roaming: false, failover: false, isAvailable: true, isConnectedToProvisioningNetwork: false]
08-10 10:33:41.461 I/wpa_supplicant( 1157): nl80211: Received scan results (2 BSSes)
08-10 10:33:41.511 D/ActivityManager(  933): isDeviceAdminActiveApp false :com.android.systemui
08-10 10:33:41.511 D/ActivityManager(  933): isAutoRunBlockedApp:: com.android.systemui, Auto Run ON
08-10 10:33:42.141 D/StatusBar.NetworkController( 1180): refreshViews connected={ wifi } level=4 combinedSignalIconId=0x7f020553/com.android.systemui:drawable/stat_sys_wifi_signal_3 mobileLabel= wifiLabel="CU_d24p"xxxxXXXXxxxxXXXX emergencyOnly=true combinedLabel="CU_d24p"xxxxXXXXxxxxXXXX mAirplaneMode=false mDataActivity=0 mPhoneSignalIconId=0x7f0204e9/com.android.systemui:drawable/stat_sys_signal_4 mQSPhoneSignalIconId=0x7f020148/com.android.systemui:drawable/ic_qs_signal_4 mDataDirectionIconId=0x0/(null) mDataSignalIconId=0x7f0204e9/com.android.systemui:drawable/stat_sys_signal_4 mDataTypeIconId=0x0/(null) mQSDataTypeIconId=0x0/(null) mNoSimIconId=0x0/(null) mWifiIconId=0x7f020553/com.android.systemui:drawable/stat_sys_wifi_signal_3 mQSWifiIconId=0x7f02015d/com.android.systemui:drawable/ic_qs_wifi_3 mWifiActivityIconId=0x7f020527/com.android.systemui:drawable/stat_sys_signal_inout mBluetoothTetherIconId=0x10808f1/android:drawable/stat_sys_tether_bluetooth
08-10 10:33:42.141 D/STATUSBAR-WifiQuickSettingButton( 1180): onWifiSignalChanged enabled=true enabledDesc:"CU_d24p"
08-10 10:33:42.141 D/StatusBar.NetworkController( 1180): refreshSignalCluster - setNWBoosterIndicators(false)
08-10 10:33:42.151 D/StatusBar.NetworkController( 1180): applyCHN
08-10 10:33:42.161 D/StatusBar.NetworkController( 1180): refreshSignalCluster - setNWBoosterIndicators(false)
08-10 10:33:42.161 D/StatusBar.NetworkController( 1180): applyCHN
08-10 10:33:42.171 D/StatusBar.NetworkController( 1180): refreshSignalCluster - setNWBoosterIndicators(false)
08-10 10:33:42.171 D/StatusBar.NetworkController( 1180): applyCHN
08-10 10:33:42.171 D/StatusBar.NetworkController( 1180): refreshSignalCluster - setNWBoosterIndicators(false)
08-10 10:33:42.171 D/StatusBar.NetworkController( 1180): applyCHN
08-10 10:33:42.281 E/SMD     (  283): DCD ON
08-10 10:33:43.171 D/StatusBar.NetworkController( 1180): refreshViews connected={ wifi } level=4 combinedSignalIconId=0x7f020553/com.android.systemui:drawable/stat_sys_wifi_signal_3 mobileLabel= wifiLabel="CU_d24p"xxxxXXXXxxxxXXXX emergencyOnly=true combinedLabel="CU_d24p"xxxxXXXXxxxxXXXX mAirplaneMode=false mDataActivity=0 mPhoneSignalIconId=0x7f0204e9/com.android.systemui:drawable/stat_sys_signal_4 mQSPhoneSignalIconId=0x7f020148/com.android.systemui:drawable/ic_qs_signal_4 mDataDirectionIconId=0x0/(null) mDataSignalIconId=0x7f0204e9/com.android.systemui:drawable/stat_sys_signal_4 mDataTypeIconId=0x0/(null) mQSDataTypeIconId=0x0/(null) mNoSimIconId=0x0/(null) mWifiIconId=0x7f020553/com.android.systemui:drawable/stat_sys_wifi_signal_3 mQSWifiIconId=0x7f02015d/com.android.systemui:drawable/ic_qs_wifi_3 mWifiActivityIconId=0x7f020529/com.android.systemui:drawable/stat_sys_signal_no_inout mBluetoothTetherIconId=0x10808f1/android:drawable/stat_sys_tether_bluetooth
08-10 10:33:43.171 D/STATUSBAR-WifiQuickSettingButton( 1180): onWifiSignalChanged enabled=true enabledDesc:"CU_d24p"
08-10 10:33:43.171 D/StatusBar.NetworkController( 1180): refreshSignalCluster - setNWBoosterIndicators(false)
08-10 10:33:43.171 D/StatusBar.NetworkController( 1180): applyCHN
08-10 10:33:43.191 D/StatusBar.NetworkController( 1180): refreshSignalCluster - setNWBoosterIndicators(false)
08-10 10:33:43.191 D/StatusBar.NetworkController( 1180): applyCHN
08-10 10:33:43.191 D/StatusBar.NetworkController( 1180): refreshSignalCluster - setNWBoosterIndicators(false)
08-10 10:33:43.191 D/StatusBar.NetworkController( 1180): applyCHN
08-10 10:33:43.191 D/StatusBar.NetworkController( 1180): refreshSignalCluster - setNWBoosterIndicators(false)
08-10 10:33:43.201 D/StatusBar.NetworkController( 1180): applyCHN
08-10 10:33:43.401 E/Watchdog(  933): !@Sync 660
08-10 10:33:45.281 E/SMD     (  283): DCD ON
08-10 10:33:47.211 D/StatusBar.NetworkController( 1180): refreshViews connected={ wifi } level=4 combinedSignalIconId=0x7f020553/com.android.systemui:drawable/stat_sys_wifi_signal_3 mobileLabel= wifiLabel="CU_d24p"xxxxXXXXxxxxXXXX emergencyOnly=true combinedLabel="CU_d24p"xxxxXXXXxxxxXXXX mAirplaneMode=false mDataActivity=0 mPhoneSignalIconId=0x7f0204e9/com.android.systemui:drawable/stat_sys_signal_4 mQSPhoneSignalIconId=0x7f020148/com.android.systemui:drawable/ic_qs_signal_4 mDataDirectionIconId=0x0/(null) mDataSignalIconId=0x7f0204e9/com.android.systemui:drawable/stat_sys_signal_4 mDataTypeIconId=0x0/(null) mQSDataTypeIconId=0x0/(null) mNoSimIconId=0x0/(null) mWifiIconId=0x7f020553/com.android.systemui:drawable/stat_sys_wifi_signal_3 mQSWifiIconId=0x7f02015d/com.android.systemui:drawable/ic_qs_wifi_3 mWifiActivityIconId=0x7f020527/com.android.systemui:drawable/stat_sys_signal_inout mBluetoothTetherIconId=0x10808f1/android:drawable/stat_sys_tether_bluetooth
08-10 10:33:47.211 D/STATUSBAR-WifiQuickSettingButton( 1180): onWifiSignalChanged enabled=true enabledDesc:"CU_d24p"
08-10 10:33:47.221 D/StatusBar.NetworkController( 1180): refreshSignalCluster - setNWBoosterIndicators(false)
08-10 10:33:47.221 D/StatusBar.NetworkController( 1180): applyCHN
08-10 10:33:47.231 D/StatusBar.NetworkController( 1180): refreshSignalCluster - setNWBoosterIndicators(false)
08-10 10:33:47.231 D/StatusBar.NetworkController( 1180): applyCHN
08-10 10:33:47.241 D/StatusBar.NetworkController( 1180): refreshSignalCluster - setNWBoosterIndicators(false)
08-10 10:33:47.241 D/StatusBar.NetworkController( 1180): applyCHN
08-10 10:33:47.241 D/StatusBar.NetworkController( 1180): refreshSignalCluster - setNWBoosterIndicators(false)
08-10 10:33:47.241 D/StatusBar.NetworkController( 1180): applyCHN
08-10 10:33:48.241 D/StatusBar.NetworkController( 1180): refreshViews connected={ wifi } level=4 combinedSignalIconId=0x7f020553/com.android.systemui:drawable/stat_sys_wifi_signal_3 mobileLabel= wifiLabel="CU_d24p"xxxxXXXXxxxxXXXX emergencyOnly=true combinedLabel="CU_d24p"xxxxXXXXxxxxXXXX mAirplaneMode=false mDataActivity=0 mPhoneSignalIconId=0x7f0204e9/com.android.systemui:drawable/stat_sys_signal_4 mQSPhoneSignalIconId=0x7f020148/com.android.systemui:drawable/ic_qs_signal_4 mDataDirectionIconId=0x0/(null) mDataSignalIconId=0x7f0204e9/com.android.systemui:drawable/stat_sys_signal_4 mDataTypeIconId=0x0/(null) mQSDataTypeIconId=0x0/(null) mNoSimIconId=0x0/(null) mWifiIconId=0x7f020553/com.android.systemui:drawable/stat_sys_wifi_signal_3 mQSWifiIconId=0x7f02015d/com.android.systemui:drawable/ic_qs_wifi_3 mWifiActivityIconId=0x7f020529/com.android.systemui:drawable/stat_sys_signal_no_inout mBluetoothTetherIconId=0x10808f1/android:drawable/stat_sys_tether_bluetooth
08-10 10:33:48.241 D/STATUSBAR-WifiQuickSettingButton( 1180): onWifiSignalChanged enabled=true enabledDesc:"CU_d24p"
08-10 10:33:48.241 D/StatusBar.NetworkController( 1180): refreshSignalCluster - setNWBoosterIndicators(false)
08-10 10:33:48.251 D/StatusBar.NetworkController( 1180): applyCHN
08-10 10:33:48.261 D/StatusBar.NetworkController( 1180): refreshSignalCluster - setNWBoosterIndicators(false)
08-10 10:33:48.261 D/StatusBar.NetworkController( 1180): applyCHN
08-10 10:33:48.261 D/StatusBar.NetworkController( 1180): refreshSignalCluster - setNWBoosterIndicators(false)
08-10 10:33:48.271 D/StatusBar.NetworkController( 1180): applyCHN
08-10 10:33:48.271 D/StatusBar.NetworkController( 1180): refreshSignalCluster - setNWBoosterIndicators(false)
08-10 10:33:48.271 D/StatusBar.NetworkController( 1180): applyCHN
08-10 10:33:48.281 E/SMD     (  283): DCD ON
08-10 10:33:49.131 E/WifiStateMachine(  933): WifiStateMachine CMD_START_SCAN source 10015 txSuccessRate=1.75 rxSuccessRate=1.14 targetRoamBSSID=88:3f:d3:3f:82:d0 RSSI=-71
08-10 10:33:49.131 I/wpa_supplicant( 1157): wlan0: Setting scan request: 0 sec 0 usec
08-10 10:33:49.131 D/WifiService(  933): startScan by pid=1373, uid=10015
08-10 10:33:49.141 I/wpa_supplicant( 1157): P2P: Current p2p state = IDLE
08-10 10:33:49.151 I/wpa_supplicant( 1157): Scan requested (ret=0) - scan timeout 30 seconds
08-10 10:33:50.771 D/BatteryService(  933): !@BatteryListener : batteryPropertiesChanged!
08-10 10:33:50.771 D/BatteryService(  933): level:90, scale:100, status:2, health:2, present:true, voltage: 4236, temperature: 316, technology: Li-ion, AC powered:false, USB powered:true, Wireless powered:false, icon:17303724, invalid charger:0
08-10 10:33:50.771 D/BatteryService(  933): online:4, current avg:450, charge type:1, power sharing:false, high voltage charger:false, capacity:280000, current_now:450
08-10 10:33:50.771 D/BatteryService(  933): Sending ACTION_BATTERY_CHANGED.
08-10 10:33:50.781 D/KeyguardUpdateMonitor( 1180): received broadcast android.intent.action.BATTERY_CHANGED
08-10 10:33:50.781 D/KeyguardUpdateMonitor( 1180): handleBatteryUpdate
08-10 10:33:50.781 I/MotionRecognitionService(  933): Plugged
08-10 10:33:50.781 I/MotionRecognitionService(  933): setPowerConnected  = true
08-10 10:33:50.811 V/HeadsetService( 3806): HeadsetService - Received Intent.ACTION_BATTERY_CHANGED
08-10 10:33:50.811 D/HeadsetStateMachine( 3806): Disconnected process message: 10
08-10 10:33:50.811 D/STATUSBAR-PhoneStatusBar( 1180):  mBrightnessEnablebySettings = true mBrightnessEnablebyBattery = true mBrightnessEnablebyDisableFlag = true mPmsBrightnessEnablebySettings = true
08-10 10:33:50.821 D/BatteryMeterView( 1180): ACTION_BATTERY_CHANGED : level:90 status:2 health:2
08-10 10:33:50.821 D/BatteryMeterView( 1180): ACTION_BATTERY_CHANGED : level:90 status:2 health:2
08-10 10:33:50.821 D/BatteryMeterView( 1180): ACTION_BATTERY_CHANGED : level:90 status:2 health:2
08-10 10:33:51.191 I/NLP     ( 1373): Location result:[location successful by Baidu], reason:[network location] locType=161
08-10 10:33:51.201 W/NetworkLocation( 1373): BaiduNetworkLocationProvider1:BaiduNetworkLocationProvider1 : forceLocation: network provider not Enabled!
08-10 10:33:51.201 D/ConnectivityService(  933): returning getNetworkInfo(networkType - 1) :[type: WIFI[] - WIFI, state: CONNECTED/CONNECTED, reason: (unspecified), extra: "CU_d24p", roaming: false, failover: false, isAvailable: true, isConnectedToProvisioningNetwork: false]
08-10 10:33:51.231 D/SSRM:n  (  933): SIOP:: AP = 350, PST = 350, CUR = 450
08-10 10:33:51.291 D/StatusBar.NetworkController( 1180): refreshViews connected={ wifi } level=4 combinedSignalIconId=0x7f020553/com.android.systemui:drawable/stat_sys_wifi_signal_3 mobileLabel= wifiLabel="CU_d24p"xxxxXXXXxxxxXXXX emergencyOnly=true combinedLabel="CU_d24p"xxxxXXXXxxxxXXXX mAirplaneMode=false mDataActivity=0 mPhoneSignalIconId=0x7f0204e9/com.android.systemui:drawable/stat_sys_signal_4 mQSPhoneSignalIconId=0x7f020148/com.android.systemui:drawable/ic_qs_signal_4 mDataDirectionIconId=0x0/(null) mDataSignalIconId=0x7f0204e9/com.android.systemui:drawable/stat_sys_signal_4 mDataTypeIconId=0x0/(null) mQSDataTypeIconId=0x0/(null) mNoSimIconId=0x0/(null) mWifiIconId=0x7f020553/com.android.systemui:drawable/stat_sys_wifi_signal_3 mQSWifiIconId=0x7f02015d/com.android.systemui:drawable/ic_qs_wifi_3 mWifiActivityIconId=0x7f020525/com.android.systemui:drawable/stat_sys_signal_in mBluetoothTetherIconId=0x10808f1/android:drawable/stat_sys_tether_bluetooth
08-10 10:33:51.291 D/STATUSBAR-WifiQuickSettingButton( 1180): onWifiSignalChanged enabled=true enabledDesc:"CU_d24p"
08-10 10:33:51.291 E/SMD     (  283): DCD ON
08-10 10:33:51.291 D/StatusBar.NetworkController( 1180): refreshSignalCluster - setNWBoosterIndicators(false)
08-10 10:33:51.291 D/StatusBar.NetworkController( 1180): applyCHN
08-10 10:33:51.311 D/StatusBar.NetworkController( 1180): refreshSignalCluster - setNWBoosterIndicators(false)
08-10 10:33:51.311 D/StatusBar.NetworkController( 1180): applyCHN
08-10 10:33:51.311 D/StatusBar.NetworkController( 1180): refreshSignalCluster - setNWBoosterIndicators(false)
08-10 10:33:51.311 D/StatusBar.NetworkController( 1180): applyCHN
08-10 10:33:51.311 D/StatusBar.NetworkController( 1180): refreshSignalCluster - setNWBoosterIndicators(false)
08-10 10:33:51.311 D/StatusBar.NetworkController( 1180): applyCHN
08-10 10:33:51.501 I/wpa_supplicant( 1157): nl80211: Received scan results (2 BSSes)
08-10 10:33:51.551 D/ActivityManager(  933): isDeviceAdminActiveApp false :com.android.systemui
08-10 10:33:51.551 D/ActivityManager(  933): isAutoRunBlockedApp:: com.android.systemui, Auto Run ON
08-10 10:33:52.321 D/StatusBar.NetworkController( 1180): refreshViews connected={ wifi } level=4 combinedSignalIconId=0x7f020553/com.android.systemui:drawable/stat_sys_wifi_signal_3 mobileLabel= wifiLabel="CU_d24p"xxxxXXXXxxxxXXXX emergencyOnly=true combinedLabel="CU_d24p"xxxxXXXXxxxxXXXX mAirplaneMode=false mDataActivity=0 mPhoneSignalIconId=0x7f0204e9/com.android.systemui:drawable/stat_sys_signal_4 mQSPhoneSignalIconId=0x7f020148/com.android.systemui:drawable/ic_qs_signal_4 mDataDirectionIconId=0x0/(null) mDataSignalIconId=0x7f0204e9/com.android.systemui:drawable/stat_sys_signal_4 mDataTypeIconId=0x0/(null) mQSDataTypeIconId=0x0/(null) mNoSimIconId=0x0/(null) mWifiIconId=0x7f020553/com.android.systemui:drawable/stat_sys_wifi_signal_3 mQSWifiIconId=0x7f02015d/com.android.systemui:drawable/ic_qs_wifi_3 mWifiActivityIconId=0x7f020527/com.android.systemui:drawable/stat_sys_signal_inout mBluetoothTetherIconId=0x10808f1/android:drawable/stat_sys_tether_bluetooth
08-10 10:33:52.321 D/STATUSBAR-WifiQuickSettingButton( 1180): onWifiSignalChanged enabled=true enabledDesc:"CU_d24p"
08-10 10:33:52.321 D/StatusBar.NetworkController( 1180): refreshSignalCluster - setNWBoosterIndicators(false)
08-10 10:33:52.321 D/StatusBar.NetworkController( 1180): applyCHN
08-10 10:33:52.341 D/StatusBar.NetworkController( 1180): refreshSignalCluster - setNWBoosterIndicators(false)
08-10 10:33:52.341 D/StatusBar.NetworkController( 1180): applyCHN
08-10 10:33:52.351 D/StatusBar.NetworkController( 1180): refreshSignalCluster - setNWBoosterIndicators(false)
08-10 10:33:52.351 D/StatusBar.NetworkController( 1180): applyCHN
08-10 10:33:52.351 D/StatusBar.NetworkController( 1180): refreshSignalCluster - setNWBoosterIndicators(false)
08-10 10:33:52.351 D/StatusBar.NetworkController( 1180): applyCHN
08-10 10:33:52.361 D/ConnectivityService(  933): returning getActiveNetworkInfo :[type: WIFI[] - WIFI, state: CONNECTED/CONNECTED, reason: (unspecified), extra: "CU_d24p", roaming: false, failover: false, isAvailable: true, isConnectedToProvisioningNetwork: false]
08-10 10:33:53.351 D/StatusBar.NetworkController( 1180): refreshViews connected={ wifi } level=4 combinedSignalIconId=0x7f020553/com.android.systemui:drawable/stat_sys_wifi_signal_3 mobileLabel= wifiLabel="CU_d24p"xxxxXXXXxxxxXXXX emergencyOnly=true combinedLabel="CU_d24p"xxxxXXXXxxxxXXXX mAirplaneMode=false mDataActivity=0 mPhoneSignalIconId=0x7f0204e9/com.android.systemui:drawable/stat_sys_signal_4 mQSPhoneSignalIconId=0x7f020148/com.android.systemui:drawable/ic_qs_signal_4 mDataDirectionIconId=0x0/(null) mDataSignalIconId=0x7f0204e9/com.android.systemui:drawable/stat_sys_signal_4 mDataTypeIconId=0x0/(null) mQSDataTypeIconId=0x0/(null) mNoSimIconId=0x0/(null) mWifiIconId=0x7f020553/com.android.systemui:drawable/stat_sys_wifi_signal_3 mQSWifiIconId=0x7f02015d/com.android.systemui:drawable/ic_qs_wifi_3 mWifiActivityIconId=0x7f020525/com.android.systemui:drawable/stat_sys_signal_in mBluetoothTetherIconId=0x10808f1/android:drawable/stat_sys_tether_bluetooth
08-10 10:33:53.351 D/STATUSBAR-WifiQuickSettingButton( 1180): onWifiSignalChanged enabled=true enabledDesc:"CU_d24p"
08-10 10:33:53.351 D/StatusBar.NetworkController( 1180): refreshSignalCluster - setNWBoosterIndicators(false)
08-10 10:33:53.351 D/StatusBar.NetworkController( 1180): applyCHN
08-10 10:33:53.371 D/StatusBar.NetworkController( 1180): refreshSignalCluster - setNWBoosterIndicators(false)
08-10 10:33:53.371 D/StatusBar.NetworkController( 1180): applyCHN
08-10 10:33:53.371 D/StatusBar.NetworkController( 1180): refreshSignalCluster - setNWBoosterIndicators(false)
08-10 10:33:53.371 D/StatusBar.NetworkController( 1180): applyCHN
08-10 10:33:53.381 D/StatusBar.NetworkController( 1180): refreshSignalCluster - setNWBoosterIndicators(false)
08-10 10:33:53.381 D/StatusBar.NetworkController( 1180): applyCHN
08-10 10:33:54.291 E/SMD     (  283): DCD ON
08-10 10:33:56.391 D/StatusBar.NetworkController( 1180): refreshViews connected={ wifi } level=4 combinedSignalIconId=0x7f020553/com.android.systemui:drawable/stat_sys_wifi_signal_3 mobileLabel= wifiLabel="CU_d24p"xxxxXXXXxxxxXXXX emergencyOnly=true combinedLabel="CU_d24p"xxxxXXXXxxxxXXXX mAirplaneMode=false mDataActivity=0 mPhoneSignalIconId=0x7f0204e9/com.android.systemui:drawable/stat_sys_signal_4 mQSPhoneSignalIconId=0x7f020148/com.android.systemui:drawable/ic_qs_signal_4 mDataDirectionIconId=0x0/(null) mDataSignalIconId=0x7f0204e9/com.android.systemui:drawable/stat_sys_signal_4 mDataTypeIconId=0x0/(null) mQSDataTypeIconId=0x0/(null) mNoSimIconId=0x0/(null) mWifiIconId=0x7f020553/com.android.systemui:drawable/stat_sys_wifi_signal_3 mQSWifiIconId=0x7f02015d/com.android.systemui:drawable/ic_qs_wifi_3 mWifiActivityIconId=0x7f020529/com.android.systemui:drawable/stat_sys_signal_no_inout mBluetoothTetherIconId=0x10808f1/android:drawable/stat_sys_tether_bluetooth
08-10 10:33:56.391 D/STATUSBAR-WifiQuickSettingButton( 1180): onWifiSignalChanged enabled=true enabledDesc:"CU_d24p"
08-10 10:33:56.391 D/StatusBar.NetworkController( 1180): refreshSignalCluster - setNWBoosterIndicators(false)
08-10 10:33:56.391 D/StatusBar.NetworkController( 1180): applyCHN
08-10 10:33:56.411 D/StatusBar.NetworkController( 1180): refreshSignalCluster - setNWBoosterIndicators(false)
08-10 10:33:56.411 D/StatusBar.NetworkController( 1180): applyCHN
08-10 10:33:56.411 D/StatusBar.NetworkController( 1180): refreshSignalCluster - setNWBoosterIndicators(false)
08-10 10:33:56.421 D/StatusBar.NetworkController( 1180): applyCHN
08-10 10:33:56.421 D/StatusBar.NetworkController( 1180): refreshSignalCluster - setNWBoosterIndicators(false)
08-10 10:33:56.421 D/StatusBar.NetworkController( 1180): applyCHN
08-10 10:33:57.301 E/SMD     (  283): DCD ON
08-10 10:33:57.421 D/StatusBar.NetworkController( 1180): refreshViews connected={ wifi } level=4 combinedSignalIconId=0x7f020553/com.android.systemui:drawable/stat_sys_wifi_signal_3 mobileLabel= wifiLabel="CU_d24p"xxxxXXXXxxxxXXXX emergencyOnly=true combinedLabel="CU_d24p"xxxxXXXXxxxxXXXX mAirplaneMode=false mDataActivity=0 mPhoneSignalIconId=0x7f0204e9/com.android.systemui:drawable/stat_sys_signal_4 mQSPhoneSignalIconId=0x7f020148/com.android.systemui:drawable/ic_qs_signal_4 mDataDirectionIconId=0x0/(null) mDataSignalIconId=0x7f0204e9/com.android.systemui:drawable/stat_sys_signal_4 mDataTypeIconId=0x0/(null) mQSDataTypeIconId=0x0/(null) mNoSimIconId=0x0/(null) mWifiIconId=0x7f020553/com.android.systemui:drawable/stat_sys_wifi_signal_3 mQSWifiIconId=0x7f02015d/com.android.systemui:drawable/ic_qs_wifi_3 mWifiActivityIconId=0x7f020527/com.android.systemui:drawable/stat_sys_signal_inout mBluetoothTetherIconId=0x10808f1/android:drawable/stat_sys_tether_bluetooth
08-10 10:33:57.421 D/STATUSBAR-WifiQuickSettingButton( 1180): onWifiSignalChanged enabled=true enabledDesc:"CU_d24p"
08-10 10:33:57.421 D/StatusBar.NetworkController( 1180): refreshSignalCluster - setNWBoosterIndicators(false)
08-10 10:33:57.421 D/StatusBar.NetworkController( 1180): applyCHN
08-10 10:33:57.441 D/StatusBar.NetworkController( 1180): refreshSignalCluster - setNWBoosterIndicators(false)
08-10 10:33:57.441 D/StatusBar.NetworkController( 1180): applyCHN
08-10 10:33:57.441 D/StatusBar.NetworkController( 1180): refreshSignalCluster - setNWBoosterIndicators(false)
08-10 10:33:57.441 D/StatusBar.NetworkController( 1180): applyCHN
08-10 10:33:57.451 D/StatusBar.NetworkController( 1180): refreshSignalCluster - setNWBoosterIndicators(false)
08-10 10:33:57.451 D/StatusBar.NetworkController( 1180): applyCHN
08-10 10:33:58.131 D/StatusBar.NetworkController( 1180): onSignalStrengthsChanged signalStrength=SignalStrength: 16 99 -120 -160 -120 -1 -1 99 2147483647 2147483647 2147483647 -1 2147483647 0x4 gsm|lte level=4
08-10 10:33:58.131 D/StatusBar.NetworkController( 1180): updateTelephonySignalStrength: hasService=true ss=SignalStrength: 16 99 -120 -160 -120 -1 -1 99 2147483647 2147483647 2147483647 -1 2147483647 0x4 gsm|lte
08-10 10:33:58.131 D/StatusBar.NetworkController( 1180): updateTelephonySignalStrength: iconLevel=4
08-10 10:33:58.131 D/StatusBar.NetworkController( 1180): updateTelephonySignalStrength, No signal level. mPhoneSignalIconId = com.android.systemui:drawable/stat_sys_signal_4 mDataSignalIconId = com.android.systemui:drawable/stat_sys_signal_4 mQSPhoneSignalIconId = com.android.systemui:drawable/ic_qs_signal_4 mContentDescriptionPhoneSignal = 
08-10 10:33:58.131 D/StatusBar.NetworkController( 1180): refreshViews connected={ wifi } level=4 combinedSignalIconId=0x7f020553/com.android.systemui:drawable/stat_sys_wifi_signal_3 mobileLabel= wifiLabel="CU_d24p"xxxxXXXXxxxxXXXX emergencyOnly=true combinedLabel="CU_d24p"xxxxXXXXxxxxXXXX mAirplaneMode=false mDataActivity=0 mPhoneSignalIconId=0x7f0204e9/com.android.systemui:drawable/stat_sys_signal_4 mQSPhoneSignalIconId=0x7f020148/com.android.systemui:drawable/ic_qs_signal_4 mDataDirectionIconId=0x0/(null) mDataSignalIconId=0x7f0204e9/com.android.systemui:drawable/stat_sys_signal_4 mDataTypeIconId=0x0/(null) mQSDataTypeIconId=0x0/(null) mNoSimIconId=0x0/(null) mWifiIconId=0x7f020553/com.android.systemui:drawable/stat_sys_wifi_signal_3 mQSWifiIconId=0x7f02015d/com.android.systemui:drawable/ic_qs_wifi_3 mWifiActivityIconId=0x7f020527/com.android.systemui:drawable/stat_sys_signal_inout mBluetoothTetherIconId=0x10808f1/android:drawable/stat_sys_tether_bluetooth
08-10 10:33:58.131 D/STATUSBAR-WifiQuickSettingButton( 1180): onWifiSignalChanged enabled=true enabledDesc:"CU_d24p"
08-10 10:33:58.161 D/cell strength( 1373): ===== cell singal strength changed : 16
08-10 10:33:58.441 D/StatusBar.NetworkController( 1180): refreshViews connected={ wifi } level=4 combinedSignalIconId=0x7f020553/com.android.systemui:drawable/stat_sys_wifi_signal_3 mobileLabel= wifiLabel="CU_d24p"xxxxXXXXxxxxXXXX emergencyOnly=true combinedLabel="CU_d24p"xxxxXXXXxxxxXXXX mAirplaneMode=false mDataActivity=0 mPhoneSignalIconId=0x7f0204e9/com.android.systemui:drawable/stat_sys_signal_4 mQSPhoneSignalIconId=0x7f020148/com.android.systemui:drawable/ic_qs_signal_4 mDataDirectionIconId=0x0/(null) mDataSignalIconId=0x7f0204e9/com.android.systemui:drawable/stat_sys_signal_4 mDataTypeIconId=0x0/(null) mQSDataTypeIconId=0x0/(null) mNoSimIconId=0x0/(null) mWifiIconId=0x7f020553/com.android.systemui:drawable/stat_sys_wifi_signal_3 mQSWifiIconId=0x7f02015d/com.android.systemui:drawable/ic_qs_wifi_3 mWifiActivityIconId=0x7f020529/com.android.systemui:drawable/stat_sys_signal_no_inout mBluetoothTetherIconId=0x10808f1/android:drawable/stat_sys_tether_bluetooth
08-10 10:33:58.451 D/STATUSBAR-WifiQuickSettingButton( 1180): onWifiSignalChanged enabled=true enabledDesc:"CU_d24p"
08-10 10:33:58.451 D/StatusBar.NetworkController( 1180): refreshSignalCluster - setNWBoosterIndicators(false)
08-10 10:33:58.451 D/StatusBar.NetworkController( 1180): applyCHN
08-10 10:33:58.461 D/StatusBar.NetworkController( 1180): refreshSignalCluster - setNWBoosterIndicators(false)
08-10 10:33:58.471 D/StatusBar.NetworkController( 1180): applyCHN
08-10 10:33:58.471 D/StatusBar.NetworkController( 1180): refreshSignalCluster - setNWBoosterIndicators(false)
08-10 10:33:58.471 D/StatusBar.NetworkController( 1180): applyCHN
08-10 10:33:58.471 D/StatusBar.NetworkController( 1180): refreshSignalCluster - setNWBoosterIndicators(false)
08-10 10:33:58.471 D/StatusBar.NetworkController( 1180): applyCHN
08-10 10:33:59.181 D/WifiService(  933): startScan by pid=1373, uid=10015
08-10 10:33:59.191 E/WifiStateMachine(  933): WifiStateMachine CMD_START_SCAN source 10015 txSuccessRate=1.36 rxSuccessRate=4.70 targetRoamBSSID=88:3f:d3:3f:82:d0 RSSI=-72
08-10 10:33:59.191 I/wpa_supplicant( 1157): wlan0: Setting scan request: 0 sec 0 usec
08-10 10:33:59.191 I/wpa_supplicant( 1157): P2P: Current p2p state = IDLE
08-10 10:33:59.191 I/wpa_supplicant( 1157): Scan requested (ret=0) - scan timeout 30 seconds
08-10 10:33:59.991 V/AlarmManager(  933): waitForAlarm result :8
08-10 10:34:00.001 D/KeyguardUpdateMonitor( 1180): received broadcast android.intent.action.TIME_TICK
08-10 10:34:00.001 D/KeyguardUpdateMonitor( 1180): handleTimeUpdate
08-10 10:34:00.001 V/AlarmManager(  933): ___SyncScheduler (v3) ACTIVATED___
08-10 10:34:00.001 V/AlarmManagerEXT(  933): <AppSync3 Whitelist>
08-10 10:34:00.001 V/AlarmManagerEXT(  933): (AppSync) com.sec.spp.push : 10800(10860)
08-10 10:34:00.001 V/AlarmManagerEXT(  933): (AppSync) ### 1 added ###
08-10 10:34:00.011 D/KeyguardEffectViewController( 1180): onReceive action : android.intent.action.TIME_TICK
08-10 10:34:00.011 I/KeyguardEffectViewController( 1180): *** don't update sliding image ***
08-10 10:34:00.091 D/DateView( 1180): regionalDateFormat = 3333/11/22 isRTLlanguage = false returnDateFormat = MMMM d, E
08-10 10:34:00.091 D/DateView( 1180): regionalDateFormat = 3333/11/22 isRTLlanguage = false returnDateFormat = MMMM d, E
08-10 10:34:00.291 E/SMD     (  283): DCD ON
08-10 10:34:00.691 D/StatusBar.NetworkController( 1180): onSignalStrengthsChanged signalStrength=SignalStrength: 17 99 -120 -160 -120 -1 -1 99 2147483647 2147483647 2147483647 -1 2147483647 0x4 gsm|lte level=4
08-10 10:34:00.691 D/StatusBar.NetworkController( 1180): updateTelephonySignalStrength: hasService=true ss=SignalStrength: 17 99 -120 -160 -120 -1 -1 99 2147483647 2147483647 2147483647 -1 2147483647 0x4 gsm|lte
08-10 10:34:00.691 D/StatusBar.NetworkController( 1180): updateTelephonySignalStrength: iconLevel=4
08-10 10:34:00.691 D/StatusBar.NetworkController( 1180): updateTelephonySignalStrength, No signal level. mPhoneSignalIconId = com.android.systemui:drawable/stat_sys_signal_4 mDataSignalIconId = com.android.systemui:drawable/stat_sys_signal_4 mQSPhoneSignalIconId = com.android.systemui:drawable/ic_qs_signal_4 mContentDescriptionPhoneSignal = 
08-10 10:34:00.691 D/StatusBar.NetworkController( 1180): refreshViews connected={ wifi } level=4 combinedSignalIconId=0x7f020553/com.android.systemui:drawable/stat_sys_wifi_signal_3 mobileLabel= wifiLabel="CU_d24p"xxxxXXXXxxxxXXXX emergencyOnly=true combinedLabel="CU_d24p"xxxxXXXXxxxxXXXX mAirplaneMode=false mDataActivity=0 mPhoneSignalIconId=0x7f0204e9/com.android.systemui:drawable/stat_sys_signal_4 mQSPhoneSignalIconId=0x7f020148/com.android.systemui:drawable/ic_qs_signal_4 mDataDirectionIconId=0x0/(null) mDataSignalIconId=0x7f0204e9/com.android.systemui:drawable/stat_sys_signal_4 mDataTypeIconId=0x0/(null) mQSDataTypeIconId=0x0/(null) mNoSimIconId=0x0/(null) mWifiIconId=0x7f020553/com.android.systemui:drawable/stat_sys_wifi_signal_3 mQSWifiIconId=0x7f02015d/com.android.systemui:drawable/ic_qs_wifi_3 mWifiActivityIconId=0x7f020529/com.android.systemui:drawable/stat_sys_signal_no_inout mBluetoothTetherIconId=0x10808f1/android:drawable/stat_sys_tether_bluetooth
08-10 10:34:00.691 D/STATUSBAR-WifiQuickSettingButton( 1180): onWifiSignalChanged enabled=true enabledDesc:"CU_d24p"
08-10 10:34:00.701 D/cell strength( 1373): ===== cell singal strength changed : 17
08-10 10:34:00.831 D/BatteryService(  933): !@BatteryListener : batteryPropertiesChanged!
08-10 10:34:00.831 D/BatteryService(  933): level:90, scale:100, status:2, health:2, present:true, voltage: 4242, temperature: 316, technology: Li-ion, AC powered:false, USB powered:true, Wireless powered:false, icon:17303724, invalid charger:0
08-10 10:34:00.831 D/BatteryService(  933): online:4, current avg:450, charge type:1, power sharing:false, high voltage charger:false, capacity:280000, current_now:450
08-10 10:34:00.831 D/BatteryService(  933): Sending ACTION_BATTERY_CHANGED.
08-10 10:34:00.841 D/KeyguardUpdateMonitor( 1180): received broadcast android.intent.action.BATTERY_CHANGED
08-10 10:34:00.841 D/KeyguardUpdateMonitor( 1180): handleBatteryUpdate
08-10 10:34:00.841 I/MotionRecognitionService(  933): Plugged
08-10 10:34:00.841 I/MotionRecognitionService(  933): setPowerConnected  = true
08-10 10:34:00.861 D/STATUSBAR-PhoneStatusBar( 1180):  mBrightnessEnablebySettings = true mBrightnessEnablebyBattery = true mBrightnessEnablebyDisableFlag = true mPmsBrightnessEnablebySettings = true
08-10 10:34:00.881 V/HeadsetService( 3806): HeadsetService - Received Intent.ACTION_BATTERY_CHANGED
08-10 10:34:00.881 D/HeadsetStateMachine( 3806): Disconnected process message: 10
08-10 10:34:00.891 D/BatteryMeterView( 1180): ACTION_BATTERY_CHANGED : level:90 status:2 health:2
08-10 10:34:00.891 D/BatteryMeterView( 1180): ACTION_BATTERY_CHANGED : level:90 status:2 health:2
08-10 10:34:00.891 D/BatteryMeterView( 1180): ACTION_BATTERY_CHANGED : level:90 status:2 health:2
08-10 10:34:01.251 I/NLP     ( 1373): Location result:[location successful by Baidu], reason:[network location] locType=161
08-10 10:34:01.251 D/ConnectivityService(  933): returning getNetworkInfo(networkType - 1) :[type: WIFI[] - WIFI, state: CONNECTED/CONNECTED, reason: (unspecified), extra: "CU_d24p", roaming: false, failover: false, isAvailable: true, isConnectedToProvisioningNetwork: false]
08-10 10:34:01.261 W/NetworkLocation( 1373): BaiduNetworkLocationProvider1:BaiduNetworkLocationProvider1 : forceLocation: network provider not Enabled!
08-10 10:34:01.281 D/SSRM:n  (  933): SIOP:: AP = 350, PST = 350, CUR = 450
08-10 10:34:01.551 I/wpa_supplicant( 1157): nl80211: Received scan results (2 BSSes)
08-10 10:34:01.601 D/ActivityManager(  933): isDeviceAdminActiveApp false :com.android.systemui
08-10 10:34:01.601 D/ActivityManager(  933): isAutoRunBlockedApp:: com.android.systemui, Auto Run ON
08-10 10:34:02.491 D/StatusBar.NetworkController( 1180): refreshViews connected={ wifi } level=4 combinedSignalIconId=0x7f020553/com.android.systemui:drawable/stat_sys_wifi_signal_3 mobileLabel= wifiLabel="CU_d24p"xxxxXXXXxxxxXXXX emergencyOnly=true combinedLabel="CU_d24p"xxxxXXXXxxxxXXXX mAirplaneMode=false mDataActivity=0 mPhoneSignalIconId=0x7f0204e9/com.android.systemui:drawable/stat_sys_signal_4 mQSPhoneSignalIconId=0x7f020148/com.android.systemui:drawable/ic_qs_signal_4 mDataDirectionIconId=0x0/(null) mDataSignalIconId=0x7f0204e9/com.android.systemui:drawable/stat_sys_signal_4 mDataTypeIconId=0x0/(null) mQSDataTypeIconId=0x0/(null) mNoSimIconId=0x0/(null) mWifiIconId=0x7f020553/com.android.systemui:drawable/stat_sys_wifi_signal_3 mQSWifiIconId=0x7f02015d/com.android.systemui:drawable/ic_qs_wifi_3 mWifiActivityIconId=0x7f020527/com.android.systemui:drawable/stat_sys_signal_inout mBluetoothTetherIconId=0x10808f1/android:drawable/stat_sys_tether_bluetooth
08-10 10:34:02.491 D/STATUSBAR-WifiQuickSettingButton( 1180): onWifiSignalChanged enabled=true enabledDesc:"CU_d24p"
08-10 10:34:02.491 D/StatusBar.NetworkController( 1180): refreshSignalCluster - setNWBoosterIndicators(false)
08-10 10:34:02.501 D/StatusBar.NetworkController( 1180): applyCHN
08-10 10:34:02.511 D/StatusBar.NetworkController( 1180): refreshSignalCluster - setNWBoosterIndicators(false)
08-10 10:34:02.511 D/StatusBar.NetworkController( 1180): applyCHN
08-10 10:34:02.521 D/StatusBar.NetworkController( 1180): refreshSignalCluster - setNWBoosterIndicators(false)
08-10 10:34:02.521 D/StatusBar.NetworkController( 1180): applyCHN
08-10 10:34:02.521 D/StatusBar.NetworkController( 1180): refreshSignalCluster - setNWBoosterIndicators(false)
08-10 10:34:02.521 D/StatusBar.NetworkController( 1180): applyCHN
08-10 10:34:03.301 E/SMD     (  283): DCD ON
08-10 10:34:03.521 D/StatusBar.NetworkController( 1180): refreshViews connected={ wifi } level=4 combinedSignalIconId=0x7f020553/com.android.systemui:drawable/stat_sys_wifi_signal_3 mobileLabel= wifiLabel="CU_d24p"xxxxXXXXxxxxXXXX emergencyOnly=true combinedLabel="CU_d24p"xxxxXXXXxxxxXXXX mAirplaneMode=false mDataActivity=0 mPhoneSignalIconId=0x7f0204e9/com.android.systemui:drawable/stat_sys_signal_4 mQSPhoneSignalIconId=0x7f020148/com.android.systemui:drawable/ic_qs_signal_4 mDataDirectionIconId=0x0/(null) mDataSignalIconId=0x7f0204e9/com.android.systemui:drawable/stat_sys_signal_4 mDataTypeIconId=0x0/(null) mQSDataTypeIconId=0x0/(null) mNoSimIconId=0x0/(null) mWifiIconId=0x7f020553/com.android.systemui:drawable/stat_sys_wifi_signal_3 mQSWifiIconId=0x7f02015d/com.android.systemui:drawable/ic_qs_wifi_3 mWifiActivityIconId=0x7f020529/com.android.systemui:drawable/stat_sys_signal_no_inout mBluetoothTetherIconId=0x10808f1/android:drawable/stat_sys_tether_bluetooth
08-10 10:34:03.521 D/STATUSBAR-WifiQuickSettingButton( 1180): onWifiSignalChanged enabled=true enabledDesc:"CU_d24p"
08-10 10:34:03.521 D/StatusBar.NetworkController( 1180): refreshSignalCluster - setNWBoosterIndicators(false)
08-10 10:34:03.521 D/StatusBar.NetworkController( 1180): applyCHN
08-10 10:34:03.541 D/StatusBar.NetworkController( 1180): refreshSignalCluster - setNWBoosterIndicators(false)
08-10 10:34:03.541 D/StatusBar.NetworkController( 1180): applyCHN
08-10 10:34:03.541 D/StatusBar.NetworkController( 1180): refreshSignalCluster - setNWBoosterIndicators(false)
08-10 10:34:03.541 D/StatusBar.NetworkController( 1180): applyCHN
08-10 10:34:03.551 D/StatusBar.NetworkController( 1180): refreshSignalCluster - setNWBoosterIndicators(false)
08-10 10:34:03.551 D/StatusBar.NetworkController( 1180): applyCHN
08-10 10:34:04.551 D/StatusBar.NetworkController( 1180): refreshViews connected={ wifi } level=4 combinedSignalIconId=0x7f020553/com.android.systemui:drawable/stat_sys_wifi_signal_3 mobileLabel= wifiLabel="CU_d24p"xxxxXXXXxxxxXXXX emergencyOnly=true combinedLabel="CU_d24p"xxxxXXXXxxxxXXXX mAirplaneMode=false mDataActivity=0 mPhoneSignalIconId=0x7f0204e9/com.android.systemui:drawable/stat_sys_signal_4 mQSPhoneSignalIconId=0x7f020148/com.android.systemui:drawable/ic_qs_signal_4 mDataDirectionIconId=0x0/(null) mDataSignalIconId=0x7f0204e9/com.android.systemui:drawable/stat_sys_signal_4 mDataTypeIconId=0x0/(null) mQSDataTypeIconId=0x0/(null) mNoSimIconId=0x0/(null) mWifiIconId=0x7f020553/com.android.systemui:drawable/stat_sys_wifi_signal_3 mQSWifiIconId=0x7f02015d/com.android.systemui:drawable/ic_qs_wifi_3 mWifiActivityIconId=0x7f020525/com.android.systemui:drawable/stat_sys_signal_in mBluetoothTetherIconId=0x10808f1/android:drawable/stat_sys_tether_bluetooth
08-10 10:34:04.551 D/STATUSBAR-WifiQuickSettingButton( 1180): onWifiSignalChanged enabled=true enabledDesc:"CU_d24p"
08-10 10:34:04.551 D/StatusBar.NetworkController( 1180): refreshSignalCluster - setNWBoosterIndicators(false)
08-10 10:34:04.551 D/StatusBar.NetworkController( 1180): applyCHN
08-10 10:34:04.571 D/StatusBar.NetworkController( 1180): refreshSignalCluster - setNWBoosterIndicators(false)
08-10 10:34:04.571 D/StatusBar.NetworkController( 1180): applyCHN
08-10 10:34:04.571 D/StatusBar.NetworkController( 1180): refreshSignalCluster - setNWBoosterIndicators(false)
08-10 10:34:04.571 D/StatusBar.NetworkController( 1180): applyCHN
08-10 10:34:04.571 D/StatusBar.NetworkController( 1180): refreshSignalCluster - setNWBoosterIndicators(false)
08-10 10:34:04.571 D/StatusBar.NetworkController( 1180): applyCHN
08-10 10:34:05.571 D/StatusBar.NetworkController( 1180): refreshViews connected={ wifi } level=4 combinedSignalIconId=0x7f020553/com.android.systemui:drawable/stat_sys_wifi_signal_3 mobileLabel= wifiLabel="CU_d24p"xxxxXXXXxxxxXXXX emergencyOnly=true combinedLabel="CU_d24p"xxxxXXXXxxxxXXXX mAirplaneMode=false mDataActivity=0 mPhoneSignalIconId=0x7f0204e9/com.android.systemui:drawable/stat_sys_signal_4 mQSPhoneSignalIconId=0x7f020148/com.android.systemui:drawable/ic_qs_signal_4 mDataDirectionIconId=0x0/(null) mDataSignalIconId=0x7f0204e9/com.android.systemui:drawable/stat_sys_signal_4 mDataTypeIconId=0x0/(null) mQSDataTypeIconId=0x0/(null) mNoSimIconId=0x0/(null) mWifiIconId=0x7f020553/com.android.systemui:drawable/stat_sys_wifi_signal_3 mQSWifiIconId=0x7f02015d/com.android.systemui:drawable/ic_qs_wifi_3 mWifiActivityIconId=0x7f020529/com.android.systemui:drawable/stat_sys_signal_no_inout mBluetoothTetherIconId=0x10808f1/android:drawable/stat_sys_tether_bluetooth
08-10 10:34:05.571 D/STATUSBAR-WifiQuickSettingButton( 1180): onWifiSignalChanged enabled=true enabledDesc:"CU_d24p"
08-10 10:34:05.581 D/StatusBar.NetworkController( 1180): refreshSignalCluster - setNWBoosterIndicators(false)
08-10 10:34:05.581 D/StatusBar.NetworkController( 1180): applyCHN
08-10 10:34:05.591 D/StatusBar.NetworkController( 1180): refreshSignalCluster - setNWBoosterIndicators(false)
08-10 10:34:05.591 D/StatusBar.NetworkController( 1180): applyCHN
08-10 10:34:05.601 D/StatusBar.NetworkController( 1180): refreshSignalCluster - setNWBoosterIndicators(false)
08-10 10:34:05.601 D/StatusBar.NetworkController( 1180): applyCHN
08-10 10:34:05.601 D/StatusBar.NetworkController( 1180): refreshSignalCluster - setNWBoosterIndicators(false)
08-10 10:34:05.601 D/StatusBar.NetworkController( 1180): applyCHN
08-10 10:34:06.301 E/SMD     (  283): DCD ON
08-10 10:34:08.611 D/StatusBar.NetworkController( 1180): refreshViews connected={ wifi } level=4 combinedSignalIconId=0x7f020553/com.android.systemui:drawable/stat_sys_wifi_signal_3 mobileLabel= wifiLabel="CU_d24p"xxxxXXXXxxxxXXXX emergencyOnly=true combinedLabel="CU_d24p"xxxxXXXXxxxxXXXX mAirplaneMode=false mDataActivity=0 mPhoneSignalIconId=0x7f0204e9/com.android.systemui:drawable/stat_sys_signal_4 mQSPhoneSignalIconId=0x7f020148/com.android.systemui:drawable/ic_qs_signal_4 mDataDirectionIconId=0x0/(null) mDataSignalIconId=0x7f0204e9/com.android.systemui:drawable/stat_sys_signal_4 mDataTypeIconId=0x0/(null) mQSDataTypeIconId=0x0/(null) mNoSimIconId=0x0/(null) mWifiIconId=0x7f020553/com.android.systemui:drawable/stat_sys_wifi_signal_3 mQSWifiIconId=0x7f02015d/com.android.systemui:drawable/ic_qs_wifi_3 mWifiActivityIconId=0x7f020527/com.android.systemui:drawable/stat_sys_signal_inout mBluetoothTetherIconId=0x10808f1/android:drawable/stat_sys_tether_bluetooth
08-10 10:34:08.611 D/STATUSBAR-WifiQuickSettingButton( 1180): onWifiSignalChanged enabled=true enabledDesc:"CU_d24p"
08-10 10:34:08.611 D/StatusBar.NetworkController( 1180): refreshSignalCluster - setNWBoosterIndicators(false)
08-10 10:34:08.621 D/StatusBar.NetworkController( 1180): applyCHN
08-10 10:34:08.641 D/StatusBar.NetworkController( 1180): refreshSignalCluster - setNWBoosterIndicators(false)
08-10 10:34:08.641 D/StatusBar.NetworkController( 1180): applyCHN
08-10 10:34:08.641 D/StatusBar.NetworkController( 1180): refreshSignalCluster - setNWBoosterIndicators(false)
08-10 10:34:08.641 D/StatusBar.NetworkController( 1180): applyCHN
08-10 10:34:08.641 D/StatusBar.NetworkController( 1180): refreshSignalCluster - setNWBoosterIndicators(false)
08-10 10:34:08.651 D/StatusBar.NetworkController( 1180): applyCHN
08-10 10:34:09.201 E/WifiStateMachine(  933): WifiStateMachine CMD_START_SCAN source 10015 txSuccessRate=1.67 rxSuccessRate=1.84 targetRoamBSSID=88:3f:d3:3f:82:d0 RSSI=-71
08-10 10:34:09.201 D/WifiService(  933): startScan by pid=1373, uid=10015
08-10 10:34:09.211 I/wpa_supplicant( 1157): wlan0: Setting scan request: 0 sec 0 usec
08-10 10:34:09.211 I/wpa_supplicant( 1157): P2P: Current p2p state = IDLE
08-10 10:34:09.221 I/wpa_supplicant( 1157): Scan requested (ret=0) - scan timeout 30 seconds
08-10 10:34:09.291 E/SMD     (  283): DCD ON
