08-10 10:34:09.651 D/StatusBar.NetworkController( 1180): refreshViews connected={ wifi } level=4 combinedSignalIconId=0x7f020553/com.android.systemui:drawable/stat_sys_wifi_signal_3 mobileLabel= wifiLabel="CU_d24p"xxxxXXXXxxxxXXXX emergencyOnly=true combinedLabel="CU_d24p"xxxxXXXXxxxxXXXX mAirplaneMode=false mDataActivity=0 mPhoneSignalIconId=0x7f0204e9/com.android.systemui:drawable/stat_sys_signal_4 mQSPhoneSignalIconId=0x7f020148/com.android.systemui:drawable/ic_qs_signal_4 mDataDirectionIconId=0x0/(null) mDataSignalIconId=0x7f0204e9/com.android.systemui:drawable/stat_sys_signal_4 mDataTypeIconId=0x0/(null) mQSDataTypeIconId=0x0/(null) mNoSimIconId=0x0/(null) mWifiIconId=0x7f020553/com.android.systemui:drawable/stat_sys_wifi_signal_3 mQSWifiIconId=0x7f02015d/com.android.systemui:drawable/ic_qs_wifi_3 mWifiActivityIconId=0x7f020529/com.android.systemui:drawable/stat_sys_signal_no_inout mBluetoothTetherIconId=0x10808f1/android:drawable/stat_sys_tether_bluetooth
08-10 10:34:09.651 D/STATUSBAR-WifiQuickSettingButton( 1180): onWifiSignalChanged enabled=true enabledDesc:"CU_d24p"
08-10 10:34:09.651 D/StatusBar.NetworkController( 1180): refreshSignalCluster - setNWBoosterIndicators(false)
08-10 10:34:09.651 D/StatusBar.NetworkController( 1180): applyCHN
08-10 10:34:09.671 D/StatusBar.NetworkController( 1180): refreshSignalCluster - setNWBoosterIndicators(false)
08-10 10:34:09.671 D/StatusBar.NetworkController( 1180): applyCHN
08-10 10:34:09.681 D/StatusBar.NetworkController( 1180): refreshSignalCluster - setNWBoosterIndicators(false)
08-10 10:34:09.681 D/StatusBar.NetworkController( 1180): applyCHN
08-10 10:34:09.681 D/StatusBar.NetworkController( 1180): refreshSignalCluster - setNWBoosterIndicators(false)
08-10 10:34:09.681 D/StatusBar.NetworkController( 1180): applyCHN
08-10 10:34:10.681 D/StatusBar.NetworkController( 1180): refreshViews connected={ wifi } level=4 combinedSignalIconId=0x7f020553/com.android.systemui:drawable/stat_sys_wifi_signal_3 mobileLabel= wifiLabel="CU_d24p"xxxxXXXXxxxxXXXX emergencyOnly=true combinedLabel="CU_d24p"xxxxXXXXxxxxXXXX mAirplaneMode=false mDataActivity=0 mPhoneSignalIconId=0x7f0204e9/com.android.systemui:drawable/stat_sys_signal_4 mQSPhoneSignalIconId=0x7f020148/com.android.systemui:drawable/ic_qs_signal_4 mDataDirectionIconId=0x0/(null) mDataSignalIconId=0x7f0204e9/com.android.systemui:drawable/stat_sys_signal_4 mDataTypeIconId=0x0/(null) mQSDataTypeIconId=0x0/(null) mNoSimIconId=0x0/(null) mWifiIconId=0x7f020553/com.android.systemui:drawable/stat_sys_wifi_signal_3 mQSWifiIconId=0x7f02015d/com.android.systemui:drawable/ic_qs_wifi_3 mWifiActivityIconId=0x7f020525/com.android.systemui:drawable/stat_sys_signal_in mBluetoothTetherIconId=0x10808f1/android:drawable/stat_sys_tether_bluetooth
08-10 10:34:10.681 D/STATUSBAR-WifiQuickSettingButton( 1180): onWifiSignalChanged enabled=true enabledDesc:"CU_d24p"
08-10 10:34:10.681 D/StatusBar.NetworkController( 1180): refreshSignalCluster - setNWBoosterIndicators(false)
08-10 10:34:10.681 D/StatusBar.NetworkController( 1180): applyCHN
08-10 10:34:10.701 D/StatusBar.NetworkController( 1180): refreshSignalCluster - setNWBoosterIndicators(false)
08-10 10:34:10.701 D/StatusBar.NetworkController( 1180): applyCHN
08-10 10:34:10.711 D/StatusBar.NetworkController( 1180): refreshSignalCluster - setNWBoosterIndicators(false)
08-10 10:34:10.711 D/StatusBar.NetworkController( 1180): applyCHN
08-10 10:34:10.711 D/StatusBar.NetworkController( 1180): refreshSignalCluster - setNWBoosterIndicators(false)
08-10 10:34:10.711 D/StatusBar.NetworkController( 1180): applyCHN
08-10 10:34:10.891 D/BatteryService(  933): !@BatteryListener : batteryPropertiesChanged!
08-10 10:34:10.901 D/BatteryService(  933): level:90, scale:100, status:2, health:2, present:true, voltage: 4226, temperature: 316, technology: Li-ion, AC powered:false, USB powered:true, Wireless powered:false, icon:17303724, invalid charger:0
08-10 10:34:10.901 D/BatteryService(  933): online:4, current avg:450, charge type:1, power sharing:false, high voltage charger:false, capacity:280000, current_now:450
08-10 10:34:10.901 D/BatteryService(  933): Sending ACTION_BATTERY_CHANGED.
08-10 10:34:10.901 I/MotionRecognitionService(  933): Plugged
08-10 10:34:10.911 D/KeyguardUpdateMonitor( 1180): received broadcast android.intent.action.BATTERY_CHANGED
08-10 10:34:10.911 D/KeyguardUpdateMonitor( 1180): handleBatteryUpdate
08-10 10:34:10.911 I/MotionRecognitionService(  933): setPowerConnected  = true
08-10 10:34:10.931 D/STATUSBAR-PhoneStatusBar( 1180):  mBrightnessEnablebySettings = true mBrightnessEnablebyBattery = true mBrightnessEnablebyDisableFlag = true mPmsBrightnessEnablebySettings = true
08-10 10:34:10.941 V/HeadsetService( 3806): HeadsetService - Received Intent.ACTION_BATTERY_CHANGED
08-10 10:34:10.941 D/HeadsetStateMachine( 3806): Disconnected process message: 10
08-10 10:34:10.941 D/BatteryMeterView( 1180): ACTION_BATTERY_CHANGED : level:90 status:2 health:2
08-10 10:34:10.941 D/BatteryMeterView( 1180): ACTION_BATTERY_CHANGED : level:90 status:2 health:2
08-10 10:34:10.941 D/BatteryMeterView( 1180): ACTION_BATTERY_CHANGED : level:90 status:2 health:2
08-10 10:34:11.291 I/NLP     ( 1373): Location result:[location successful by Baidu], reason:[network location] locType=161
08-10 10:34:11.301 W/NetworkLocation( 1373): BaiduNetworkLocationProvider1:BaiduNetworkLocationProvider1 : forceLocation: network provider not Enabled!
08-10 10:34:11.301 D/ConnectivityService(  933): returning getNetworkInfo(networkType - 1) :[type: WIFI[] - WIFI, state: CONNECTED/CONNECTED, reason: (unspecified), extra: "CU_d24p", roaming: false, failover: false, isAvailable: true, isConnectedToProvisioningNetwork: false]
08-10 10:34:11.321 D/SSRM:n  (  933): SIOP:: AP = 350, PST = 350, CUR = 450
08-10 10:34:11.581 I/wpa_supplicant( 1157): nl80211: Received scan results (2 BSSes)
08-10 10:34:11.631 D/ActivityManager(  933): isDeviceAdminActiveApp false :com.android.systemui
08-10 10:34:11.631 D/ActivityManager(  933): isAutoRunBlockedApp:: com.android.systemui, Auto Run ON
08-10 10:34:11.701 D/StatusBar.NetworkController( 1180): refreshViews connected={ wifi } level=4 combinedSignalIconId=0x7f020553/com.android.systemui:drawable/stat_sys_wifi_signal_3 mobileLabel= wifiLabel="CU_d24p"xxxxXXXXxxxxXXXX emergencyOnly=true combinedLabel="CU_d24p"xxxxXXXXxxxxXXXX mAirplaneMode=false mDataActivity=0 mPhoneSignalIconId=0x7f0204e9/com.android.systemui:drawable/stat_sys_signal_4 mQSPhoneSignalIconId=0x7f020148/com.android.systemui:drawable/ic_qs_signal_4 mDataDirectionIconId=0x0/(null) mDataSignalIconId=0x7f0204e9/com.android.systemui:drawable/stat_sys_signal_4 mDataTypeIconId=0x0/(null) mQSDataTypeIconId=0x0/(null) mNoSimIconId=0x0/(null) mWifiIconId=0x7f020553/com.android.systemui:drawable/stat_sys_wifi_signal_3 mQSWifiIconId=0x7f02015d/com.android.systemui:drawable/ic_qs_wifi_3 mWifiActivityIconId=0x7f020529/com.android.systemui:drawable/stat_sys_signal_no_inout mBluetoothTetherIconId=0x10808f1/android:drawable/stat_sys_tether_bluetooth
08-10 10:34:11.701 D/STATUSBAR-WifiQuickSettingButton( 1180): onWifiSignalChanged enabled=true enabledDesc:"CU_d24p"
08-10 10:34:11.711 D/StatusBar.NetworkController( 1180): refreshSignalCluster - setNWBoosterIndicators(false)
08-10 10:34:11.711 D/StatusBar.NetworkController( 1180): applyCHN
08-10 10:34:11.721 D/StatusBar.NetworkController( 1180): refreshSignalCluster - setNWBoosterIndicators(false)
08-10 10:34:11.721 D/StatusBar.NetworkController( 1180): applyCHN
08-10 10:34:11.731 D/StatusBar.NetworkController( 1180): refreshSignalCluster - setNWBoosterIndicators(false)
08-10 10:34:11.731 D/StatusBar.NetworkController( 1180): applyCHN
08-10 10:34:11.731 D/StatusBar.NetworkController( 1180): refreshSignalCluster - setNWBoosterIndicators(false)
08-10 10:34:11.731 D/StatusBar.NetworkController( 1180): applyCHN
08-10 10:34:12.301 E/SMD     (  283): DCD ON
08-10 10:34:13.401 E/Watchdog(  933): !@Sync 661
08-10 10:34:13.741 D/StatusBar.NetworkController( 1180): refreshViews connected={ wifi } level=4 combinedSignalIconId=0x7f020553/com.android.systemui:drawable/stat_sys_wifi_signal_3 mobileLabel= wifiLabel="CU_d24p"xxxxXXXXxxxxXXXX emergencyOnly=true combinedLabel="CU_d24p"xxxxXXXXxxxxXXXX mAirplaneMode=false mDataActivity=0 mPhoneSignalIconId=0x7f0204e9/com.android.systemui:drawable/stat_sys_signal_4 mQSPhoneSignalIconId=0x7f020148/com.android.systemui:drawable/ic_qs_signal_4 mDataDirectionIconId=0x0/(null) mDataSignalIconId=0x7f0204e9/com.android.systemui:drawable/stat_sys_signal_4 mDataTypeIconId=0x0/(null) mQSDataTypeIconId=0x0/(null) mNoSimIconId=0x0/(null) mWifiIconId=0x7f020553/com.android.systemui:drawable/stat_sys_wifi_signal_3 mQSWifiIconId=0x7f02015d/com.android.systemui:drawable/ic_qs_wifi_3 mWifiActivityIconId=0x7f020527/com.android.systemui:drawable/stat_sys_signal_inout mBluetoothTetherIconId=0x10808f1/android:drawable/stat_sys_tether_bluetooth
08-10 10:34:13.741 D/STATUSBAR-WifiQuickSettingButton( 1180): onWifiSignalChanged enabled=true enabledDesc:"CU_d24p"
08-10 10:34:13.741 D/StatusBar.NetworkController( 1180): refreshSignalCluster - setNWBoosterIndicators(false)
08-10 10:34:13.741 D/StatusBar.NetworkController( 1180): applyCHN
08-10 10:34:13.761 D/StatusBar.NetworkController( 1180): refreshSignalCluster - setNWBoosterIndicators(false)
08-10 10:34:13.761 D/StatusBar.NetworkController( 1180): applyCHN
08-10 10:34:13.761 D/StatusBar.NetworkController( 1180): refreshSignalCluster - setNWBoosterIndicators(false)
08-10 10:34:13.761 D/StatusBar.NetworkController( 1180): applyCHN
08-10 10:34:13.761 D/StatusBar.NetworkController( 1180): refreshSignalCluster - setNWBoosterIndicators(false)
08-10 10:34:13.771 D/StatusBar.NetworkController( 1180): applyCHN
08-10 10:34:14.771 D/StatusBar.NetworkController( 1180): refreshViews connected={ wifi } level=4 combinedSignalIconId=0x7f020553/com.android.systemui:drawable/stat_sys_wifi_signal_3 mobileLabel= wifiLabel="CU_d24p"xxxxXXXXxxxxXXXX emergencyOnly=true combinedLabel="CU_d24p"xxxxXXXXxxxxXXXX mAirplaneMode=false mDataActivity=0 mPhoneSignalIconId=0x7f0204e9/com.android.systemui:drawable/stat_sys_signal_4 mQSPhoneSignalIconId=0x7f020148/com.android.systemui:drawable/ic_qs_signal_4 mDataDirectionIconId=0x0/(null) mDataSignalIconId=0x7f0204e9/com.android.systemui:drawable/stat_sys_signal_4 mDataTypeIconId=0x0/(null) mQSDataTypeIconId=0x0/(null) mNoSimIconId=0x0/(null) mWifiIconId=0x7f020553/com.android.systemui:drawable/stat_sys_wifi_signal_3 mQSWifiIconId=0x7f02015d/com.android.systemui:drawable/ic_qs_wifi_3 mWifiActivityIconId=0x7f020529/com.android.systemui:drawable/stat_sys_signal_no_inout mBluetoothTetherIconId=0x10808f1/android:drawable/stat_sys_tether_bluetooth
08-10 10:34:14.771 D/STATUSBAR-WifiQuickSettingButton( 1180): onWifiSignalChanged enabled=true enabledDesc:"CU_d24p"
08-10 10:34:14.771 D/StatusBar.NetworkController( 1180): refreshSignalCluster - setNWBoosterIndicators(false)
08-10 10:34:14.771 D/StatusBar.NetworkController( 1180): applyCHN
08-10 10:34:14.781 D/StatusBar.NetworkController( 1180): refreshSignalCluster - setNWBoosterIndicators(false)
08-10 10:34:14.791 D/StatusBar.NetworkController( 1180): applyCHN
08-10 10:34:14.791 D/StatusBar.NetworkController( 1180): refreshSignalCluster - setNWBoosterIndicators(false)
08-10 10:34:14.791 D/StatusBar.NetworkController( 1180): applyCHN
08-10 10:34:14.791 D/StatusBar.NetworkController( 1180): refreshSignalCluster - setNWBoosterIndicators(false)
08-10 10:34:14.791 D/StatusBar.NetworkController( 1180): applyCHN
08-10 10:34:15.301 E/SMD     (  283): DCD ON
08-10 10:34:18.301 E/SMD     (  283): DCD ON
08-10 10:34:18.811 D/StatusBar.NetworkController( 1180): refreshViews connected={ wifi } level=4 combinedSignalIconId=0x7f020553/com.android.systemui:drawable/stat_sys_wifi_signal_3 mobileLabel= wifiLabel="CU_d24p"xxxxXXXXxxxxXXXX emergencyOnly=true combinedLabel="CU_d24p"xxxxXXXXxxxxXXXX mAirplaneMode=false mDataActivity=0 mPhoneSignalIconId=0x7f0204e9/com.android.systemui:drawable/stat_sys_signal_4 mQSPhoneSignalIconId=0x7f020148/com.android.systemui:drawable/ic_qs_signal_4 mDataDirectionIconId=0x0/(null) mDataSignalIconId=0x7f0204e9/com.android.systemui:drawable/stat_sys_signal_4 mDataTypeIconId=0x0/(null) mQSDataTypeIconId=0x0/(null) mNoSimIconId=0x0/(null) mWifiIconId=0x7f020553/com.android.systemui:drawable/stat_sys_wifi_signal_3 mQSWifiIconId=0x7f02015d/com.android.systemui:drawable/ic_qs_wifi_3 mWifiActivityIconId=0x7f020527/com.android.systemui:drawable/stat_sys_signal_inout mBluetoothTetherIconId=0x10808f1/android:drawable/stat_sys_tether_bluetooth
08-10 10:34:18.811 D/STATUSBAR-WifiQuickSettingButton( 1180): onWifiSignalChanged enabled=true enabledDesc:"CU_d24p"
08-10 10:34:18.821 D/StatusBar.NetworkController( 1180): refreshSignalCluster - setNWBoosterIndicators(false)
08-10 10:34:18.821 D/StatusBar.NetworkController( 1180): applyCHN
08-10 10:34:18.831 D/StatusBar.NetworkController( 1180): refreshSignalCluster - setNWBoosterIndicators(false)
08-10 10:34:18.831 D/StatusBar.NetworkController( 1180): applyCHN
08-10 10:34:18.841 D/StatusBar.NetworkController( 1180): refreshSignalCluster - setNWBoosterIndicators(false)
08-10 10:34:18.841 D/StatusBar.NetworkController( 1180): applyCHN
08-10 10:34:18.841 D/StatusBar.NetworkController( 1180): refreshSignalCluster - setNWBoosterIndicators(false)
08-10 10:34:18.841 D/StatusBar.NetworkController( 1180): applyCHN
08-10 10:34:19.241 E/WifiStateMachine(  933): WifiStateMachine CMD_START_SCAN source 10015 txSuccessRate=0.71 rxSuccessRate=0.73 targetRoamBSSID=88:3f:d3:3f:82:d0 RSSI=-71
08-10 10:34:19.241 I/wpa_supplicant( 1157): wlan0: Setting scan request: 0 sec 0 usec
08-10 10:34:19.241 I/wpa_supplicant( 1157): P2P: Current p2p state = IDLE
08-10 10:34:19.241 D/WifiService(  933): startScan by pid=1373, uid=10015
08-10 10:34:19.261 I/wpa_supplicant( 1157): Scan requested (ret=0) - scan timeout 30 seconds
08-10 10:34:19.841 D/StatusBar.NetworkController( 1180): refreshViews connected={ wifi } level=4 combinedSignalIconId=0x7f020553/com.android.systemui:drawable/stat_sys_wifi_signal_3 mobileLabel= wifiLabel="CU_d24p"xxxxXXXXxxxxXXXX emergencyOnly=true combinedLabel="CU_d24p"xxxxXXXXxxxxXXXX mAirplaneMode=false mDataActivity=0 mPhoneSignalIconId=0x7f0204e9/com.android.systemui:drawable/stat_sys_signal_4 mQSPhoneSignalIconId=0x7f020148/com.android.systemui:drawable/ic_qs_signal_4 mDataDirectionIconId=0x0/(null) mDataSignalIconId=0x7f0204e9/com.android.systemui:drawable/stat_sys_signal_4 mDataTypeIconId=0x0/(null) mQSDataTypeIconId=0x0/(null) mNoSimIconId=0x0/(null) mWifiIconId=0x7f020553/com.android.systemui:drawable/stat_sys_wifi_signal_3 mQSWifiIconId=0x7f02015d/com.android.systemui:drawable/ic_qs_wifi_3 mWifiActivityIconId=0x7f020529/com.android.systemui:drawable/stat_sys_signal_no_inout mBluetoothTetherIconId=0x10808f1/android:drawable/stat_sys_tether_bluetooth
08-10 10:34:19.841 D/STATUSBAR-WifiQuickSettingButton( 1180): onWifiSignalChanged enabled=true enabledDesc:"CU_d24p"
08-10 10:34:19.841 D/StatusBar.NetworkController( 1180): refreshSignalCluster - setNWBoosterIndicators(false)
08-10 10:34:19.841 D/StatusBar.NetworkController( 1180): applyCHN
08-10 10:34:19.861 D/StatusBar.NetworkController( 1180): refreshSignalCluster - setNWBoosterIndicators(false)
08-10 10:34:19.861 D/StatusBar.NetworkController( 1180): applyCHN
08-10 10:34:19.861 D/StatusBar.NetworkController( 1180): refreshSignalCluster - setNWBoosterIndicators(false)
08-10 10:34:19.871 D/StatusBar.NetworkController( 1180): applyCHN
08-10 10:34:19.871 D/StatusBar.NetworkController( 1180): refreshSignalCluster - setNWBoosterIndicators(false)
08-10 10:34:19.871 D/StatusBar.NetworkController( 1180): applyCHN
08-10 10:34:20.961 D/BatteryService(  933): !@BatteryListener : batteryPropertiesChanged!
08-10 10:34:20.961 D/BatteryService(  933): level:90, scale:100, status:2, health:2, present:true, voltage: 4241, temperature: 316, technology: Li-ion, AC powered:false, USB powered:true, Wireless powered:false, icon:17303724, invalid charger:0
08-10 10:34:20.961 D/BatteryService(  933): online:4, current avg:450, charge type:1, power sharing:false, high voltage charger:false, capacity:280000, current_now:450
08-10 10:34:20.961 D/BatteryService(  933): Sending ACTION_BATTERY_CHANGED.
08-10 10:34:20.971 D/KeyguardUpdateMonitor( 1180): received broadcast android.intent.action.BATTERY_CHANGED
08-10 10:34:20.971 I/MotionRecognitionService(  933): Plugged
08-10 10:34:20.971 I/MotionRecognitionService(  933): setPowerConnected  = true
08-10 10:34:20.981 D/KeyguardUpdateMonitor( 1180): handleBatteryUpdate
08-10 10:34:21.001 D/STATUSBAR-PhoneStatusBar( 1180):  mBrightnessEnablebySettings = true mBrightnessEnablebyBattery = true mBrightnessEnablebyDisableFlag = true mPmsBrightnessEnablebySettings = true
08-10 10:34:21.011 V/HeadsetService( 3806): HeadsetService - Received Intent.ACTION_BATTERY_CHANGED
08-10 10:34:21.011 D/HeadsetStateMachine( 3806): Disconnected process message: 10
08-10 10:34:21.031 D/BatteryMeterView( 1180): ACTION_BATTERY_CHANGED : level:90 status:2 health:2
08-10 10:34:21.031 D/BatteryMeterView( 1180): ACTION_BATTERY_CHANGED : level:90 status:2 health:2
08-10 10:34:21.041 D/BatteryMeterView( 1180): ACTION_BATTERY_CHANGED : level:90 status:2 health:2
08-10 10:34:21.301 E/SMD     (  283): DCD ON
08-10 10:34:21.301 I/NLP     ( 1373): Location result:[location successful by Baidu], reason:[network location] locType=161
08-10 10:34:21.311 W/NetworkLocation( 1373): BaiduNetworkLocationProvider1:BaiduNetworkLocationProvider1 : forceLocation: network provider not Enabled!
08-10 10:34:21.311 D/ConnectivityService(  933): returning getNetworkInfo(networkType - 1) :[type: WIFI[] - WIFI, state: CONNECTED/CONNECTED, reason: (unspecified), extra: "CU_d24p", roaming: false, failover: false, isAvailable: true, isConnectedToProvisioningNetwork: false]
08-10 10:34:21.371 D/SSRM:n  (  933): SIOP:: AP = 350, PST = 350, CUR = 450
08-10 10:34:21.611 I/wpa_supplicant( 1157): nl80211: Received scan results (2 BSSes)
08-10 10:34:21.661 D/ActivityManager(  933): isDeviceAdminActiveApp false :com.android.systemui
08-10 10:34:21.661 D/ActivityManager(  933): isAutoRunBlockedApp:: com.android.systemui, Auto Run ON
08-10 10:34:21.691 I/ProcessStatsService(  933): Prepared write state in 16ms
08-10 10:34:21.691 I/ProcessStatsService(  933): Prepared write state in 3ms
08-10 10:34:21.701 I/ProcessStatsService(  933): Prepared write state in 4ms
08-10 10:34:23.881 D/StatusBar.NetworkController( 1180): refreshViews connected={ wifi } level=4 combinedSignalIconId=0x7f020553/com.android.systemui:drawable/stat_sys_wifi_signal_3 mobileLabel= wifiLabel="CU_d24p"xxxxXXXXxxxxXXXX emergencyOnly=true combinedLabel="CU_d24p"xxxxXXXXxxxxXXXX mAirplaneMode=false mDataActivity=0 mPhoneSignalIconId=0x7f0204e9/com.android.systemui:drawable/stat_sys_signal_4 mQSPhoneSignalIconId=0x7f020148/com.android.systemui:drawable/ic_qs_signal_4 mDataDirectionIconId=0x0/(null) mDataSignalIconId=0x7f0204e9/com.android.systemui:drawable/stat_sys_signal_4 mDataTypeIconId=0x0/(null) mQSDataTypeIconId=0x0/(null) mNoSimIconId=0x0/(null) mWifiIconId=0x7f020553/com.android.systemui:drawable/stat_sys_wifi_signal_3 mQSWifiIconId=0x7f02015d/com.android.systemui:drawable/ic_qs_wifi_3 mWifiActivityIconId=0x7f020527/com.android.systemui:drawable/stat_sys_signal_inout mBluetoothTetherIconId=0x10808f1/android:drawable/stat_sys_tether_bluetooth
08-10 10:34:23.881 D/STATUSBAR-WifiQuickSettingButton( 1180): onWifiSignalChanged enabled=true enabledDesc:"CU_d24p"
08-10 10:34:23.881 D/StatusBar.NetworkController( 1180): refreshSignalCluster - setNWBoosterIndicators(false)
08-10 10:34:23.881 D/StatusBar.NetworkController( 1180): applyCHN
08-10 10:34:23.901 D/StatusBar.NetworkController( 1180): refreshSignalCluster - setNWBoosterIndicators(false)
08-10 10:34:23.901 D/StatusBar.NetworkController( 1180): applyCHN
08-10 10:34:23.901 D/StatusBar.NetworkController( 1180): refreshSignalCluster - setNWBoosterIndicators(false)
08-10 10:34:23.901 D/StatusBar.NetworkController( 1180): applyCHN
08-10 10:34:23.911 D/StatusBar.NetworkController( 1180): refreshSignalCluster - setNWBoosterIndicators(false)
08-10 10:34:23.911 D/StatusBar.NetworkController( 1180): applyCHN
08-10 10:34:24.301 E/SMD     (  283): DCD ON
08-10 10:34:24.911 D/StatusBar.NetworkController( 1180): refreshViews connected={ wifi } level=4 combinedSignalIconId=0x7f020553/com.android.systemui:drawable/stat_sys_wifi_signal_3 mobileLabel= wifiLabel="CU_d24p"xxxxXXXXxxxxXXXX emergencyOnly=true combinedLabel="CU_d24p"xxxxXXXXxxxxXXXX mAirplaneMode=false mDataActivity=0 mPhoneSignalIconId=0x7f0204e9/com.android.systemui:drawable/stat_sys_signal_4 mQSPhoneSignalIconId=0x7f020148/com.android.systemui:drawable/ic_qs_signal_4 mDataDirectionIconId=0x0/(null) mDataSignalIconId=0x7f0204e9/com.android.systemui:drawable/stat_sys_signal_4 mDataTypeIconId=0x0/(null) mQSDataTypeIconId=0x0/(null) mNoSimIconId=0x0/(null) mWifiIconId=0x7f020553/com.android.systemui:drawable/stat_sys_wifi_signal_3 mQSWifiIconId=0x7f02015d/com.android.systemui:drawable/ic_qs_wifi_3 mWifiActivityIconId=0x7f020529/com.android.systemui:drawable/stat_sys_signal_no_inout mBluetoothTetherIconId=0x10808f1/android:drawable/stat_sys_tether_bluetooth
08-10 10:34:24.911 D/STATUSBAR-WifiQuickSettingButton( 1180): onWifiSignalChanged enabled=true enabledDesc:"CU_d24p"
08-10 10:34:24.911 D/StatusBar.NetworkController( 1180): refreshSignalCluster - setNWBoosterIndicators(false)
08-10 10:34:24.911 D/StatusBar.NetworkController( 1180): applyCHN
08-10 10:34:24.931 D/StatusBar.NetworkController( 1180): refreshSignalCluster - setNWBoosterIndicators(false)
08-10 10:34:24.931 D/StatusBar.NetworkController( 1180): applyCHN
08-10 10:34:24.931 D/StatusBar.NetworkController( 1180): refreshSignalCluster - setNWBoosterIndicators(false)
08-10 10:34:24.931 D/StatusBar.NetworkController( 1180): applyCHN
08-10 10:34:24.941 D/StatusBar.NetworkController( 1180): refreshSignalCluster - setNWBoosterIndicators(false)
08-10 10:34:24.941 D/StatusBar.NetworkController( 1180): applyCHN
08-10 10:34:26.941 D/StatusBar.NetworkController( 1180): refreshViews connected={ wifi } level=4 combinedSignalIconId=0x7f020553/com.android.systemui:drawable/stat_sys_wifi_signal_3 mobileLabel= wifiLabel="CU_d24p"xxxxXXXXxxxxXXXX emergencyOnly=true combinedLabel="CU_d24p"xxxxXXXXxxxxXXXX mAirplaneMode=false mDataActivity=0 mPhoneSignalIconId=0x7f0204e9/com.android.systemui:drawable/stat_sys_signal_4 mQSPhoneSignalIconId=0x7f020148/com.android.systemui:drawable/ic_qs_signal_4 mDataDirectionIconId=0x0/(null) mDataSignalIconId=0x7f0204e9/com.android.systemui:drawable/stat_sys_signal_4 mDataTypeIconId=0x0/(null) mQSDataTypeIconId=0x0/(null) mNoSimIconId=0x0/(null) mWifiIconId=0x7f020553/com.android.systemui:drawable/stat_sys_wifi_signal_3 mQSWifiIconId=0x7f02015d/com.android.systemui:drawable/ic_qs_wifi_3 mWifiActivityIconId=0x7f020527/com.android.systemui:drawable/stat_sys_signal_inout mBluetoothTetherIconId=0x10808f1/android:drawable/stat_sys_tether_bluetooth
08-10 10:34:26.941 D/STATUSBAR-WifiQuickSettingButton( 1180): onWifiSignalChanged enabled=true enabledDesc:"CU_d24p"
08-10 10:34:26.951 D/StatusBar.NetworkController( 1180): refreshSignalCluster - setNWBoosterIndicators(false)
08-10 10:34:26.951 D/StatusBar.NetworkController( 1180): applyCHN
08-10 10:34:26.961 D/StatusBar.NetworkController( 1180): refreshSignalCluster - setNWBoosterIndicators(false)
08-10 10:34:26.961 D/StatusBar.NetworkController( 1180): applyCHN
08-10 10:34:26.971 D/StatusBar.NetworkController( 1180): refreshSignalCluster - setNWBoosterIndicators(false)
08-10 10:34:26.971 D/StatusBar.NetworkController( 1180): applyCHN
08-10 10:34:26.971 D/StatusBar.NetworkController( 1180): refreshSignalCluster - setNWBoosterIndicators(false)
08-10 10:34:26.971 D/StatusBar.NetworkController( 1180): applyCHN
08-10 10:34:27.301 E/SMD     (  283): DCD ON
08-10 10:34:27.971 D/StatusBar.NetworkController( 1180): refreshViews connected={ wifi } level=4 combinedSignalIconId=0x7f020553/com.android.systemui:drawable/stat_sys_wifi_signal_3 mobileLabel= wifiLabel="CU_d24p"xxxxXXXXxxxxXXXX emergencyOnly=true combinedLabel="CU_d24p"xxxxXXXXxxxxXXXX mAirplaneMode=false mDataActivity=0 mPhoneSignalIconId=0x7f0204e9/com.android.systemui:drawable/stat_sys_signal_4 mQSPhoneSignalIconId=0x7f020148/com.android.systemui:drawable/ic_qs_signal_4 mDataDirectionIconId=0x0/(null) mDataSignalIconId=0x7f0204e9/com.android.systemui:drawable/stat_sys_signal_4 mDataTypeIconId=0x0/(null) mQSDataTypeIconId=0x0/(null) mNoSimIconId=0x0/(null) mWifiIconId=0x7f020553/com.android.systemui:drawable/stat_sys_wifi_signal_3 mQSWifiIconId=0x7f02015d/com.android.systemui:drawable/ic_qs_wifi_3 mWifiActivityIconId=0x7f020529/com.android.systemui:drawable/stat_sys_signal_no_inout mBluetoothTetherIconId=0x10808f1/android:drawable/stat_sys_tether_bluetooth
08-10 10:34:27.971 D/STATUSBAR-WifiQuickSettingButton( 1180): onWifiSignalChanged enabled=true enabledDesc:"CU_d24p"
08-10 10:34:27.971 D/StatusBar.NetworkController( 1180): refreshSignalCluster - setNWBoosterIndicators(false)
08-10 10:34:27.981 D/StatusBar.NetworkController( 1180): applyCHN
08-10 10:34:27.991 D/StatusBar.NetworkController( 1180): refreshSignalCluster - setNWBoosterIndicators(false)
08-10 10:34:27.991 D/StatusBar.NetworkController( 1180): applyCHN
08-10 10:34:27.991 D/StatusBar.NetworkController( 1180): refreshSignalCluster - setNWBoosterIndicators(false)
08-10 10:34:28.001 D/StatusBar.NetworkController( 1180): applyCHN
08-10 10:34:28.001 D/StatusBar.NetworkController( 1180): refreshSignalCluster - setNWBoosterIndicators(false)
08-10 10:34:28.001 D/StatusBar.NetworkController( 1180): applyCHN
08-10 10:34:29.001 D/StatusBar.NetworkController( 1180): refreshViews connected={ wifi } level=4 combinedSignalIconId=0x7f020553/com.android.systemui:drawable/stat_sys_wifi_signal_3 mobileLabel= wifiLabel="CU_d24p"xxxxXXXXxxxxXXXX emergencyOnly=true combinedLabel="CU_d24p"xxxxXXXXxxxxXXXX mAirplaneMode=false mDataActivity=0 mPhoneSignalIconId=0x7f0204e9/com.android.systemui:drawable/stat_sys_signal_4 mQSPhoneSignalIconId=0x7f020148/com.android.systemui:drawable/ic_qs_signal_4 mDataDirectionIconId=0x0/(null) mDataSignalIconId=0x7f0204e9/com.android.systemui:drawable/stat_sys_signal_4 mDataTypeIconId=0x0/(null) mQSDataTypeIconId=0x0/(null) mNoSimIconId=0x0/(null) mWifiIconId=0x7f020553/com.android.systemui:drawable/stat_sys_wifi_signal_3 mQSWifiIconId=0x7f02015d/com.android.systemui:drawable/ic_qs_wifi_3 mWifiActivityIconId=0x7f020527/com.android.systemui:drawable/stat_sys_signal_inout mBluetoothTetherIconId=0x10808f1/android:drawable/stat_sys_tether_bluetooth
08-10 10:34:29.001 D/STATUSBAR-WifiQuickSettingButton( 1180): onWifiSignalChanged enabled=true enabledDesc:"CU_d24p"
08-10 10:34:29.001 D/StatusBar.NetworkController( 1180): refreshSignalCluster - setNWBoosterIndicators(false)
08-10 10:34:29.001 D/StatusBar.NetworkController( 1180): applyCHN
08-10 10:34:29.021 D/StatusBar.NetworkController( 1180): refreshSignalCluster - setNWBoosterIndicators(false)
08-10 10:34:29.021 D/StatusBar.NetworkController( 1180): applyCHN
08-10 10:34:29.021 D/StatusBar.NetworkController( 1180): refreshSignalCluster - setNWBoosterIndicators(false)
08-10 10:34:29.021 D/StatusBar.NetworkController( 1180): applyCHN
08-10 10:34:29.031 D/StatusBar.NetworkController( 1180): refreshSignalCluster - setNWBoosterIndicators(false)
08-10 10:34:29.031 D/StatusBar.NetworkController( 1180): applyCHN
08-10 10:34:29.271 D/WifiService(  933): startScan by pid=1373, uid=10015
08-10 10:34:29.281 E/WifiStateMachine(  933): WifiStateMachine CMD_START_SCAN source 10015 txSuccessRate=10.34 rxSuccessRate=6.97 targetRoamBSSID=88:3f:d3:3f:82:d0 RSSI=-74
08-10 10:34:29.281 I/wpa_supplicant( 1157): wlan0: Setting scan request: 0 sec 0 usec
08-10 10:34:29.281 I/wpa_supplicant( 1157): P2P: Current p2p state = IDLE
08-10 10:34:29.291 I/wpa_supplicant( 1157): Scan requested (ret=0) - scan timeout 30 seconds
08-10 10:34:30.031 D/StatusBar.NetworkController( 1180): refreshViews connected={ wifi } level=4 combinedSignalIconId=0x7f020553/com.android.systemui:drawable/stat_sys_wifi_signal_3 mobileLabel= wifiLabel="CU_d24p"xxxxXXXXxxxxXXXX emergencyOnly=true combinedLabel="CU_d24p"xxxxXXXXxxxxXXXX mAirplaneMode=false mDataActivity=0 mPhoneSignalIconId=0x7f0204e9/com.android.systemui:drawable/stat_sys_signal_4 mQSPhoneSignalIconId=0x7f020148/com.android.systemui:drawable/ic_qs_signal_4 mDataDirectionIconId=0x0/(null) mDataSignalIconId=0x7f0204e9/com.android.systemui:drawable/stat_sys_signal_4 mDataTypeIconId=0x0/(null) mQSDataTypeIconId=0x0/(null) mNoSimIconId=0x0/(null) mWifiIconId=0x7f020553/com.android.systemui:drawable/stat_sys_wifi_signal_3 mQSWifiIconId=0x7f02015d/com.android.systemui:drawable/ic_qs_wifi_3 mWifiActivityIconId=0x7f020529/com.android.systemui:drawable/stat_sys_signal_no_inout mBluetoothTetherIconId=0x10808f1/android:drawable/stat_sys_tether_bluetooth
08-10 10:34:30.031 D/STATUSBAR-WifiQuickSettingButton( 1180): onWifiSignalChanged enabled=true enabledDesc:"CU_d24p"
08-10 10:34:30.031 D/StatusBar.NetworkController( 1180): refreshSignalCluster - setNWBoosterIndicators(false)
08-10 10:34:30.031 D/StatusBar.NetworkController( 1180): applyCHN
08-10 10:34:30.051 D/StatusBar.NetworkController( 1180): refreshSignalCluster - setNWBoosterIndicators(false)
08-10 10:34:30.051 D/StatusBar.NetworkController( 1180): applyCHN
08-10 10:34:30.051 D/StatusBar.NetworkController( 1180): refreshSignalCluster - setNWBoosterIndicators(false)
08-10 10:34:30.061 D/StatusBar.NetworkController( 1180): applyCHN
08-10 10:34:30.061 D/StatusBar.NetworkController( 1180): refreshSignalCluster - setNWBoosterIndicators(false)
08-10 10:34:30.061 D/StatusBar.NetworkController( 1180): applyCHN
08-10 10:34:30.301 E/SMD     (  283): DCD ON
08-10 10:34:31.031 D/BatteryService(  933): !@BatteryListener : batteryPropertiesChanged!
08-10 10:34:31.031 D/BatteryService(  933): level:90, scale:100, status:2, health:2, present:true, voltage: 4243, temperature: 316, technology: Li-ion, AC powered:false, USB powered:true, Wireless powered:false, icon:17303724, invalid charger:0
08-10 10:34:31.031 D/BatteryService(  933): online:4, current avg:450, charge type:1, power sharing:false, high voltage charger:false, capacity:280000, current_now:450
08-10 10:34:31.031 D/BatteryService(  933): Sending ACTION_BATTERY_CHANGED.
08-10 10:34:31.041 D/KeyguardUpdateMonitor( 1180): received broadcast android.intent.action.BATTERY_CHANGED
08-10 10:34:31.041 D/KeyguardUpdateMonitor( 1180): handleBatteryUpdate
08-10 10:34:31.041 I/MotionRecognitionService(  933): Plugged
08-10 10:34:31.041 I/MotionRecognitionService(  933): setPowerConnected  = true
08-10 10:34:31.071 D/STATUSBAR-PhoneStatusBar( 1180):  mBrightnessEnablebySettings = true mBrightnessEnablebyBattery = true mBrightnessEnablebyDisableFlag = true mPmsBrightnessEnablebySettings = true
08-10 10:34:31.091 V/HeadsetService( 3806): HeadsetService - Received Intent.ACTION_BATTERY_CHANGED
08-10 10:34:31.091 D/HeadsetStateMachine( 3806): Disconnected process message: 10
08-10 10:34:31.101 D/BatteryMeterView( 1180): ACTION_BATTERY_CHANGED : level:90 status:2 health:2
08-10 10:34:31.101 D/BatteryMeterView( 1180): ACTION_BATTERY_CHANGED : level:90 status:2 health:2
08-10 10:34:31.101 D/BatteryMeterView( 1180): ACTION_BATTERY_CHANGED : level:90 status:2 health:2
08-10 10:34:31.351 I/NLP     ( 1373): Location result:[location successful by Baidu], reason:[network location] locType=161
08-10 10:34:31.351 W/NetworkLocation( 1373): BaiduNetworkLocationProvider1:BaiduNetworkLocationProvider1 : forceLocation: network provider not Enabled!
08-10 10:34:31.351 D/ConnectivityService(  933): returning getNetworkInfo(networkType - 1) :[type: WIFI[] - WIFI, state: CONNECTED/CONNECTED, reason: (unspecified), extra: "CU_d24p", roaming: false, failover: false, isAvailable: true, isConnectedToProvisioningNetwork: false]
08-10 10:34:31.421 D/SSRM:n  (  933): SIOP:: AP = 350, PST = 350, CUR = 450
08-10 10:34:31.641 I/wpa_supplicant( 1157): nl80211: Received scan results (2 BSSes)
08-10 10:34:31.691 D/ActivityManager(  933): isDeviceAdminActiveApp false :com.android.systemui
08-10 10:34:31.691 D/ActivityManager(  933): isAutoRunBlockedApp:: com.android.systemui, Auto Run ON
08-10 10:34:32.061 D/StatusBar.NetworkController( 1180): refreshViews connected={ wifi } level=4 combinedSignalIconId=0x7f020553/com.android.systemui:drawable/stat_sys_wifi_signal_3 mobileLabel= wifiLabel="CU_d24p"xxxxXXXXxxxxXXXX emergencyOnly=true combinedLabel="CU_d24p"xxxxXXXXxxxxXXXX mAirplaneMode=false mDataActivity=0 mPhoneSignalIconId=0x7f0204e9/com.android.systemui:drawable/stat_sys_signal_4 mQSPhoneSignalIconId=0x7f020148/com.android.systemui:drawable/ic_qs_signal_4 mDataDirectionIconId=0x0/(null) mDataSignalIconId=0x7f0204e9/com.android.systemui:drawable/stat_sys_signal_4 mDataTypeIconId=0x0/(null) mQSDataTypeIconId=0x0/(null) mNoSimIconId=0x0/(null) mWifiIconId=0x7f020553/com.android.systemui:drawable/stat_sys_wifi_signal_3 mQSWifiIconId=0x7f02015d/com.android.systemui:drawable/ic_qs_wifi_3 mWifiActivityIconId=0x7f020525/com.android.systemui:drawable/stat_sys_signal_in mBluetoothTetherIconId=0x10808f1/android:drawable/stat_sys_tether_bluetooth
08-10 10:34:32.061 D/STATUSBAR-WifiQuickSettingButton( 1180): onWifiSignalChanged enabled=true enabledDesc:"CU_d24p"
08-10 10:34:32.071 D/StatusBar.NetworkController( 1180): refreshSignalCluster - setNWBoosterIndicators(false)
08-10 10:34:32.071 D/StatusBar.NetworkController( 1180): applyCHN
08-10 10:34:32.081 D/StatusBar.NetworkController( 1180): refreshSignalCluster - setNWBoosterIndicators(false)
08-10 10:34:32.081 D/StatusBar.NetworkController( 1180): applyCHN
08-10 10:34:32.091 D/StatusBar.NetworkController( 1180): refreshSignalCluster - setNWBoosterIndicators(false)
08-10 10:34:32.091 D/StatusBar.NetworkController( 1180): applyCHN
08-10 10:34:32.091 D/StatusBar.NetworkController( 1180): refreshSignalCluster - setNWBoosterIndicators(false)
08-10 10:34:32.091 D/StatusBar.NetworkController( 1180): applyCHN
08-10 10:34:33.091 D/StatusBar.NetworkController( 1180): refreshViews connected={ wifi } level=4 combinedSignalIconId=0x7f020553/com.android.systemui:drawable/stat_sys_wifi_signal_3 mobileLabel= wifiLabel="CU_d24p"xxxxXXXXxxxxXXXX emergencyOnly=true combinedLabel="CU_d24p"xxxxXXXXxxxxXXXX mAirplaneMode=false mDataActivity=0 mPhoneSignalIconId=0x7f0204e9/com.android.systemui:drawable/stat_sys_signal_4 mQSPhoneSignalIconId=0x7f020148/com.android.systemui:drawable/ic_qs_signal_4 mDataDirectionIconId=0x0/(null) mDataSignalIconId=0x7f0204e9/com.android.systemui:drawable/stat_sys_signal_4 mDataTypeIconId=0x0/(null) mQSDataTypeIconId=0x0/(null) mNoSimIconId=0x0/(null) mWifiIconId=0x7f020553/com.android.systemui:drawable/stat_sys_wifi_signal_3 mQSWifiIconId=0x7f02015d/com.android.systemui:drawable/ic_qs_wifi_3 mWifiActivityIconId=0x7f020529/com.android.systemui:drawable/stat_sys_signal_no_inout mBluetoothTetherIconId=0x10808f1/android:drawable/stat_sys_tether_bluetooth
08-10 10:34:33.091 D/STATUSBAR-WifiQuickSettingButton( 1180): onWifiSignalChanged enabled=true enabledDesc:"CU_d24p"
08-10 10:34:33.101 D/StatusBar.NetworkController( 1180): refreshSignalCluster - setNWBoosterIndicators(false)
08-10 10:34:33.101 D/StatusBar.NetworkController( 1180): applyCHN
08-10 10:34:33.111 D/StatusBar.NetworkController( 1180): refreshSignalCluster - setNWBoosterIndicators(false)
08-10 10:34:33.111 D/StatusBar.NetworkController( 1180): applyCHN
08-10 10:34:33.121 D/StatusBar.NetworkController( 1180): refreshSignalCluster - setNWBoosterIndicators(false)
08-10 10:34:33.121 D/StatusBar.NetworkController( 1180): applyCHN
08-10 10:34:33.121 D/StatusBar.NetworkController( 1180): refreshSignalCluster - setNWBoosterIndicators(false)
08-10 10:34:33.121 D/StatusBar.NetworkController( 1180): applyCHN
08-10 10:34:33.311 E/SMD     (  283): DCD ON
08-10 10:34:34.121 D/StatusBar.NetworkController( 1180): refreshViews connected={ wifi } level=4 combinedSignalIconId=0x7f020553/com.android.systemui:drawable/stat_sys_wifi_signal_3 mobileLabel= wifiLabel="CU_d24p"xxxxXXXXxxxxXXXX emergencyOnly=true combinedLabel="CU_d24p"xxxxXXXXxxxxXXXX mAirplaneMode=false mDataActivity=0 mPhoneSignalIconId=0x7f0204e9/com.android.systemui:drawable/stat_sys_signal_4 mQSPhoneSignalIconId=0x7f020148/com.android.systemui:drawable/ic_qs_signal_4 mDataDirectionIconId=0x0/(null) mDataSignalIconId=0x7f0204e9/com.android.systemui:drawable/stat_sys_signal_4 mDataTypeIconId=0x0/(null) mQSDataTypeIconId=0x0/(null) mNoSimIconId=0x0/(null) mWifiIconId=0x7f020553/com.android.systemui:drawable/stat_sys_wifi_signal_3 mQSWifiIconId=0x7f02015d/com.android.systemui:drawable/ic_qs_wifi_3 mWifiActivityIconId=0x7f020527/com.android.systemui:drawable/stat_sys_signal_inout mBluetoothTetherIconId=0x10808f1/android:drawable/stat_sys_tether_bluetooth
08-10 10:34:34.121 D/STATUSBAR-WifiQuickSettingButton( 1180): onWifiSignalChanged enabled=true enabledDesc:"CU_d24p"
08-10 10:34:34.121 D/StatusBar.NetworkController( 1180): refreshSignalCluster - setNWBoosterIndicators(false)
08-10 10:34:34.121 D/StatusBar.NetworkController( 1180): applyCHN
08-10 10:34:34.141 D/StatusBar.NetworkController( 1180): refreshSignalCluster - setNWBoosterIndicators(false)
08-10 10:34:34.141 D/StatusBar.NetworkController( 1180): applyCHN
08-10 10:34:34.141 D/StatusBar.NetworkController( 1180): refreshSignalCluster - setNWBoosterIndicators(false)
08-10 10:34:34.151 D/StatusBar.NetworkController( 1180): applyCHN
08-10 10:34:34.151 D/StatusBar.NetworkController( 1180): refreshSignalCluster - setNWBoosterIndicators(false)
08-10 10:34:34.151 D/StatusBar.NetworkController( 1180): applyCHN
08-10 10:34:36.161 D/StatusBar.NetworkController( 1180): refreshViews connected={ wifi } level=4 combinedSignalIconId=0x7f020553/com.android.systemui:drawable/stat_sys_wifi_signal_3 mobileLabel= wifiLabel="CU_d24p"xxxxXXXXxxxxXXXX emergencyOnly=true combinedLabel="CU_d24p"xxxxXXXXxxxxXXXX mAirplaneMode=false mDataActivity=0 mPhoneSignalIconId=0x7f0204e9/com.android.systemui:drawable/stat_sys_signal_4 mQSPhoneSignalIconId=0x7f020148/com.android.systemui:drawable/ic_qs_signal_4 mDataDirectionIconId=0x0/(null) mDataSignalIconId=0x7f0204e9/com.android.systemui:drawable/stat_sys_signal_4 mDataTypeIconId=0x0/(null) mQSDataTypeIconId=0x0/(null) mNoSimIconId=0x0/(null) mWifiIconId=0x7f020553/com.android.systemui:drawable/stat_sys_wifi_signal_3 mQSWifiIconId=0x7f02015d/com.android.systemui:drawable/ic_qs_wifi_3 mWifiActivityIconId=0x7f020529/com.android.systemui:drawable/stat_sys_signal_no_inout mBluetoothTetherIconId=0x10808f1/android:drawable/stat_sys_tether_bluetooth
08-10 10:34:36.161 D/STATUSBAR-WifiQuickSettingButton( 1180): onWifiSignalChanged enabled=true enabledDesc:"CU_d24p"
08-10 10:34:36.161 D/StatusBar.NetworkController( 1180): refreshSignalCluster - setNWBoosterIndicators(false)
08-10 10:34:36.161 D/StatusBar.NetworkController( 1180): applyCHN
08-10 10:34:36.191 D/StatusBar.NetworkController( 1180): refreshSignalCluster - setNWBoosterIndicators(false)
08-10 10:34:36.191 D/StatusBar.NetworkController( 1180): applyCHN
08-10 10:34:36.191 D/StatusBar.NetworkController( 1180): refreshSignalCluster - setNWBoosterIndicators(false)
08-10 10:34:36.201 D/StatusBar.NetworkController( 1180): applyCHN
08-10 10:34:36.201 D/StatusBar.NetworkController( 1180): refreshSignalCluster - setNWBoosterIndicators(false)
08-10 10:34:36.201 D/StatusBar.NetworkController( 1180): applyCHN
08-10 10:34:36.301 E/SMD     (  283): DCD ON
08-10 10:34:36.341 I/PowerManagerService(  933): [PWL] On : 17096219 (2782986 ms ago)
08-10 10:34:36.341 I/PowerManagerService(  933): [PWL]  mStayOn: true  mWakeLockSummary & WAKE_LOCK_STAY_AWAKE: 0  mUserActivitySummary: 0x4
08-10 10:34:39.211 D/StatusBar.NetworkController( 1180): refreshViews connected={ wifi } level=4 combinedSignalIconId=0x7f020553/com.android.systemui:drawable/stat_sys_wifi_signal_3 mobileLabel= wifiLabel="CU_d24p"xxxxXXXXxxxxXXXX emergencyOnly=true combinedLabel="CU_d24p"xxxxXXXXxxxxXXXX mAirplaneMode=false mDataActivity=0 mPhoneSignalIconId=0x7f0204e9/com.android.systemui:drawable/stat_sys_signal_4 mQSPhoneSignalIconId=0x7f020148/com.android.systemui:drawable/ic_qs_signal_4 mDataDirectionIconId=0x0/(null) mDataSignalIconId=0x7f0204e9/com.android.systemui:drawable/stat_sys_signal_4 mDataTypeIconId=0x0/(null) mQSDataTypeIconId=0x0/(null) mNoSimIconId=0x0/(null) mWifiIconId=0x7f020553/com.android.systemui:drawable/stat_sys_wifi_signal_3 mQSWifiIconId=0x7f02015d/com.android.systemui:drawable/ic_qs_wifi_3 mWifiActivityIconId=0x7f020527/com.android.systemui:drawable/stat_sys_signal_inout mBluetoothTetherIconId=0x10808f1/android:drawable/stat_sys_tether_bluetooth
08-10 10:34:39.211 D/STATUSBAR-WifiQuickSettingButton( 1180): onWifiSignalChanged enabled=true enabledDesc:"CU_d24p"
08-10 10:34:39.211 D/StatusBar.NetworkController( 1180): refreshSignalCluster - setNWBoosterIndicators(false)
08-10 10:34:39.221 D/StatusBar.NetworkController( 1180): applyCHN
08-10 10:34:39.231 D/StatusBar.NetworkController( 1180): refreshSignalCluster - setNWBoosterIndicators(false)
08-10 10:34:39.231 D/StatusBar.NetworkController( 1180): applyCHN
08-10 10:34:39.231 D/StatusBar.NetworkController( 1180): refreshSignalCluster - setNWBoosterIndicators(false)
08-10 10:34:39.241 D/StatusBar.NetworkController( 1180): applyCHN
08-10 10:34:39.241 D/StatusBar.NetworkController( 1180): refreshSignalCluster - setNWBoosterIndicators(false)
08-10 10:34:39.241 D/StatusBar.NetworkController( 1180): applyCHN
08-10 10:34:39.301 E/SMD     (  283): DCD ON
08-10 10:34:39.321 D/WifiService(  933): startScan by pid=1373, uid=10015
08-10 10:34:39.321 E/WifiStateMachine(  933): WifiStateMachine CMD_START_SCAN source 10015 txSuccessRate=1.52 rxSuccessRate=1.25 targetRoamBSSID=88:3f:d3:3f:82:d0 RSSI=-72
08-10 10:34:39.321 I/wpa_supplicant( 1157): wlan0: Setting scan request: 0 sec 0 usec
08-10 10:34:39.321 I/wpa_supplicant( 1157): P2P: Current p2p state = IDLE
08-10 10:34:39.331 I/wpa_supplicant( 1157): Scan requested (ret=0) - scan timeout 30 seconds
08-10 10:34:40.241 D/StatusBar.NetworkController( 1180): refreshViews connected={ wifi } level=4 combinedSignalIconId=0x7f020553/com.android.systemui:drawable/stat_sys_wifi_signal_3 mobileLabel= wifiLabel="CU_d24p"xxxxXXXXxxxxXXXX emergencyOnly=true combinedLabel="CU_d24p"xxxxXXXXxxxxXXXX mAirplaneMode=false mDataActivity=0 mPhoneSignalIconId=0x7f0204e9/com.android.systemui:drawable/stat_sys_signal_4 mQSPhoneSignalIconId=0x7f020148/com.android.systemui:drawable/ic_qs_signal_4 mDataDirectionIconId=0x0/(null) mDataSignalIconId=0x7f0204e9/com.android.systemui:drawable/stat_sys_signal_4 mDataTypeIconId=0x0/(null) mQSDataTypeIconId=0x0/(null) mNoSimIconId=0x0/(null) mWifiIconId=0x7f020553/com.android.systemui:drawable/stat_sys_wifi_signal_3 mQSWifiIconId=0x7f02015d/com.android.systemui:drawable/ic_qs_wifi_3 mWifiActivityIconId=0x7f020529/com.android.systemui:drawable/stat_sys_signal_no_inout mBluetoothTetherIconId=0x10808f1/android:drawable/stat_sys_tether_bluetooth
08-10 10:34:40.241 D/STATUSBAR-WifiQuickSettingButton( 1180): onWifiSignalChanged enabled=true enabledDesc:"CU_d24p"
08-10 10:34:40.241 D/StatusBar.NetworkController( 1180): refreshSignalCluster - setNWBoosterIndicators(false)
08-10 10:34:40.241 D/StatusBar.NetworkController( 1180): applyCHN
08-10 10:34:40.261 D/StatusBar.NetworkController( 1180): refreshSignalCluster - setNWBoosterIndicators(false)
08-10 10:34:40.261 D/StatusBar.NetworkController( 1180): applyCHN
08-10 10:34:40.261 D/StatusBar.NetworkController( 1180): refreshSignalCluster - setNWBoosterIndicators(false)
08-10 10:34:40.261 D/StatusBar.NetworkController( 1180): applyCHN
08-10 10:34:40.271 D/StatusBar.NetworkController( 1180): refreshSignalCluster - setNWBoosterIndicators(false)
08-10 10:34:40.271 D/StatusBar.NetworkController( 1180): applyCHN
08-10 10:34:41.091 D/BatteryService(  933): !@BatteryListener : batteryPropertiesChanged!
08-10 10:34:41.091 D/BatteryService(  933): level:90, scale:100, status:2, health:2, present:true, voltage: 4240, temperature: 316, technology: Li-ion, AC powered:false, USB powered:true, Wireless powered:false, icon:17303724, invalid charger:0
08-10 10:34:41.091 D/BatteryService(  933): online:4, current avg:450, charge type:1, power sharing:false, high voltage charger:false, capacity:280000, current_now:450
08-10 10:34:41.091 D/BatteryService(  933): Sending ACTION_BATTERY_CHANGED.
08-10 10:34:41.101 D/KeyguardUpdateMonitor( 1180): received broadcast android.intent.action.BATTERY_CHANGED
08-10 10:34:41.101 D/KeyguardUpdateMonitor( 1180): handleBatteryUpdate
08-10 10:34:41.101 I/MotionRecognitionService(  933): Plugged
08-10 10:34:41.101 I/MotionRecognitionService(  933): setPowerConnected  = true
08-10 10:34:41.121 D/STATUSBAR-PhoneStatusBar( 1180):  mBrightnessEnablebySettings = true mBrightnessEnablebyBattery = true mBrightnessEnablebyDisableFlag = true mPmsBrightnessEnablebySettings = true
08-10 10:34:41.141 V/HeadsetService( 3806): HeadsetService - Received Intent.ACTION_BATTERY_CHANGED
08-10 10:34:41.141 D/HeadsetStateMachine( 3806): Disconnected process message: 10
08-10 10:34:41.151 D/BatteryMeterView( 1180): ACTION_BATTERY_CHANGED : level:90 status:2 health:2
08-10 10:34:41.151 D/BatteryMeterView( 1180): ACTION_BATTERY_CHANGED : level:90 status:2 health:2
08-10 10:34:41.151 D/BatteryMeterView( 1180): ACTION_BATTERY_CHANGED : level:90 status:2 health:2
08-10 10:34:41.371 I/NLP     ( 1373): Location result:[location successful by Baidu], reason:[network location] locType=161
08-10 10:34:41.381 W/NetworkLocation( 1373): BaiduNetworkLocationProvider1:BaiduNetworkLocationProvider1 : forceLocation: network provider not Enabled!
08-10 10:34:41.381 D/ConnectivityService(  933): returning getNetworkInfo(networkType - 1) :[type: WIFI[] - WIFI, state: CONNECTED/CONNECTED, reason: (unspecified), extra: "CU_d24p", roaming: false, failover: false, isAvailable: true, isConnectedToProvisioningNetwork: false]
08-10 10:34:41.461 D/SSRM:n  (  933): SIOP:: AP = 350, PST = 350, CUR = 450
08-10 10:34:41.661 D/StatusBar.NetworkController( 1180): onSignalStrengthsChanged signalStrength=SignalStrength: 16 99 -120 -160 -120 -1 -1 99 2147483647 2147483647 2147483647 -1 2147483647 0x4 gsm|lte level=4
08-10 10:34:41.661 D/StatusBar.NetworkController( 1180): updateTelephonySignalStrength: hasService=true ss=SignalStrength: 16 99 -120 -160 -120 -1 -1 99 2147483647 2147483647 2147483647 -1 2147483647 0x4 gsm|lte
08-10 10:34:41.661 D/StatusBar.NetworkController( 1180): updateTelephonySignalStrength: iconLevel=4
08-10 10:34:41.661 D/StatusBar.NetworkController( 1180): updateTelephonySignalStrength, No signal level. mPhoneSignalIconId = com.android.systemui:drawable/stat_sys_signal_4 mDataSignalIconId = com.android.systemui:drawable/stat_sys_signal_4 mQSPhoneSignalIconId = com.android.systemui:drawable/ic_qs_signal_4 mContentDescriptionPhoneSignal = 
08-10 10:34:41.661 D/StatusBar.NetworkController( 1180): refreshViews connected={ wifi } level=4 combinedSignalIconId=0x7f020553/com.android.systemui:drawable/stat_sys_wifi_signal_3 mobileLabel= wifiLabel="CU_d24p"xxxxXXXXxxxxXXXX emergencyOnly=true combinedLabel="CU_d24p"xxxxXXXXxxxxXXXX mAirplaneMode=false mDataActivity=0 mPhoneSignalIconId=0x7f0204e9/com.android.systemui:drawable/stat_sys_signal_4 mQSPhoneSignalIconId=0x7f020148/com.android.systemui:drawable/ic_qs_signal_4 mDataDirectionIconId=0x0/(null) mDataSignalIconId=0x7f0204e9/com.android.systemui:drawable/stat_sys_signal_4 mDataTypeIconId=0x0/(null) mQSDataTypeIconId=0x0/(null) mNoSimIconId=0x0/(null) mWifiIconId=0x7f020553/com.android.systemui:drawable/stat_sys_wifi_signal_3 mQSWifiIconId=0x7f02015d/com.android.systemui:drawable/ic_qs_wifi_3 mWifiActivityIconId=0x7f020529/com.android.systemui:drawable/stat_sys_signal_no_inout mBluetoothTetherIconId=0x10808f1/android:drawable/stat_sys_tether_bluetooth
08-10 10:34:41.661 D/STATUSBAR-WifiQuickSettingButton( 1180): onWifiSignalChanged enabled=true enabledDesc:"CU_d24p"
08-10 10:34:41.681 I/wpa_supplicant( 1157): nl80211: Received scan results (2 BSSes)
08-10 10:34:41.701 D/ActivityManager(  933): isDeviceAdminActiveApp false :com.android.systemui