08-10 10:20:53.351 D/ConnectivityService(  933): returning getActiveNetworkInfo :[type: WIFI[] - WIFI, state: CONNECTED/CONNECTED, reason: (unspecified), extra: "CU_d24p", roaming: false, failover: false, isAvailable: true, isConnectedToProvisioningNetwork: false]
08-10 10:20:53.351 D/BatteryService(  933): Sending ACTION_BATTERY_CHANGED.
08-10 10:20:53.351 D/STATUSBAR-PhoneStatusBar( 1180):  mBrightnessEnablebySettings = true mBrightnessEnablebyBattery = true mBrightnessEnablebyDisableFlag = true mPmsBrightnessEnablebySettings = true
08-10 10:20:53.351 D/BatteryMeterView( 1180): ACTION_BATTERY_CHANGED : level:86 status:2 health:2
08-10 10:20:53.351 D/BatteryMeterView( 1180): ACTION_BATTERY_CHANGED : level:86 status:2 health:2
08-10 10:20:53.361 D/BatteryMeterView( 1180): ACTION_BATTERY_CHANGED : level:86 status:2 health:2
08-10 10:20:53.361 I/MotionRecognitionService(  933): Plugged
08-10 10:20:53.361 I/MotionRecognitionService(  933): setPowerConnected  = true
08-10 10:20:53.361 D/ConnectivityService(  933): returning getActiveNetworkInfo :[type: WIFI[] - WIFI, state: CONNECTED/CONNECTED, reason: (unspecified), extra: "CU_d24p", roaming: false, failover: false, isAvailable: true, isConnectedToProvisioningNetwork: false]
08-10 10:20:56.251 D/SSRM:n  (  933): SIOP:: AP = 350, PST = 341, CUR = 450
08-10 10:20:56.471 D/WifiService(  933): startScan by pid=1373, uid=10015
08-10 10:20:58.551 D/ConnectivityService(  933): returning getNetworkInfo(networkType - 1) :[type: WIFI[] - WIFI, state: CONNECTED/CONNECTED, reason: (unspecified), extra: "CU_d24p", roaming: false, failover: false, isAvailable: true, isConnectedToProvisioningNetwork: false]
08-10 10:20:58.881 D/ActivityManager(  933): isDeviceAdminActiveApp false :com.android.systemui
08-10 10:20:58.881 D/ActivityManager(  933): isAutoRunBlockedApp:: com.android.systemui, Auto Run ON
08-10 10:20:59.991 V/AlarmManager(  933): waitForAlarm result :8
08-10 10:21:03.411 D/BatteryService(  933): !@BatteryListener : batteryPropertiesChanged!
08-10 10:21:03.411 D/BatteryService(  933): level:86, scale:100, status:2, health:2, present:true, voltage: 4218, temperature: 313, technology: Li-ion, AC powered:false, USB powered:true, Wireless powered:false, icon:17303724, invalid charger:0
08-10 10:21:03.411 D/BatteryService(  933): online:4, current avg:450, charge type:1, power sharing:false, high voltage charger:false, capacity:280000, current_now:450
08-10 10:21:03.411 D/BatteryService(  933): Sending ACTION_BATTERY_CHANGED.
08-10 10:21:03.421 I/MotionRecognitionService(  933): Plugged
08-10 10:21:03.421 I/MotionRecognitionService(  933): setPowerConnected  = true
08-10 10:21:03.451 D/STATUSBAR-PhoneStatusBar( 1180):  mBrightnessEnablebySettings = true mBrightnessEnablebyBattery = true mBrightnessEnablebyDisableFlag = true mPmsBrightnessEnablebySettings = true
08-10 10:21:03.481 D/BatteryMeterView( 1180): ACTION_BATTERY_CHANGED : level:86 status:2 health:2
08-10 10:21:03.481 D/BatteryMeterView( 1180): ACTION_BATTERY_CHANGED : level:86 status:2 health:2
08-10 10:21:03.481 D/BatteryMeterView( 1180): ACTION_BATTERY_CHANGED : level:86 status:2 health:2
08-10 10:21:06.291 D/SSRM:n  (  933): SIOP:: AP = 350, PST = 342, CUR = 450
08-10 10:21:06.481 D/WifiService(  933): startScan by pid=1373, uid=10015
08-10 10:21:08.541 D/ConnectivityService(  933): returning getNetworkInfo(networkType - 1) :[type: WIFI[] - WIFI, state: CONNECTED/CONNECTED, reason: (unspecified), extra: "CU_d24p", roaming: false, failover: false, isAvailable: true, isConnectedToProvisioningNetwork: false]
08-10 10:21:08.881 D/ActivityManager(  933): isDeviceAdminActiveApp false :com.android.systemui
08-10 10:21:08.881 D/ActivityManager(  933): isAutoRunBlockedApp:: com.android.systemui, Auto Run ON
08-10 10:21:13.381 E/Watchdog(  933): !@Sync 635
08-10 10:21:13.471 D/BatteryService(  933): !@BatteryListener : batteryPropertiesChanged!
08-10 10:21:13.471 D/BatteryService(  933): level:86, scale:100, status:2, health:2, present:true, voltage: 4228, temperature: 313, technology: Li-ion, AC powered:false, USB powered:true, Wireless powered:false, icon:17303724, invalid charger:0
08-10 10:21:13.471 D/BatteryService(  933): online:4, current avg:450, charge type:1, power sharing:false, high voltage charger:false, capacity:280000, current_now:450
08-10 10:21:13.471 D/BatteryService(  933): Sending ACTION_BATTERY_CHANGED.
08-10 10:21:13.481 I/MotionRecognitionService(  933): Plugged
08-10 10:21:13.481 I/MotionRecognitionService(  933): setPowerConnected  = true
08-10 10:21:13.501 D/STATUSBAR-PhoneStatusBar( 1180):  mBrightnessEnablebySettings = true mBrightnessEnablebyBattery = true mBrightnessEnablebyDisableFlag = true mPmsBrightnessEnablebySettings = true
08-10 10:21:13.531 D/BatteryMeterView( 1180): ACTION_BATTERY_CHANGED : level:86 status:2 health:2
08-10 10:21:13.531 D/BatteryMeterView( 1180): ACTION_BATTERY_CHANGED : level:86 status:2 health:2
08-10 10:21:13.531 D/BatteryMeterView( 1180): ACTION_BATTERY_CHANGED : level:86 status:2 health:2
08-10 10:21:16.341 D/SSRM:n  (  933): SIOP:: AP = 340, PST = 342, CUR = 450
08-10 10:21:16.521 D/WifiService(  933): startScan by pid=1373, uid=10015
08-10 10:21:18.591 D/ConnectivityService(  933): returning getNetworkInfo(networkType - 1) :[type: WIFI[] - WIFI, state: CONNECTED/CONNECTED, reason: (unspecified), extra: "CU_d24p", roaming: false, failover: false, isAvailable: true, isConnectedToProvisioningNetwork: false]
08-10 10:21:18.941 D/ActivityManager(  933): isDeviceAdminActiveApp false :com.android.systemui
08-10 10:21:18.941 D/ActivityManager(  933): isAutoRunBlockedApp:: com.android.systemui, Auto Run ON
08-10 10:21:21.301 I/PowerManagerService(  933): [PWL] On : 17096219 (1987946 ms ago)
08-10 10:21:21.301 I/PowerManagerService(  933): [PWL]  mStayOn: true  mWakeLockSummary & WAKE_LOCK_STAY_AWAKE: 0  mUserActivitySummary: 0x4
08-10 10:21:23.531 D/BatteryService(  933): !@BatteryListener : batteryPropertiesChanged!
08-10 10:21:23.531 D/BatteryService(  933): level:86, scale:100, status:2, health:2, present:true, voltage: 4223, temperature: 313, technology: Li-ion, AC powered:false, USB powered:true, Wireless powered:false, icon:17303724, invalid charger:0
08-10 10:21:23.531 D/BatteryService(  933): online:4, current avg:450, charge type:1, power sharing:false, high voltage charger:false, capacity:280000, current_now:450
08-10 10:21:23.531 D/BatteryService(  933): Sending ACTION_BATTERY_CHANGED.
08-10 10:21:23.571 I/MotionRecognitionService(  933): Plugged
08-10 10:21:23.571 I/MotionRecognitionService(  933): setPowerConnected  = true
08-10 10:21:23.581 D/STATUSBAR-PhoneStatusBar( 1180):  mBrightnessEnablebySettings = true mBrightnessEnablebyBattery = true mBrightnessEnablebyDisableFlag = true mPmsBrightnessEnablebySettings = true
08-10 10:21:23.581 D/BatteryMeterView( 1180): ACTION_BATTERY_CHANGED : level:86 status:2 health:2
08-10 10:21:23.581 D/BatteryMeterView( 1180): ACTION_BATTERY_CHANGED : level:86 status:2 health:2
08-10 10:21:23.581 D/BatteryMeterView( 1180): ACTION_BATTERY_CHANGED : level:86 status:2 health:2
08-10 10:21:26.391 D/SSRM:n  (  933): SIOP:: AP = 340, PST = 342, CUR = 450
08-10 10:21:26.561 D/WifiService(  933): startScan by pid=1373, uid=10015
08-10 10:21:28.631 D/ConnectivityService(  933): returning getNetworkInfo(networkType - 1) :[type: WIFI[] - WIFI, state: CONNECTED/CONNECTED, reason: (unspecified), extra: "CU_d24p", roaming: false, failover: false, isAvailable: true, isConnectedToProvisioningNetwork: false]
08-10 10:21:28.981 D/ActivityManager(  933): isDeviceAdminActiveApp false :com.android.systemui
08-10 10:21:28.981 D/ActivityManager(  933): isAutoRunBlockedApp:: com.android.systemui, Auto Run ON
08-10 10:21:33.601 D/BatteryService(  933): !@BatteryListener : batteryPropertiesChanged!
08-10 10:21:33.601 D/BatteryService(  933): level:86, scale:100, status:2, health:2, present:true, voltage: 4225, temperature: 313, technology: Li-ion, AC powered:false, USB powered:true, Wireless powered:false, icon:17303724, invalid charger:0
08-10 10:21:33.601 D/BatteryService(  933): online:4, current avg:450, charge type:1, power sharing:false, high voltage charger:false, capacity:280000, current_now:450
08-10 10:21:33.601 D/BatteryService(  933): Sending ACTION_BATTERY_CHANGED.
08-10 10:21:33.611 I/MotionRecognitionService(  933): Plugged
08-10 10:21:33.611 I/MotionRecognitionService(  933): setPowerConnected  = true
08-10 10:21:33.631 D/STATUSBAR-PhoneStatusBar( 1180):  mBrightnessEnablebySettings = true mBrightnessEnablebyBattery = true mBrightnessEnablebyDisableFlag = true mPmsBrightnessEnablebySettings = true
08-10 10:21:33.661 D/BatteryMeterView( 1180): ACTION_BATTERY_CHANGED : level:86 status:2 health:2
08-10 10:21:33.661 D/BatteryMeterView( 1180): ACTION_BATTERY_CHANGED : level:86 status:2 health:2
08-10 10:21:33.661 D/BatteryMeterView( 1180): ACTION_BATTERY_CHANGED : level:86 status:2 health:2
08-10 10:21:36.441 D/SSRM:n  (  933): SIOP:: AP = 350, PST = 343, CUR = 450
08-10 10:21:36.601 D/WifiService(  933): startScan by pid=1373, uid=10015
08-10 10:21:38.671 D/ConnectivityService(  933): returning getNetworkInfo(networkType - 1) :[type: WIFI[] - WIFI, state: CONNECTED/CONNECTED, reason: (unspecified), extra: "CU_d24p", roaming: false, failover: false, isAvailable: true, isConnectedToProvisioningNetwork: false]
08-10 10:21:39.021 D/ActivityManager(  933): isDeviceAdminActiveApp false :com.android.systemui
08-10 10:21:39.021 D/ActivityManager(  933): isAutoRunBlockedApp:: com.android.systemui, Auto Run ON
08-10 10:21:43.381 E/Watchdog(  933): !@Sync 636
08-10 10:21:43.671 D/BatteryService(  933): !@BatteryListener : batteryPropertiesChanged!
08-10 10:21:43.671 D/BatteryService(  933): level:86, scale:100, status:2, health:2, present:true, voltage: 4232, temperature: 313, technology: Li-ion, AC powered:false, USB powered:true, Wireless powered:false, icon:17303724, invalid charger:0
08-10 10:21:43.671 D/BatteryService(  933): online:4, current avg:450, charge type:1, power sharing:false, high voltage charger:false, capacity:280000, current_now:450
08-10 10:21:43.671 D/BatteryService(  933): Sending ACTION_BATTERY_CHANGED.
08-10 10:21:43.681 I/MotionRecognitionService(  933): Plugged
08-10 10:21:43.681 I/MotionRecognitionService(  933): setPowerConnected  = true
08-10 10:21:43.711 D/STATUSBAR-PhoneStatusBar( 1180):  mBrightnessEnablebySettings = true mBrightnessEnablebyBattery = true mBrightnessEnablebyDisableFlag = true mPmsBrightnessEnablebySettings = true
08-10 10:21:43.731 D/BatteryMeterView( 1180): ACTION_BATTERY_CHANGED : level:86 status:2 health:2
08-10 10:21:43.731 D/BatteryMeterView( 1180): ACTION_BATTERY_CHANGED : level:86 status:2 health:2
08-10 10:21:43.731 D/BatteryMeterView( 1180): ACTION_BATTERY_CHANGED : level:86 status:2 health:2
08-10 10:21:46.511 D/SSRM:n  (  933): SIOP:: AP = 340, PST = 343, CUR = 450
08-10 10:21:46.641 D/WifiService(  933): startScan by pid=1373, uid=10015
08-10 10:21:48.711 D/ConnectivityService(  933): returning getNetworkInfo(networkType - 1) :[type: WIFI[] - WIFI, state: CONNECTED/CONNECTED, reason: (unspecified), extra: "CU_d24p", roaming: false, failover: false, isAvailable: true, isConnectedToProvisioningNetwork: false]
08-10 10:21:49.051 D/ActivityManager(  933): isDeviceAdminActiveApp false :com.android.systemui
08-10 10:21:49.051 D/ActivityManager(  933): isAutoRunBlockedApp:: com.android.systemui, Auto Run ON
08-10 10:21:50.541 D/ConnectivityService(  933): returning getActiveNetworkInfo :[type: WIFI[] - WIFI, state: CONNECTED/CONNECTED, reason: (unspecified), extra: "CU_d24p", roaming: false, failover: false, isAvailable: true, isConnectedToProvisioningNetwork: false]
08-10 10:21:50.551 D/ConnectivityService(  933): returning getActiveNetworkInfo :[type: WIFI[] - WIFI, state: CONNECTED/CONNECTED, reason: (unspecified), extra: "CU_d24p", roaming: false, failover: false, isAvailable: true, isConnectedToProvisioningNetwork: false]
08-10 10:21:52.361 D/ConnectivityService(  933): returning getActiveNetworkInfo :[type: WIFI[] - WIFI, state: CONNECTED/CONNECTED, reason: (unspecified), extra: "CU_d24p", roaming: false, failover: false, isAvailable: true, isConnectedToProvisioningNetwork: false]
08-10 10:21:53.731 D/BatteryService(  933): !@BatteryListener : batteryPropertiesChanged!
08-10 10:21:53.731 D/BatteryService(  933): level:87, scale:100, status:2, health:2, present:true, voltage: 4226, temperature: 313, technology: Li-ion, AC powered:false, USB powered:true, Wireless powered:false, icon:17303724, invalid charger:0
08-10 10:21:53.731 D/BatteryService(  933): online:4, current avg:450, charge type:1, power sharing:false, high voltage charger:false, capacity:280000, current_now:450
08-10 10:21:53.731 D/BatteryService(  933): Sending ACTION_BATTERY_CHANGED.
08-10 10:21:53.741 I/MotionRecognitionService(  933): Plugged
08-10 10:21:53.741 I/MotionRecognitionService(  933): setPowerConnected  = true
08-10 10:21:53.781 D/ConnectivityService(  933): returning getNetworkInfo(networkType - 1) :[type: WIFI[] - WIFI, state: CONNECTED/CONNECTED, reason: (unspecified), extra: "CU_d24p", roaming: false, failover: false, isAvailable: true, isConnectedToProvisioningNetwork: false]
08-10 10:21:53.781 D/STATUSBAR-PhoneStatusBar( 1180):  mBrightnessEnablebySettings = true mBrightnessEnablebyBattery = true mBrightnessEnablebyDisableFlag = true mPmsBrightnessEnablebySettings = true
08-10 10:21:53.791 D/BatteryMeterView( 1180): ACTION_BATTERY_CHANGED : level:87 status:2 health:2
08-10 10:21:53.801 D/BatteryMeterView( 1180): ACTION_BATTERY_CHANGED : level:87 status:2 health:2
08-10 10:21:53.801 D/BatteryMeterView( 1180): ACTION_BATTERY_CHANGED : level:87 status:2 health:2
08-10 10:21:53.811 D/BatteryMeterView( 1180): onDraw batteryColor : -1
08-10 10:21:55.551 D/ConnectivityService(  933): returning getNetworkInfo(networkType - 1) :[type: WIFI[] - WIFI, state: CONNECTED/CONNECTED, reason: (unspecified), extra: "CU_d24p", roaming: false, failover: false, isAvailable: true, isConnectedToProvisioningNetwork: false]
08-10 10:21:55.551 D/ConnectivityService(  933): returning getNetworkInfo(networkType - 1) :[type: WIFI[] - WIFI, state: CONNECTED/CONNECTED, reason: (unspecified), extra: "CU_d24p", roaming: false, failover: false, isAvailable: true, isConnectedToProvisioningNetwork: false]
08-10 10:21:56.561 D/SSRM:n  (  933): SIOP:: AP = 350, PST = 344, CUR = 450
08-10 10:21:56.731 D/WifiService(  933): startScan by pid=1373, uid=10015
08-10 10:21:58.801 D/ConnectivityService(  933): returning getNetworkInfo(networkType - 1) :[type: WIFI[] - WIFI, state: CONNECTED/CONNECTED, reason: (unspecified), extra: "CU_d24p", roaming: false, failover: false, isAvailable: true, isConnectedToProvisioningNetwork: false]
08-10 10:21:59.151 D/ActivityManager(  933): isDeviceAdminActiveApp false :com.android.systemui
08-10 10:21:59.151 D/ActivityManager(  933): isAutoRunBlockedApp:: com.android.systemui, Auto Run ON
08-10 10:21:59.991 V/AlarmManager(  933): waitForAlarm result :8
08-10 10:22:06.651 D/SSRM:n  (  933): SIOP:: AP = 350, PST = 345, CUR = 450
08-10 10:22:06.731 D/WifiService(  933): startScan by pid=1373, uid=10015
08-10 10:22:07.631 D/ConnectivityService(  933): returning getActiveNetworkInfo :[type: WIFI[] - WIFI, state: CONNECTED/CONNECTED, reason: (unspecified), extra: "CU_d24p", roaming: false, failover: false, isAvailable: true, isConnectedToProvisioningNetwork: false]
08-10 10:22:07.631 D/ConnectivityService(  933): returning getActiveNetworkInfo :[type: WIFI[] - WIFI, state: CONNECTED/CONNECTED, reason: (unspecified), extra: "CU_d24p", roaming: false, failover: false, isAvailable: true, isConnectedToProvisioningNetwork: false]
08-10 10:22:07.641 D/ConnectivityService(  933): returning getActiveNetworkInfo :[type: WIFI[] - WIFI, state: CONNECTED/CONNECTED, reason: (unspecified), extra: "CU_d24p", roaming: false, failover: false, isAvailable: true, isConnectedToProvisioningNetwork: false]
08-10 10:22:07.651 D/ConnectivityService(  933): returning getActiveNetworkInfo :[type: WIFI[] - WIFI, state: CONNECTED/CONNECTED, reason: (unspecified), extra: "CU_d24p", roaming: false, failover: false, isAvailable: true, isConnectedToProvisioningNetwork: false]
08-10 10:22:07.651 D/ConnectivityService(  933): returning getActiveNetworkInfo :[type: WIFI[] - WIFI, state: CONNECTED/CONNECTED, reason: (unspecified), extra: "CU_d24p", roaming: false, failover: false, isAvailable: true, isConnectedToProvisioningNetwork: false]
08-10 10:22:08.791 D/ConnectivityService(  933): returning getNetworkInfo(networkType - 1) :[type: WIFI[] - WIFI, state: CONNECTED/CONNECTED, reason: (unspecified), extra: "CU_d24p", roaming: false, failover: false, isAvailable: true, isConnectedToProvisioningNetwork: false]
08-10 10:22:09.131 D/ActivityManager(  933): isDeviceAdminActiveApp false :com.android.systemui
08-10 10:22:09.131 D/ActivityManager(  933): isAutoRunBlockedApp:: com.android.systemui, Auto Run ON
08-10 10:22:13.001 V/AlarmManager(  933): waitForAlarm result :4
08-10 10:22:13.011 D/ConnectivityService(  933): returning getActiveNetworkInfo :[type: WIFI[] - WIFI, state: CONNECTED/CONNECTED, reason: (unspecified), extra: "CU_d24p", roaming: false, failover: false, isAvailable: true, isConnectedToProvisioningNetwork: false]
08-10 10:22:13.041 D/BatteryService(  933): !@BatteryListener : batteryPropertiesChanged!
08-10 10:22:13.041 D/BatteryService(  933): level:87, scale:100, status:2, health:2, present:true, voltage: 4222, temperature: 314, technology: Li-ion, AC powered:false, USB powered:true, Wireless powered:false, icon:17303724, invalid charger:0
08-10 10:22:13.041 D/BatteryService(  933): online:4, current avg:450, charge type:1, power sharing:false, high voltage charger:false, capacity:280000, current_now:450
08-10 10:22:13.041 D/BatteryService(  933): Sending ACTION_BATTERY_CHANGED.
08-10 10:22:13.041 I/MotionRecognitionService(  933): Plugged
08-10 10:22:13.041 I/MotionRecognitionService(  933): setPowerConnected  = true
08-10 10:22:13.051 D/STATUSBAR-PhoneStatusBar( 1180):  mBrightnessEnablebySettings = true mBrightnessEnablebyBattery = true mBrightnessEnablebyDisableFlag = true mPmsBrightnessEnablebySettings = true
08-10 10:22:13.081 D/BatteryMeterView( 1180): ACTION_BATTERY_CHANGED : level:87 status:2 health:2
08-10 10:22:13.091 D/BatteryMeterView( 1180): ACTION_BATTERY_CHANGED : level:87 status:2 health:2
08-10 10:22:13.091 D/BatteryMeterView( 1180): ACTION_BATTERY_CHANGED : level:87 status:2 health:2
08-10 10:22:13.371 E/Watchdog(  933): !@Sync 637
08-10 10:22:16.701 D/SSRM:n  (  933): SIOP:: AP = 350, PST = 346, CUR = 450
08-10 10:22:16.761 D/WifiService(  933): startScan by pid=1373, uid=10015
08-10 10:22:18.821 D/ConnectivityService(  933): returning getNetworkInfo(networkType - 1) :[type: WIFI[] - WIFI, state: CONNECTED/CONNECTED, reason: (unspecified), extra: "CU_d24p", roaming: false, failover: false, isAvailable: true, isConnectedToProvisioningNetwork: false]
08-10 10:22:19.181 D/ActivityManager(  933): isDeviceAdminActiveApp false :com.android.systemui
08-10 10:22:19.181 D/ActivityManager(  933): isAutoRunBlockedApp:: com.android.systemui, Auto Run ON
08-10 10:22:23.141 D/BatteryService(  933): !@BatteryListener : batteryPropertiesChanged!
08-10 10:22:23.141 D/BatteryService(  933): level:87, scale:100, status:2, health:2, present:true, voltage: 4230, temperature: 314, technology: Li-ion, AC powered:false, USB powered:true, Wireless powered:false, icon:17303724, invalid charger:0
08-10 10:22:23.141 D/BatteryService(  933): online:4, current avg:450, charge type:1, power sharing:false, high voltage charger:false, capacity:280000, current_now:450
08-10 10:22:23.141 D/BatteryService(  933): Sending ACTION_BATTERY_CHANGED.
08-10 10:22:23.141 I/MotionRecognitionService(  933): Plugged
08-10 10:22:23.141 I/MotionRecognitionService(  933): setPowerConnected  = true
08-10 10:22:23.191 D/STATUSBAR-PhoneStatusBar( 1180):  mBrightnessEnablebySettings = true mBrightnessEnablebyBattery = true mBrightnessEnablebyDisableFlag = true mPmsBrightnessEnablebySettings = true
08-10 10:22:23.191 D/BatteryMeterView( 1180): ACTION_BATTERY_CHANGED : level:87 status:2 health:2
08-10 10:22:23.191 D/BatteryMeterView( 1180): ACTION_BATTERY_CHANGED : level:87 status:2 health:2
08-10 10:22:23.191 D/BatteryMeterView( 1180): ACTION_BATTERY_CHANGED : level:87 status:2 health:2
08-10 10:22:26.761 D/SSRM:n  (  933): SIOP:: AP = 350, PST = 347, CUR = 450
08-10 10:22:26.801 D/WifiService(  933): startScan by pid=1373, uid=10015
08-10 10:22:28.861 D/ConnectivityService(  933): returning getNetworkInfo(networkType - 1) :[type: WIFI[] - WIFI, state: CONNECTED/CONNECTED, reason: (unspecified), extra: "CU_d24p", roaming: false, failover: false, isAvailable: true, isConnectedToProvisioningNetwork: false]
08-10 10:22:29.211 D/ActivityManager(  933): isDeviceAdminActiveApp false :com.android.systemui
08-10 10:22:29.211 D/ActivityManager(  933): isAutoRunBlockedApp:: com.android.systemui, Auto Run ON
08-10 10:22:33.161 D/BatteryService(  933): !@BatteryListener : batteryPropertiesChanged!
08-10 10:22:33.171 D/BatteryService(  933): level:87, scale:100, status:2, health:2, present:true, voltage: 4226, temperature: 314, technology: Li-ion, AC powered:false, USB powered:true, Wireless powered:false, icon:17303724, invalid charger:0
08-10 10:22:33.171 D/BatteryService(  933): online:4, current avg:450, charge type:1, power sharing:false, high voltage charger:false, capacity:280000, current_now:450
08-10 10:22:33.171 D/BatteryService(  933): Sending ACTION_BATTERY_CHANGED.
08-10 10:22:33.181 I/MotionRecognitionService(  933): Plugged
08-10 10:22:33.181 I/MotionRecognitionService(  933): setPowerConnected  = true
08-10 10:22:33.201 D/STATUSBAR-PhoneStatusBar( 1180):  mBrightnessEnablebySettings = true mBrightnessEnablebyBattery = true mBrightnessEnablebyDisableFlag = true mPmsBrightnessEnablebySettings = true
08-10 10:22:33.231 D/BatteryMeterView( 1180): ACTION_BATTERY_CHANGED : level:87 status:2 health:2
08-10 10:22:33.231 D/BatteryMeterView( 1180): ACTION_BATTERY_CHANGED : level:87 status:2 health:2
08-10 10:22:33.231 D/BatteryMeterView( 1180): ACTION_BATTERY_CHANGED : level:87 status:2 health:2
08-10 10:22:36.821 D/SSRM:n  (  933): SIOP:: AP = 350, PST = 347, CUR = 450
08-10 10:22:36.831 D/WifiService(  933): startScan by pid=1373, uid=10015
08-10 10:22:38.921 D/ConnectivityService(  933): returning getNetworkInfo(networkType - 1) :[type: WIFI[] - WIFI, state: CONNECTED/CONNECTED, reason: (unspecified), extra: "CU_d24p", roaming: false, failover: false, isAvailable: true, isConnectedToProvisioningNetwork: false]
08-10 10:22:39.261 D/ActivityManager(  933): isDeviceAdminActiveApp false :com.android.systemui
08-10 10:22:39.261 D/ActivityManager(  933): isAutoRunBlockedApp:: com.android.systemui, Auto Run ON
08-10 10:22:43.241 D/BatteryService(  933): !@BatteryListener : batteryPropertiesChanged!
08-10 10:22:43.241 D/BatteryService(  933): level:87, scale:100, status:2, health:2, present:true, voltage: 4223, temperature: 314, technology: Li-ion, AC powered:false, USB powered:true, Wireless powered:false, icon:17303724, invalid charger:0
08-10 10:22:43.241 D/BatteryService(  933): online:4, current avg:450, charge type:1, power sharing:false, high voltage charger:false, capacity:280000, current_now:450
08-10 10:22:43.241 D/BatteryService(  933): Sending ACTION_BATTERY_CHANGED.
08-10 10:22:43.251 I/MotionRecognitionService(  933): Plugged
08-10 10:22:43.251 I/MotionRecognitionService(  933): setPowerConnected  = true
08-10 10:22:43.281 D/STATUSBAR-PhoneStatusBar( 1180):  mBrightnessEnablebySettings = true mBrightnessEnablebyBattery = true mBrightnessEnablebyDisableFlag = true mPmsBrightnessEnablebySettings = true
08-10 10:22:43.281 D/BatteryMeterView( 1180): ACTION_BATTERY_CHANGED : level:87 status:2 health:2
08-10 10:22:43.291 D/ConnectivityService(  933): returning getActiveNetworkInfo :[type: WIFI[] - WIFI, state: CONNECTED/CONNECTED, reason: (unspecified), extra: "CU_d24p", roaming: false, failover: false, isAvailable: true, isConnectedToProvisioningNetwork: false]
08-10 10:22:43.291 D/ConnectivityService(  933): returning getNetworkInfo(networkType - 1) :[type: WIFI[] - WIFI, state: CONNECTED/CONNECTED, reason: (unspecified), extra: "CU_d24p", roaming: false, failover: false, isAvailable: true, isConnectedToProvisioningNetwork: false]
08-10 10:22:43.291 D/BatteryMeterView( 1180): ACTION_BATTERY_CHANGED : level:87 status:2 health:2
08-10 10:22:43.291 D/BatteryMeterView( 1180): ACTION_BATTERY_CHANGED : level:87 status:2 health:2
08-10 10:22:43.371 E/Watchdog(  933): !@Sync 638
08-10 10:22:46.891 D/SSRM:n  (  933): SIOP:: AP = 350, PST = 347, CUR = 450
08-10 10:22:46.901 D/WifiService(  933): startScan by pid=1373, uid=10015
08-10 10:22:48.971 D/ConnectivityService(  933): returning getNetworkInfo(networkType - 1) :[type: WIFI[] - WIFI, state: CONNECTED/CONNECTED, reason: (unspecified), extra: "CU_d24p", roaming: false, failover: false, isAvailable: true, isConnectedToProvisioningNetwork: false]
08-10 10:22:49.311 D/ActivityManager(  933): isDeviceAdminActiveApp false :com.android.systemui
08-10 10:22:49.311 D/ActivityManager(  933): isAutoRunBlockedApp:: com.android.systemui, Auto Run ON
08-10 10:22:56.881 D/WifiService(  933): startScan by pid=1373, uid=10015
08-10 10:22:56.981 D/SSRM:n  (  933): SIOP:: AP = 340, PST = 347, CUR = 450
08-10 10:22:58.941 D/ConnectivityService(  933): returning getNetworkInfo(networkType - 1) :[type: WIFI[] - WIFI, state: CONNECTED/CONNECTED, reason: (unspecified), extra: "CU_d24p", roaming: false, failover: false, isAvailable: true, isConnectedToProvisioningNetwork: false]
08-10 10:22:59.151 V/AlarmManager(  933): waitForAlarm result :4
08-10 10:22:59.161 D/ActivityManager(  933): isDeviceAdminActiveApp false :com.tencent.news
08-10 10:22:59.161 E/ActivityManager(  933): isAutoRunBlockedApp:: com.tencent.news, Auto Run OFF
08-10 10:22:59.191 D/ConnectivityService(  933): returning getActiveNetworkInfo :[type: WIFI[] - WIFI, state: CONNECTED/CONNECTED, reason: (unspecified), extra: "CU_d24p", roaming: false, failover: false, isAvailable: true, isConnectedToProvisioningNetwork: false]
08-10 10:22:59.191 D/ConnectivityService(  933): returning getActiveNetworkInfo :[type: WIFI[] - WIFI, state: CONNECTED/CONNECTED, reason: (unspecified), extra: "CU_d24p", roaming: false, failover: false, isAvailable: true, isConnectedToProvisioningNetwork: false]
08-10 10:22:59.201 D/BatteryService(  933): !@BatteryListener : batteryPropertiesChanged!
08-10 10:22:59.201 D/BatteryService(  933): level:87, scale:100, status:2, health:2, present:true, voltage: 4216, temperature: 314, technology: Li-ion, AC powered:false, USB powered:true, Wireless powered:false, icon:17303724, invalid charger:0
08-10 10:22:59.201 D/BatteryService(  933): online:4, current avg:450, charge type:1, power sharing:false, high voltage charger:false, capacity:280000, current_now:450
08-10 10:22:59.201 D/BatteryService(  933): Sending ACTION_BATTERY_CHANGED.
08-10 10:22:59.211 I/MotionRecognitionService(  933): Plugged
08-10 10:22:59.211 I/MotionRecognitionService(  933): setPowerConnected  = true
08-10 10:22:59.211 D/STATUSBAR-PhoneStatusBar( 1180):  mBrightnessEnablebySettings = true mBrightnessEnablebyBattery = true mBrightnessEnablebyDisableFlag = true mPmsBrightnessEnablebySettings = true
08-10 10:22:59.211 D/BatteryMeterView( 1180): ACTION_BATTERY_CHANGED : level:87 status:2 health:2
08-10 10:22:59.211 D/BatteryMeterView( 1180): ACTION_BATTERY_CHANGED : level:87 status:2 health:2
08-10 10:22:59.221 D/BatteryMeterView( 1180): ACTION_BATTERY_CHANGED : level:87 status:2 health:2
08-10 10:22:59.271 D/ActivityManager(  933): isDeviceAdminActiveApp false :com.android.systemui
08-10 10:22:59.271 D/ActivityManager(  933): isAutoRunBlockedApp:: com.android.systemui, Auto Run ON
08-10 10:22:59.991 V/AlarmManager(  933): waitForAlarm result :8
08-10 10:23:06.921 D/WifiService(  933): startScan by pid=1373, uid=10015
08-10 10:23:07.071 D/SSRM:n  (  933): SIOP:: AP = 350, PST = 348, CUR = 450
08-10 10:23:09.001 D/ConnectivityService(  933): returning getNetworkInfo(networkType - 1) :[type: WIFI[] - WIFI, state: CONNECTED/CONNECTED, reason: (unspecified), extra: "CU_d24p", roaming: false, failover: false, isAvailable: true, isConnectedToProvisioningNetwork: false]
08-10 10:23:09.261 D/BatteryService(  933): !@BatteryListener : batteryPropertiesChanged!
08-10 10:23:09.271 D/BatteryService(  933): level:87, scale:100, status:2, health:2, present:true, voltage: 4217, temperature: 314, technology: Li-ion, AC powered:false, USB powered:true, Wireless powered:false, icon:17303724, invalid charger:0
08-10 10:23:09.271 D/BatteryService(  933): online:4, current avg:450, charge type:1, power sharing:false, high voltage charger:false, capacity:280000, current_now:450
08-10 10:23:09.271 D/BatteryService(  933): Sending ACTION_BATTERY_CHANGED.
08-10 10:23:09.281 I/MotionRecognitionService(  933): Plugged
08-10 10:23:09.281 I/MotionRecognitionService(  933): setPowerConnected  = true
08-10 10:23:09.331 D/STATUSBAR-PhoneStatusBar( 1180):  mBrightnessEnablebySettings = true mBrightnessEnablebyBattery = true mBrightnessEnablebyDisableFlag = true mPmsBrightnessEnablebySettings = true
08-10 10:23:09.351 D/BatteryMeterView( 1180): ACTION_BATTERY_CHANGED : level:87 status:2 health:2
08-10 10:23:09.351 D/BatteryMeterView( 1180): ACTION_BATTERY_CHANGED : level:87 status:2 health:2
08-10 10:23:09.361 D/ActivityManager(  933): isDeviceAdminActiveApp false :com.android.systemui
08-10 10:23:09.361 D/ActivityManager(  933): isAutoRunBlockedApp:: com.android.systemui, Auto Run ON
08-10 10:23:09.371 D/BatteryMeterView( 1180): ACTION_BATTERY_CHANGED : level:87 status:2 health:2
08-10 10:23:13.381 E/Watchdog(  933): !@Sync 639
08-10 10:23:16.961 D/WifiService(  933): startScan by pid=1373, uid=10015
08-10 10:23:17.131 D/SSRM:n  (  933): SIOP:: AP = 350, PST = 348, CUR = 450
08-10 10:23:19.071 D/ConnectivityService(  933): returning getNetworkInfo(networkType - 1) :[type: WIFI[] - WIFI, state: CONNECTED/CONNECTED, reason: (unspecified), extra: "CU_d24p", roaming: false, failover: false, isAvailable: true, isConnectedToProvisioningNetwork: false]
08-10 10:23:19.331 D/BatteryService(  933): !@BatteryListener : batteryPropertiesChanged!
08-10 10:23:19.331 D/BatteryService(  933): level:87, scale:100, status:2, health:2, present:true, voltage: 4218, temperature: 314, technology: Li-ion, AC powered:false, USB powered:true, Wireless powered:false, icon:17303724, invalid charger:0
08-10 10:23:19.331 D/BatteryService(  933): online:4, current avg:450, charge type:1, power sharing:false, high voltage charger:false, capacity:280000, current_now:450
08-10 10:23:19.331 D/BatteryService(  933): Sending ACTION_BATTERY_CHANGED.
08-10 10:23:19.331 I/MotionRecognitionService(  933): Plugged
08-10 10:23:19.331 I/MotionRecognitionService(  933): setPowerConnected  = true
08-10 10:23:19.391 D/STATUSBAR-PhoneStatusBar( 1180):  mBrightnessEnablebySettings = true mBrightnessEnablebyBattery = true mBrightnessEnablebyDisableFlag = true mPmsBrightnessEnablebySettings = true
08-10 10:23:19.411 D/BatteryMeterView( 1180): ACTION_BATTERY_CHANGED : level:87 status:2 health:2
08-10 10:23:19.411 D/BatteryMeterView( 1180): ACTION_BATTERY_CHANGED : level:87 status:2 health:2
08-10 10:23:19.411 D/BatteryMeterView( 1180): ACTION_BATTERY_CHANGED : level:87 status:2 health:2
08-10 10:23:19.421 D/ActivityManager(  933): isDeviceAdminActiveApp false :com.android.systemui
08-10 10:23:19.421 D/ActivityManager(  933): isAutoRunBlockedApp:: com.android.systemui, Auto Run ON
08-10 10:23:21.301 I/PowerManagerService(  933): [PWL] On : 17096219 (2107949 ms ago)
08-10 10:23:21.301 I/PowerManagerService(  933): [PWL]  mStayOn: true  mWakeLockSummary & WAKE_LOCK_STAY_AWAKE: 0  mUserActivitySummary: 0x4
08-10 10:23:26.991 D/WifiService(  933): startScan by pid=1373, uid=10015
08-10 10:23:27.201 D/SSRM:n  (  933): SIOP:: AP = 350, PST = 349, CUR = 450
08-10 10:23:29.041 D/ConnectivityService(  933): returning getNetworkInfo(networkType - 1) :[type: WIFI[] - WIFI, state: CONNECTED/CONNECTED, reason: (unspecified), extra: "CU_d24p", roaming: false, failover: false, isAvailable: true, isConnectedToProvisioningNetwork: false]
08-10 10:23:29.411 D/ActivityManager(  933): isDeviceAdminActiveApp false :com.android.systemui
08-10 10:23:29.411 D/ActivityManager(  933): isAutoRunBlockedApp:: com.android.systemui, Auto Run ON
08-10 10:23:29.421 D/BatteryService(  933): !@BatteryListener : batteryPropertiesChanged!
08-10 10:23:29.421 D/BatteryService(  933): level:87, scale:100, status:2, health:2, present:true, voltage: 4225, temperature: 314, technology: Li-ion, AC powered:false, USB powered:true, Wireless powered:false, icon:17303724, invalid charger:0
08-10 10:23:29.421 D/BatteryService(  933): online:4, current avg:450, charge type:1, power sharing:false, high voltage charger:false, capacity:280000, current_now:450
08-10 10:23:29.421 D/BatteryService(  933): Sending ACTION_BATTERY_CHANGED.
08-10 10:23:29.431 I/MotionRecognitionService(  933): Plugged
08-10 10:23:29.431 I/MotionRecognitionService(  933): setPowerConnected  = true
08-10 10:23:29.431 D/STATUSBAR-PhoneStatusBar( 1180):  mBrightnessEnablebySettings = true mBrightnessEnablebyBattery = true mBrightnessEnablebyDisableFlag = true mPmsBrightnessEnablebySettings = true
08-10 10:23:29.431 D/BatteryMeterView( 1180): ACTION_BATTERY_CHANGED : level:87 status:2 health:2
08-10 10:23:29.431 D/BatteryMeterView( 1180): ACTION_BATTERY_CHANGED : level:87 status:2 health:2
08-10 10:23:29.431 D/BatteryMeterView( 1180): ACTION_BATTERY_CHANGED : level:87 status:2 health:2
08-10 10:23:32.661 D/TimaService(  933): TIMA: TimaService scheduler is intialized. 
08-10 10:23:32.661 D/TimaService(  933): TIMA: checkEvent, operation: 50000 subject: 10000
08-10 10:23:32.661 D/TimaService(  933): TimaServiceHandler.handleMessage what =1
08-10 10:23:35.391 D/TimaService(  933): TIMA MEASUREMENT Result: TIMA_STATUS=0;MSG=Kernel Verification Success;
08-10 10:23:35.391 D/TimaService(  933): TIMA MEASUREMENT success status: TIMA_STATUS=0;MSG=Kernel Verification Success;
08-10 10:23:37.021 D/WifiService(  933): startScan by pid=1373, uid=10015
08-10 10:23:37.281 D/SSRM:n  (  933): SIOP:: AP = 350, PST = 349, CUR = 450
08-10 10:23:39.091 D/ConnectivityService(  933): returning getNetworkInfo(networkType - 1) :[type: WIFI[] - WIFI, state: CONNECTED/CONNECTED, reason: (unspecified), extra: "CU_d24p", roaming: false, failover: false, isAvailable: true, isConnectedToProvisioningNetwork: false]
08-10 10:23:39.461 D/ActivityManager(  933): isDeviceAdminActiveApp false :com.android.systemui
08-10 10:23:39.461 D/ActivityManager(  933): isAutoRunBlockedApp:: com.android.systemui, Auto Run ON
08-10 10:23:39.481 D/BatteryService(  933): !@BatteryListener : batteryPropertiesChanged!
08-10 10:23:39.481 D/BatteryService(  933): level:87, scale:100, status:2, health:2, present:true, voltage: 4223, temperature: 314, technology: Li-ion, AC powered:false, USB powered:true, Wireless powered:false, icon:17303724, invalid charger:0
08-10 10:23:39.481 D/BatteryService(  933): online:4, current avg:450, charge type:1, power sharing:false, high voltage charger:false, capacity:280000, current_now:450
08-10 10:23:39.481 D/BatteryService(  933): Sending ACTION_BATTERY_CHANGED.
08-10 10:23:39.481 I/MotionRecognitionService(  933): Plugged
08-10 10:23:39.481 I/MotionRecognitionService(  933): setPowerConnected  = true
08-10 10:23:39.491 D/STATUSBAR-PhoneStatusBar( 1180):  mBrightnessEnablebySettings = true mBrightnessEnablebyBattery = true mBrightnessEnablebyDisableFlag = true mPmsBrightnessEnablebySettings = true
08-10 10:23:39.491 D/BatteryMeterView( 1180): ACTION_BATTERY_CHANGED : level:87 status:2 health:2
08-10 10:23:39.491 D/BatteryMeterView( 1180): ACTION_BATTERY_CHANGED : level:87 status:2 health:2
08-10 10:23:39.491 D/BatteryMeterView( 1180): ACTION_BATTERY_CHANGED : level:87 status:2 health:2
08-10 10:23:43.381 E/Watchdog(  933): !@Sync 640
08-10 10:23:45.021 E/SAMP_SPCMtest(  933): setPackageLockingTimeBySPCM() :168
08-10 10:23:45.041 I/SAMP    (  933): SPCMDataBase was updated!
08-10 10:23:45.061 E/SAMP_SPCMtest(  933): setPackageLockingTimeBySPCM() :168
08-10 10:23:47.051 D/WifiService(  933): startScan by pid=1373, uid=10015
08-10 10:23:47.331 D/SSRM:n  (  933): SIOP:: AP = 350, PST = 349, CUR = 450
08-10 10:23:49.111 D/ConnectivityService(  933): returning getNetworkInfo(networkType - 1) :[type: WIFI[] - WIFI, state: CONNECTED/CONNECTED, reason: (unspecified), extra: "CU_d24p", roaming: false, failover: false, isAvailable: true, isConnectedToProvisioningNetwork: false]
08-10 10:23:49.471 D/ActivityManager(  933): isDeviceAdminActiveApp false :com.android.systemui
08-10 10:23:49.471 D/ActivityManager(  933): isAutoRunBlockedApp:: com.android.systemui, Auto Run ON
08-10 10:23:52.361 D/ConnectivityService(  933): returning getActiveNetworkInfo :[type: WIFI[] - WIFI, state: CONNECTED/CONNECTED, reason: (unspecified), extra: "CU_d24p", roaming: false, failover: false, isAvailable: true, isConnectedToProvisioningNetwork: false]
08-10 10:23:53.051 V/AlarmManager(  933): waitForAlarm result :4
08-10 10:23:53.091 D/ActivityManager(  933): bindService callerProcessName:android, calleePkgName: com.tencent.news, action: null
08-10 10:23:53.091 D/ActivityManager(  933): isDeviceAdminActiveApp false :com.tencent.news
08-10 10:23:53.091 E/ActivityManager(  933): isAutoRunBlockedApp:: com.tencent.news, Auto Run OFF
08-10 10:23:53.091 D/ActivityManager(  933): isNotRunningApp - com.tencent.news is not running ? false
08-10 10:23:53.111 D/BatteryService(  933): !@BatteryListener : batteryPropertiesChanged!
08-10 10:23:53.111 D/BatteryService(  933): level:87, scale:100, status:2, health:2, present:true, voltage: 4237, temperature: 314, technology: Li-ion, AC powered:false, USB powered:true, Wireless powered:false, icon:17303724, invalid charger:0
08-10 10:23:53.111 D/BatteryService(  933): online:4, current avg:450, charge type:1, power sharing:false, high voltage charger:false, capacity:280000, current_now:450
08-10 10:23:53.141 D/BatteryService(  933): Sending ACTION_BATTERY_CHANGED.
08-10 10:23:53.141 D/STATUSBAR-PhoneStatusBar( 1180):  mBrightnessEnablebySettings = true mBrightnessEnablebyBattery = true mBrightnessEnablebyDisableFlag = true mPmsBrightnessEnablebySettings = true
08-10 10:23:53.151 D/BatteryMeterView( 1180): ACTION_BATTERY_CHANGED : level:87 status:2 health:2
08-10 10:23:53.151 D/BatteryMeterView( 1180): ACTION_BATTERY_CHANGED : level:87 status:2 health:2
08-10 10:23:53.151 D/BatteryMeterView( 1180): ACTION_BATTERY_CHANGED : level:87 status:2 health:2
08-10 10:23:53.151 I/MotionRecognitionService(  933): Plugged
08-10 10:23:53.151 I/MotionRecognitionService(  933): setPowerConnected  = true
08-10 10:23:53.161 D/ConnectivityService(  933): returning getActiveNetworkInfo :[type: WIFI[] - WIFI, state: CONNECTED/CONNECTED, reason: (unspecified), extra: "CU_d24p", roaming: false, failover: false, isAvailable: true, isConnectedToProvisioningNetwork: false]
08-10 10:23:53.161 D/ConnectivityService(  933): returning getActiveNetworkInfo :[type: WIFI[] - WIFI, state: CONNECTED/CONNECTED, reason: (unspecified), extra: "CU_d24p", roaming: false, failover: false, isAvailable: true, isConnectedToProvisioningNetwork: false]
08-10 10:23:57.081 D/WifiService(  933): startScan by pid=1373, uid=10015
08-10 10:23:57.391 D/SSRM:n  (  933): SIOP:: AP = 350, PST = 349, CUR = 450
08-10 10:23:59.141 D/ConnectivityService(  933): returning getNetworkInfo(networkType - 1) :[type: WIFI[] - WIFI, state: CONNECTED/CONNECTED, reason: (unspecified), extra: "CU_d24p", roaming: false, failover: false, isAvailable: true, isConnectedToProvisioningNetwork: false]
08-10 10:23:59.511 D/ActivityManager(  933): isDeviceAdminActiveApp false :com.android.systemui
08-10 10:23:59.511 D/ActivityManager(  933): isAutoRunBlockedApp:: com.android.systemui, Auto Run ON
08-10 10:23:59.991 V/AlarmManager(  933): waitForAlarm result :8
08-10 10:24:00.001 V/AlarmManager(  933): ___SyncScheduler (v3) ACTIVATED___
08-10 10:24:00.001 V/AlarmManagerEXT(  933): <AppSync3 Whitelist>
08-10 10:24:00.001 V/AlarmManagerEXT(  933): (AppSync) com.sec.spp.push : 10800(10860)
08-10 10:24:00.001 V/AlarmManagerEXT(  933): (AppSync) ### 1 added ###
08-10 10:24:03.181 D/BatteryService(  933): !@BatteryListener : batteryPropertiesChanged!
08-10 10:24:03.181 D/BatteryService(  933): level:87, scale:100, status:2, health:2, present:true, voltage: 4236, temperature: 314, technology: Li-ion, AC powered:false, USB powered:true, Wireless powered:false, icon:17303724, invalid charger:0
08-10 10:24:03.181 D/BatteryService(  933): online:4, current avg:450, charge type:1, power sharing:false, high voltage charger:false, capacity:280000, current_now:450
08-10 10:24:03.181 D/BatteryService(  933): Sending ACTION_BATTERY_CHANGED.
08-10 10:24:03.191 I/MotionRecognitionService(  933): Plugged
08-10 10:24:03.191 I/MotionRecognitionService(  933): setPowerConnected  = true
08-10 10:24:03.221 D/STATUSBAR-PhoneStatusBar( 1180):  mBrightnessEnablebySettings = true mBrightnessEnablebyBattery = true mBrightnessEnablebyDisableFlag = true mPmsBrightnessEnablebySettings = true
08-10 10:24:03.241 D/BatteryMeterView( 1180): ACTION_BATTERY_CHANGED : level:87 status:2 health:2
08-10 10:24:03.241 D/BatteryMeterView( 1180): ACTION_BATTERY_CHANGED : level:87 status:2 health:2
08-10 10:24:03.241 D/BatteryMeterView( 1180): ACTION_BATTERY_CHANGED : level:87 status:2 health:2
08-10 10:24:07.121 D/WifiService(  933): startScan by pid=1373, uid=10015
08-10 10:24:07.451 D/SSRM:n  (  933): SIOP:: AP = 350, PST = 349, CUR = 450
08-10 10:24:09.211 D/ConnectivityService(  933): returning getNetworkInfo(networkType - 1) :[type: WIFI[] - WIFI, state: CONNECTED/CONNECTED, reason: (unspecified), extra: "CU_d24p", roaming: false, failover: false, isAvailable: true, isConnectedToProvisioningNetwork: false]
08-10 10:24:09.551 D/ActivityManager(  933): isDeviceAdminActiveApp false :com.android.systemui
08-10 10:24:09.551 D/ActivityManager(  933): isAutoRunBlockedApp:: com.android.systemui, Auto Run ON
08-10 10:24:13.241 D/BatteryService(  933): !@BatteryListener : batteryPropertiesChanged!
08-10 10:24:13.241 D/BatteryService(  933): level:87, scale:100, status:2, health:2, present:true, voltage: 4238, temperature: 314, technology: Li-ion, AC powered:false, USB powered:true, Wireless powered:false, icon:17303724, invalid charger:0
08-10 10:24:13.241 D/BatteryService(  933): online:4, current avg:450, charge type:1, power sharing:false, high voltage charger:false, capacity:280000, current_now:450
08-10 10:24:13.241 D/BatteryService(  933): Sending ACTION_BATTERY_CHANGED.
08-10 10:24:13.251 I/MotionRecognitionService(  933): Plugged
08-10 10:24:13.251 I/MotionRecognitionService(  933): setPowerConnected  = true
08-10 10:24:13.281 D/STATUSBAR-PhoneStatusBar( 1180):  mBrightnessEnablebySettings = true mBrightnessEnablebyBattery = true mBrightnessEnablebyDisableFlag = true mPmsBrightnessEnablebySettings = true
08-10 10:24:13.311 D/BatteryMeterView( 1180): ACTION_BATTERY_CHANGED : level:87 status:2 health:2
08-10 10:24:13.311 D/BatteryMeterView( 1180): ACTION_BATTERY_CHANGED : level:87 status:2 health:2
08-10 10:24:13.311 D/BatteryMeterView( 1180): ACTION_BATTERY_CHANGED : level:87 status:2 health:2
08-10 10:24:13.381 E/Watchdog(  933): !@Sync 641
08-10 10:24:17.161 D/WifiService(  933): startScan by pid=1373, uid=10015
08-10 10:24:17.511 D/SSRM:n  (  933): SIOP:: AP = 340, PST = 348, CUR = 450
08-10 10:24:19.241 D/ConnectivityService(  933): returning getNetworkInfo(networkType - 1) :[type: WIFI[] - WIFI, state: CONNECTED/CONNECTED, reason: (unspecified), extra: "CU_d24p", roaming: false, failover: false, isAvailable: true, isConnectedToProvisioningNetwork: false]
08-10 10:24:19.601 D/ActivityManager(  933): isDeviceAdminActiveApp false :com.android.systemui
08-10 10:24:19.601 D/ActivityManager(  933): isAutoRunBlockedApp:: com.android.systemui, Auto Run ON
08-10 10:24:23.301 D/BatteryService(  933): !@BatteryListener : batteryPropertiesChanged!
08-10 10:24:23.301 D/BatteryService(  933): level:87, scale:100, status:2, health:2, present:true, voltage: 4230, temperature: 314, technology: Li-ion, AC powered:false, USB powered:true, Wireless powered:false, icon:17303724, invalid charger:0
08-10 10:24:23.301 D/BatteryService(  933): online:4, current avg:450, charge type:1, power sharing:false, high voltage charger:false, capacity:280000, current_now:450
08-10 10:24:23.301 D/BatteryService(  933): Sending ACTION_BATTERY_CHANGED.
08-10 10:24:23.311 I/MotionRecognitionService(  933): Plugged
08-10 10:24:23.311 I/MotionRecognitionService(  933): setPowerConnected  = true
08-10 10:24:23.341 D/STATUSBAR-PhoneStatusBar( 1180):  mBrightnessEnablebySettings = true mBrightnessEnablebyBattery = true mBrightnessEnablebyDisableFlag = true mPmsBrightnessEnablebySettings = true
08-10 10:24:23.341 D/BatteryMeterView( 1180): ACTION_BATTERY_CHANGED : level:87 status:2 health:2
08-10 10:24:23.341 D/BatteryMeterView( 1180): ACTION_BATTERY_CHANGED : level:87 status:2 health:2
08-10 10:24:23.341 D/BatteryMeterView( 1180): ACTION_BATTERY_CHANGED : level:87 status:2 health:2
08-10 10:24:27.181 D/WifiService(  933): startScan by pid=1373, uid=10015
08-10 10:24:27.581 D/SSRM:n  (  933): SIOP:: AP = 340, PST = 347, CUR = 450
08-10 10:24:29.251 D/ConnectivityService(  933): returning getNetworkInfo(networkType - 1) :[type: WIFI[] - WIFI, state: CONNECTED/CONNECTED, reason: (unspecified), extra: "CU_d24p", roaming: false, failover: false, isAvailable: true, isConnectedToProvisioningNetwork: false]
08-10 10:24:29.621 D/ActivityManager(  933): isDeviceAdminActiveApp false :com.android.systemui
08-10 10:24:29.621 D/ActivityManager(  933): isAutoRunBlockedApp:: com.android.systemui, Auto Run ON
08-10 10:24:33.371 D/BatteryService(  933): !@BatteryListener : batteryPropertiesChanged!
08-10 10:24:37.211 D/WifiService(  933): startScan by pid=1373, uid=10015
08-10 10:24:37.661 D/SSRM:n  (  933): SIOP:: AP = 340, PST = 347, CUR = 450
08-10 10:24:39.281 D/ConnectivityService(  933): returning getNetworkInfo(networkType - 1) :[type: WIFI[] - WIFI, state: CONNECTED/CONNECTED, reason: (unspecified), extra: "CU_d24p", roaming: false, failover: false, isAvailable: true, isConnectedToProvisioningNetwork: false]
08-10 10:24:39.621 D/ActivityManager(  933): isDeviceAdminActiveApp false :com.android.systemui
08-10 10:24:39.621 D/ActivityManager(  933): isAutoRunBlockedApp:: com.android.systemui, Auto Run ON
08-10 10:24:43.271 D/ConnectivityService(  933): returning getActiveNetworkInfo :[type: WIFI[] - WIFI, state: CONNECTED/CONNECTED, reason: (unspecified), extra: "CU_d24p", roaming: false, failover: false, isAvailable: true, isConnectedToProvisioningNetwork: false]
08-10 10:24:43.271 D/ConnectivityService(  933): returning getNetworkInfo(networkType - 1) :[type: WIFI[] - WIFI, state: CONNECTED/CONNECTED, reason: (unspecified), extra: "CU_d24p", roaming: false, failover: false, isAvailable: true, isConnectedToProvisioningNetwork: false]
08-10 10:24:43.381 E/Watchdog(  933): !@Sync 642
08-10 10:24:43.441 D/BatteryService(  933): !@BatteryListener : batteryPropertiesChanged!
08-10 10:24:43.441 D/BatteryService(  933): level:87, scale:100, status:2, health:2, present:true, voltage: 4228, temperature: 314, technology: Li-ion, AC powered:false, USB powered:true, Wireless powered:false, icon:17303724, invalid charger:0
08-10 10:24:43.441 D/BatteryService(  933): online:4, current avg:450, charge type:1, power sharing:false, high voltage charger:false, capacity:280000, current_now:450
08-10 10:24:43.441 D/BatteryService(  933): Sending ACTION_BATTERY_CHANGED.
08-10 10:24:43.451 I/MotionRecognitionService(  933): Plugged
08-10 10:24:43.451 I/MotionRecognitionService(  933): setPowerConnected  = true
08-10 10:24:43.461 D/STATUSBAR-PhoneStatusBar( 1180):  mBrightnessEnablebySettings = true mBrightnessEnablebyBattery = true mBrightnessEnablebyDisableFlag = true mPmsBrightnessEnablebySettings = true
08-10 10:24:43.461 D/BatteryMeterView( 1180): ACTION_BATTERY_CHANGED : level:87 status:2 health:2
08-10 10:24:43.461 D/BatteryMeterView( 1180): ACTION_BATTERY_CHANGED : level:87 status:2 health:2
08-10 10:24:43.461 D/BatteryMeterView( 1180): ACTION_BATTERY_CHANGED : level:87 status:2 health:2
08-10 10:24:47.251 D/WifiService(  933): startScan by pid=1373, uid=10015
08-10 10:24:47.731 D/SSRM:n  (  933): SIOP:: AP = 340, PST = 346, CUR = 450
08-10 10:24:49.321 D/ConnectivityService(  933): returning getNetworkInfo(networkType - 1) :[type: WIFI[] - WIFI, state: CONNECTED/CONNECTED, reason: (unspecified), extra: "CU_d24p", roaming: false, failover: false, isAvailable: true, isConnectedToProvisioningNetwork: false]
08-10 10:24:49.681 D/ActivityManager(  933): isDeviceAdminActiveApp false :com.android.systemui
08-10 10:24:49.681 D/ActivityManager(  933): isAutoRunBlockedApp:: com.android.systemui, Auto Run ON
08-10 10:24:53.501 D/BatteryService(  933): !@BatteryListener : batteryPropertiesChanged!
08-10 10:24:53.501 D/BatteryService(  933): level:87, scale:100, status:2, health:2, present:true, voltage: 4232, temperature: 314, technology: Li-ion, AC powered:false, USB powered:true, Wireless powered:false, icon:17303724, invalid charger:0
08-10 10:24:53.501 D/BatteryService(  933): online:4, current avg:450, charge type:1, power sharing:false, high voltage charger:false, capacity:280000, current_now:450
08-10 10:24:53.511 D/BatteryService(  933): Sending ACTION_BATTERY_CHANGED.
08-10 10:24:53.511 I/MotionRecognitionService(  933): Plugged
08-10 10:24:53.511 I/MotionRecognitionService(  933): setPowerConnected  = true
