08-08 23:38:04.188 D/StatusBar.NetworkController( 1177): refreshViews connected={ wifi } level=4 combinedSignalIconId=0x7f020556/com.android.systemui:drawable/stat_sys_wifi_signal_4 mobileLabel=仅限紧急通话 wifiLabel="宣龙华的 iPhone (2)"xxxxXXXXxxxxXXXX emergencyOnly=true combinedLabel="宣龙华的 iPhone (2)"xxxxXXXXxxxxXXXX mAirplaneMode=false mDataActivity=0 mPhoneSignalIconId=0x7f0204e9/com.android.systemui:drawable/stat_sys_signal_4 mQSPhoneSignalIconId=0x7f020148/com.android.systemui:drawable/ic_qs_signal_4 mDataDirectionIconId=0x0/(null) mDataSignalIconId=0x7f0204e9/com.android.systemui:drawable/stat_sys_signal_4 mDataTypeIconId=0x0/(null) mQSDataTypeIconId=0x0/(null) mNoSimIconId=0x0/(null) mWifiIconId=0x7f020556/com.android.systemui:drawable/stat_sys_wifi_signal_4 mQSWifiIconId=0x7f02015e/com.android.systemui:drawable/ic_qs_wifi_4 mWifiActivityIconId=0x7f020527/com.android.systemui:drawable/stat_sys_signal_inout mBluetoothTetherIconId=0x10808f1/android:drawable/stat_sys_tether_bluetooth
08-08 23:38:04.188 D/STATUSBAR-WifiQuickSettingButton( 1177): onWifiSignalChanged enabled=true enabledDesc:"宣龙华的 iPhone (2)"
08-08 23:38:04.188 D/StatusBar.NetworkController( 1177): refreshSignalCluster - setNWBoosterIndicators(false)
08-08 23:38:04.188 D/StatusBar.NetworkController( 1177): applyCHN
08-08 23:38:04.188 D/StatusBar.NetworkController( 1177): refreshSignalCluster - setNWBoosterIndicators(false)
08-08 23:38:04.188 D/StatusBar.NetworkController( 1177): applyCHN
08-08 23:38:04.188 D/StatusBar.NetworkController( 1177): refreshSignalCluster - setNWBoosterIndicators(false)
08-08 23:38:04.188 D/StatusBar.NetworkController( 1177): applyCHN
08-08 23:38:04.188 D/StatusBar.NetworkController( 1177): refreshSignalCluster - setNWBoosterIndicators(false)
08-08 23:38:04.188 D/StatusBar.NetworkController( 1177): applyCHN
08-08 23:38:04.738 W/ActivityManager(  917): getTasks: caller 10205 does not hold GET_TASKS; limiting output
08-08 23:38:04.968 E/SMD     (  289): DCD ON
08-08 23:38:05.188 D/StatusBar.NetworkController( 1177): refreshViews connected={ wifi } level=4 combinedSignalIconId=0x7f020556/com.android.systemui:drawable/stat_sys_wifi_signal_4 mobileLabel=仅限紧急通话 wifiLabel="宣龙华的 iPhone (2)"xxxxXXXXxxxxXXXX emergencyOnly=true combinedLabel="宣龙华的 iPhone (2)"xxxxXXXXxxxxXXXX mAirplaneMode=false mDataActivity=0 mPhoneSignalIconId=0x7f0204e9/com.android.systemui:drawable/stat_sys_signal_4 mQSPhoneSignalIconId=0x7f020148/com.android.systemui:drawable/ic_qs_signal_4 mDataDirectionIconId=0x0/(null) mDataSignalIconId=0x7f0204e9/com.android.systemui:drawable/stat_sys_signal_4 mDataTypeIconId=0x0/(null) mQSDataTypeIconId=0x0/(null) mNoSimIconId=0x0/(null) mWifiIconId=0x7f020556/com.android.systemui:drawable/stat_sys_wifi_signal_4 mQSWifiIconId=0x7f02015e/com.android.systemui:drawable/ic_qs_wifi_4 mWifiActivityIconId=0x7f020529/com.android.systemui:drawable/stat_sys_signal_no_inout mBluetoothTetherIconId=0x10808f1/android:drawable/stat_sys_tether_bluetooth
08-08 23:38:05.188 D/STATUSBAR-WifiQuickSettingButton( 1177): onWifiSignalChanged enabled=true enabledDesc:"宣龙华的 iPhone (2)"
08-08 23:38:05.188 D/StatusBar.NetworkController( 1177): refreshSignalCluster - setNWBoosterIndicators(false)
08-08 23:38:05.188 D/StatusBar.NetworkController( 1177): applyCHN
08-08 23:38:05.188 D/StatusBar.NetworkController( 1177): refreshSignalCluster - setNWBoosterIndicators(false)
08-08 23:38:05.188 D/StatusBar.NetworkController( 1177): applyCHN
08-08 23:38:05.188 D/StatusBar.NetworkController( 1177): refreshSignalCluster - setNWBoosterIndicators(false)
08-08 23:38:05.188 D/StatusBar.NetworkController( 1177): applyCHN
08-08 23:38:05.188 D/StatusBar.NetworkController( 1177): refreshSignalCluster - setNWBoosterIndicators(false)
08-08 23:38:05.188 D/StatusBar.NetworkController( 1177): applyCHN
08-08 23:38:05.298 W/ActivityManager(  917): getTasks: caller 10205 does not hold GET_TASKS; limiting output
08-08 23:38:05.298 W/ActivityManager(  917): getTasks: caller 10205 does not hold GET_TASKS; limiting output
08-08 23:38:05.748 W/ActivityManager(  917): getTasks: caller 10205 does not hold GET_TASKS; limiting output
08-08 23:38:06.368 I/TLC_TIMA_PKM_measure_kernel(  917): TIMA: response_id = 3
08-08 23:38:06.368 I/TLC_TIMA_PKM_measure_kernel(  917): TIMA: response ret = 0, result_ondemand = MSG=Kernel Verification Success;
08-08 23:38:06.378 D/TimaService(  917): TIMA MEASUREMENT Result: TIMA_STATUS=0;MSG=Kernel Verification Success;
08-08 23:38:06.378 D/TimaService(  917): TIMA MEASUREMENT success status: TIMA_STATUS=0;MSG=Kernel Verification Success;
08-08 23:38:06.758 W/ActivityManager(  917): getTasks: caller 10205 does not hold GET_TASKS; limiting output
08-08 23:38:07.298 W/ActivityManager(  917): getTasks: caller 10205 does not hold GET_TASKS; limiting output
08-08 23:38:07.298 W/ActivityManager(  917): getTasks: caller 10205 does not hold GET_TASKS; limiting output
08-08 23:38:07.758 W/ActivityManager(  917): getTasks: caller 10205 does not hold GET_TASKS; limiting output
08-08 23:38:07.968 E/SMD     (  289): DCD ON
08-08 23:38:08.758 W/ActivityManager(  917): getTasks: caller 10205 does not hold GET_TASKS; limiting output
08-08 23:38:09.308 W/ActivityManager(  917): getTasks: caller 10205 does not hold GET_TASKS; limiting output
08-08 23:38:09.308 W/ActivityManager(  917): getTasks: caller 10205 does not hold GET_TASKS; limiting output
08-08 23:38:09.758 W/ActivityManager(  917): getTasks: caller 10205 does not hold GET_TASKS; limiting output
08-08 23:38:10.778 W/ActivityManager(  917): getTasks: caller 10205 does not hold GET_TASKS; limiting output
08-08 23:38:10.838 I/art     (23703): Alloc sticky concurrent mark sweep GC freed 1048319(38MB) AllocSpace objects, 0(0B) LOS objects, 25% free, 18MB/24MB, paused 701us total 112.234ms
08-08 23:38:10.968 E/SMD     (  289): DCD ON
08-08 23:38:11.308 W/ActivityManager(  917): getTasks: caller 10205 does not hold GET_TASKS; limiting output
08-08 23:38:11.308 W/ActivityManager(  917): getTasks: caller 10205 does not hold GET_TASKS; limiting output
08-08 23:38:11.538 D/SSRM:n  (  917): SIOP:: AP = 430, PST = 430, CUR = 450
08-08 23:38:11.778 W/ActivityManager(  917): getTasks: caller 10205 does not hold GET_TASKS; limiting output
08-08 23:38:12.788 W/ActivityManager(  917): getTasks: caller 10205 does not hold GET_TASKS; limiting output
08-08 23:38:13.308 W/ActivityManager(  917): getTasks: caller 10205 does not hold GET_TASKS; limiting output
08-08 23:38:13.308 W/ActivityManager(  917): getTasks: caller 10205 does not hold GET_TASKS; limiting output
08-08 23:38:13.368 D/KeyguardUpdateMonitor( 1177): received broadcast android.intent.action.BATTERY_CHANGED
08-08 23:38:13.368 D/KeyguardUpdateMonitor( 1177): handleBatteryUpdate
08-08 23:38:13.368 D/BatteryService(  917): !@BatteryListener : batteryPropertiesChanged!
08-08 23:38:13.368 D/BatteryService(  917): level:19, scale:100, status:2, health:2, present:true, voltage: 3771, temperature: 344, technology: Li-ion, AC powered:false, USB powered:true, Wireless powered:false, icon:17303724, invalid charger:0
08-08 23:38:13.368 D/BatteryService(  917): online:4, current avg:450, charge type:1, power sharing:false, high voltage charger:false, capacity:280000, current_now:450
08-08 23:38:13.368 D/BatteryService(  917): Sending ACTION_BATTERY_CHANGED.
08-08 23:38:13.368 I/MotionRecognitionService(  917): Plugged
08-08 23:38:13.368 I/MotionRecognitionService(  917): setPowerConnected  = true
08-08 23:38:13.378 V/HeadsetService( 3910): HeadsetService - Received Intent.ACTION_BATTERY_CHANGED
08-08 23:38:13.378 D/HeadsetStateMachine( 3910): Disconnected process message: 10
08-08 23:38:13.378 D/STATUSBAR-PhoneStatusBar( 1177):  mBrightnessEnablebySettings = true mBrightnessEnablebyBattery = true mBrightnessEnablebyDisableFlag = true mPmsBrightnessEnablebySettings = true
08-08 23:38:13.378 D/BatteryMeterView( 1177): ACTION_BATTERY_CHANGED : level:19 status:2 health:2
08-08 23:38:13.378 D/BatteryMeterView( 1177): ACTION_BATTERY_CHANGED : level:19 status:2 health:2
08-08 23:38:13.378 D/BatteryMeterView( 1177): ACTION_BATTERY_CHANGED : level:19 status:2 health:2
08-08 23:38:13.788 W/ActivityManager(  917): getTasks: caller 10205 does not hold GET_TASKS; limiting output
08-08 23:38:13.968 E/SMD     (  289): DCD ON
08-08 23:38:14.788 W/ActivityManager(  917): getTasks: caller 10205 does not hold GET_TASKS; limiting output
08-08 23:38:15.318 W/ActivityManager(  917): getTasks: caller 10205 does not hold GET_TASKS; limiting output
08-08 23:38:15.318 W/ActivityManager(  917): getTasks: caller 10205 does not hold GET_TASKS; limiting output
08-08 23:38:15.798 W/ActivityManager(  917): getTasks: caller 10205 does not hold GET_TASKS; limiting output
08-08 23:38:16.798 W/ActivityManager(  917): getTasks: caller 10205 does not hold GET_TASKS; limiting output
08-08 23:38:16.968 E/SMD     (  289): DCD ON
08-08 23:38:17.318 W/ActivityManager(  917): getTasks: caller 10205 does not hold GET_TASKS; limiting output
08-08 23:38:17.328 W/ActivityManager(  917): getTasks: caller 10205 does not hold GET_TASKS; limiting output
08-08 23:38:17.798 W/ActivityManager(  917): getTasks: caller 10205 does not hold GET_TASKS; limiting output
08-08 23:38:18.088 E/Watchdog(  917): !@Sync 3300
08-08 23:38:18.798 I/art     (23703): Alloc sticky concurrent mark sweep GC freed 1048319(38MB) AllocSpace objects, 0(0B) LOS objects, 25% free, 18MB/24MB, paused 705us total 111.545ms
08-08 23:38:18.808 W/ActivityManager(  917): getTasks: caller 10205 does not hold GET_TASKS; limiting output
08-08 23:38:19.328 W/ActivityManager(  917): getTasks: caller 10205 does not hold GET_TASKS; limiting output
08-08 23:38:19.328 W/ActivityManager(  917): getTasks: caller 10205 does not hold GET_TASKS; limiting output
08-08 23:38:19.818 W/ActivityManager(  917): getTasks: caller 10205 does not hold GET_TASKS; limiting output
08-08 23:38:19.968 E/SMD     (  289): DCD ON
08-08 23:38:20.828 W/ActivityManager(  917): getTasks: caller 10205 does not hold GET_TASKS; limiting output
08-08 23:38:21.338 W/ActivityManager(  917): getTasks: caller 10205 does not hold GET_TASKS; limiting output
08-08 23:38:21.338 W/ActivityManager(  917): getTasks: caller 10205 does not hold GET_TASKS; limiting output
08-08 23:38:21.578 D/SSRM:n  (  917): SIOP:: AP = 430, PST = 430, CUR = 450
08-08 23:38:21.828 W/ActivityManager(  917): getTasks: caller 10205 does not hold GET_TASKS; limiting output
08-08 23:38:22.828 W/ActivityManager(  917): getTasks: caller 10205 does not hold GET_TASKS; limiting output
08-08 23:38:22.968 E/SMD     (  289): DCD ON
08-08 23:38:23.338 W/ActivityManager(  917): getTasks: caller 10205 does not hold GET_TASKS; limiting output
08-08 23:38:23.338 W/ActivityManager(  917): getTasks: caller 10205 does not hold GET_TASKS; limiting output
08-08 23:38:23.408 D/BatteryService(  917): !@BatteryListener : batteryPropertiesChanged!
08-08 23:38:23.408 D/BatteryService(  917): level:19, scale:100, status:2, health:2, present:true, voltage: 3767, temperature: 345, technology: Li-ion, AC powered:false, USB powered:true, Wireless powered:false, icon:17303724, invalid charger:0
08-08 23:38:23.408 D/BatteryService(  917): online:4, current avg:450, charge type:1, power sharing:false, high voltage charger:false, capacity:280000, current_now:450
08-08 23:38:23.408 D/BatteryService(  917): Sending ACTION_BATTERY_CHANGED.
08-08 23:38:23.418 D/KeyguardUpdateMonitor( 1177): received broadcast android.intent.action.BATTERY_CHANGED
08-08 23:38:23.418 D/KeyguardUpdateMonitor( 1177): handleBatteryUpdate
08-08 23:38:23.418 V/HeadsetService( 3910): HeadsetService - Received Intent.ACTION_BATTERY_CHANGED
08-08 23:38:23.418 D/HeadsetStateMachine( 3910): Disconnected process message: 10
08-08 23:38:23.418 I/MotionRecognitionService(  917): Plugged
08-08 23:38:23.418 I/MotionRecognitionService(  917): setPowerConnected  = true
08-08 23:38:23.418 D/STATUSBAR-PhoneStatusBar( 1177):  mBrightnessEnablebySettings = true mBrightnessEnablebyBattery = true mBrightnessEnablebyDisableFlag = true mPmsBrightnessEnablebySettings = true
08-08 23:38:23.418 D/BatteryMeterView( 1177): ACTION_BATTERY_CHANGED : level:19 status:2 health:2
08-08 23:38:23.418 D/BatteryMeterView( 1177): ACTION_BATTERY_CHANGED : level:19 status:2 health:2
08-08 23:38:23.418 D/BatteryMeterView( 1177): ACTION_BATTERY_CHANGED : level:19 status:2 health:2
08-08 23:38:23.838 W/ActivityManager(  917): getTasks: caller 10205 does not hold GET_TASKS; limiting output
08-08 23:38:24.838 W/ActivityManager(  917): getTasks: caller 10205 does not hold GET_TASKS; limiting output
08-08 23:38:25.348 W/ActivityManager(  917): getTasks: caller 10205 does not hold GET_TASKS; limiting output
08-08 23:38:25.348 W/ActivityManager(  917): getTasks: caller 10205 does not hold GET_TASKS; limiting output
08-08 23:38:25.838 W/ActivityManager(  917): getTasks: caller 10205 does not hold GET_TASKS; limiting output
08-08 23:38:25.968 E/SMD     (  289): DCD ON
08-08 23:38:26.708 I/art     (23703): Alloc sticky concurrent mark sweep GC freed 1048319(38MB) AllocSpace objects, 0(0B) LOS objects, 25% free, 18MB/24MB, paused 703us total 111.787ms
08-08 23:38:26.858 W/ActivityManager(  917): getTasks: caller 10205 does not hold GET_TASKS; limiting output
08-08 23:38:27.348 W/ActivityManager(  917): getTasks: caller 10205 does not hold GET_TASKS; limiting output
08-08 23:38:27.348 W/ActivityManager(  917): getTasks: caller 10205 does not hold GET_TASKS; limiting output
08-08 23:38:27.858 W/ActivityManager(  917): getTasks: caller 10205 does not hold GET_TASKS; limiting output
08-08 23:38:28.868 W/ActivityManager(  917): getTasks: caller 10205 does not hold GET_TASKS; limiting output
08-08 23:38:28.968 E/SMD     (  289): DCD ON
08-08 23:38:29.358 W/ActivityManager(  917): getTasks: caller 10205 does not hold GET_TASKS; limiting output
08-08 23:38:29.358 W/ActivityManager(  917): getTasks: caller 10205 does not hold GET_TASKS; limiting output
08-08 23:38:29.868 W/ActivityManager(  917): getTasks: caller 10205 does not hold GET_TASKS; limiting output
08-08 23:38:30.868 W/ActivityManager(  917): getTasks: caller 10205 does not hold GET_TASKS; limiting output
08-08 23:38:31.358 W/ActivityManager(  917): getTasks: caller 10205 does not hold GET_TASKS; limiting output
08-08 23:38:31.358 W/ActivityManager(  917): getTasks: caller 10205 does not hold GET_TASKS; limiting output
08-08 23:38:31.628 D/SSRM:n  (  917): SIOP:: AP = 430, PST = 430, CUR = 450
08-08 23:38:31.878 W/ActivityManager(  917): getTasks: caller 10205 does not hold GET_TASKS; limiting output
08-08 23:38:31.968 E/SMD     (  289): DCD ON
08-08 23:38:32.898 W/ActivityManager(  917): getTasks: caller 10205 does not hold GET_TASKS; limiting output
08-08 23:38:33.368 W/ActivityManager(  917): getTasks: caller 10205 does not hold GET_TASKS; limiting output
08-08 23:38:33.368 W/ActivityManager(  917): getTasks: caller 10205 does not hold GET_TASKS; limiting output
08-08 23:38:33.458 D/BatteryService(  917): !@BatteryListener : batteryPropertiesChanged!
08-08 23:38:33.468 D/KeyguardUpdateMonitor( 1177): received broadcast android.intent.action.BATTERY_CHANGED
08-08 23:38:33.468 V/HeadsetService( 3910): HeadsetService - Received Intent.ACTION_BATTERY_CHANGED
08-08 23:38:33.468 D/HeadsetStateMachine( 3910): Disconnected process message: 10
08-08 23:38:33.468 D/KeyguardUpdateMonitor( 1177): handleBatteryUpdate
08-08 23:38:33.468 D/BatteryService(  917): level:19, scale:100, status:2, health:2, present:true, voltage: 3770, temperature: 345, technology: Li-ion, AC powered:false, USB powered:true, Wireless powered:false, icon:17303724, invalid charger:0
08-08 23:38:33.468 D/BatteryService(  917): online:4, current avg:450, charge type:1, power sharing:false, high voltage charger:false, capacity:280000, current_now:450
08-08 23:38:33.468 D/BatteryService(  917): Sending ACTION_BATTERY_CHANGED.
08-08 23:38:33.468 I/MotionRecognitionService(  917): Plugged
08-08 23:38:33.468 I/MotionRecognitionService(  917): setPowerConnected  = true
08-08 23:38:33.468 D/STATUSBAR-PhoneStatusBar( 1177):  mBrightnessEnablebySettings = true mBrightnessEnablebyBattery = true mBrightnessEnablebyDisableFlag = true mPmsBrightnessEnablebySettings = true
08-08 23:38:33.468 D/BatteryMeterView( 1177): ACTION_BATTERY_CHANGED : level:19 status:2 health:2
08-08 23:38:33.468 D/BatteryMeterView( 1177): ACTION_BATTERY_CHANGED : level:19 status:2 health:2
08-08 23:38:33.468 D/BatteryMeterView( 1177): ACTION_BATTERY_CHANGED : level:19 status:2 health:2
08-08 23:38:33.908 W/ActivityManager(  917): getTasks: caller 10205 does not hold GET_TASKS; limiting output
08-08 23:38:34.668 I/art     (23703): Alloc sticky concurrent mark sweep GC freed 1048319(38MB) AllocSpace objects, 0(0B) LOS objects, 25% free, 18MB/24MB, paused 704us total 111.894ms
08-08 23:38:34.908 W/ActivityManager(  917): getTasks: caller 10205 does not hold GET_TASKS; limiting output
08-08 23:38:34.968 E/SMD     (  289): DCD ON
08-08 23:38:35.368 W/ActivityManager(  917): getTasks: caller 10205 does not hold GET_TASKS; limiting output
08-08 23:38:35.368 W/ActivityManager(  917): getTasks: caller 10205 does not hold GET_TASKS; limiting output
08-08 23:38:35.908 W/ActivityManager(  917): getTasks: caller 10205 does not hold GET_TASKS; limiting output
08-08 23:38:36.918 W/ActivityManager(  917): getTasks: caller 10205 does not hold GET_TASKS; limiting output
08-08 23:38:37.378 W/ActivityManager(  917): getTasks: caller 10205 does not hold GET_TASKS; limiting output
08-08 23:38:37.378 W/ActivityManager(  917): getTasks: caller 10205 does not hold GET_TASKS; limiting output
08-08 23:38:37.918 W/ActivityManager(  917): getTasks: caller 10205 does not hold GET_TASKS; limiting output
08-08 23:38:37.968 E/SMD     (  289): DCD ON
08-08 23:38:38.928 W/ActivityManager(  917): getTasks: caller 10205 does not hold GET_TASKS; limiting output
08-08 23:38:39.378 W/ActivityManager(  917): getTasks: caller 10205 does not hold GET_TASKS; limiting output
08-08 23:38:39.388 W/ActivityManager(  917): getTasks: caller 10205 does not hold GET_TASKS; limiting output
08-08 23:38:39.928 W/ActivityManager(  917): getTasks: caller 10205 does not hold GET_TASKS; limiting output
08-08 23:38:40.928 W/ActivityManager(  917): getTasks: caller 10205 does not hold GET_TASKS; limiting output
08-08 23:38:40.968 E/SMD     (  289): DCD ON
08-08 23:38:41.388 W/ActivityManager(  917): getTasks: caller 10205 does not hold GET_TASKS; limiting output
08-08 23:38:41.388 W/ActivityManager(  917): getTasks: caller 10205 does not hold GET_TASKS; limiting output
08-08 23:38:41.708 D/SSRM:n  (  917): SIOP:: AP = 430, PST = 430, CUR = 450
08-08 23:38:41.938 W/ActivityManager(  917): getTasks: caller 10205 does not hold GET_TASKS; limiting output
08-08 23:38:42.578 I/art     (23703): Alloc sticky concurrent mark sweep GC freed 1048319(38MB) AllocSpace objects, 0(0B) LOS objects, 25% free, 18MB/24MB, paused 699us total 111.712ms
08-08 23:38:42.938 W/ActivityManager(  917): getTasks: caller 10205 does not hold GET_TASKS; limiting output
08-08 23:38:42.978 V/AlarmManager(  917): waitForAlarm result :8
08-08 23:38:42.978 D/ActivityManager(  917): bindService callerProcessName:android, calleePkgName: com.tencent.news, action: null
08-08 23:38:42.978 D/ActivityManager(  917): isDeviceAdminActiveApp false :com.tencent.news
08-08 23:38:42.978 E/ActivityManager(  917): isAutoRunBlockedApp:: com.tencent.news, Auto Run OFF
08-08 23:38:42.978 D/ActivityManager(  917): isNotRunningApp - com.tencent.news : not running
08-08 23:38:42.978 D/ActivityManager(  917): isNotRunningApp - com.tencent.news is not running ? true
08-08 23:38:42.978 D/ActivityManager(  917): isSamsungService pkgName: android, FLAG_SYSTEM : 1
08-08 23:38:42.978 D/ActivityManager(  917): isSamsungService true:android
08-08 23:38:42.998 D/ConnectivityService(  917): returning getActiveNetworkInfo :[type: WIFI[] - WIFI, state: CONNECTED/CONNECTED, reason: (unspecified), extra: "宣龙华的 iPhone (2)", roaming: false, failover: false, isAvailable: true, isConnectedToProvisioningNetwork: false]
08-08 23:38:42.998 D/ConnectivityService(  917): returning getActiveNetworkInfo :[type: WIFI[] - WIFI, state: CONNECTED/CONNECTED, reason: (unspecified), extra: "宣龙华的 iPhone (2)", roaming: false, failover: false, isAvailable: true, isConnectedToProvisioningNetwork: false]
08-08 23:38:43.008 V/AlarmManager(  917): waitForAlarm result :8
08-08 23:38:43.388 W/ActivityManager(  917): getTasks: caller 10205 does not hold GET_TASKS; limiting output
08-08 23:38:43.388 W/ActivityManager(  917): getTasks: caller 10205 does not hold GET_TASKS; limiting output
08-08 23:38:43.538 D/BatteryService(  917): !@BatteryListener : batteryPropertiesChanged!
08-08 23:38:43.538 D/BatteryService(  917): level:19, scale:100, status:2, health:2, present:true, voltage: 3771, temperature: 345, technology: Li-ion, AC powered:false, USB powered:true, Wireless powered:false, icon:17303724, invalid charger:0
08-08 23:38:43.538 D/BatteryService(  917): online:4, current avg:450, charge type:1, power sharing:false, high voltage charger:false, capacity:280000, current_now:450
08-08 23:38:43.538 D/BatteryService(  917): Sending ACTION_BATTERY_CHANGED.
08-08 23:38:43.548 D/KeyguardUpdateMonitor( 1177): received broadcast android.intent.action.BATTERY_CHANGED
08-08 23:38:43.548 D/KeyguardUpdateMonitor( 1177): handleBatteryUpdate
08-08 23:38:43.548 I/MotionRecognitionService(  917): Plugged
08-08 23:38:43.548 I/MotionRecognitionService(  917): setPowerConnected  = true
08-08 23:38:43.548 D/STATUSBAR-PhoneStatusBar( 1177):  mBrightnessEnablebySettings = true mBrightnessEnablebyBattery = true mBrightnessEnablebyDisableFlag = true mPmsBrightnessEnablebySettings = true
08-08 23:38:43.548 D/BatteryMeterView( 1177): ACTION_BATTERY_CHANGED : level:19 status:2 health:2
08-08 23:38:43.548 D/BatteryMeterView( 1177): ACTION_BATTERY_CHANGED : level:19 status:2 health:2
08-08 23:38:43.548 D/BatteryMeterView( 1177): ACTION_BATTERY_CHANGED : level:19 status:2 health:2
08-08 23:38:43.568 V/HeadsetService( 3910): HeadsetService - Received Intent.ACTION_BATTERY_CHANGED
08-08 23:38:43.568 D/HeadsetStateMachine( 3910): Disconnected process message: 10
08-08 23:38:43.948 W/ActivityManager(  917): getTasks: caller 10205 does not hold GET_TASKS; limiting output
08-08 23:38:43.968 E/SMD     (  289): DCD ON
08-08 23:38:44.958 W/ActivityManager(  917): getTasks: caller 10205 does not hold GET_TASKS; limiting output
08-08 23:38:45.398 W/ActivityManager(  917): getTasks: caller 10205 does not hold GET_TASKS; limiting output
08-08 23:38:45.398 W/ActivityManager(  917): getTasks: caller 10205 does not hold GET_TASKS; limiting output
08-08 23:38:45.968 W/ActivityManager(  917): getTasks: caller 10205 does not hold GET_TASKS; limiting output
08-08 23:38:46.968 E/SMD     (  289): DCD ON
08-08 23:38:46.968 W/ActivityManager(  917): getTasks: caller 10205 does not hold GET_TASKS; limiting output
08-08 23:38:47.398 W/ActivityManager(  917): getTasks: caller 10205 does not hold GET_TASKS; limiting output
08-08 23:38:47.398 W/ActivityManager(  917): getTasks: caller 10205 does not hold GET_TASKS; limiting output
08-08 23:38:47.968 W/ActivityManager(  917): getTasks: caller 10205 does not hold GET_TASKS; limiting output
08-08 23:38:48.088 E/Watchdog(  917): !@Sync 3301
08-08 23:38:48.978 W/ActivityManager(  917): getTasks: caller 10205 does not hold GET_TASKS; limiting output
08-08 23:38:49.408 W/ActivityManager(  917): getTasks: caller 10205 does not hold GET_TASKS; limiting output
08-08 23:38:49.408 W/ActivityManager(  917): getTasks: caller 10205 does not hold GET_TASKS; limiting output
08-08 23:38:49.968 E/SMD     (  289): DCD ON
08-08 23:38:49.988 W/ActivityManager(  917): getTasks: caller 10205 does not hold GET_TASKS; limiting output
08-08 23:38:50.538 I/art     (23703): Alloc sticky concurrent mark sweep GC freed 1048319(38MB) AllocSpace objects, 0(0B) LOS objects, 25% free, 18MB/24MB, paused 705us total 111.415ms
08-08 23:38:50.988 W/ActivityManager(  917): getTasks: caller 10205 does not hold GET_TASKS; limiting output
08-08 23:38:51.408 W/ActivityManager(  917): getTasks: caller 10205 does not hold GET_TASKS; limiting output
08-08 23:38:51.408 W/ActivityManager(  917): getTasks: caller 10205 does not hold GET_TASKS; limiting output
08-08 23:38:51.738 D/SSRM:n  (  917): SIOP:: AP = 430, PST = 430, CUR = 450
08-08 23:38:52.008 W/ActivityManager(  917): getTasks: caller 10205 does not hold GET_TASKS; limiting output
08-08 23:38:52.968 E/SMD     (  289): DCD ON
08-08 23:38:53.008 W/ActivityManager(  917): getTasks: caller 10205 does not hold GET_TASKS; limiting output
08-08 23:38:53.418 W/ActivityManager(  917): getTasks: caller 10205 does not hold GET_TASKS; limiting output
08-08 23:38:53.418 W/ActivityManager(  917): getTasks: caller 10205 does not hold GET_TASKS; limiting output
08-08 23:38:53.578 D/BatteryService(  917): !@BatteryListener : batteryPropertiesChanged!
08-08 23:38:53.578 D/BatteryService(  917): level:19, scale:100, status:2, health:2, present:true, voltage: 3772, temperature: 345, technology: Li-ion, AC powered:false, USB powered:true, Wireless powered:false, icon:17303724, invalid charger:0
08-08 23:38:53.578 D/BatteryService(  917): online:4, current avg:450, charge type:1, power sharing:false, high voltage charger:false, capacity:280000, current_now:450
08-08 23:38:53.578 D/BatteryService(  917): Sending ACTION_BATTERY_CHANGED.
08-08 23:38:53.578 I/MotionRecognitionService(  917): Plugged
08-08 23:38:53.578 I/MotionRecognitionService(  917): setPowerConnected  = true
08-08 23:38:53.588 D/KeyguardUpdateMonitor( 1177): received broadcast android.intent.action.BATTERY_CHANGED
08-08 23:38:53.588 V/HeadsetService( 3910): HeadsetService - Received Intent.ACTION_BATTERY_CHANGED
08-08 23:38:53.588 D/HeadsetStateMachine( 3910): Disconnected process message: 10
08-08 23:38:53.588 D/KeyguardUpdateMonitor( 1177): handleBatteryUpdate
08-08 23:38:53.588 D/STATUSBAR-PhoneStatusBar( 1177):  mBrightnessEnablebySettings = true mBrightnessEnablebyBattery = true mBrightnessEnablebyDisableFlag = true mPmsBrightnessEnablebySettings = true
08-08 23:38:53.588 D/BatteryMeterView( 1177): ACTION_BATTERY_CHANGED : level:19 status:2 health:2
08-08 23:38:53.588 D/BatteryMeterView( 1177): ACTION_BATTERY_CHANGED : level:19 status:2 health:2
08-08 23:38:53.588 D/BatteryMeterView( 1177): ACTION_BATTERY_CHANGED : level:19 status:2 health:2
08-08 23:38:53.908 D/StatusBar.NetworkController( 1177): onSignalStrengthsChanged signalStrength=SignalStrength: 14 99 -120 -160 -120 -1 -1 99 2147483647 2147483647 2147483647 -1 2147483647 0x4 gsm|lte level=4
08-08 23:38:53.908 D/StatusBar.NetworkController( 1177): updateTelephonySignalStrength: hasService=true ss=SignalStrength: 14 99 -120 -160 -120 -1 -1 99 2147483647 2147483647 2147483647 -1 2147483647 0x4 gsm|lte
08-08 23:38:53.908 D/StatusBar.NetworkController( 1177): updateTelephonySignalStrength: iconLevel=4
08-08 23:38:53.908 D/StatusBar.NetworkController( 1177): updateTelephonySignalStrength, No signal level. mPhoneSignalIconId = com.android.systemui:drawable/stat_sys_signal_4 mDataSignalIconId = com.android.systemui:drawable/stat_sys_signal_4 mQSPhoneSignalIconId = com.android.systemui:drawable/ic_qs_signal_4 mContentDescriptionPhoneSignal = 满格手机信号
08-08 23:38:53.908 D/cell strength( 1386): ===== cell singal strength changed : 14
08-08 23:38:53.908 D/StatusBar.NetworkController( 1177): refreshViews connected={ wifi } level=4 combinedSignalIconId=0x7f020556/com.android.systemui:drawable/stat_sys_wifi_signal_4 mobileLabel=仅限紧急通话 wifiLabel="宣龙华的 iPhone (2)"xxxxXXXXxxxxXXXX emergencyOnly=true combinedLabel="宣龙华的 iPhone (2)"xxxxXXXXxxxxXXXX mAirplaneMode=false mDataActivity=0 mPhoneSignalIconId=0x7f0204e9/com.android.systemui:drawable/stat_sys_signal_4 mQSPhoneSignalIconId=0x7f020148/com.android.systemui:drawable/ic_qs_signal_4 mDataDirectionIconId=0x0/(null) mDataSignalIconId=0x7f0204e9/com.android.systemui:drawable/stat_sys_signal_4 mDataTypeIconId=0x0/(null) mQSDataTypeIconId=0x0/(null) mNoSimIconId=0x0/(null) mWifiIconId=0x7f020556/com.android.systemui:drawable/stat_sys_wifi_signal_4 mQSWifiIconId=0x7f02015e/com.android.systemui:drawable/ic_qs_wifi_4 mWifiActivityIconId=0x7f020529/com.android.systemui:drawable/stat_sys_signal_no_inout mBluetoothTetherIconId=0x10808f1/android:drawable/stat_sys_tether_bluetooth
08-08 23:38:53.908 D/STATUSBAR-WifiQuickSettingButton( 1177): onWifiSignalChanged enabled=true enabledDesc:"宣龙华的 iPhone (2)"
08-08 23:38:54.018 W/ActivityManager(  917): getTasks: caller 10205 does not hold GET_TASKS; limiting output
08-08 23:38:55.018 W/ActivityManager(  917): getTasks: caller 10205 does not hold GET_TASKS; limiting output
08-08 23:38:55.418 W/ActivityManager(  917): getTasks: caller 10205 does not hold GET_TASKS; limiting output
08-08 23:38:55.418 W/ActivityManager(  917): getTasks: caller 10205 does not hold GET_TASKS; limiting output
08-08 23:38:55.978 E/SMD     (  289): DCD ON
08-08 23:38:56.028 W/ActivityManager(  917): getTasks: caller 10205 does not hold GET_TASKS; limiting output
08-08 23:38:57.028 W/ActivityManager(  917): getTasks: caller 10205 does not hold GET_TASKS; limiting output
08-08 23:38:57.428 W/ActivityManager(  917): getTasks: caller 10205 does not hold GET_TASKS; limiting output
08-08 23:38:57.428 W/ActivityManager(  917): getTasks: caller 10205 does not hold GET_TASKS; limiting output
08-08 23:38:58.028 W/ActivityManager(  917): getTasks: caller 10205 does not hold GET_TASKS; limiting output
08-08 23:38:58.398 I/art     (23703): Alloc sticky concurrent mark sweep GC freed 1048319(38MB) AllocSpace objects, 0(0B) LOS objects, 25% free, 18MB/24MB, paused 700us total 112.676ms
08-08 23:38:58.978 E/SMD     (  289): DCD ON
08-08 23:38:59.038 W/ActivityManager(  917): getTasks: caller 10205 does not hold GET_TASKS; limiting output
08-08 23:38:59.428 W/ActivityManager(  917): getTasks: caller 10205 does not hold GET_TASKS; limiting output
08-08 23:38:59.428 W/ActivityManager(  917): getTasks: caller 10205 does not hold GET_TASKS; limiting output
08-08 23:38:59.988 V/AlarmManager(  917): waitForAlarm result :8
08-08 23:38:59.998 D/KeyguardUpdateMonitor( 1177): received broadcast android.intent.action.TIME_TICK
08-08 23:38:59.998 D/KeyguardUpdateMonitor( 1177): handleTimeUpdate
08-08 23:38:59.998 D/KeyguardEffectViewController( 1177): onReceive action : android.intent.action.TIME_TICK
08-08 23:38:59.998 I/KeyguardEffectViewController( 1177): *** don't update sliding image ***
08-08 23:39:00.028 D/DateView( 1177): regionalDateFormat = 3333/11/22 isRTLlanguage = false returnDateFormat = MMMM d日, E
08-08 23:39:00.028 D/DateView( 1177): regionalDateFormat = 3333/11/22 isRTLlanguage = false returnDateFormat = MMMM d日, E
08-08 23:39:00.048 W/ActivityManager(  917): getTasks: caller 10205 does not hold GET_TASKS; limiting output
08-08 23:39:01.048 W/ActivityManager(  917): getTasks: caller 10205 does not hold GET_TASKS; limiting output
08-08 23:39:01.438 W/ActivityManager(  917): getTasks: caller 10205 does not hold GET_TASKS; limiting output
08-08 23:39:01.438 W/ActivityManager(  917): getTasks: caller 10205 does not hold GET_TASKS; limiting output
08-08 23:39:01.818 D/SSRM:n  (  917): SIOP:: AP = 430, PST = 430, CUR = 450
08-08 23:39:01.978 E/SMD     (  289): DCD ON
08-08 23:39:02.058 W/ActivityManager(  917): getTasks: caller 10205 does not hold GET_TASKS; limiting output
08-08 23:39:03.068 W/ActivityManager(  917): getTasks: caller 10205 does not hold GET_TASKS; limiting output
08-08 23:39:03.438 W/ActivityManager(  917): getTasks: caller 10205 does not hold GET_TASKS; limiting output
08-08 23:39:03.438 W/ActivityManager(  917): getTasks: caller 10205 does not hold GET_TASKS; limiting output
08-08 23:39:03.638 D/KeyguardUpdateMonitor( 1177): received broadcast android.intent.action.BATTERY_CHANGED
08-08 23:39:03.638 D/KeyguardUpdateMonitor( 1177): handleBatteryUpdate
08-08 23:39:03.638 D/BatteryService(  917): !@BatteryListener : batteryPropertiesChanged!
08-08 23:39:03.638 D/BatteryService(  917): level:19, scale:100, status:2, health:2, present:true, voltage: 3771, temperature: 345, technology: Li-ion, AC powered:false, USB powered:true, Wireless powered:false, icon:17303724, invalid charger:0
08-08 23:39:03.638 D/BatteryService(  917): online:4, current avg:450, charge type:1, power sharing:false, high voltage charger:false, capacity:280000, current_now:450
08-08 23:39:03.638 D/BatteryService(  917): Sending ACTION_BATTERY_CHANGED.
08-08 23:39:03.638 I/MotionRecognitionService(  917): Plugged
08-08 23:39:03.638 I/MotionRecognitionService(  917): setPowerConnected  = true
08-08 23:39:03.638 D/STATUSBAR-PhoneStatusBar( 1177):  mBrightnessEnablebySettings = true mBrightnessEnablebyBattery = true mBrightnessEnablebyDisableFlag = true mPmsBrightnessEnablebySettings = true
08-08 23:39:03.638 D/BatteryMeterView( 1177): ACTION_BATTERY_CHANGED : level:19 status:2 health:2
08-08 23:39:03.638 D/BatteryMeterView( 1177): ACTION_BATTERY_CHANGED : level:19 status:2 health:2
08-08 23:39:03.638 D/BatteryMeterView( 1177): ACTION_BATTERY_CHANGED : level:19 status:2 health:2
08-08 23:39:03.648 V/HeadsetService( 3910): HeadsetService - Received Intent.ACTION_BATTERY_CHANGED
08-08 23:39:03.648 D/HeadsetStateMachine( 3910): Disconnected process message: 10
08-08 23:39:04.078 W/ActivityManager(  917): getTasks: caller 10205 does not hold GET_TASKS; limiting output
08-08 23:39:04.978 E/SMD     (  289): DCD ON
08-08 23:39:05.098 W/ActivityManager(  917): getTasks: caller 10205 does not hold GET_TASKS; limiting output
08-08 23:39:05.448 W/ActivityManager(  917): getTasks: caller 10205 does not hold GET_TASKS; limiting output
08-08 23:39:05.448 W/ActivityManager(  917): getTasks: caller 10205 does not hold GET_TASKS; limiting output
08-08 23:39:06.108 W/ActivityManager(  917): getTasks: caller 10205 does not hold GET_TASKS; limiting output
08-08 23:39:06.378 D/StatusBar.NetworkController( 1177): refreshViews connected={ wifi } level=4 combinedSignalIconId=0x7f020556/com.android.systemui:drawable/stat_sys_wifi_signal_4 mobileLabel=仅限紧急通话 wifiLabel="宣龙华的 iPhone (2)"xxxxXXXXxxxxXXXX emergencyOnly=true combinedLabel="宣龙华的 iPhone (2)"xxxxXXXXxxxxXXXX mAirplaneMode=false mDataActivity=0 mPhoneSignalIconId=0x7f0204e9/com.android.systemui:drawable/stat_sys_signal_4 mQSPhoneSignalIconId=0x7f020148/com.android.systemui:drawable/ic_qs_signal_4 mDataDirectionIconId=0x0/(null) mDataSignalIconId=0x7f0204e9/com.android.systemui:drawable/stat_sys_signal_4 mDataTypeIconId=0x0/(null) mQSDataTypeIconId=0x0/(null) mNoSimIconId=0x0/(null) mWifiIconId=0x7f020556/com.android.systemui:drawable/stat_sys_wifi_signal_4 mQSWifiIconId=0x7f02015e/com.android.systemui:drawable/ic_qs_wifi_4 mWifiActivityIconId=0x7f020527/com.android.systemui:drawable/stat_sys_signal_inout mBluetoothTetherIconId=0x10808f1/android:drawable/stat_sys_tether_bluetooth
08-08 23:39:06.378 D/STATUSBAR-WifiQuickSettingButton( 1177): onWifiSignalChanged enabled=true enabledDesc:"宣龙华的 iPhone (2)"
08-08 23:39:06.378 D/StatusBar.NetworkController( 1177): refreshSignalCluster - setNWBoosterIndicators(false)
08-08 23:39:06.378 D/StatusBar.NetworkController( 1177): applyCHN
08-08 23:39:06.378 D/StatusBar.NetworkController( 1177): refreshSignalCluster - setNWBoosterIndicators(false)
08-08 23:39:06.378 D/StatusBar.NetworkController( 1177): applyCHN
08-08 23:39:06.388 D/StatusBar.NetworkController( 1177): refreshSignalCluster - setNWBoosterIndicators(false)
08-08 23:39:06.388 D/StatusBar.NetworkController( 1177): applyCHN
08-08 23:39:06.388 D/StatusBar.NetworkController( 1177): refreshSignalCluster - setNWBoosterIndicators(false)
08-08 23:39:06.388 D/StatusBar.NetworkController( 1177): applyCHN
08-08 23:39:06.478 I/art     (23703): Alloc sticky concurrent mark sweep GC freed 1048319(38MB) AllocSpace objects, 0(0B) LOS objects, 25% free, 18MB/24MB, paused 690us total 115.827ms
08-08 23:39:07.108 W/ActivityManager(  917): getTasks: caller 10205 does not hold GET_TASKS; limiting output
08-08 23:39:07.388 D/StatusBar.NetworkController( 1177): refreshViews connected={ wifi } level=4 combinedSignalIconId=0x7f020556/com.android.systemui:drawable/stat_sys_wifi_signal_4 mobileLabel=仅限紧急通话 wifiLabel="宣龙华的 iPhone (2)"xxxxXXXXxxxxXXXX emergencyOnly=true combinedLabel="宣龙华的 iPhone (2)"xxxxXXXXxxxxXXXX mAirplaneMode=false mDataActivity=0 mPhoneSignalIconId=0x7f0204e9/com.android.systemui:drawable/stat_sys_signal_4 mQSPhoneSignalIconId=0x7f020148/com.android.systemui:drawable/ic_qs_signal_4 mDataDirectionIconId=0x0/(null) mDataSignalIconId=0x7f0204e9/com.android.systemui:drawable/stat_sys_signal_4 mDataTypeIconId=0x0/(null) mQSDataTypeIconId=0x0/(null) mNoSimIconId=0x0/(null) mWifiIconId=0x7f020556/com.android.systemui:drawable/stat_sys_wifi_signal_4 mQSWifiIconId=0x7f02015e/com.android.systemui:drawable/ic_qs_wifi_4 mWifiActivityIconId=0x7f020529/com.android.systemui:drawable/stat_sys_signal_no_inout mBluetoothTetherIconId=0x10808f1/android:drawable/stat_sys_tether_bluetooth
08-08 23:39:07.388 D/STATUSBAR-WifiQuickSettingButton( 1177): onWifiSignalChanged enabled=true enabledDesc:"宣龙华的 iPhone (2)"
08-08 23:39:07.388 D/StatusBar.NetworkController( 1177): refreshSignalCluster - setNWBoosterIndicators(false)
08-08 23:39:07.388 D/StatusBar.NetworkController( 1177): applyCHN
08-08 23:39:07.388 D/StatusBar.NetworkController( 1177): refreshSignalCluster - setNWBoosterIndicators(false)
08-08 23:39:07.388 D/StatusBar.NetworkController( 1177): applyCHN
08-08 23:39:07.388 D/StatusBar.NetworkController( 1177): refreshSignalCluster - setNWBoosterIndicators(false)
08-08 23:39:07.388 D/StatusBar.NetworkController( 1177): applyCHN
08-08 23:39:07.388 D/StatusBar.NetworkController( 1177): refreshSignalCluster - setNWBoosterIndicators(false)
08-08 23:39:07.388 D/StatusBar.NetworkController( 1177): applyCHN
08-08 23:39:07.448 W/ActivityManager(  917): getTasks: caller 10205 does not hold GET_TASKS; limiting output
08-08 23:39:07.448 W/ActivityManager(  917): getTasks: caller 10205 does not hold GET_TASKS; limiting output
08-08 23:39:07.978 E/SMD     (  289): DCD ON
08-08 23:39:08.118 W/ActivityManager(  917): getTasks: caller 10205 does not hold GET_TASKS; limiting output
08-08 23:39:09.118 W/ActivityManager(  917): getTasks: caller 10205 does not hold GET_TASKS; limiting output
08-08 23:39:09.458 W/ActivityManager(  917): getTasks: caller 10205 does not hold GET_TASKS; limiting output
08-08 23:39:09.458 W/ActivityManager(  917): getTasks: caller 10205 does not hold GET_TASKS; limiting output
08-08 23:39:10.118 W/ActivityManager(  917): getTasks: caller 10205 does not hold GET_TASKS; limiting output
08-08 23:39:10.978 E/SMD     (  289): DCD ON
08-08 23:39:11.128 W/ActivityManager(  917): getTasks: caller 10205 does not hold GET_TASKS; limiting output
08-08 23:39:11.458 W/ActivityManager(  917): getTasks: caller 10205 does not hold GET_TASKS; limiting output
08-08 23:39:11.458 W/ActivityManager(  917): getTasks: caller 10205 does not hold GET_TASKS; limiting output
08-08 23:39:11.868 D/SSRM:n  (  917): SIOP:: AP = 430, PST = 430, CUR = 450
08-08 23:39:12.128 W/ActivityManager(  917): getTasks: caller 10205 does not hold GET_TASKS; limiting output
08-08 23:39:13.128 W/ActivityManager(  917): getTasks: caller 10205 does not hold GET_TASKS; limiting output
08-08 23:39:13.468 W/ActivityManager(  917): getTasks: caller 10205 does not hold GET_TASKS; limiting output
08-08 23:39:13.468 W/ActivityManager(  917): getTasks: caller 10205 does not hold GET_TASKS; limiting output
08-08 23:39:13.698 D/BatteryService(  917): !@BatteryListener : batteryPropertiesChanged!
08-08 23:39:13.978 E/SMD     (  289): DCD ON
08-08 23:39:14.128 W/ActivityManager(  917): getTasks: caller 10205 does not hold GET_TASKS; limiting output
08-08 23:39:14.448 I/art     (23703): Alloc sticky concurrent mark sweep GC freed 1048319(38MB) AllocSpace objects, 0(0B) LOS objects, 25% free, 18MB/24MB, paused 706us total 115.395ms
08-08 23:39:15.148 W/ActivityManager(  917): getTasks: caller 10205 does not hold GET_TASKS; limiting output
08-08 23:39:15.468 W/ActivityManager(  917): getTasks: caller 10205 does not hold GET_TASKS; limiting output
08-08 23:39:15.468 W/ActivityManager(  917): getTasks: caller 10205 does not hold GET_TASKS; limiting output
08-08 23:39:15.548 I/dhcpcd  (11757): wlan0: Router Advertisement from fe80::1c5c:6eae:3c7a:531a
08-08 23:39:16.148 W/ActivityManager(  917): getTasks: caller 10205 does not hold GET_TASKS; limiting output
08-08 23:39:16.428 D/StatusBar.NetworkController( 1177): refreshViews connected={ wifi } level=4 combinedSignalIconId=0x7f020556/com.android.systemui:drawable/stat_sys_wifi_signal_4 mobileLabel=仅限紧急通话 wifiLabel="宣龙华的 iPhone (2)"xxxxXXXXxxxxXXXX emergencyOnly=true combinedLabel="宣龙华的 iPhone (2)"xxxxXXXXxxxxXXXX mAirplaneMode=false mDataActivity=0 mPhoneSignalIconId=0x7f0204e9/com.android.systemui:drawable/stat_sys_signal_4 mQSPhoneSignalIconId=0x7f020148/com.android.systemui:drawable/ic_qs_signal_4 mDataDirectionIconId=0x0/(null) mDataSignalIconId=0x7f0204e9/com.android.systemui:drawable/stat_sys_signal_4 mDataTypeIconId=0x0/(null) mQSDataTypeIconId=0x0/(null) mNoSimIconId=0x0/(null) mWifiIconId=0x7f020556/com.android.systemui:drawable/stat_sys_wifi_signal_4 mQSWifiIconId=0x7f02015e/com.android.systemui:drawable/ic_qs_wifi_4 mWifiActivityIconId=0x7f020525/com.android.systemui:drawable/stat_sys_signal_in mBluetoothTetherIconId=0x10808f1/android:drawable/stat_sys_tether_bluetooth
08-08 23:39:16.428 D/STATUSBAR-WifiQuickSettingButton( 1177): onWifiSignalChanged enabled=true enabledDesc:"宣龙华的 iPhone (2)"
08-08 23:39:16.428 D/StatusBar.NetworkController( 1177): refreshSignalCluster - setNWBoosterIndicators(false)
08-08 23:39:16.428 D/StatusBar.NetworkController( 1177): applyCHN
08-08 23:39:16.428 D/StatusBar.NetworkController( 1177): refreshSignalCluster - setNWBoosterIndicators(false)
08-08 23:39:16.428 D/StatusBar.NetworkController( 1177): applyCHN
08-08 23:39:16.428 D/StatusBar.NetworkController( 1177): refreshSignalCluster - setNWBoosterIndicators(false)
08-08 23:39:16.428 D/StatusBar.NetworkController( 1177): applyCHN
08-08 23:39:16.428 D/StatusBar.NetworkController( 1177): refreshSignalCluster - setNWBoosterIndicators(false)
08-08 23:39:16.428 D/StatusBar.NetworkController( 1177): applyCHN
08-08 23:39:16.978 E/SMD     (  289): DCD ON
08-08 23:39:17.148 W/ActivityManager(  917): getTasks: caller 10205 does not hold GET_TASKS; limiting output
08-08 23:39:17.438 D/StatusBar.NetworkController( 1177): refreshViews connected={ wifi } level=4 combinedSignalIconId=0x7f020556/com.android.systemui:drawable/stat_sys_wifi_signal_4 mobileLabel=仅限紧急通话 wifiLabel="宣龙华的 iPhone (2)"xxxxXXXXxxxxXXXX emergencyOnly=true combinedLabel="宣龙华的 iPhone (2)"xxxxXXXXxxxxXXXX mAirplaneMode=false mDataActivity=0 mPhoneSignalIconId=0x7f0204e9/com.android.systemui:drawable/stat_sys_signal_4 mQSPhoneSignalIconId=0x7f020148/com.android.systemui:drawable/ic_qs_signal_4 mDataDirectionIconId=0x0/(null) mDataSignalIconId=0x7f0204e9/com.android.systemui:drawable/stat_sys_signal_4 mDataTypeIconId=0x0/(null) mQSDataTypeIconId=0x0/(null) mNoSimIconId=0x0/(null) mWifiIconId=0x7f020556/com.android.systemui:drawable/stat_sys_wifi_signal_4 mQSWifiIconId=0x7f02015e/com.android.systemui:drawable/ic_qs_wifi_4 mWifiActivityIconId=0x7f020529/com.android.systemui:drawable/stat_sys_signal_no_inout mBluetoothTetherIconId=0x10808f1/android:drawable/stat_sys_tether_bluetooth
08-08 23:39:17.438 D/STATUSBAR-WifiQuickSettingButton( 1177): onWifiSignalChanged enabled=true enabledDesc:"宣龙华的 iPhone (2)"
08-08 23:39:17.438 D/StatusBar.NetworkController( 1177): refreshSignalCluster - setNWBoosterIndicators(false)
08-08 23:39:17.438 D/StatusBar.NetworkController( 1177): applyCHN
08-08 23:39:17.438 D/StatusBar.NetworkController( 1177): refreshSignalCluster - setNWBoosterIndicators(false)
08-08 23:39:17.438 D/StatusBar.NetworkController( 1177): applyCHN
08-08 23:39:17.438 D/StatusBar.NetworkController( 1177): refreshSignalCluster - setNWBoosterIndicators(false)
08-08 23:39:17.438 D/StatusBar.NetworkController( 1177): applyCHN
08-08 23:39:17.438 D/StatusBar.NetworkController( 1177): refreshSignalCluster - setNWBoosterIndicators(false)
08-08 23:39:17.438 D/StatusBar.NetworkController( 1177): applyCHN
08-08 23:39:17.468 W/ActivityManager(  917): getTasks: caller 10205 does not hold GET_TASKS; limiting output
08-08 23:39:17.478 W/ActivityManager(  917): getTasks: caller 10205 does not hold GET_TASKS; limiting output
08-08 23:39:18.098 E/Watchdog(  917): !@Sync 3302
08-08 23:39:18.158 W/ActivityManager(  917): getTasks: caller 10205 does not hold GET_TASKS; limiting output
08-08 23:39:19.158 W/ActivityManager(  917): getTasks: caller 10205 does not hold GET_TASKS; limiting output
08-08 23:39:19.478 W/ActivityManager(  917): getTasks: caller 10205 does not hold GET_TASKS; limiting output
08-08 23:39:19.478 W/ActivityManager(  917): getTasks: caller 10205 does not hold GET_TASKS; limiting output
08-08 23:39:19.978 E/SMD     (  289): DCD ON
08-08 23:39:20.158 W/ActivityManager(  917): getTasks: caller 10205 does not hold GET_TASKS; limiting output
08-08 23:39:21.168 W/ActivityManager(  917): getTasks: caller 10205 does not hold GET_TASKS; limiting output
08-08 23:39:21.478 W/ActivityManager(  917): getTasks: caller 10205 does not hold GET_TASKS; limiting output
08-08 23:39:21.478 W/ActivityManager(  917): getTasks: caller 10205 does not hold GET_TASKS; limiting output
08-08 23:39:21.908 D/SSRM:n  (  917): SIOP:: AP = 430, PST = 430, CUR = 450
08-08 23:39:22.168 W/ActivityManager(  917): getTasks: caller 10205 does not hold GET_TASKS; limiting output
08-08 23:39:22.458 I/art     (23703): Alloc sticky concurrent mark sweep GC freed 1048319(38MB) AllocSpace objects, 0(0B) LOS objects, 25% free, 18MB/24MB, paused 703us total 111.485ms
08-08 23:39:22.978 E/SMD     (  289): DCD ON
08-08 23:39:23.178 W/ActivityManager(  917): getTasks: caller 10205 does not hold GET_TASKS; limiting output
08-08 23:39:23.488 W/ActivityManager(  917): getTasks: caller 10205 does not hold GET_TASKS; limiting output
08-08 23:39:23.488 W/ActivityManager(  917): getTasks: caller 10205 does not hold GET_TASKS; limiting output
08-08 23:39:23.738 D/BatteryService(  917): !@BatteryListener : batteryPropertiesChanged!
08-08 23:39:23.748 D/KeyguardUpdateMonitor( 1177): received broadcast android.intent.action.BATTERY_CHANGED
08-08 23:39:23.748 D/KeyguardUpdateMonitor( 1177): handleBatteryUpdate
08-08 23:39:23.748 D/BatteryService(  917): level:19, scale:100, status:2, health:2, present:true, voltage: 3773, temperature: 345, technology: Li-ion, AC powered:false, USB powered:true, Wireless powered:false, icon:17303724, invalid charger:0
08-08 23:39:23.748 D/BatteryService(  917): online:4, current avg:450, charge type:1, power sharing:false, high voltage charger:false, capacity:280000, current_now:450
08-08 23:39:23.748 D/BatteryService(  917): Sending ACTION_BATTERY_CHANGED.
08-08 23:39:23.748 I/MotionRecognitionService(  917): Plugged
08-08 23:39:23.748 I/MotionRecognitionService(  917): setPowerConnected  = true
08-08 23:39:23.748 D/STATUSBAR-PhoneStatusBar( 1177):  mBrightnessEnablebySettings = true mBrightnessEnablebyBattery = true mBrightnessEnablebyDisableFlag = true mPmsBrightnessEnablebySettings = true
08-08 23:39:23.748 D/BatteryMeterView( 1177): ACTION_BATTERY_CHANGED : level:19 status:2 health:2
08-08 23:39:23.748 D/BatteryMeterView( 1177): ACTION_BATTERY_CHANGED : level:19 status:2 health:2
08-08 23:39:23.748 D/BatteryMeterView( 1177): ACTION_BATTERY_CHANGED : level:19 status:2 health:2
08-08 23:39:23.758 V/HeadsetService( 3910): HeadsetService - Received Intent.ACTION_BATTERY_CHANGED
08-08 23:39:23.758 D/HeadsetStateMachine( 3910): Disconnected process message: 10
08-08 23:39:23.978 D/ConnectivityService(  917): returning getActiveNetworkInfo :[type: WIFI[] - WIFI, state: CONNECTED/CONNECTED, reason: (unspecified), extra: "宣龙华的 iPhone (2)", roaming: false, failover: false, isAvailable: true, isConnectedToProvisioningNetwork: false]
08-08 23:39:24.178 W/ActivityManager(  917): getTasks: caller 10205 does not hold GET_TASKS; limiting output
08-08 23:39:25.178 W/ActivityManager(  917): getTasks: caller 10205 does not hold GET_TASKS; limiting output
08-08 23:39:25.488 W/ActivityManager(  917): getTasks: caller 10205 does not hold GET_TASKS; limiting output
08-08 23:39:25.488 W/ActivityManager(  917): getTasks: caller 10205 does not hold GET_TASKS; limiting output
08-08 23:39:25.978 E/SMD     (  289): DCD ON
08-08 23:39:26.178 W/ActivityManager(  917): getTasks: caller 10205 does not hold GET_TASKS; limiting output
08-08 23:39:27.188 W/ActivityManager(  917): getTasks: caller 10205 does not hold GET_TASKS; limiting output
08-08 23:39:27.498 W/ActivityManager(  917): getTasks: caller 10205 does not hold GET_TASKS; limiting output
08-08 23:39:27.498 W/ActivityManager(  917): getTasks: caller 10205 does not hold GET_TASKS; limiting output
08-08 23:39:28.188 W/ActivityManager(  917): getTasks: caller 10205 does not hold GET_TASKS; limiting output
08-08 23:39:28.978 E/SMD     (  289): DCD ON
08-08 23:39:29.198 W/ActivityManager(  917): getTasks: caller 10205 does not hold GET_TASKS; limiting output
08-08 23:39:29.498 W/ActivityManager(  917): getTasks: caller 10205 does not hold GET_TASKS; limiting output
08-08 23:39:29.498 W/ActivityManager(  917): getTasks: caller 10205 does not hold GET_TASKS; limiting output
08-08 23:39:30.198 W/ActivityManager(  917): getTasks: caller 10205 does not hold GET_TASKS; limiting output
08-08 23:39:30.328 I/art     (23703): Alloc sticky concurrent mark sweep GC freed 1048319(38MB) AllocSpace objects, 0(0B) LOS objects, 25% free, 18MB/24MB, paused 969us total 141.999ms
08-08 23:39:31.208 W/ActivityManager(  917): getTasks: caller 10205 does not hold GET_TASKS; limiting output
