08-08 23:49:04.288 I/art     ( 5260): Alloc sticky concurrent mark sweep GC freed 670(87KB) AllocSpace objects, 1(16KB) LOS objects, 0% free, 70MB/70MB, paused 4.388ms total 34.918ms
08-08 23:49:04.288 I/art     ( 5260): WaitForGcToComplete blocked for 404.112ms for cause Alloc
08-08 23:49:04.308 V/BitmapFactory( 5718): DecodeImagePath(decodeResourceStream3) : res/drawable-xxhdpi-v4/stat_sys_warning.png
08-08 23:49:04.348 I/art     ( 5260): Alloc sticky concurrent mark sweep GC freed 2959(577KB) AllocSpace objects, 1(12KB) LOS objects, 0% free, 70MB/70MB, paused 10.209ms total 55.490ms
08-08 23:49:04.348 I/art     ( 5260): WaitForGcToComplete blocked for 509.491ms for cause Alloc
08-08 23:49:04.348 V/BitmapFactory( 5260): DecodeImagePath(decodeResourceStream3) : r/g/a6c.png
08-08 23:49:04.368 V/BitmapFactory( 5260): DecodeImagePath(decodeResourceStream3) : r/g/a2y.png
08-08 23:49:04.378 V/BitmapFactory( 5260): DecodeImagePath(decodeResourceStream3) : r/g/a2e.png
08-08 23:49:04.388 I/art     ( 5260): Alloc sticky concurrent mark sweep GC freed 2876(264KB) AllocSpace objects, 0(0B) LOS objects, 0% free, 71MB/71MB, paused 4.801ms total 42.237ms
08-08 23:49:04.388 I/art     ( 5260): WaitForGcToComplete blocked for 583.644ms for cause Alloc
08-08 23:49:04.398 D/ConnectivityService(  917): returning getNetworkInfo(networkType - 0) :[type: MOBILE[] - MOBILE, state: DISCONNECTED/DISCONNECTED, reason: (unspecified), extra: (none), roaming: false, failover: false, isAvailable: true, isConnectedToProvisioningNetwork: false]
08-08 23:49:04.398 D/ConnectivityService(  917): returning getNetworkInfo(networkType - 1) :[type: WIFI[] - WIFI, state: CONNECTED/CONNECTED, reason: (unspecified), extra: "宣龙华的 iPhone (2)", roaming: false, failover: false, isAvailable: true, isConnectedToProvisioningNetwork: false]
08-08 23:49:04.398 D/ConnectivityService(  917): returning getActiveNetworkInfo :[type: WIFI[] - WIFI, state: CONNECTED/CONNECTED, reason: (unspecified), extra: "宣龙华的 iPhone (2)", roaming: false, failover: false, isAvailable: true, isConnectedToProvisioningNetwork: false]
08-08 23:49:04.408 V/BitmapFactory( 5260): DecodeImagePath(decodeResourceStream3) : r/g/a6d.png
08-08 23:49:04.408 D/LogWriter( 5260): 08-08 23:49:03.733	7577	Request	request http://r.inews.qq.com/getLocChl will submit with ssl
08-08 23:49:04.408 D/LogWriter( 5260): 08-08 23:49:03.740	7577	ConnectionSelector	found reuse connect Connection{r.inews.qq.com:443, proxy=DIRECT@ hostAddress=r.inews.qq.com/2402:4e00:8030:1::7f:443 cipherSuite=TLS_ECDHE_RSA_WITH_AES_128_GCM_SHA256 protocol=http/1.1 birth=128792432 live=4053} host: r.inews.qq.com address: r.inews.qq.com/2402:4e00:8030:1::7f:443 stable: true
08-08 23:49:04.418 D/MicroMsg.SDK.WXMsgImplComm( 5260): check signature:308202eb30820254a00302010202044d36f7a4300d06092a864886f70d01010505003081b9310b300906035504061302383631123010060355040813094775616e67646f6e673111300f060355040713085368656e7a68656e31353033060355040a132c54656e63656e7420546563686e6f6c6f6779285368656e7a68656e2920436f6d70616e79204c696d69746564313a3038060355040b133154656e63656e74204775616e677a686f7520526573656172636820616e6420446576656c6f706d656e742043656e7465723110300e0603550403130754656e63656e74301e170d3131303131393134333933325a170d3431303131313134333933325a3081b9310b300906035504061302383631123010060355040813094775616e67646f6e673111300f060355040713085368656e7a68656e31353033060355040a132c54656e63656e7420546563686e6f6c6f6779285368656e7a68656e2920436f6d70616e79204c696d69746564313a3038060355040b133154656e63656e74204775616e677a686f7520526573656172636820616e6420446576656c6f706d656e742043656e7465723110300e0603550403130754656e63656e7430819f300d06092a864886f70d010101050003818d0030818902818100c05f34b231b083fb1323670bfbe7bdab40c0c0a6efc87ef2072a1ff0d60cc67c8edb0d0847f210bea6cbfaa241be70c86daf56be08b723c859e52428a064555d80db448cdcacc1aea2501eba06f8bad12a4fa49d85cacd7abeb68945a5cb5e061629b52e3254c373550ee4e40cb7c8ae6f7a8151ccd8df582d446f39ae0c5e930203010001300d06092a864886f70d0101050500038181009c8d9d7f2f908c42081b4c764c377109a8b2c70582422125ce545842d5f520aea69550b6bd8bfd94e987b75a3077eb04ad341f481aac266e89d3864456e69fba13df018acdc168b9a19dfd7ad9d9cc6f6ace57c746515f71234df3a053e33ba93ece5cd0fc15f3e389a3f365588a9fcb439e069d3629cd7732a13fff7b891499
08-08 23:49:04.418 D/MicroMsg.SDK.WXMsgImplComm( 5260): pass
08-08 23:49:04.418 D/MicroMsg.SDK.WXApiImplV10( 5260): _build_info_sdk_int_ = 620823808
08-08 23:49:04.428 D/ActivityManager(  917): isDeviceAdminActiveApp false :com.tencent.news
08-08 23:49:04.428 E/ActivityManager(  917): isAutoRunBlockedApp:: com.tencent.news, Auto Run OFF
08-08 23:49:04.438 W/Settings( 5718): Setting wifi_sleep_policy has moved from android.provider.Settings.System to android.provider.Settings.Global, value is unchanged.
08-08 23:49:04.438 E/com.coloros.mcssdk---( 5718): MCS-->isExistPackage NameNotFoundException:com.coloros.mcs
08-08 23:49:04.448 D/ActivityManager(  917): startService callerProcessName:com.tencent.news, calleePkgName: com.tencent.news
08-08 23:49:04.448 D/ActivityManager(  917): caller:android.app.ApplicationThreadProxy@3140a4b3, r.packageName :com.tencent.news
08-08 23:49:04.458 D/MicroMsg.SDK.WXMsgImplComm( 5260): check signature:308202eb30820254a00302010202044d36f7a4300d06092a864886f70d01010505003081b9310b300906035504061302383631123010060355040813094775616e67646f6e673111300f060355040713085368656e7a68656e31353033060355040a132c54656e63656e7420546563686e6f6c6f6779285368656e7a68656e2920436f6d70616e79204c696d69746564313a3038060355040b133154656e63656e74204775616e677a686f7520526573656172636820616e6420446576656c6f706d656e742043656e7465723110300e0603550403130754656e63656e74301e170d3131303131393134333933325a170d3431303131313134333933325a3081b9310b300906035504061302383631123010060355040813094775616e67646f6e673111300f060355040713085368656e7a68656e31353033060355040a132c54656e63656e7420546563686e6f6c6f6779285368656e7a68656e2920436f6d70616e79204c696d69746564313a3038060355040b133154656e63656e74204775616e677a686f7520526573656172636820616e6420446576656c6f706d656e742043656e7465723110300e0603550403130754656e63656e7430819f300d06092a864886f70d010101050003818d0030818902818100c05f34b231b083fb1323670bfbe7bdab40c0c0a6efc87ef2072a1ff0d60cc67c8edb0d0847f210bea6cbfaa241be70c86daf56be08b723c859e52428a064555d80db448cdcacc1aea2501eba06f8bad12a4fa49d85cacd7abeb68945a5cb5e061629b52e3254c373550ee4e40cb7c8ae6f7a8151ccd8df582d446f39ae0c5e930203010001300d06092a864886f70d0101050500038181009c8d9d7f2f908c42081b4c764c377109a8b2c70582422125ce545842d5f520aea69550b6bd8bfd94e987b75a3077eb04ad341f481aac266e89d3864456e69fba13df018acdc168b9a19dfd7ad9d9cc6f6ace57c746515f71234df3a053e33ba93ece5cd0fc15f3e389a3f365588a9fcb439e069d3629cd7732a13fff7b891499
08-08 23:49:04.458 D/MicroMsg.SDK.WXMsgImplComm( 5260): pass
08-08 23:49:04.458 I/art     ( 5260): Alloc sticky concurrent mark sweep GC freed 3988(580KB) AllocSpace objects, 4(63KB) LOS objects, 0% free, 71MB/71MB, paused 19.459ms total 71.507ms
08-08 23:49:04.458 I/art     ( 5260): WaitForGcToComplete blocked for 652.392ms for cause Alloc
08-08 23:49:04.458 D/MicroMsg.SDK.WXApiImplV10( 5260): _build_info_sdk_int_ = 620823808
08-08 23:49:04.478 V/BitmapFactory( 5260): DecodeImagePath(decodeResourceStream3) : r/g/a2y.png
08-08 23:49:04.478 E/VivoPush.PushPackageUtils( 5718): (5718)cursor is null
08-08 23:49:04.478 E/VivoPush.Utility( 5718): (5718)systemPushPkgName is null
08-08 23:49:04.478 E/ActivityThread( 5718): Failed to find provider info for com.vivo.push.sdk.service.SystemPushConfig
08-08 23:49:04.488 D/LocationManagerService(  917): getProviders()=[network]
08-08 23:49:04.488 D/LocationManagerService(  917): getBestProvider(Criteria[power=LOW acc=LOW], true)=network
08-08 23:49:04.488 V/BitmapFactory( 5260): DecodeImagePath(decodeResourceStream3) : r/g/a2e.png
08-08 23:49:04.488 D/LocationManagerService(  917): getLastLocation: Request[POWER_LOW network requested=0 fastest=0 num=1]
08-08 23:49:04.498 V/BitmapFactory( 5260): DecodeImagePath(decodeResourceStream3) : r/g/a6d.png
08-08 23:49:04.498 D/VivoPush.PushClientThread( 5718): (5718)PushClientThread-handleMessage, task = c{InitCommand}
08-08 23:49:04.498 V/BitmapFactory( 5260): DecodeImagePath(decodeResourceStream3) : r/g/a0w.png
08-08 23:49:04.508 V/BitmapFactory( 5260): DecodeImagePath(decodeResourceStream3) : r/g/a4z.png
08-08 23:49:04.518 V/BitmapFactory( 5260): DecodeImagePath(decodeResourceStream3) : r/g/a6a.png
08-08 23:49:04.528 E/VivoPush.PushPackageUtils( 5718): (5718)cursor is null
08-08 23:49:04.528 E/VivoPush.Utility( 5718): (5718)systemPushPkgName is null
08-08 23:49:04.528 E/ActivityThread( 5718): Failed to find provider info for com.vivo.push.sdk.service.SystemPushConfig
08-08 23:49:04.528 D/ConnectivityService(  917): returning getActiveNetworkInfo :[type: WIFI[] - WIFI, state: CONNECTED/CONNECTED, reason: (unspecified), extra: "宣龙华的 iPhone (2)", roaming: false, failover: false, isAvailable: true, isConnectedToProvisioningNetwork: false]
08-08 23:49:04.538 D/ConnectivityService(  917): returning getActiveNetworkInfo :[type: WIFI[] - WIFI, state: CONNECTED/CONNECTED, reason: (unspecified), extra: "宣龙华的 iPhone (2)", roaming: false, failover: false, isAvailable: true, isConnectedToProvisioningNetwork: false]
08-08 23:49:04.538 D/ActivityManager(  917): startService callerProcessName:com.tencent.news, calleePkgName: com.tencent.news
08-08 23:49:04.538 D/ActivityManager(  917): caller:android.app.ApplicationThreadProxy@1df72d9c, r.packageName :com.tencent.news
08-08 23:49:04.548 D/ConnectivityService(  917): returning getActiveNetworkInfo :[type: WIFI[] - WIFI, state: CONNECTED/CONNECTED, reason: (unspecified), extra: "宣龙华的 iPhone (2)", roaming: false, failover: false, isAvailable: true, isConnectedToProvisioningNetwork: false]
08-08 23:49:04.548 D/ConnectivityService(  917): returning getActiveNetworkInfo :[type: WIFI[] - WIFI, state: CONNECTED/CONNECTED, reason: (unspecified), extra: "宣龙华的 iPhone (2)", roaming: false, failover: false, isAvailable: true, isConnectedToProvisioningNetwork: false]
08-08 23:49:04.558 D/ConnectivityService(  917): returning getNetworkInfo(networkType - 0) :[type: MOBILE[] - MOBILE, state: DISCONNECTED/DISCONNECTED, reason: (unspecified), extra: (none), roaming: false, failover: false, isAvailable: true, isConnectedToProvisioningNetwork: false]
08-08 23:49:04.558 D/ConnectivityService(  917): returning getNetworkInfo(networkType - 1) :[type: WIFI[] - WIFI, state: CONNECTED/CONNECTED, reason: (unspecified), extra: "宣龙华的 iPhone (2)", roaming: false, failover: false, isAvailable: true, isConnectedToProvisioningNetwork: false]
08-08 23:49:04.558 D/ConnectivityService(  917): returning getActiveNetworkInfo :[type: WIFI[] - WIFI, state: CONNECTED/CONNECTED, reason: (unspecified), extra: "宣龙华的 iPhone (2)", roaming: false, failover: false, isAvailable: true, isConnectedToProvisioningNetwork: false]
08-08 23:49:04.578 D/ConnectivityService(  917): returning getActiveNetworkInfo :[type: WIFI[] - WIFI, state: CONNECTED/CONNECTED, reason: (unspecified), extra: "宣龙华的 iPhone (2)", roaming: false, failover: false, isAvailable: true, isConnectedToProvisioningNetwork: false]
08-08 23:49:04.618 I/art     ( 5260): Alloc sticky concurrent mark sweep GC freed 6954(1050KB) AllocSpace objects, 2(32KB) LOS objects, 0% free, 72MB/72MB, paused 17.839ms total 147.348ms
08-08 23:49:04.618 I/art     ( 5260): WaitForGcToComplete blocked for 800.112ms for cause Alloc
08-08 23:49:04.648 I/SigmaPatch( 5718): startHotPatchService fromMainProc= false
08-08 23:49:04.648 W/SigmaPatch( 5718): startHotPatchService ignore
08-08 23:49:04.658 D/ActivityManager(  917): isDeviceAdminActiveApp false :com.android.systemui
08-08 23:49:04.658 D/ActivityManager(  917): isAutoRunBlockedApp:: com.android.systemui, Auto Run ON
08-08 23:49:04.668 D/ConnectivityService(  917): returning getNetworkInfo(networkType - 0) :[type: MOBILE[] - MOBILE, state: DISCONNECTED/DISCONNECTED, reason: (unspecified), extra: (none), roaming: false, failover: false, isAvailable: true, isConnectedToProvisioningNetwork: false]
08-08 23:49:04.678 V/BitmapFactory( 5260): DecodeImagePath(decodeResourceStream3) : r/w/og.png
08-08 23:49:04.678 V/BitmapFactory( 5260): DecodeImagePath(decodeResourceStream3) : r/a4/ic.xml
08-08 23:49:04.678 D/skia    ( 5260): --- SkImageDecoder::Factory returned null
08-08 23:49:04.678 D/ConnectivityService(  917): returning getNetworkInfo(networkType - 1) :[type: WIFI[] - WIFI, state: CONNECTED/CONNECTED, reason: (unspecified), extra: "宣龙华的 iPhone (2)", roaming: false, failover: false, isAvailable: true, isConnectedToProvisioningNetwork: false]
08-08 23:49:04.678 D/ConnectivityService(  917): returning getActiveNetworkInfo :[type: WIFI[] - WIFI, state: CONNECTED/CONNECTED, reason: (unspecified), extra: "宣龙华的 iPhone (2)", roaming: false, failover: false, isAvailable: true, isConnectedToProvisioningNetwork: false]
08-08 23:49:04.698 D/LogWriter( 5260): 08-08 23:49:03.888	7681	ConnectionSelector	return connection, host puui.qpic.cn addr puui.qpic.cn/223.82.245.12:80 proxy DIRECT@ rtt 2303 
08-08 23:49:04.698 D/LogWriter( 5260): 08-08 23:49:04.297	7672	ConnectionSelector	return connection, host up.inews.qq.com addr up.inews.qq.com/117.185.116.163:443 proxy DIRECT@ rtt 168 
08-08 23:49:04.718 D/LogWriter( 5260): 08-08 23:49:04.436	7586	Request	request http://r.inews.qq.com/userCenterConfig will submit with ssl
08-08 23:49:04.718 D/LogWriter( 5260): 08-08 23:49:04.439	7586	ConnectionSelector	found reuse connect Connection{r.inews.qq.com:443, proxy=DIRECT@ hostAddress=r.inews.qq.com/2402:4e00:8030:1::7f:443 cipherSuite=TLS_ECDHE_RSA_WITH_AES_128_GCM_SHA256 protocol=http/1.1 birth=128792432 live=4356} host: r.inews.qq.com address: r.inews.qq.com/2402:4e00:8030:1::7f:443 stable: true
08-08 23:49:04.718 I/System.out( 5718): (HTTPLog)-Static: isSBSettingEnabled false
08-08 23:49:04.718 I/System.out( 5718): (HTTPLog)-Static: isShipBuild true
08-08 23:49:04.728 I/System.out( 5718): (HTTPLog)-Thread-7506-1046329916: SmartBonding Enabling is false, SHIP_BUILD is true, log to file is false, DBG is false
08-08 23:49:04.728 I/System.out( 5718): (HTTPLog)-Static: isSBSettingEnabled false
08-08 23:49:04.748 D/LogWriter( 5718): 08-08 23:49:04.661	1	NetStatus	network changed form  运营商：[中国联通] 数据网络：[未连接] proxy DIRECT@ custom info: [] to  运营商：[中国联通] 数据网络：[wifi] ssid "宣龙华的 iPhone (2)" proxy DIRECT@ custom info: []
08-08 23:49:04.748 I/art     ( 5260): Alloc sticky concurrent mark sweep GC freed 9785(1416KB) AllocSpace objects, 1(31KB) LOS objects, 0% free, 72MB/72MB, paused 7.803ms total 111.249ms
08-08 23:49:04.748 I/art     ( 5260): WaitForGcToComplete blocked for 861.260ms for cause Alloc
08-08 23:49:04.798 V/BitmapFactory( 5260): DecodeImagePath(decodeResourceStream3) : r/g/a63.png
08-08 23:49:04.798 V/BitmapFactory( 5260): DecodeImagePath(decodeResourceStream3) : r/g/a62.png
08-08 23:49:04.798 V/BitmapFactory( 5260): DecodeImagePath(decodeResourceStream3) : r/g/a61.png
08-08 23:49:04.838 D/MicroMsg.SDK.WXMsgImplComm( 5260): check signature:308202eb30820254a00302010202044d36f7a4300d06092a864886f70d01010505003081b9310b300906035504061302383631123010060355040813094775616e67646f6e673111300f060355040713085368656e7a68656e31353033060355040a132c54656e63656e7420546563686e6f6c6f6779285368656e7a68656e2920436f6d70616e79204c696d69746564313a3038060355040b133154656e63656e74204775616e677a686f7520526573656172636820616e6420446576656c6f706d656e742043656e7465723110300e0603550403130754656e63656e74301e170d3131303131393134333933325a170d3431303131313134333933325a3081b9310b300906035504061302383631123010060355040813094775616e67646f6e673111300f060355040713085368656e7a68656e31353033060355040a132c54656e63656e7420546563686e6f6c6f6779285368656e7a68656e2920436f6d70616e79204c696d69746564313a3038060355040b133154656e63656e74204775616e677a686f7520526573656172636820616e6420446576656c6f706d656e742043656e7465723110300e0603550403130754656e63656e7430819f300d06092a864886f70d010101050003818d0030818902818100c05f34b231b083fb1323670bfbe7bdab40c0c0a6efc87ef2072a1ff0d60cc67c8edb0d0847f210bea6cbfaa241be70c86daf56be08b723c859e52428a064555d80db448cdcacc1aea2501eba06f8bad12a4fa49d85cacd7abeb68945a5cb5e061629b52e3254c373550ee4e40cb7c8ae6f7a8151ccd8df582d446f39ae0c5e930203010001300d06092a864886f70d0101050500038181009c8d9d7f2f908c42081b4c764c377109a8b2c70582422125ce545842d5f520aea69550b6bd8bfd94e987b75a3077eb04ad341f481aac266e89d3864456e69fba13df018acdc168b9a19dfd7ad9d9cc6f6ace57c746515f71234df3a053e33ba93ece5cd0fc15f3e389a3f365588a9fcb439e069d3629cd7732a13fff7b891499
08-08 23:49:04.838 D/MicroMsg.SDK.WXMsgImplComm( 5260): pass
08-08 23:49:04.848 D/MicroMsg.SDK.WXApiImplV10( 5260): _build_info_sdk_int_ = 620823808
08-08 23:49:04.868 I/Choreographer( 5260): Skipped 69 frames!  The application may be doing too much work on its main thread.
08-08 23:49:04.868 W/ActivityManager(  917): getTasks: caller 10205 does not hold GET_TASKS; limiting output
08-08 23:49:04.878 W/ActivityManager(  917): getTasks: caller 10205 does not hold GET_TASKS; limiting output
08-08 23:49:04.888 I/System.out( 5718): KnoxVpnUidStorageknoxVpnSupported API value returned is false
08-08 23:49:04.948 D/ConnectivityService(  917): returning getActiveNetworkInfo :[type: WIFI[] - WIFI, state: CONNECTED/CONNECTED, reason: (unspecified), extra: "宣龙华的 iPhone (2)", roaming: false, failover: false, isAvailable: true, isConnectedToProvisioningNetwork: false]
08-08 23:49:04.978 I/System.out( 5260): (HTTPLog)-Static: isSBSettingEnabled false
08-08 23:49:04.988 I/System.out( 5260): (HTTPLog)-Static: isSBSettingEnabled false
08-08 23:49:04.988 I/ODK     ( 5718): db check ok
08-08 23:49:04.998 I/System.out( 5260): KnoxVpnUidStorageknoxVpnSupported API value returned is false
08-08 23:49:05.008 I/art     ( 5260): Alloc sticky concurrent mark sweep GC freed 25157(3MB) AllocSpace objects, 18(301KB) LOS objects, 0% free, 77MB/77MB, paused 12.714ms total 220.744ms
08-08 23:49:05.038 I/System.out( 5260): 967
08-08 23:49:05.048 I/ODK     ( 5718): init local store has 0 records, dbRebuild : false
08-08 23:49:05.048 D/ConnectivityService(  917): returning getActiveNetworkInfo :[type: WIFI[] - WIFI, state: CONNECTED/CONNECTED, reason: (unspecified), extra: "宣龙华的 iPhone (2)", roaming: false, failover: false, isAvailable: true, isConnectedToProvisioningNetwork: false]
08-08 23:49:05.068 E/SMD     (  289): DCD ON
08-08 23:49:05.088 D/MID     ( 5718): [ODK_MAIN_HANDLER#1(7518): SourceFile:203] - read the new one
08-08 23:49:05.088 V/xiaomi  ( 5718): [Thread:7522] JOB: Init Job
08-08 23:49:05.108 V/xiaomi  ( 5718): [Thread:1] XMPushService created pid = 5718
08-08 23:49:05.118 W/JavaCalls( 5718): Meet exception when call Method 'isMiuiSystem' in miui.external.SdkHelper
08-08 23:49:05.118 W/JavaCalls( 5718): java.lang.ClassNotFoundException: miui.external.SdkHelper
08-08 23:49:05.118 W/JavaCalls( 5718): 	at java.lang.Class.classForName(Native Method)
08-08 23:49:05.118 W/JavaCalls( 5718): 	at java.lang.Class.forName(Class.java:308)
08-08 23:49:05.118 W/JavaCalls( 5718): 	at java.lang.Class.forName(Class.java:272)
08-08 23:49:05.118 W/JavaCalls( 5718): 	at com.xiaomi.push.at.a(Unknown Source)
08-08 23:49:05.118 W/JavaCalls( 5718): 	at com.xiaomi.push.l.c(Unknown Source)
08-08 23:49:05.118 W/JavaCalls( 5718): 	at com.xiaomi.push.service.d.a(Unknown Source)
08-08 23:49:05.118 W/JavaCalls( 5718): 	at com.xiaomi.push.service.XMPushService.c(Unknown Source)
08-08 23:49:05.118 W/JavaCalls( 5718): 	at com.xiaomi.push.service.XMPushService.b(Unknown Source)
08-08 23:49:05.118 W/JavaCalls( 5718): 	at com.xiaomi.push.service.XMPushService$g.a(Unknown Source)
08-08 23:49:05.118 W/JavaCalls( 5718): 	at com.xiaomi.push.service.XMPushService$i.run(Unknown Source)
08-08 23:49:05.118 W/JavaCalls( 5718): 	at com.xiaomi.push.service.g$c.run(Unknown Source)
08-08 23:49:05.118 W/JavaCalls( 5718): Caused by: java.lang.ClassNotFoundException: Didn't find class "miui.external.SdkHelper" on path: DexPathList[[zip file "/system/framework/multiwindow.jar", zip file "/system/framework/android.test.runner.jar", zip file "/data/app/com.tencent.news-1/base.apk"],nativeLibraryDirectories=[/data/app/com.tencent.news-1/lib/arm, /vendor/lib, /system/lib]]
08-08 23:49:05.118 W/JavaCalls( 5718): 	at dalvik.system.BaseDexClassLoader.findClass(BaseDexClassLoader.java:56)
08-08 23:49:05.118 W/JavaCalls( 5718): 	at java.lang.ClassLoader.loadClass(ClassLoader.java:511)
08-08 23:49:05.118 W/JavaCalls( 5718): 	at java.lang.ClassLoader.loadClass(ClassLoader.java:469)
08-08 23:49:05.118 W/JavaCalls( 5718): 	... 11 more
08-08 23:49:05.118 W/JavaCalls( 5718): 	Suppressed: java.lang.ClassNotFoundException: miui.external.SdkHelper
08-08 23:49:05.118 W/JavaCalls( 5718): 		at java.lang.Class.classForName(Native Method)
08-08 23:49:05.118 W/JavaCalls( 5718): 		at java.lang.BootClassLoader.findClass(ClassLoader.java:781)
08-08 23:49:05.118 W/JavaCalls( 5718): 		at java.lang.BootClassLoader.loadClass(ClassLoader.java:841)
08-08 23:49:05.118 W/JavaCalls( 5718): 		at java.lang.ClassLoader.loadClass(ClassLoader.java:504)
08-08 23:49:05.118 W/JavaCalls( 5718): 		... 12 more
08-08 23:49:05.118 W/JavaCalls( 5718): 	Caused by: java.lang.NoClassDefFoundError: Class not found using the boot class loader; no stack available
08-08 23:49:05.118 D/ConnectivityService(  917): returning getActiveNetworkInfo :[type: WIFI[] - WIFI, state: CONNECTED/CONNECTED, reason: (unspecified), extra: "宣龙华的 iPhone (2)", roaming: false, failover: false, isAvailable: true, isConnectedToProvisioningNetwork: false]
08-08 23:49:05.128 V/xiaomi  ( 5718): [Thread:7522] JOB: prepare the mi push account.
08-08 23:49:05.128 D/SSRM:n  (  917): SIOP:: AP = 490, PST = 461, CUR = 450
08-08 23:49:05.128 D/ConnectivityService(  917): returning getActiveNetworkInfo :[type: WIFI[] - WIFI, state: CONNECTED/CONNECTED, reason: (unspecified), extra: "宣龙华的 iPhone (2)", roaming: false, failover: false, isAvailable: true, isConnectedToProvisioningNetwork: false]
08-08 23:49:05.128 D/ConnectivityService(  917): returning getActiveNetworkInfo :[type: WIFI[] - WIFI, state: CONNECTED/CONNECTED, reason: (unspecified), extra: "宣龙华的 iPhone (2)", roaming: false, failover: false, isAvailable: true, isConnectedToProvisioningNetwork: false]
08-08 23:49:05.148 I/MID     ( 5718): [ODK_MAIN_HANDLER#1(7518): SourceFile:38] - read mid from sharedPreferences， key=__MTA_DEVICE_INFO__3
08-08 23:49:05.168 D/WindowManager(  917): showStatusBarByNotification() mOpenByNotification=false
08-08 23:49:05.208 D/LightsService(  917): [api] [SvcLED] turnOff:: id = 4 (uid: 1000 pid: 917) 
08-08 23:49:05.208 D/LightsService(  917): [SvcLED] setSvcLedStateLocked:: SvcLEDState : 0x0 -> 0x0 | SvcLED(id=4) set Off
08-08 23:49:05.208 D/LightsService(  917): [SvcLED] Lux failed to be updated in 700ms. -> handleForcedSvcLEDTasK
08-08 23:49:05.208 D/LightsService(  917): [SvcLED]  setSvcLedLightLocked :: Current SvcLED(id=4) maintains its priority right
08-08 23:49:05.228 D/KnoxNotification( 1177): ----- inflateViews : modified publicViewLocal -----
08-08 23:49:05.248 D/KnoxNotification( 1177): ----- inflateViews : modified KnoxViewLocal -----
08-08 23:49:05.248 V/xiaomi  ( 5718): [Thread:7522] JOB: Handle intent action = android.net.conn.CONNECTIVITY_CHANGE
08-08 23:49:05.248 D/PersonaManager( 1177): PersonaID is invalid or persona doesn't exists. : 0
08-08 23:49:05.248 V/xiaomi  ( 5718): [Thread:7522] network changed,[type: WIFI[], state: CONNECTED/CONNECTED
08-08 23:49:05.248 D/ConnectivityService(  917): returning getActiveNetworkInfo :[type: WIFI[] - WIFI, state: CONNECTED/CONNECTED, reason: (unspecified), extra: "宣龙华的 iPhone (2)", roaming: false, failover: false, isAvailable: true, isConnectedToProvisioningNetwork: false]
08-08 23:49:05.248 D/ConnectivityService(  917): returning getActiveNetworkInfo :[type: WIFI[] - WIFI, state: CONNECTED/CONNECTED, reason: (unspecified), extra: "宣龙华的 iPhone (2)", roaming: false, failover: false, isAvailable: true, isConnectedToProvisioningNetwork: false]
08-08 23:49:05.258 D/PersonaManager( 1177): isKioskContainerExistOnDevice
08-08 23:49:05.258 D/PersonaManager( 1177): isKioskContainerExistOnDevice
08-08 23:49:05.258 D/MID     ( 5718): [ODK_MAIN_HANDLER#1(7518): SourceFile:270] - firstRead
08-08 23:49:05.258 I/MID     ( 5718): [ODK_MAIN_HANDLER#1(7518): SourceFile:38] - read mid from sharedPreferences， key=__MTA_DEVICE_INFO__3
08-08 23:49:05.258 D/ConnectivityService(  917): returning getActiveNetworkInfo :[type: WIFI[] - WIFI, state: CONNECTED/CONNECTED, reason: (unspecified), extra: "宣龙华的 iPhone (2)", roaming: false, failover: false, isAvailable: true, isConnectedToProvisioningNetwork: false]
08-08 23:49:05.258 D/ConnectivityService(  917): returning getActiveNetworkInfo :[type: WIFI[] - WIFI, state: CONNECTED/CONNECTED, reason: (unspecified), extra: "宣龙华的 iPhone (2)", roaming: false, failover: false, isAvailable: true, isConnectedToProvisioningNetwork: false]
08-08 23:49:05.258 D/PhoneStatusBar( 1177): tick(): knoxCustomManager = android.app.enterprise.knoxcustom.KnoxCustomManager@3bfc7c0c
08-08 23:49:05.258 W/ActivityManager(  917): getTasks: caller 10205 does not hold GET_TASKS; limiting output
08-08 23:49:05.258 D/ConnectivityService(  917): returning getActiveNetworkInfo :[type: WIFI[] - WIFI, state: CONNECTED/CONNECTED, reason: (unspecified), extra: "宣龙华的 iPhone (2)", roaming: false, failover: false, isAvailable: true, isConnectedToProvisioningNetwork: false]
08-08 23:49:05.258 D/ConnectivityService(  917): returning getActiveNetworkInfo :[type: WIFI[] - WIFI, state: CONNECTED/CONNECTED, reason: (unspecified), extra: "宣龙华的 iPhone (2)", roaming: false, failover: false, isAvailable: true, isConnectedToProvisioningNetwork: false]
08-08 23:49:05.268 V/xiaomi  ( 5718): [Thread:7522] JOB: do reconnect..
08-08 23:49:05.268 V/xiaomi  ( 5718): [Thread:7522] should not connect. quit the job.
08-08 23:49:05.268 D/ConnectivityService(  917): returning getActiveNetworkInfo :[type: WIFI[] - WIFI, state: CONNECTED/CONNECTED, reason: (unspecified), extra: "宣龙华的 iPhone (2)", roaming: false, failover: false, isAvailable: true, isConnectedToProvisioningNetwork: false]
08-08 23:49:05.268 D/ConnectivityService(  917): returning getActiveNetworkInfo :[type: WIFI[] - WIFI, state: CONNECTED/CONNECTED, reason: (unspecified), extra: "宣龙华的 iPhone (2)", roaming: false, failover: false, isAvailable: true, isConnectedToProvisioningNetwork: false]
08-08 23:49:05.278 W/ContextImpl( 5718): Failed to ensure directory: /storage/extSdCard/Android/data/com.tencent.news/files
08-08 23:49:05.278 E/Vold    (  255): Failed to find mounted volume for /storage/extSdCard/Android/data/com.tencent.news/files/
08-08 23:49:05.278 W/Vold    (  255): Returning OperationFailed - no handler for errno 0
08-08 23:49:05.288 D/PanelView( 1177): There is/are notification(s) 
08-08 23:49:05.288 I/ODK     ( 5718): System config:
08-08 23:49:05.298 D/PanelView( 1177): There is/are notification(s) 
08-08 23:49:05.298 D/StatusBar( 1177): ----- contentsUnchanged : true, bigContentsUnchanged - true, headsUpContentsUnchanged - true , publicUnchanged true
08-08 23:49:05.298 D/PersonaManager( 1177): isKioskContainerExistOnDevice
08-08 23:49:05.298 D/PersonaManager( 1177): isKioskContainerExistOnDevice
08-08 23:49:05.298 D/PanelView( 1177): There is/are notification(s) 
08-08 23:49:05.298 D/PanelView( 1177): There is/are notification(s) 
08-08 23:49:05.308 D/PersonaManager( 1177): isKioskContainerExistOnDevice
08-08 23:49:05.308 D/PersonaManager( 1177): isKioskContainerExistOnDevice
08-08 23:49:05.308 D/PanelView( 1177): There is/are notification(s) 
08-08 23:49:05.308 D/PanelView( 1177): There is/are notification(s) 
08-08 23:49:05.358 W/ContextImpl( 5718): Failed to ensure directory: /storage/extSdCard/Android/data/com.tencent.news/files
08-08 23:49:05.358 I/System.out( 5718): (HTTPLog)-Static: isSBSettingEnabled false
08-08 23:49:05.358 I/System.out( 5718): KnoxVpnUidStorageknoxVpnSupported API value returned is false
08-08 23:49:05.358 E/Vold    (  255): Failed to find mounted volume for /storage/extSdCard/Android/data/com.tencent.news/files/
08-08 23:49:05.358 W/Vold    (  255): Returning OperationFailed - no handler for errno 0
08-08 23:49:05.408 D/ConnectivityService(  917): returning getActiveNetworkInfo :[type: WIFI[] - WIFI, state: CONNECTED/CONNECTED, reason: (unspecified), extra: "宣龙华的 iPhone (2)", roaming: false, failover: false, isAvailable: true, isConnectedToProvisioningNetwork: false]
08-08 23:49:05.408 D/ConnectivityService(  917): returning getActiveNetworkInfo :[type: WIFI[] - WIFI, state: CONNECTED/CONNECTED, reason: (unspecified), extra: "宣龙华的 iPhone (2)", roaming: false, failover: false, isAvailable: true, isConnectedToProvisioningNetwork: false]
08-08 23:49:05.438 D/StatusBar.NetworkController( 1177): onSignalStrengthsChanged signalStrength=SignalStrength: 14 99 -120 -160 -120 -1 -1 99 2147483647 2147483647 2147483647 -1 2147483647 0x4 gsm|lte level=4
08-08 23:49:05.438 D/StatusBar.NetworkController( 1177): updateTelephonySignalStrength: hasService=true ss=SignalStrength: 14 99 -120 -160 -120 -1 -1 99 2147483647 2147483647 2147483647 -1 2147483647 0x4 gsm|lte
08-08 23:49:05.438 D/StatusBar.NetworkController( 1177): updateTelephonySignalStrength: iconLevel=4
08-08 23:49:05.438 D/StatusBar.NetworkController( 1177): updateTelephonySignalStrength, No signal level. mPhoneSignalIconId = com.android.systemui:drawable/stat_sys_signal_4 mDataSignalIconId = com.android.systemui:drawable/stat_sys_signal_4 mQSPhoneSignalIconId = com.android.systemui:drawable/ic_qs_signal_4 mContentDescriptionPhoneSignal = 满格手机信号
08-08 23:49:05.438 D/cell strength( 1386): ===== cell singal strength changed : 14
08-08 23:49:05.438 D/StatusBar.NetworkController( 1177): refreshViews connected={ wifi } level=4 combinedSignalIconId=0x7f020556/com.android.systemui:drawable/stat_sys_wifi_signal_4 mobileLabel=仅限紧急通话 wifiLabel="宣龙华的 iPhone (2)"xxxxXXXXxxxxXXXX emergencyOnly=true combinedLabel="宣龙华的 iPhone (2)"xxxxXXXXxxxxXXXX mAirplaneMode=false mDataActivity=0 mPhoneSignalIconId=0x7f0204e9/com.android.systemui:drawable/stat_sys_signal_4 mQSPhoneSignalIconId=0x7f020148/com.android.systemui:drawable/ic_qs_signal_4 mDataDirectionIconId=0x0/(null) mDataSignalIconId=0x7f0204e9/com.android.systemui:drawable/stat_sys_signal_4 mDataTypeIconId=0x0/(null) mQSDataTypeIconId=0x0/(null) mNoSimIconId=0x0/(null) mWifiIconId=0x7f020556/com.android.systemui:drawable/stat_sys_wifi_signal_4 mQSWifiIconId=0x7f02015e/com.android.systemui:drawable/ic_qs_wifi_4 mWifiActivityIconId=0x7f020527/com.android.systemui:drawable/stat_sys_signal_inout mBluetoothTetherIconId=0x10808f1/android:drawable/stat_sys_tether_bluetooth
08-08 23:49:05.438 D/STATUSBAR-WifiQuickSettingButton( 1177): onWifiSignalChanged enabled=true enabledDesc:"宣龙华的 iPhone (2)"
08-08 23:49:05.448 I/ODK     ( 5718): init completed, appkey is ATXRSY245Y54 channel is 10797 , sdk version is 5.1.9.011 report strategy : BATCH
08-08 23:49:05.448 D/LogWriter( 5260): 08-08 23:49:05.457	7669	Request	request http://w.inews.qq.com/upLoadLoc will submit with ssl
08-08 23:49:05.458 W/BindingManager( 5260): Cannot call determinedVisibility() - never saw a connection for the pid: 5260
08-08 23:49:05.468 D/LogWriter( 5260): 08-08 23:49:05.472	7669	ConnectionSelector	found reuse connect Connection{w.inews.qq.com:443, proxy=DIRECT@ hostAddress=w.inews.qq.com/2402:4e00:8030:1::7f:443 cipherSuite=TLS_ECDHE_RSA_WITH_AES_128_GCM_SHA256 protocol=http/1.1 birth=128792726 live=4817} host: w.inews.qq.com address: w.inews.qq.com/2402:4e00:8030:1::7f:443 stable: true
08-08 23:49:05.498 I/System.out( 5718): (HTTPLog)-Static: isSBSettingEnabled false
08-08 23:49:05.508 I/System.out( 5718): KnoxVpnUidStorageknoxVpnSupported API value returned is false
08-08 23:49:05.578 I/System.out( 5718): (HTTPLog)-Static: isSBSettingEnabled false
08-08 23:49:05.588 I/System.out( 5718): KnoxVpnUidStorageknoxVpnSupported API value returned is false
08-08 23:49:05.588 D/ConnectivityService(  917): returning getNetworkInfo(networkType - 0) :[type: MOBILE[] - MOBILE, state: DISCONNECTED/DISCONNECTED, reason: (unspecified), extra: (none), roaming: false, failover: false, isAvailable: true, isConnectedToProvisioningNetwork: false]
08-08 23:49:05.588 D/ConnectivityService(  917): returning getNetworkInfo(networkType - 1) :[type: WIFI[] - WIFI, state: CONNECTED/CONNECTED, reason: (unspecified), extra: "宣龙华的 iPhone (2)", roaming: false, failover: false, isAvailable: true, isConnectedToProvisioningNetwork: false]
08-08 23:49:05.588 D/ConnectivityService(  917): returning getActiveNetworkInfo :[type: WIFI[] - WIFI, state: CONNECTED/CONNECTED, reason: (unspecified), extra: "宣龙华的 iPhone (2)", roaming: false, failover: false, isAvailable: true, isConnectedToProvisioningNetwork: false]
08-08 23:49:05.708 I/System.out( 5718): (HTTPLog)-Static: isSBSettingEnabled false
08-08 23:49:05.718 I/System.out( 5718): (HTTPLog)-Static: isSBSettingEnabled false
08-08 23:49:06.048 D/StaticServiceProvider( 5260): not fetched pending public abstract android.os.Bundle com.tencent.news.dlplugin.plugin_interface.internal.IPluginRuntimeService.request(java.lang.String,android.os.Bundle,com.tencent.news.dlplugin.plugin_interface.internal.IPluginRuntimeService$IReflectPluginRuntimeResponse)
08-08 23:49:06.148 D/ResourcesManager( 5260): creating new AssetManager and set to /data/data/com.tencent.news/app_p_a/843296499.jar
08-08 23:49:06.148 I/dex     ( 5260): load /data/data/com.tencent.news/app_p_a/843296499.jar ...
08-08 23:49:06.158 I/dex     ( 5260): load /data/data/com.tencent.news/app_p_a/843296499.jar = com.qihoo360.replugin.c[DexPathList[[zip file "/data/data/com.tencent.news/app_p_a/843296499.jar"],nativeLibraryDirectories=[/vendor/lib, /system/lib]]]
08-08 23:49:06.198 D/SyncUtils( 5260): wait for application init
08-08 23:49:06.198 W/ContextImpl( 5260): Failed to ensure directory: /storage/extSdCard/Android/data/com.tencent.news/files/runtimeLog
08-08 23:49:06.198 E/Vold    (  255): Failed to find mounted volume for /storage/extSdCard/Android/data/com.tencent.news/files/runtimeLog/
08-08 23:49:06.198 W/Vold    (  255): Returning OperationFailed - no handler for errno 0
08-08 23:49:06.238 D/StaticServiceProvider( 5260): fetch remote service com.tencent.tmassistant.DLEntry
08-08 23:49:06.248 D/DLEntry ( 5260): pluginRequest: , target = tma_init, bundle = null
08-08 23:49:06.248 D/DLEntry ( 5260): initDownloader: context = com.tencent.tmassistant.Application@1c9c1ca2, dlRequestCallBack = com.tencent.news.tad.business.manager.p$2@35882884
08-08 23:49:06.248 D/DLEntry ( 5260): initDownloader startService
08-08 23:49:06.258 W/ActivityManager(  917): getTasks: caller 10205 does not hold GET_TASKS; limiting output
08-08 23:49:06.268 I/m       ( 5260): QUA:selfUpdate-jce_3070/0384&NA/0384&5.0_21_0&67_120_14&samsung_SMN9006&NA&NA&V3
08-08 23:49:06.278 D/ConnectivityService(  917): returning getActiveNetworkInfo :[type: WIFI[] - WIFI, state: CONNECTED/CONNECTED, reason: (unspecified), extra: "宣龙华的 iPhone (2)", roaming: false, failover: false, isAvailable: true, isConnectedToProvisioningNetwork: false]
08-08 23:49:06.278 D/ConnectivityService(  917): returning getNetworkInfo(networkType - 0) :[type: MOBILE[] - MOBILE, state: DISCONNECTED/DISCONNECTED, reason: (unspecified), extra: (none), roaming: false, failover: false, isAvailable: true, isConnectedToProvisioningNetwork: false]
08-08 23:49:06.288 I/PatchManager( 5260): 当前使用的SDK版本号【3070】, BuildNo:84
08-08 23:49:06.288 D/ConnectivityService(  917): returning getNetworkInfo(networkType - 1) :[type: WIFI[] - WIFI, state: CONNECTED/CONNECTED, reason: (unspecified), extra: "宣龙华的 iPhone (2)", roaming: false, failover: false, isAvailable: true, isConnectedToProvisioningNetwork: false]
08-08 23:49:06.288 D/ConnectivityService(  917): returning getActiveNetworkInfo :[type: WIFI[] - WIFI, state: CONNECTED/CONNECTED, reason: (unspecified), extra: "宣龙华的 iPhone (2)", roaming: false, failover: false, isAvailable: true, isConnectedToProvisioningNetwork: false]
08-08 23:49:06.298 I/System.out( 5260): (HTTPLog)-Static: isSBSettingEnabled false
08-08 23:49:06.298 I/System.out( 5260): KnoxVpnUidStorageknoxVpnSupported API value returned is false
08-08 23:49:06.298 I/m       ( 5260): QUA:selfUpdate-jce_3070/0384&NA/0384&5.0_21_0&67_120_14&samsung_SMN9006&NA&NA&V3
08-08 23:49:06.478 W/beacon  ( 5260): get app channel fail!
08-08 23:49:06.508 I/TMAssistantDownloadManager( 5260): enter
08-08 23:49:06.508 I/TMAssistantDownloadManager( 5260): clientKey: com.tencent.news
08-08 23:49:06.508 I/TMAssistantDownloadClientBase( 5260): enter
08-08 23:49:06.518 I/TMAssistantDownloadClientBase( 5260): context: com.tencent.tmassistant.Application@1c9c1ca2; clientKey: com.tencent.news; downloadServiceName: com.tencent.tmdownloader.TMAssistantDownloadService
08-08 23:49:06.518 I/TMAssistantDownloadClientBase( 5260): exit
08-08 23:49:06.518 I/TMSelfUpdate_TMAssistantDownloadSDKClient( 5260): enter
08-08 23:49:06.518 I/TMSelfUpdate_TMAssistantDownloadSDKClient( 5260): context: com.tencent.tmassistant.Application@1c9c1ca2; clientKey: com.tencent.news
08-08 23:49:06.518 I/TMSelfUpdate_TMAssistantDownloadSDKClient( 5260): exit
08-08 23:49:06.518 I/TMAssistantDownloadClientBase( 5260): enter
08-08 23:49:06.518 I/TMAssistantDownloadClientBase( 5260): clientKey:com.tencent.news,mServiceInterface:null,threadId:1
08-08 23:49:06.528 I/TMSelfUpdate_TMAssistantDownloadService( 5260): enter
08-08 23:49:06.528 I/m       ( 5260): QUA:selfUpdate-jce_3070/0384&NA/0384&5.0_21_0&67_120_14&samsung_SMN9006&NA&NA&V3
08-08 23:49:06.528 I/com.tencent.tmdownloader.sdkdownload.logreport.AppInstallReportReceiver( 5260): enter
08-08 23:49:06.528 I/com.tencent.tmdownloader.sdkdownload.logreport.AppInstallReportReceiver( 5260): registerReceiver ok
08-08 23:49:06.548 I/c       ( 5260):  dbversion:4 newVersion:4
08-08 23:49:06.548 I/c       ( 5260): tables count:9
08-08 23:49:06.548 I/c       ( 5260): sql=CREATE TABLE if not exists downloadInfo( _id INTEGER PRIMARY KEY AUTOINCREMENT, taskId INTEGER , uId TEXT, taskUrl TEXT, bakUrl TEXT,finalUrl TEXT, fileName TEXT, contentType TEXT, totalBytes INTEGER,status INTEGER,receivedBytes INTEGER,priority INTEGER, netType TEXT,downloadFailedErrCode INTEGER,downloadFailedTime INTEGER,headerParams TEXT,appId INTEGER,taskPakcageName TEXT,taskVersioncode TEXT,clientIp TEXT,startTime INTEGER,endTime INTEGER,downloadType INTEGER,uin INTEGER,uintype TEXT,via TEXT,channelId TEXT,traceId TEXT,extraData TEXT,fileSize INTEGER);
08-08 23:49:06.548 I/c       ( 5260): sql=CREATE TABLE if not exists settingInfo( _id INTEGER PRIMARY KEY AUTOINCREMENT, settingField TEXT , value TEXT,type TEXT);
08-08 23:49:06.548 I/c       ( 5260): sql=CREATE TABLE if not exists clientinfo( _id INTEGER PRIMARY KEY AUTOINCREMENT, clientId TEXT , taskId INTEGER, taskUrl TEXT);
08-08 23:49:06.558 I/c       ( 5260): sql=CREATE TABLE if not exists downloadLogData( _id INTEGER PRIMARY KEY AUTOINCREMENT, logData BLOB );
08-08 23:49:06.558 I/c       ( 5260): sql=CREATE TABLE if not exists businessDownloadLogData( _id INTEGER PRIMARY KEY AUTOINCREMENT, logData BLOB );
08-08 23:49:06.558 I/c       ( 5260): sql=CREATE TABLE if not exists InstallLogData( _id INTEGER PRIMARY KEY AUTOINCREMENT, logData BLOB );
08-08 23:49:06.558 I/c       ( 5260): sql=CREATE TABLE if not exists downloadChunkInfo( _id INTEGER PRIMARY KEY AUTOINCREMENT, taskId TEXT, downUrl TEXT, jumpUrl TEXT, finalDownloadUrl TEXT, contentType TEXT, netType TEXT, down_Size INTEGER, costTime INTEGER, startTime INTEGER, endTime INTEGER, taskResult INTEGER, result INTEGER);
08-08 23:49:06.558 I/c       ( 5260): sql=CREATE TABLE if not exists downloadQualityLogData( _id INTEGER PRIMARY KEY AUTOINCREMENT, logData BLOB );
08-08 23:49:06.558 I/c       ( 5260): sql=CREATE TABLE IF NOT EXISTS reportInfo( _id INTEGER PRIMARY KEY,key TEXT,type TEXT,blob BLOB);
08-08 23:49:06.558 E/SQLiteLog( 5260): (284) automatic index on clientinfo(taskUrl)
08-08 23:49:06.558 D/ConnectivityService(  917): returning getActiveNetworkInfo :[type: WIFI[] - WIFI, state: CONNECTED/CONNECTED, reason: (unspecified), extra: "宣龙华的 iPhone (2)", roaming: false, failover: false, isAvailable: true, isConnectedToProvisioningNetwork: false]
08-08 23:49:06.558 D/ConnectivityService(  917): returning getActiveNetworkInfo :[type: WIFI[] - WIFI, state: CONNECTED/CONNECTED, reason: (unspecified), extra: "宣龙华的 iPhone (2)", roaming: false, failover: false, isAvailable: true, isConnectedToProvisioningNetwork: false]
08-08 23:49:06.558 D/ConnectivityService(  917): returning getActiveNetworkInfo :[type: WIFI[] - WIFI, state: CONNECTED/CONNECTED, reason: (unspecified), extra: "宣龙华的 iPhone (2)", roaming: false, failover: false, isAvailable: true, isConnectedToProvisioningNetwork: false]
08-08 23:49:06.568 I/TMSelfUpdate_ApkDownloadManager( 5260): call AddDownloadListener, dl: com.tencent.tmdownloader.sdkdownload.downloadservice.a.c@13a5647f
08-08 23:49:06.568 I/TMSelfUpdate_ApkDownloadManager( 5260): Start to load DownloadInfo list.
08-08 23:49:06.568 I/TMSelfUpdate_ApkDownloadManager( 5260): The size of downloadinfo_list: 0
08-08 23:49:06.568 I/TMSelfUpdate_ApkDownloadManager( 5260): Add NetworkChangedObserver to NetworkMonitorReceiver
08-08 23:49:06.578 D/ConnectivityService(  917): returning getActiveNetworkInfo :[type: WIFI[] - WIFI, state: CONNECTED/CONNECTED, reason: (unspecified), extra: "宣龙华的 iPhone (2)", roaming: false, failover: false, isAvailable: true, isConnectedToProvisioningNetwork: false]
08-08 23:49:06.578 D/ConnectivityService(  917): returning getActiveNetworkInfo :[type: WIFI[] - WIFI, state: CONNECTED/CONNECTED, reason: (unspecified), extra: "宣龙华的 iPhone (2)", roaming: false, failover: false, isAvailable: true, isConnectedToProvisioningNetwork: false]
08-08 23:49:06.588 I/System.out( 5260): Thread-7778(ApacheHTTPLog):Reading from variable values from setDefaultValuesToVariables
08-08 23:49:06.588 D/ConnectivityService(  917): returning getActiveNetworkInfo :[type: WIFI[] - WIFI, state: CONNECTED/CONNECTED, reason: (unspecified), extra: "宣龙华的 iPhone (2)", roaming: false, failover: false, isAvailable: true, isConnectedToProvisioningNetwork: false]
08-08 23:49:06.598 I/System.out( 5260): Thread-7778(ApacheHTTPLog):isShipBuild true
08-08 23:49:06.598 I/System.out( 5260): Thread-7778(ApacheHTTPLog):SmartBonding Enabling is true, SHIP_BUILD is true, log to file is false, DBG is false
08-08 23:49:06.598 D/ConnectivityService(  917): returning getActiveNetworkInfo :[type: WIFI[] - WIFI, state: CONNECTED/CONNECTED, reason: (unspecified), extra: "宣龙华的 iPhone (2)", roaming: false, failover: false, isAvailable: true, isConnectedToProvisioningNetwork: false]
08-08 23:49:06.618 D/LocationManagerService(  917): getProviders()=[network]
08-08 23:49:06.618 D/LocationManagerService(  917): getBestProvider(Criteria[power=LOW acc=MEDIUM], false)=network
08-08 23:49:06.618 D/LocationManagerService(  917): getLastLocation: Request[POWER_LOW network requested=0 fastest=0 num=1]
08-08 23:49:06.618 I/getHelper( 5260): getHelper SDKHelper.get
08-08 23:49:06.618 D/ConnectivityService(  917): returning getActiveNetworkInfo :[type: WIFI[] - WIFI, state: CONNECTED/CONNECTED, reason: (unspecified), extra: "宣龙华的 iPhone (2)", roaming: false, failover: false, isAvailable: true, isConnectedToProvisioningNetwork: false]
08-08 23:49:06.628 I/c       ( 5260):  dbversion:6 newVersion:6
08-08 23:49:06.628 I/c       ( 5260): tables count:2
08-08 23:49:06.628 I/c       ( 5260): sql=CREATE TABLE if not exists st_data (_id INTEGER PRIMARY KEY AUTOINCREMENT,type INTEGER,data TEXT);
08-08 23:49:06.628 I/c       ( 5260): sql=CREATE TABLE if not exists setting (_id INTEGER PRIMARY KEY AUTOINCREMENT,uin TEXT,key TEXT,value TEXT,data BLOB);
08-08 23:49:06.628 I/TMSelfUpdate_TMAssistantDownloadService( 5260): exit
08-08 23:49:06.638 I/TMSelfUpdate_TMAssistantDownloadService( 5260): enter
08-08 23:49:06.638 I/TMSelfUpdate_TMAssistantDownloadService( 5260): intent:Intent { cmp=com.tencent.tmassistant/com.tencent.tmdownloader.TMAssistantDownloadService }
08-08 23:49:06.638 I/TMSelfUpdate_TMAssistantDownloadService( 5260): returnValue: com.tencent.tmdownloader.b@34aa38e4
08-08 23:49:06.638 D/ActivityManager(  917): startService callerProcessName:com.tencent.news, calleePkgName: com.tencent.news
08-08 23:49:06.638 D/ActivityManager(  917): caller:android.app.ApplicationThreadProxy@9618e00, r.packageName :com.tencent.news
08-08 23:49:06.648 I/TMSelfUpdate_TMAssistantDownloadService( 5260): exit
08-08 23:49:06.648 I/TMAssistantDownloadClientBase( 5260): returnValue: true
08-08 23:49:06.648 I/TMAssistantDownloadClientBase( 5260): exit
08-08 23:49:06.648 I/TMAssistantDownloadManager( 5260): add new SDKClient
08-08 23:49:06.648 I/TMAssistantDownloadManager( 5260): returnValue(client): com.tencent.tmdownloader.sdkdownload.downloadclient.c@9364138
08-08 23:49:06.648 I/TMAssistantDownloadManager( 5260): exit
08-08 23:49:06.648 I/TMAssistantDownloadManager( 5260): TMAssistantDownloadClient PackageInstallReceiverDownload register
08-08 23:49:06.648 I/m       ( 5260): QUA:selfUpdate-jce_3070/0384&NA/0384&5.0_21_0&67_120_14&samsung_SMN9006&NA&NA&V3
08-08 23:49:06.648 I/PatchManager( 5260): 当前使用的SDK版本号【3070】, BuildNo:84
08-08 23:49:06.658 I/TMAssistantDownloadManager( 5260): enter
08-08 23:49:06.658 I/TMAssistantDownloadManager( 5260): clientKey: com.tencent.news
08-08 23:49:06.658 I/TMAssistantDownloadManager( 5260): SDKClient exists
08-08 23:49:06.658 I/TMAssistantDownloadManager( 5260): returnValue(clientItem): com.tencent.tmdownloader.sdkdownload.downloadclient.c@9364138
08-08 23:49:06.658 I/TMAssistantDownloadManager( 5260): exit
08-08 23:49:06.658 I/System.out( 5260): KnoxVpnUidStorageknoxVpnSupported API value returned is false
08-08 23:49:06.658 I/TMSelfUpdate_TMAssistantDownloadSDKClient( 5260): enter
08-08 23:49:06.658 I/TMSelfUpdate_TMAssistantDownloadSDKClient( 5260): returnValue: true
08-08 23:49:06.658 I/TMSelfUpdate_TMAssistantDownloadSDKClient( 5260): exit
08-08 23:49:06.658 D/DLEntry ( 5260): initDownload: result = true
08-08 23:49:06.658 D/ConnectivityService(  917): returning getNetworkInfo(networkType - 1) :[type: WIFI[] - WIFI, state: CONNECTED/CONNECTED, reason: (unspecified), extra: "宣龙华的 iPhone (2)", roaming: false, failover: false, isAvailable: true, isConnectedToProvisioningNetwork: false]
08-08 23:49:06.668 I/NetworkMonitorReceiver( 5260): network changed!
08-08 23:49:06.668 I/TMAssistantDownloadClientBase( 5260): enter
08-08 23:49:06.668 I/TMAssistantDownloadClientBase( 5260): ComponentName:ComponentInfo{com.tencent.tmassistant/com.tencent.tmdownloader.TMAssistantDownloadService}; IBinder:com.tencent.tmdownloader.b@34aa38e4
08-08 23:49:06.668 I/TMAssistantDownloadClientBase( 5260): clientKey:com.tencent.news,mServiceInterface:com.tencent.tmdownloader.b@34aa38e4,IBinder:com.tencent.tmdownloader.b@34aa38e4,threadId:1
08-08 23:49:06.668 I/TMSelfUpdate_TMAssistantDownloadService( 5260): enter
08-08 23:49:06.668 I/TMSelfUpdate_TMAssistantDownloadService( 5260): clientKey:com.tencent.news
08-08 23:49:06.668 I/TMSelfUpdate_TMAssistantDownloadService( 5260): register callback
08-08 23:49:06.668 I/TMSelfUpdate_TMAssistantDownloadService( 5260): exit
08-08 23:49:06.668 I/TMAssistantDownloadClientBase( 5260): exit
08-08 23:49:06.668 D/ConnectivityService(  917): returning getNetworkInfo(networkType - 0) :[type: MOBILE[] - MOBILE, state: DISCONNECTED/DISCONNECTED, reason: (unspecified), extra: (none), roaming: false, failover: false, isAvailable: true, isConnectedToProvisioningNetwork: false]
08-08 23:49:06.678 D/ConnectivityService(  917): returning getActiveNetworkInfo :[type: WIFI[] - WIFI, state: CONNECTED/CONNECTED, reason: (unspecified), extra: "宣龙华的 iPhone (2)", roaming: false, failover: false, isAvailable: true, isConnectedToProvisioningNetwork: false]
08-08 23:49:06.728 D/ConnectivityService(  917): returning getActiveNetworkInfo :[type: WIFI[] - WIFI, state: CONNECTED/CONNECTED, reason: (unspecified), extra: "宣龙华的 iPhone (2)", roaming: false, failover: false, isAvailable: true, isConnectedToProvisioningNetwork: false]
08-08 23:49:06.728 D/ConnectivityService(  917): returning getActiveNetworkInfo :[type: WIFI[] - WIFI, state: CONNECTED/CONNECTED, reason: (unspecified), extra: "宣龙华的 iPhone (2)", roaming: false, failover: false, isAvailable: true, isConnectedToProvisioningNetwork: false]
08-08 23:49:06.728 D/ConnectivityService(  917): returning getActiveNetworkInfo :[type: WIFI[] - WIFI, state: CONNECTED/CONNECTED, reason: (unspecified), extra: "宣龙华的 iPhone (2)", roaming: false, failover: false, isAvailable: true, isConnectedToProvisioningNetwork: false]
08-08 23:49:06.738 I/System.out( 5260): pool-27-thread-2 calls detatch()
08-08 23:49:06.748 D/ConnectivityService(  917): returning getActiveNetworkInfo :[type: WIFI[] - WIFI, state: CONNECTED/CONNECTED, reason: (unspecified), extra: "宣龙华的 iPhone (2)", roaming: false, failover: false, isAvailable: true, isConnectedToProvisioningNetwork: false]
08-08 23:49:06.758 D/ConnectivityService(  917): returning getActiveNetworkInfo :[type: WIFI[] - WIFI, state: CONNECTED/CONNECTED, reason: (unspecified), extra: "宣龙华的 iPhone (2)", roaming: false, failover: false, isAvailable: true, isConnectedToProvisioningNetwork: false]
08-08 23:49:06.758 D/ConnectivityService(  917): returning getActiveNetworkInfo :[type: WIFI[] - WIFI, state: CONNECTED/CONNECTED, reason: (unspecified), extra: "宣龙华的 iPhone (2)", roaming: false, failover: false, isAvailable: true, isConnectedToProvisioningNetwork: false]
08-08 23:49:06.768 D/ConnectivityService(  917): returning getActiveNetworkInfo :[type: WIFI[] - WIFI, state: CONNECTED/CONNECTED, reason: (unspecified), extra: "宣龙华的 iPhone (2)", roaming: false, failover: false, isAvailable: true, isConnectedToProvisioningNetwork: false]
