08-09 23:35:59.534 D/StatusBar.NetworkController( 1180): refreshViews connected={ wifi } level=4 combinedSignalIconId=0x7f020553/com.android.systemui:drawable/stat_sys_wifi_signal_3 mobileLabel= wifiLabel="CU_d24p"xxxxXXXXxxxxXXXX emergencyOnly=true combinedLabel="CU_d24p"xxxxXXXXxxxxXXXX mAirplaneMode=false mDataActivity=0 mPhoneSignalIconId=0x7f0204e9/com.android.systemui:drawable/stat_sys_signal_4 mQSPhoneSignalIconId=0x7f020148/com.android.systemui:drawable/ic_qs_signal_4 mDataDirectionIconId=0x0/(null) mDataSignalIconId=0x7f0204e9/com.android.systemui:drawable/stat_sys_signal_4 mDataTypeIconId=0x0/(null) mQSDataTypeIconId=0x0/(null) mNoSimIconId=0x0/(null) mWifiIconId=0x7f020553/com.android.systemui:drawable/stat_sys_wifi_signal_3 mQSWifiIconId=0x7f02015d/com.android.systemui:drawable/ic_qs_wifi_3 mWifiActivityIconId=0x7f020529/com.android.systemui:drawable/stat_sys_signal_no_inout mBluetoothTetherIconId=0x10808f1/android:drawable/stat_sys_tether_bluetooth
08-09 23:35:59.534 D/STATUSBAR-WifiQuickSettingButton( 1180): onWifiSignalChanged enabled=true enabledDesc:"CU_d24p"
08-09 23:35:59.544 D/StatusBar.NetworkController( 1180): refreshSignalCluster - setNWBoosterIndicators(false)
08-09 23:35:59.544 D/StatusBar.NetworkController( 1180): applyCHN
08-09 23:35:59.554 D/StatusBar.NetworkController( 1180): refreshSignalCluster - setNWBoosterIndicators(false)
08-09 23:35:59.554 D/StatusBar.NetworkController( 1180): applyCHN
08-09 23:35:59.564 D/StatusBar.NetworkController( 1180): refreshSignalCluster - setNWBoosterIndicators(false)
08-09 23:35:59.564 D/StatusBar.NetworkController( 1180): applyCHN
08-09 23:35:59.564 D/StatusBar.NetworkController( 1180): refreshSignalCluster - setNWBoosterIndicators(false)
08-09 23:35:59.564 D/StatusBar.NetworkController( 1180): applyCHN
08-09 23:35:59.784 E/Watchdog(  933): !@Sync 369
08-09 23:35:59.984 V/AlarmManager(  933): waitForAlarm result :8
08-09 23:35:59.994 V/AlarmManager(  933): ___SyncScheduler (v3) ACTIVATED___
08-09 23:35:59.994 V/AlarmManagerEXT(  933): <AppSync3 Whitelist>
08-09 23:35:59.994 V/AlarmManagerEXT(  933): (AppSync) ### 0 added ###
08-09 23:36:00.004 D/KeyguardUpdateMonitor( 1180): received broadcast android.intent.action.TIME_TICK
08-09 23:36:00.004 D/KeyguardUpdateMonitor( 1180): handleTimeUpdate
08-09 23:36:00.004 D/KeyguardEffectViewController( 1180): onReceive action : android.intent.action.TIME_TICK
08-09 23:36:00.004 I/KeyguardEffectViewController( 1180): *** don't update sliding image ***
08-09 23:36:00.104 D/DateView( 1180): regionalDateFormat = 3333/11/22 isRTLlanguage = false returnDateFormat = MMMM d, E
08-09 23:36:00.114 D/DateView( 1180): regionalDateFormat = 3333/11/22 isRTLlanguage = false returnDateFormat = MMMM d, E
08-09 23:36:02.194 E/SMD     (  283): DCD ON
08-09 23:36:05.194 E/SMD     (  283): DCD ON
08-09 23:36:05.604 E/WifiStateMachine(  933): WifiStateMachine CMD_START_SCAN source 10015 txSuccessRate=0.13 rxSuccessRate=0.25 targetRoamBSSID=88:3f:d3:3f:82:d0 RSSI=-69
08-09 23:36:05.604 I/wpa_supplicant( 1157): wlan0: Setting scan request: 0 sec 0 usec
08-09 23:36:05.604 I/wpa_supplicant( 1157): P2P: Current p2p state = IDLE
08-09 23:36:05.604 D/WifiService(  933): startScan by pid=1373, uid=10015
08-09 23:36:05.624 I/wpa_supplicant( 1157): Scan requested (ret=0) - scan timeout 30 seconds
08-09 23:36:07.664 I/NLP     ( 1373): Location result:[location successful by Baidu], reason:[network location] locType=161
08-09 23:36:07.664 D/ConnectivityService(  933): returning getNetworkInfo(networkType - 1) :[type: WIFI[] - WIFI, state: CONNECTED/CONNECTED, reason: (unspecified), extra: "CU_d24p", roaming: false, failover: false, isAvailable: true, isConnectedToProvisioningNetwork: false]
08-09 23:36:07.674 W/NetworkLocation( 1373): BaiduNetworkLocationProvider1:BaiduNetworkLocationProvider1 : forceLocation: network provider not Enabled!
08-09 23:36:07.984 I/wpa_supplicant( 1157): nl80211: Received scan results (2 BSSes)
08-09 23:36:08.034 D/ActivityManager(  933): isDeviceAdminActiveApp false :com.android.systemui
08-09 23:36:08.034 D/ActivityManager(  933): isAutoRunBlockedApp:: com.android.systemui, Auto Run ON
08-09 23:36:08.184 E/SMD     (  283): DCD ON
08-09 23:36:08.734 D/SSRM:n  (  933): SIOP:: AP = 340, PST = 340, CUR = 450
08-09 23:36:11.194 E/SMD     (  283): DCD ON
08-09 23:36:14.194 E/SMD     (  283): DCD ON
08-09 23:36:15.634 D/WifiService(  933): startScan by pid=1373, uid=10015
08-09 23:36:15.644 E/WifiStateMachine(  933): WifiStateMachine CMD_START_SCAN source 10015 txSuccessRate=0.01 rxSuccessRate=0.02 targetRoamBSSID=88:3f:d3:3f:82:d0 RSSI=-66
08-09 23:36:15.644 I/wpa_supplicant( 1157): wlan0: Setting scan request: 0 sec 0 usec
08-09 23:36:15.644 I/wpa_supplicant( 1157): P2P: Current p2p state = IDLE
08-09 23:36:15.654 I/wpa_supplicant( 1157): Scan requested (ret=0) - scan timeout 30 seconds
08-09 23:36:17.194 E/SMD     (  283): DCD ON
08-09 23:36:17.694 I/NLP     ( 1373): Location result:[location successful by Baidu], reason:[network location] locType=161
08-09 23:36:17.694 D/ConnectivityService(  933): returning getNetworkInfo(networkType - 1) :[type: WIFI[] - WIFI, state: CONNECTED/CONNECTED, reason: (unspecified), extra: "CU_d24p", roaming: false, failover: false, isAvailable: true, isConnectedToProvisioningNetwork: false]
08-09 23:36:17.704 W/NetworkLocation( 1373): BaiduNetworkLocationProvider1:BaiduNetworkLocationProvider1 : forceLocation: network provider not Enabled!
08-09 23:36:18.034 I/wpa_supplicant( 1157): nl80211: Received scan results (2 BSSes)
08-09 23:36:18.084 D/ActivityManager(  933): isDeviceAdminActiveApp false :com.android.systemui
08-09 23:36:18.084 D/ActivityManager(  933): isAutoRunBlockedApp:: com.android.systemui, Auto Run ON
08-09 23:36:18.824 D/SSRM:n  (  933): SIOP:: AP = 340, PST = 340, CUR = 450
08-09 23:36:20.194 E/SMD     (  283): DCD ON
08-09 23:36:21.674 D/StatusBar.NetworkController( 1180): refreshViews connected={ wifi } level=4 combinedSignalIconId=0x7f020553/com.android.systemui:drawable/stat_sys_wifi_signal_3 mobileLabel= wifiLabel="CU_d24p"xxxxXXXXxxxxXXXX emergencyOnly=true combinedLabel="CU_d24p"xxxxXXXXxxxxXXXX mAirplaneMode=false mDataActivity=0 mPhoneSignalIconId=0x7f0204e9/com.android.systemui:drawable/stat_sys_signal_4 mQSPhoneSignalIconId=0x7f020148/com.android.systemui:drawable/ic_qs_signal_4 mDataDirectionIconId=0x0/(null) mDataSignalIconId=0x7f0204e9/com.android.systemui:drawable/stat_sys_signal_4 mDataTypeIconId=0x0/(null) mQSDataTypeIconId=0x0/(null) mNoSimIconId=0x0/(null) mWifiIconId=0x7f020553/com.android.systemui:drawable/stat_sys_wifi_signal_3 mQSWifiIconId=0x7f02015d/com.android.systemui:drawable/ic_qs_wifi_3 mWifiActivityIconId=0x7f020525/com.android.systemui:drawable/stat_sys_signal_in mBluetoothTetherIconId=0x10808f1/android:drawable/stat_sys_tether_bluetooth
08-09 23:36:21.674 D/STATUSBAR-WifiQuickSettingButton( 1180): onWifiSignalChanged enabled=true enabledDesc:"CU_d24p"
08-09 23:36:21.674 D/StatusBar.NetworkController( 1180): refreshSignalCluster - setNWBoosterIndicators(false)
08-09 23:36:21.674 D/StatusBar.NetworkController( 1180): applyCHN
08-09 23:36:21.684 D/StatusBar.NetworkController( 1180): refreshSignalCluster - setNWBoosterIndicators(false)
08-09 23:36:21.694 D/StatusBar.NetworkController( 1180): applyCHN
08-09 23:36:21.694 D/StatusBar.NetworkController( 1180): refreshSignalCluster - setNWBoosterIndicators(false)
08-09 23:36:21.694 D/StatusBar.NetworkController( 1180): applyCHN
08-09 23:36:21.694 D/StatusBar.NetworkController( 1180): refreshSignalCluster - setNWBoosterIndicators(false)
08-09 23:36:21.704 D/StatusBar.NetworkController( 1180): applyCHN
08-09 23:36:22.694 D/StatusBar.NetworkController( 1180): refreshViews connected={ wifi } level=4 combinedSignalIconId=0x7f020553/com.android.systemui:drawable/stat_sys_wifi_signal_3 mobileLabel= wifiLabel="CU_d24p"xxxxXXXXxxxxXXXX emergencyOnly=true combinedLabel="CU_d24p"xxxxXXXXxxxxXXXX mAirplaneMode=false mDataActivity=0 mPhoneSignalIconId=0x7f0204e9/com.android.systemui:drawable/stat_sys_signal_4 mQSPhoneSignalIconId=0x7f020148/com.android.systemui:drawable/ic_qs_signal_4 mDataDirectionIconId=0x0/(null) mDataSignalIconId=0x7f0204e9/com.android.systemui:drawable/stat_sys_signal_4 mDataTypeIconId=0x0/(null) mQSDataTypeIconId=0x0/(null) mNoSimIconId=0x0/(null) mWifiIconId=0x7f020553/com.android.systemui:drawable/stat_sys_wifi_signal_3 mQSWifiIconId=0x7f02015d/com.android.systemui:drawable/ic_qs_wifi_3 mWifiActivityIconId=0x7f020529/com.android.systemui:drawable/stat_sys_signal_no_inout mBluetoothTetherIconId=0x10808f1/android:drawable/stat_sys_tether_bluetooth
08-09 23:36:22.704 D/STATUSBAR-WifiQuickSettingButton( 1180): onWifiSignalChanged enabled=true enabledDesc:"CU_d24p"
08-09 23:36:22.704 D/StatusBar.NetworkController( 1180): refreshSignalCluster - setNWBoosterIndicators(false)
08-09 23:36:22.704 D/StatusBar.NetworkController( 1180): applyCHN
08-09 23:36:22.714 D/StatusBar.NetworkController( 1180): refreshSignalCluster - setNWBoosterIndicators(false)
08-09 23:36:22.714 D/StatusBar.NetworkController( 1180): applyCHN
08-09 23:36:22.724 D/StatusBar.NetworkController( 1180): refreshSignalCluster - setNWBoosterIndicators(false)
08-09 23:36:22.724 D/StatusBar.NetworkController( 1180): applyCHN
08-09 23:36:22.724 D/StatusBar.NetworkController( 1180): refreshSignalCluster - setNWBoosterIndicators(false)
08-09 23:36:22.724 D/StatusBar.NetworkController( 1180): applyCHN
08-09 23:36:23.204 E/SMD     (  283): DCD ON
08-09 23:36:23.264 D/TimaService(  933): TIMA: TimaService scheduler is intialized. 
08-09 23:36:23.264 D/TimaService(  933): TIMA: checkEvent, operation: 50000 subject: 10000
08-09 23:36:23.264 D/TimaService(  933): TimaServiceHandler.handleMessage what =1
08-09 23:36:23.934 D/BatteryService(  933): !@BatteryListener : batteryPropertiesChanged!
08-09 23:36:25.684 D/WifiService(  933): startScan by pid=1373, uid=10015
08-09 23:36:25.684 E/WifiStateMachine(  933): WifiStateMachine CMD_START_SCAN source 10015 txSuccessRate=0.00 rxSuccessRate=0.25 targetRoamBSSID=88:3f:d3:3f:82:d0 RSSI=-69
08-09 23:36:25.684 I/wpa_supplicant( 1157): wlan0: Setting scan request: 0 sec 0 usec
08-09 23:36:25.684 I/wpa_supplicant( 1157): P2P: Current p2p state = IDLE
08-09 23:36:25.694 I/wpa_supplicant( 1157): Scan requested (ret=0) - scan timeout 30 seconds
08-09 23:36:25.734 D/StatusBar.NetworkController( 1180): refreshViews connected={ wifi } level=4 combinedSignalIconId=0x7f020553/com.android.systemui:drawable/stat_sys_wifi_signal_3 mobileLabel= wifiLabel="CU_d24p"xxxxXXXXxxxxXXXX emergencyOnly=true combinedLabel="CU_d24p"xxxxXXXXxxxxXXXX mAirplaneMode=false mDataActivity=0 mPhoneSignalIconId=0x7f0204e9/com.android.systemui:drawable/stat_sys_signal_4 mQSPhoneSignalIconId=0x7f020148/com.android.systemui:drawable/ic_qs_signal_4 mDataDirectionIconId=0x0/(null) mDataSignalIconId=0x7f0204e9/com.android.systemui:drawable/stat_sys_signal_4 mDataTypeIconId=0x0/(null) mQSDataTypeIconId=0x0/(null) mNoSimIconId=0x0/(null) mWifiIconId=0x7f020553/com.android.systemui:drawable/stat_sys_wifi_signal_3 mQSWifiIconId=0x7f02015d/com.android.systemui:drawable/ic_qs_wifi_3 mWifiActivityIconId=0x7f020532/com.android.systemui:drawable/stat_sys_signal_out mBluetoothTetherIconId=0x10808f1/android:drawable/stat_sys_tether_bluetooth
08-09 23:36:25.734 D/STATUSBAR-WifiQuickSettingButton( 1180): onWifiSignalChanged enabled=true enabledDesc:"CU_d24p"
08-09 23:36:25.744 D/StatusBar.NetworkController( 1180): refreshSignalCluster - setNWBoosterIndicators(false)
08-09 23:36:25.744 D/StatusBar.NetworkController( 1180): applyCHN
08-09 23:36:25.754 D/StatusBar.NetworkController( 1180): refreshSignalCluster - setNWBoosterIndicators(false)
08-09 23:36:25.754 D/StatusBar.NetworkController( 1180): applyCHN
08-09 23:36:25.754 D/StatusBar.NetworkController( 1180): refreshSignalCluster - setNWBoosterIndicators(false)
08-09 23:36:25.754 D/StatusBar.NetworkController( 1180): applyCHN
08-09 23:36:25.754 D/StatusBar.NetworkController( 1180): refreshSignalCluster - setNWBoosterIndicators(false)
08-09 23:36:25.754 D/StatusBar.NetworkController( 1180): applyCHN
08-09 23:36:25.994 I/TLC_TIMA_PKM_measure_kernel(  933): TIMA: response_id = 3
08-09 23:36:25.994 I/TLC_TIMA_PKM_measure_kernel(  933): TIMA: response ret = 0, result_ondemand = MSG=Kernel Verification Success;
08-09 23:36:26.004 D/TimaService(  933): TIMA MEASUREMENT Result: TIMA_STATUS=0;MSG=Kernel Verification Success;
08-09 23:36:26.004 D/TimaService(  933): TIMA MEASUREMENT success status: TIMA_STATUS=0;MSG=Kernel Verification Success;
08-09 23:36:26.204 E/SMD     (  283): DCD ON
08-09 23:36:26.774 D/StatusBar.NetworkController( 1180): refreshViews connected={ wifi } level=4 combinedSignalIconId=0x7f020553/com.android.systemui:drawable/stat_sys_wifi_signal_3 mobileLabel= wifiLabel="CU_d24p"xxxxXXXXxxxxXXXX emergencyOnly=true combinedLabel="CU_d24p"xxxxXXXXxxxxXXXX mAirplaneMode=false mDataActivity=0 mPhoneSignalIconId=0x7f0204e9/com.android.systemui:drawable/stat_sys_signal_4 mQSPhoneSignalIconId=0x7f020148/com.android.systemui:drawable/ic_qs_signal_4 mDataDirectionIconId=0x0/(null) mDataSignalIconId=0x7f0204e9/com.android.systemui:drawable/stat_sys_signal_4 mDataTypeIconId=0x0/(null) mQSDataTypeIconId=0x0/(null) mNoSimIconId=0x0/(null) mWifiIconId=0x7f020553/com.android.systemui:drawable/stat_sys_wifi_signal_3 mQSWifiIconId=0x7f02015d/com.android.systemui:drawable/ic_qs_wifi_3 mWifiActivityIconId=0x7f020529/com.android.systemui:drawable/stat_sys_signal_no_inout mBluetoothTetherIconId=0x10808f1/android:drawable/stat_sys_tether_bluetooth
08-09 23:36:26.774 D/STATUSBAR-WifiQuickSettingButton( 1180): onWifiSignalChanged enabled=true enabledDesc:"CU_d24p"
08-09 23:36:26.774 D/StatusBar.NetworkController( 1180): refreshSignalCluster - setNWBoosterIndicators(false)
08-09 23:36:26.774 D/StatusBar.NetworkController( 1180): applyCHN
08-09 23:36:26.794 D/StatusBar.NetworkController( 1180): refreshSignalCluster - setNWBoosterIndicators(false)
08-09 23:36:26.794 D/StatusBar.NetworkController( 1180): applyCHN
08-09 23:36:26.794 D/StatusBar.NetworkController( 1180): refreshSignalCluster - setNWBoosterIndicators(false)
08-09 23:36:26.794 D/StatusBar.NetworkController( 1180): applyCHN
08-09 23:36:26.794 D/StatusBar.NetworkController( 1180): refreshSignalCluster - setNWBoosterIndicators(false)
08-09 23:36:26.804 D/StatusBar.NetworkController( 1180): applyCHN
08-09 23:36:27.754 I/NLP     ( 1373): Location result:[location successful by Baidu], reason:[network location] locType=161
08-09 23:36:27.754 W/NetworkLocation( 1373): BaiduNetworkLocationProvider1:BaiduNetworkLocationProvider1 : forceLocation: network provider not Enabled!
08-09 23:36:27.754 D/ConnectivityService(  933): returning getNetworkInfo(networkType - 1) :[type: WIFI[] - WIFI, state: CONNECTED/CONNECTED, reason: (unspecified), extra: "CU_d24p", roaming: false, failover: false, isAvailable: true, isConnectedToProvisioningNetwork: false]
08-09 23:36:28.054 I/wpa_supplicant( 1157): nl80211: Received scan results (2 BSSes)
08-09 23:36:28.094 D/ActivityManager(  933): isDeviceAdminActiveApp false :com.android.systemui
08-09 23:36:28.094 D/ActivityManager(  933): isAutoRunBlockedApp:: com.android.systemui, Auto Run ON
08-09 23:36:28.884 D/SSRM:n  (  933): SIOP:: AP = 340, PST = 340, CUR = 450
08-09 23:36:28.964 I/PowerManagerService(  933): [PWL] On : 1423017 (9697884 ms ago)
08-09 23:36:28.964 I/PowerManagerService(  933): [PWL]  mStayOn: true  mWakeLockSummary & WAKE_LOCK_STAY_AWAKE: 0  mUserActivitySummary: 0x4
08-09 23:36:29.204 E/SMD     (  283): DCD ON
08-09 23:36:29.784 E/Watchdog(  933): !@Sync 370
08-09 23:36:32.204 E/SMD     (  283): DCD ON
08-09 23:36:35.204 E/SMD     (  283): DCD ON
08-09 23:36:35.704 D/WifiService(  933): startScan by pid=1373, uid=10015
08-09 23:36:35.704 E/WifiStateMachine(  933): WifiStateMachine CMD_START_SCAN source 10015 txSuccessRate=0.13 rxSuccessRate=0.03 targetRoamBSSID=88:3f:d3:3f:82:d0 RSSI=-66
08-09 23:36:35.704 I/wpa_supplicant( 1157): wlan0: Setting scan request: 0 sec 0 usec
08-09 23:36:35.704 I/wpa_supplicant( 1157): P2P: Current p2p state = IDLE
08-09 23:36:35.724 I/wpa_supplicant( 1157): Scan requested (ret=0) - scan timeout 30 seconds
08-09 23:36:37.744 I/NLP     ( 1373): Location result:[location successful by Baidu], reason:[network location] locType=161
08-09 23:36:37.744 D/ConnectivityService(  933): returning getNetworkInfo(networkType - 1) :[type: WIFI[] - WIFI, state: CONNECTED/CONNECTED, reason: (unspecified), extra: "CU_d24p", roaming: false, failover: false, isAvailable: true, isConnectedToProvisioningNetwork: false]
08-09 23:36:37.754 W/NetworkLocation( 1373): BaiduNetworkLocationProvider1:BaiduNetworkLocationProvider1 : forceLocation: network provider not Enabled!
08-09 23:36:38.074 I/wpa_supplicant( 1157): nl80211: Received scan results (2 BSSes)
08-09 23:36:38.124 D/ActivityManager(  933): isDeviceAdminActiveApp false :com.android.systemui
08-09 23:36:38.124 D/ActivityManager(  933): isAutoRunBlockedApp:: com.android.systemui, Auto Run ON
08-09 23:36:38.204 E/SMD     (  283): DCD ON
08-09 23:36:38.964 D/SSRM:n  (  933): SIOP:: AP = 340, PST = 340, CUR = 450
08-09 23:36:41.194 E/SMD     (  283): DCD ON
08-09 23:36:44.204 E/SMD     (  283): DCD ON
08-09 23:36:45.734 D/WifiService(  933): startScan by pid=1373, uid=10015
08-09 23:36:45.754 E/WifiStateMachine(  933): WifiStateMachine CMD_START_SCAN source 10015 txSuccessRate=0.01 rxSuccessRate=0.00 targetRoamBSSID=88:3f:d3:3f:82:d0 RSSI=-68
08-09 23:36:45.754 I/wpa_supplicant( 1157): wlan0: Setting scan request: 0 sec 0 usec
08-09 23:36:45.754 I/wpa_supplicant( 1157): P2P: Current p2p state = IDLE
08-09 23:36:45.754 I/wpa_supplicant( 1157): Scan requested (ret=0) - scan timeout 30 seconds
08-09 23:36:47.204 E/SMD     (  283): DCD ON
08-09 23:36:47.794 I/NLP     ( 1373): Location result:[location successful by Baidu], reason:[network location] locType=161
08-09 23:36:47.804 W/NetworkLocation( 1373): BaiduNetworkLocationProvider1:BaiduNetworkLocationProvider1 : forceLocation: network provider not Enabled!
08-09 23:36:47.804 D/ConnectivityService(  933): returning getNetworkInfo(networkType - 1) :[type: WIFI[] - WIFI, state: CONNECTED/CONNECTED, reason: (unspecified), extra: "CU_d24p", roaming: false, failover: false, isAvailable: true, isConnectedToProvisioningNetwork: false]
08-09 23:36:48.124 I/wpa_supplicant( 1157): nl80211: Received scan results (2 BSSes)
08-09 23:36:48.174 D/ActivityManager(  933): isDeviceAdminActiveApp false :com.android.systemui
08-09 23:36:48.174 D/ActivityManager(  933): isAutoRunBlockedApp:: com.android.systemui, Auto Run ON
08-09 23:36:48.914 D/StatusBar.NetworkController( 1180): refreshViews connected={ wifi } level=4 combinedSignalIconId=0x7f020553/com.android.systemui:drawable/stat_sys_wifi_signal_3 mobileLabel= wifiLabel="CU_d24p"xxxxXXXXxxxxXXXX emergencyOnly=true combinedLabel="CU_d24p"xxxxXXXXxxxxXXXX mAirplaneMode=false mDataActivity=0 mPhoneSignalIconId=0x7f0204e9/com.android.systemui:drawable/stat_sys_signal_4 mQSPhoneSignalIconId=0x7f020148/com.android.systemui:drawable/ic_qs_signal_4 mDataDirectionIconId=0x0/(null) mDataSignalIconId=0x7f0204e9/com.android.systemui:drawable/stat_sys_signal_4 mDataTypeIconId=0x0/(null) mQSDataTypeIconId=0x0/(null) mNoSimIconId=0x0/(null) mWifiIconId=0x7f020553/com.android.systemui:drawable/stat_sys_wifi_signal_3 mQSWifiIconId=0x7f02015d/com.android.systemui:drawable/ic_qs_wifi_3 mWifiActivityIconId=0x7f020527/com.android.systemui:drawable/stat_sys_signal_inout mBluetoothTetherIconId=0x10808f1/android:drawable/stat_sys_tether_bluetooth
08-09 23:36:48.914 D/STATUSBAR-WifiQuickSettingButton( 1180): onWifiSignalChanged enabled=true enabledDesc:"CU_d24p"
08-09 23:36:48.924 D/StatusBar.NetworkController( 1180): refreshSignalCluster - setNWBoosterIndicators(false)
08-09 23:36:48.924 D/StatusBar.NetworkController( 1180): applyCHN
08-09 23:36:48.934 D/StatusBar.NetworkController( 1180): refreshSignalCluster - setNWBoosterIndicators(false)
08-09 23:36:48.934 D/StatusBar.NetworkController( 1180): applyCHN
08-09 23:36:48.944 D/StatusBar.NetworkController( 1180): refreshSignalCluster - setNWBoosterIndicators(false)
08-09 23:36:48.944 D/StatusBar.NetworkController( 1180): applyCHN
08-09 23:36:48.944 D/StatusBar.NetworkController( 1180): refreshSignalCluster - setNWBoosterIndicators(false)
08-09 23:36:48.944 D/StatusBar.NetworkController( 1180): applyCHN
08-09 23:36:49.054 D/SSRM:n  (  933): SIOP:: AP = 340, PST = 340, CUR = 450
08-09 23:36:49.944 D/StatusBar.NetworkController( 1180): refreshViews connected={ wifi } level=4 combinedSignalIconId=0x7f020553/com.android.systemui:drawable/stat_sys_wifi_signal_3 mobileLabel= wifiLabel="CU_d24p"xxxxXXXXxxxxXXXX emergencyOnly=true combinedLabel="CU_d24p"xxxxXXXXxxxxXXXX mAirplaneMode=false mDataActivity=0 mPhoneSignalIconId=0x7f0204e9/com.android.systemui:drawable/stat_sys_signal_4 mQSPhoneSignalIconId=0x7f020148/com.android.systemui:drawable/ic_qs_signal_4 mDataDirectionIconId=0x0/(null) mDataSignalIconId=0x7f0204e9/com.android.systemui:drawable/stat_sys_signal_4 mDataTypeIconId=0x0/(null) mQSDataTypeIconId=0x0/(null) mNoSimIconId=0x0/(null) mWifiIconId=0x7f020553/com.android.systemui:drawable/stat_sys_wifi_signal_3 mQSWifiIconId=0x7f02015d/com.android.systemui:drawable/ic_qs_wifi_3 mWifiActivityIconId=0x7f020529/com.android.systemui:drawable/stat_sys_signal_no_inout mBluetoothTetherIconId=0x10808f1/android:drawable/stat_sys_tether_bluetooth
08-09 23:36:49.944 D/STATUSBAR-WifiQuickSettingButton( 1180): onWifiSignalChanged enabled=true enabledDesc:"CU_d24p"
08-09 23:36:49.944 D/StatusBar.NetworkController( 1180): refreshSignalCluster - setNWBoosterIndicators(false)
08-09 23:36:49.954 D/StatusBar.NetworkController( 1180): applyCHN
08-09 23:36:49.964 D/StatusBar.NetworkController( 1180): refreshSignalCluster - setNWBoosterIndicators(false)
08-09 23:36:49.964 D/StatusBar.NetworkController( 1180): applyCHN
08-09 23:36:49.964 D/StatusBar.NetworkController( 1180): refreshSignalCluster - setNWBoosterIndicators(false)
08-09 23:36:49.974 D/StatusBar.NetworkController( 1180): applyCHN
08-09 23:36:49.974 D/StatusBar.NetworkController( 1180): refreshSignalCluster - setNWBoosterIndicators(false)
08-09 23:36:49.974 D/StatusBar.NetworkController( 1180): applyCHN
08-09 23:36:50.204 E/SMD     (  283): DCD ON
08-09 23:36:50.974 D/StatusBar.NetworkController( 1180): refreshViews connected={ wifi } level=4 combinedSignalIconId=0x7f020553/com.android.systemui:drawable/stat_sys_wifi_signal_3 mobileLabel= wifiLabel="CU_d24p"xxxxXXXXxxxxXXXX emergencyOnly=true combinedLabel="CU_d24p"xxxxXXXXxxxxXXXX mAirplaneMode=false mDataActivity=0 mPhoneSignalIconId=0x7f0204e9/com.android.systemui:drawable/stat_sys_signal_4 mQSPhoneSignalIconId=0x7f020148/com.android.systemui:drawable/ic_qs_signal_4 mDataDirectionIconId=0x0/(null) mDataSignalIconId=0x7f0204e9/com.android.systemui:drawable/stat_sys_signal_4 mDataTypeIconId=0x0/(null) mQSDataTypeIconId=0x0/(null) mNoSimIconId=0x0/(null) mWifiIconId=0x7f020553/com.android.systemui:drawable/stat_sys_wifi_signal_3 mQSWifiIconId=0x7f02015d/com.android.systemui:drawable/ic_qs_wifi_3 mWifiActivityIconId=0x7f020525/com.android.systemui:drawable/stat_sys_signal_in mBluetoothTetherIconId=0x10808f1/android:drawable/stat_sys_tether_bluetooth
08-09 23:36:50.974 D/STATUSBAR-WifiQuickSettingButton( 1180): onWifiSignalChanged enabled=true enabledDesc:"CU_d24p"
08-09 23:36:50.974 D/StatusBar.NetworkController( 1180): refreshSignalCluster - setNWBoosterIndicators(false)
08-09 23:36:50.974 D/StatusBar.NetworkController( 1180): applyCHN
08-09 23:36:50.994 D/StatusBar.NetworkController( 1180): refreshSignalCluster - setNWBoosterIndicators(false)
08-09 23:36:50.994 D/StatusBar.NetworkController( 1180): applyCHN
08-09 23:36:50.994 D/StatusBar.NetworkController( 1180): refreshSignalCluster - setNWBoosterIndicators(false)
08-09 23:36:50.994 D/StatusBar.NetworkController( 1180): applyCHN
08-09 23:36:51.004 D/StatusBar.NetworkController( 1180): refreshSignalCluster - setNWBoosterIndicators(false)
08-09 23:36:51.004 D/StatusBar.NetworkController( 1180): applyCHN
08-09 23:36:53.204 E/SMD     (  283): DCD ON
08-09 23:36:53.204 V/AlarmManager(  933): waitForAlarm result :8
08-09 23:36:55.014 D/StatusBar.NetworkController( 1180): refreshViews connected={ wifi } level=4 combinedSignalIconId=0x7f020553/com.android.systemui:drawable/stat_sys_wifi_signal_3 mobileLabel= wifiLabel="CU_d24p"xxxxXXXXxxxxXXXX emergencyOnly=true combinedLabel="CU_d24p"xxxxXXXXxxxxXXXX mAirplaneMode=false mDataActivity=0 mPhoneSignalIconId=0x7f0204e9/com.android.systemui:drawable/stat_sys_signal_4 mQSPhoneSignalIconId=0x7f020148/com.android.systemui:drawable/ic_qs_signal_4 mDataDirectionIconId=0x0/(null) mDataSignalIconId=0x7f0204e9/com.android.systemui:drawable/stat_sys_signal_4 mDataTypeIconId=0x0/(null) mQSDataTypeIconId=0x0/(null) mNoSimIconId=0x0/(null) mWifiIconId=0x7f020553/com.android.systemui:drawable/stat_sys_wifi_signal_3 mQSWifiIconId=0x7f02015d/com.android.systemui:drawable/ic_qs_wifi_3 mWifiActivityIconId=0x7f020529/com.android.systemui:drawable/stat_sys_signal_no_inout mBluetoothTetherIconId=0x10808f1/android:drawable/stat_sys_tether_bluetooth
08-09 23:36:55.014 D/STATUSBAR-WifiQuickSettingButton( 1180): onWifiSignalChanged enabled=true enabledDesc:"CU_d24p"
08-09 23:36:55.024 D/StatusBar.NetworkController( 1180): refreshSignalCluster - setNWBoosterIndicators(false)
08-09 23:36:55.024 D/StatusBar.NetworkController( 1180): applyCHN
08-09 23:36:55.034 D/StatusBar.NetworkController( 1180): refreshSignalCluster - setNWBoosterIndicators(false)
08-09 23:36:55.034 D/StatusBar.NetworkController( 1180): applyCHN
08-09 23:36:55.044 D/StatusBar.NetworkController( 1180): refreshSignalCluster - setNWBoosterIndicators(false)
08-09 23:36:55.044 D/StatusBar.NetworkController( 1180): applyCHN
08-09 23:36:55.044 D/StatusBar.NetworkController( 1180): refreshSignalCluster - setNWBoosterIndicators(false)
08-09 23:36:55.044 D/StatusBar.NetworkController( 1180): applyCHN
08-09 23:36:55.784 D/WifiService(  933): startScan by pid=1373, uid=10015
08-09 23:36:55.794 E/WifiStateMachine(  933): WifiStateMachine CMD_START_SCAN source 10015 txSuccessRate=0.13 rxSuccessRate=5.13 targetRoamBSSID=88:3f:d3:3f:82:d0 RSSI=-68
08-09 23:36:55.794 I/wpa_supplicant( 1157): wlan0: Setting scan request: 0 sec 0 usec
08-09 23:36:55.804 I/wpa_supplicant( 1157): P2P: Current p2p state = IDLE
08-09 23:36:55.814 I/wpa_supplicant( 1157): Scan requested (ret=0) - scan timeout 30 seconds
08-09 23:36:56.204 E/SMD     (  283): DCD ON
08-09 23:36:57.864 I/NLP     ( 1373): Location result:[location successful by Baidu], reason:[network location] locType=161
08-09 23:36:57.874 W/NetworkLocation( 1373): BaiduNetworkLocationProvider1:BaiduNetworkLocationProvider1 : forceLocation: network provider not Enabled!
08-09 23:36:57.874 D/ConnectivityService(  933): returning getNetworkInfo(networkType - 1) :[type: WIFI[] - WIFI, state: CONNECTED/CONNECTED, reason: (unspecified), extra: "CU_d24p", roaming: false, failover: false, isAvailable: true, isConnectedToProvisioningNetwork: false]
08-09 23:36:58.064 D/StatusBar.NetworkController( 1180): refreshViews connected={ wifi } level=4 combinedSignalIconId=0x7f020553/com.android.systemui:drawable/stat_sys_wifi_signal_3 mobileLabel= wifiLabel="CU_d24p"xxxxXXXXxxxxXXXX emergencyOnly=true combinedLabel="CU_d24p"xxxxXXXXxxxxXXXX mAirplaneMode=false mDataActivity=0 mPhoneSignalIconId=0x7f0204e9/com.android.systemui:drawable/stat_sys_signal_4 mQSPhoneSignalIconId=0x7f020148/com.android.systemui:drawable/ic_qs_signal_4 mDataDirectionIconId=0x0/(null) mDataSignalIconId=0x7f0204e9/com.android.systemui:drawable/stat_sys_signal_4 mDataTypeIconId=0x0/(null) mQSDataTypeIconId=0x0/(null) mNoSimIconId=0x0/(null) mWifiIconId=0x7f020553/com.android.systemui:drawable/stat_sys_wifi_signal_3 mQSWifiIconId=0x7f02015d/com.android.systemui:drawable/ic_qs_wifi_3 mWifiActivityIconId=0x7f020525/com.android.systemui:drawable/stat_sys_signal_in mBluetoothTetherIconId=0x10808f1/android:drawable/stat_sys_tether_bluetooth
08-09 23:36:58.064 D/STATUSBAR-WifiQuickSettingButton( 1180): onWifiSignalChanged enabled=true enabledDesc:"CU_d24p"
08-09 23:36:58.064 D/StatusBar.NetworkController( 1180): refreshSignalCluster - setNWBoosterIndicators(false)
08-09 23:36:58.064 D/StatusBar.NetworkController( 1180): applyCHN
08-09 23:36:58.084 D/StatusBar.NetworkController( 1180): refreshSignalCluster - setNWBoosterIndicators(false)
08-09 23:36:58.084 D/StatusBar.NetworkController( 1180): applyCHN
08-09 23:36:58.084 D/StatusBar.NetworkController( 1180): refreshSignalCluster - setNWBoosterIndicators(false)
08-09 23:36:58.084 D/StatusBar.NetworkController( 1180): applyCHN
08-09 23:36:58.084 D/StatusBar.NetworkController( 1180): refreshSignalCluster - setNWBoosterIndicators(false)
08-09 23:36:58.094 D/StatusBar.NetworkController( 1180): applyCHN
08-09 23:36:58.174 I/wpa_supplicant( 1157): nl80211: Received scan results (2 BSSes)
08-09 23:36:58.224 D/ActivityManager(  933): isDeviceAdminActiveApp false :com.android.systemui
08-09 23:36:58.224 D/ActivityManager(  933): isAutoRunBlockedApp:: com.android.systemui, Auto Run ON
08-09 23:36:59.094 D/StatusBar.NetworkController( 1180): refreshViews connected={ wifi } level=4 combinedSignalIconId=0x7f020553/com.android.systemui:drawable/stat_sys_wifi_signal_3 mobileLabel= wifiLabel="CU_d24p"xxxxXXXXxxxxXXXX emergencyOnly=true combinedLabel="CU_d24p"xxxxXXXXxxxxXXXX mAirplaneMode=false mDataActivity=0 mPhoneSignalIconId=0x7f0204e9/com.android.systemui:drawable/stat_sys_signal_4 mQSPhoneSignalIconId=0x7f020148/com.android.systemui:drawable/ic_qs_signal_4 mDataDirectionIconId=0x0/(null) mDataSignalIconId=0x7f0204e9/com.android.systemui:drawable/stat_sys_signal_4 mDataTypeIconId=0x0/(null) mQSDataTypeIconId=0x0/(null) mNoSimIconId=0x0/(null) mWifiIconId=0x7f020553/com.android.systemui:drawable/stat_sys_wifi_signal_3 mQSWifiIconId=0x7f02015d/com.android.systemui:drawable/ic_qs_wifi_3 mWifiActivityIconId=0x7f020529/com.android.systemui:drawable/stat_sys_signal_no_inout mBluetoothTetherIconId=0x10808f1/android:drawable/stat_sys_tether_bluetooth
08-09 23:36:59.094 D/STATUSBAR-WifiQuickSettingButton( 1180): onWifiSignalChanged enabled=true enabledDesc:"CU_d24p"
08-09 23:36:59.094 D/StatusBar.NetworkController( 1180): refreshSignalCluster - setNWBoosterIndicators(false)
08-09 23:36:59.104 D/StatusBar.NetworkController( 1180): applyCHN
08-09 23:36:59.114 D/StatusBar.NetworkController( 1180): refreshSignalCluster - setNWBoosterIndicators(false)
08-09 23:36:59.114 D/StatusBar.NetworkController( 1180): applyCHN
08-09 23:36:59.114 D/StatusBar.NetworkController( 1180): refreshSignalCluster - setNWBoosterIndicators(false)
08-09 23:36:59.124 D/StatusBar.NetworkController( 1180): applyCHN
08-09 23:36:59.124 D/SSRM:n  (  933): SIOP:: AP = 340, PST = 340, CUR = 450
08-09 23:36:59.134 D/StatusBar.NetworkController( 1180): refreshSignalCluster - setNWBoosterIndicators(false)
08-09 23:36:59.134 D/StatusBar.NetworkController( 1180): applyCHN
08-09 23:36:59.204 E/SMD     (  283): DCD ON
08-09 23:36:59.784 E/Watchdog(  933): !@Sync 371
08-09 23:36:59.994 V/AlarmManager(  933): waitForAlarm result :8
08-09 23:37:00.004 D/KeyguardUpdateMonitor( 1180): received broadcast android.intent.action.TIME_TICK
08-09 23:37:00.004 D/KeyguardUpdateMonitor( 1180): handleTimeUpdate
08-09 23:37:00.004 D/KeyguardEffectViewController( 1180): onReceive action : android.intent.action.TIME_TICK
08-09 23:37:00.004 I/KeyguardEffectViewController( 1180): *** don't update sliding image ***
08-09 23:37:00.084 D/DateView( 1180): regionalDateFormat = 3333/11/22 isRTLlanguage = false returnDateFormat = MMMM d, E
08-09 23:37:00.094 D/DateView( 1180): regionalDateFormat = 3333/11/22 isRTLlanguage = false returnDateFormat = MMMM d, E
08-09 23:37:02.204 E/SMD     (  283): DCD ON
08-09 23:37:03.234 V/AlarmManager(  933): waitForAlarm result :4
08-09 23:37:03.304 D/BatteryService(  933): !@BatteryListener : batteryPropertiesChanged!
08-09 23:37:04.534 D/ConnectivityService(  933): returning getActiveNetworkInfo :[type: WIFI[] - WIFI, state: CONNECTED/CONNECTED, reason: (unspecified), extra: "CU_d24p", roaming: false, failover: false, isAvailable: true, isConnectedToProvisioningNetwork: false]
08-09 23:37:04.534 D/ConnectivityService(  933): returning getNetworkInfo(networkType - 1) :[type: WIFI[] - WIFI, state: CONNECTED/CONNECTED, reason: (unspecified), extra: "CU_d24p", roaming: false, failover: false, isAvailable: true, isConnectedToProvisioningNetwork: false]
08-09 23:37:05.204 E/SMD     (  283): DCD ON
08-09 23:37:05.834 D/WifiService(  933): startScan by pid=1373, uid=10015
08-09 23:37:05.834 E/WifiStateMachine(  933): WifiStateMachine CMD_START_SCAN source 10015 txSuccessRate=0.02 rxSuccessRate=0.89 targetRoamBSSID=88:3f:d3:3f:82:d0 RSSI=-68
08-09 23:37:05.834 I/wpa_supplicant( 1157): wlan0: Setting scan request: 0 sec 0 usec
08-09 23:37:05.834 I/wpa_supplicant( 1157): P2P: Current p2p state = IDLE
08-09 23:37:05.844 I/wpa_supplicant( 1157): Scan requested (ret=0) - scan timeout 30 seconds
08-09 23:37:07.894 I/NLP     ( 1373): Location result:[location successful by Baidu], reason:[network location] locType=161
08-09 23:37:07.904 D/ConnectivityService(  933): returning getNetworkInfo(networkType - 1) :[type: WIFI[] - WIFI, state: CONNECTED/CONNECTED, reason: (unspecified), extra: "CU_d24p", roaming: false, failover: false, isAvailable: true, isConnectedToProvisioningNetwork: false]
08-09 23:37:07.914 W/NetworkLocation( 1373): BaiduNetworkLocationProvider1:BaiduNetworkLocationProvider1 : forceLocation: network provider not Enabled!
08-09 23:37:08.204 E/SMD     (  283): DCD ON
08-09 23:37:08.214 I/wpa_supplicant( 1157): nl80211: Received scan results (2 BSSes)
08-09 23:37:08.244 D/ActivityManager(  933): isDeviceAdminActiveApp false :com.android.systemui
08-09 23:37:08.244 D/ActivityManager(  933): isAutoRunBlockedApp:: com.android.systemui, Auto Run ON
08-09 23:37:09.214 D/SSRM:n  (  933): SIOP:: AP = 340, PST = 340, CUR = 450
08-09 23:37:09.434 V/AlarmManager(  933): waitForAlarm result :4
08-09 23:37:09.434 D/ActivityManager(  933): isDeviceAdminActiveApp false :com.tencent.news
08-09 23:37:09.434 E/ActivityManager(  933): isAutoRunBlockedApp:: com.tencent.news, Auto Run OFF
08-09 23:37:09.464 D/ConnectivityService(  933): returning getActiveNetworkInfo :[type: WIFI[] - WIFI, state: CONNECTED/CONNECTED, reason: (unspecified), extra: "CU_d24p", roaming: false, failover: false, isAvailable: true, isConnectedToProvisioningNetwork: false]
08-09 23:37:09.474 I/KeepAlive(15556): onCheckState
08-09 23:37:09.474 D/ConnectivityService(  933): returning getActiveNetworkInfo :[type: WIFI[] - WIFI, state: CONNECTED/CONNECTED, reason: (unspecified), extra: "CU_d24p", roaming: false, failover: false, isAvailable: true, isConnectedToProvisioningNetwork: false]
08-09 23:37:09.504 I/KeepAlive(15556): Check Push Process Importance [300], isFocus [false].
08-09 23:37:09.504 I/KeepAlive(15556): onCloseOffScreenActivity
08-09 23:37:10.174 D/StatusBar.NetworkController( 1180): refreshViews connected={ wifi } level=4 combinedSignalIconId=0x7f020553/com.android.systemui:drawable/stat_sys_wifi_signal_3 mobileLabel= wifiLabel="CU_d24p"xxxxXXXXxxxxXXXX emergencyOnly=true combinedLabel="CU_d24p"xxxxXXXXxxxxXXXX mAirplaneMode=false mDataActivity=0 mPhoneSignalIconId=0x7f0204e9/com.android.systemui:drawable/stat_sys_signal_4 mQSPhoneSignalIconId=0x7f020148/com.android.systemui:drawable/ic_qs_signal_4 mDataDirectionIconId=0x0/(null) mDataSignalIconId=0x7f0204e9/com.android.systemui:drawable/stat_sys_signal_4 mDataTypeIconId=0x0/(null) mQSDataTypeIconId=0x0/(null) mNoSimIconId=0x0/(null) mWifiIconId=0x7f020553/com.android.systemui:drawable/stat_sys_wifi_signal_3 mQSWifiIconId=0x7f02015d/com.android.systemui:drawable/ic_qs_wifi_3 mWifiActivityIconId=0x7f020527/com.android.systemui:drawable/stat_sys_signal_inout mBluetoothTetherIconId=0x10808f1/android:drawable/stat_sys_tether_bluetooth
08-09 23:37:10.174 D/STATUSBAR-WifiQuickSettingButton( 1180): onWifiSignalChanged enabled=true enabledDesc:"CU_d24p"
08-09 23:37:10.174 D/StatusBar.NetworkController( 1180): refreshSignalCluster - setNWBoosterIndicators(false)
08-09 23:37:10.184 D/StatusBar.NetworkController( 1180): applyCHN
08-09 23:37:10.194 D/StatusBar.NetworkController( 1180): refreshSignalCluster - setNWBoosterIndicators(false)
08-09 23:37:10.194 D/StatusBar.NetworkController( 1180): applyCHN
08-09 23:37:10.204 D/StatusBar.NetworkController( 1180): refreshSignalCluster - setNWBoosterIndicators(false)
08-09 23:37:10.204 D/StatusBar.NetworkController( 1180): applyCHN
08-09 23:37:10.204 D/StatusBar.NetworkController( 1180): refreshSignalCluster - setNWBoosterIndicators(false)
08-09 23:37:10.204 D/StatusBar.NetworkController( 1180): applyCHN
08-09 23:37:11.204 E/SMD     (  283): DCD ON
08-09 23:37:11.204 D/StatusBar.NetworkController( 1180): refreshViews connected={ wifi } level=4 combinedSignalIconId=0x7f020553/com.android.systemui:drawable/stat_sys_wifi_signal_3 mobileLabel= wifiLabel="CU_d24p"xxxxXXXXxxxxXXXX emergencyOnly=true combinedLabel="CU_d24p"xxxxXXXXxxxxXXXX mAirplaneMode=false mDataActivity=0 mPhoneSignalIconId=0x7f0204e9/com.android.systemui:drawable/stat_sys_signal_4 mQSPhoneSignalIconId=0x7f020148/com.android.systemui:drawable/ic_qs_signal_4 mDataDirectionIconId=0x0/(null) mDataSignalIconId=0x7f0204e9/com.android.systemui:drawable/stat_sys_signal_4 mDataTypeIconId=0x0/(null) mQSDataTypeIconId=0x0/(null) mNoSimIconId=0x0/(null) mWifiIconId=0x7f020553/com.android.systemui:drawable/stat_sys_wifi_signal_3 mQSWifiIconId=0x7f02015d/com.android.systemui:drawable/ic_qs_wifi_3 mWifiActivityIconId=0x7f020529/com.android.systemui:drawable/stat_sys_signal_no_inout mBluetoothTetherIconId=0x10808f1/android:drawable/stat_sys_tether_bluetooth
08-09 23:37:11.204 D/STATUSBAR-WifiQuickSettingButton( 1180): onWifiSignalChanged enabled=true enabledDesc:"CU_d24p"
08-09 23:37:11.214 D/StatusBar.NetworkController( 1180): refreshSignalCluster - setNWBoosterIndicators(false)
08-09 23:37:11.214 D/StatusBar.NetworkController( 1180): applyCHN
08-09 23:37:11.224 D/StatusBar.NetworkController( 1180): refreshSignalCluster - setNWBoosterIndicators(false)
08-09 23:37:11.224 D/StatusBar.NetworkController( 1180): applyCHN
08-09 23:37:11.234 D/StatusBar.NetworkController( 1180): refreshSignalCluster - setNWBoosterIndicators(false)
08-09 23:37:11.234 D/StatusBar.NetworkController( 1180): applyCHN
08-09 23:37:11.234 D/StatusBar.NetworkController( 1180): refreshSignalCluster - setNWBoosterIndicators(false)
08-09 23:37:11.234 D/StatusBar.NetworkController( 1180): applyCHN
08-09 23:37:14.214 E/SMD     (  283): DCD ON
08-09 23:37:15.844 D/WifiService(  933): startScan by pid=1373, uid=10015
08-09 23:37:15.844 E/WifiStateMachine(  933): WifiStateMachine CMD_START_SCAN source 10015 txSuccessRate=0.50 rxSuccessRate=0.36 targetRoamBSSID=88:3f:d3:3f:82:d0 RSSI=-66
08-09 23:37:15.844 I/wpa_supplicant( 1157): wlan0: Setting scan request: 0 sec 0 usec
08-09 23:37:15.844 I/wpa_supplicant( 1157): P2P: Current p2p state = IDLE
08-09 23:37:15.864 I/wpa_supplicant( 1157): Scan requested (ret=0) - scan timeout 30 seconds
08-09 23:37:17.214 E/SMD     (  283): DCD ON
08-09 23:37:17.894 I/NLP     ( 1373): Location result:[location successful by Baidu], reason:[network location] locType=161
08-09 23:37:17.904 W/NetworkLocation( 1373): BaiduNetworkLocationProvider1:BaiduNetworkLocationProvider1 : forceLocation: network provider not Enabled!
08-09 23:37:17.904 D/ConnectivityService(  933): returning getNetworkInfo(networkType - 1) :[type: WIFI[] - WIFI, state: CONNECTED/CONNECTED, reason: (unspecified), extra: "CU_d24p", roaming: false, failover: false, isAvailable: true, isConnectedToProvisioningNetwork: false]
08-09 23:37:18.214 I/wpa_supplicant( 1157): nl80211: Received scan results (2 BSSes)
08-09 23:37:18.264 D/ActivityManager(  933): isDeviceAdminActiveApp false :com.android.systemui
08-09 23:37:18.264 D/ActivityManager(  933): isAutoRunBlockedApp:: com.android.systemui, Auto Run ON
08-09 23:37:19.304 D/SSRM:n  (  933): SIOP:: AP = 340, PST = 340, CUR = 450
08-09 23:37:20.214 E/SMD     (  283): DCD ON
08-09 23:37:23.214 E/SMD     (  283): DCD ON
08-09 23:37:25.864 D/WifiService(  933): startScan by pid=1373, uid=10015
08-09 23:37:25.874 E/WifiStateMachine(  933): WifiStateMachine CMD_START_SCAN source 10015 txSuccessRate=0.03 rxSuccessRate=0.02 targetRoamBSSID=88:3f:d3:3f:82:d0 RSSI=-70
08-09 23:37:25.874 I/wpa_supplicant( 1157): wlan0: Setting scan request: 0 sec 0 usec
08-09 23:37:25.874 I/wpa_supplicant( 1157): P2P: Current p2p state = IDLE
08-09 23:37:25.884 I/wpa_supplicant( 1157): Scan requested (ret=0) - scan timeout 30 seconds
08-09 23:37:26.214 E/SMD     (  283): DCD ON
08-09 23:37:27.914 I/NLP     ( 1373): Location result:[location successful by Baidu], reason:[network location] locType=161
08-09 23:37:27.924 D/ConnectivityService(  933): returning getNetworkInfo(networkType - 1) :[type: WIFI[] - WIFI, state: CONNECTED/CONNECTED, reason: (unspecified), extra: "CU_d24p", roaming: false, failover: false, isAvailable: true, isConnectedToProvisioningNetwork: false]
08-09 23:37:27.934 W/NetworkLocation( 1373): BaiduNetworkLocationProvider1:BaiduNetworkLocationProvider1 : forceLocation: network provider not Enabled!
08-09 23:37:28.234 I/wpa_supplicant( 1157): nl80211: Received scan results (2 BSSes)
08-09 23:37:28.284 D/ActivityManager(  933): isDeviceAdminActiveApp false :com.android.systemui
08-09 23:37:28.284 D/ActivityManager(  933): isAutoRunBlockedApp:: com.android.systemui, Auto Run ON
08-09 23:37:29.214 E/SMD     (  283): DCD ON
08-09 23:37:29.364 D/SSRM:n  (  933): SIOP:: AP = 340, PST = 340, CUR = 450
08-09 23:37:29.784 E/Watchdog(  933): !@Sync 372
08-09 23:37:32.214 E/SMD     (  283): DCD ON
08-09 23:37:33.354 D/StatusBar.NetworkController( 1180): refreshViews connected={ wifi } level=4 combinedSignalIconId=0x7f020553/com.android.systemui:drawable/stat_sys_wifi_signal_3 mobileLabel= wifiLabel="CU_d24p"xxxxXXXXxxxxXXXX emergencyOnly=true combinedLabel="CU_d24p"xxxxXXXXxxxxXXXX mAirplaneMode=false mDataActivity=0 mPhoneSignalIconId=0x7f0204e9/com.android.systemui:drawable/stat_sys_signal_4 mQSPhoneSignalIconId=0x7f020148/com.android.systemui:drawable/ic_qs_signal_4 mDataDirectionIconId=0x0/(null) mDataSignalIconId=0x7f0204e9/com.android.systemui:drawable/stat_sys_signal_4 mDataTypeIconId=0x0/(null) mQSDataTypeIconId=0x0/(null) mNoSimIconId=0x0/(null) mWifiIconId=0x7f020553/com.android.systemui:drawable/stat_sys_wifi_signal_3 mQSWifiIconId=0x7f02015d/com.android.systemui:drawable/ic_qs_wifi_3 mWifiActivityIconId=0x7f020525/com.android.systemui:drawable/stat_sys_signal_in mBluetoothTetherIconId=0x10808f1/android:drawable/stat_sys_tether_bluetooth
08-09 23:37:33.354 D/STATUSBAR-WifiQuickSettingButton( 1180): onWifiSignalChanged enabled=true enabledDesc:"CU_d24p"
08-09 23:37:33.364 D/StatusBar.NetworkController( 1180): refreshSignalCluster - setNWBoosterIndicators(false)
08-09 23:37:33.364 D/StatusBar.NetworkController( 1180): applyCHN
08-09 23:37:33.384 D/StatusBar.NetworkController( 1180): refreshSignalCluster - setNWBoosterIndicators(false)
08-09 23:37:33.384 D/StatusBar.NetworkController( 1180): applyCHN
08-09 23:37:33.384 D/StatusBar.NetworkController( 1180): refreshSignalCluster - setNWBoosterIndicators(false)
08-09 23:37:33.384 D/StatusBar.NetworkController( 1180): applyCHN
08-09 23:37:33.384 D/BatteryService(  933): !@BatteryListener : batteryPropertiesChanged!
08-09 23:37:33.394 D/StatusBar.NetworkController( 1180): refreshSignalCluster - setNWBoosterIndicators(false)
08-09 23:37:33.394 D/StatusBar.NetworkController( 1180): applyCHN
08-09 23:37:35.214 E/SMD     (  283): DCD ON
08-09 23:37:35.904 D/WifiService(  933): startScan by pid=1373, uid=10015
08-09 23:37:35.914 E/WifiStateMachine(  933): WifiStateMachine CMD_START_SCAN source 10015 txSuccessRate=0.00 rxSuccessRate=7.00 targetRoamBSSID=88:3f:d3:3f:82:d0 RSSI=-68
08-09 23:37:35.914 I/wpa_supplicant( 1157): wlan0: Setting scan request: 0 sec 0 usec
08-09 23:37:35.914 I/wpa_supplicant( 1157): P2P: Current p2p state = IDLE
08-09 23:37:35.914 I/wpa_supplicant( 1157): Scan requested (ret=0) - scan timeout 30 seconds
08-09 23:37:37.974 I/NLP     ( 1373): Location result:[location successful by Baidu], reason:[network location] locType=161
08-09 23:37:37.974 W/NetworkLocation( 1373): BaiduNetworkLocationProvider1:BaiduNetworkLocationProvider1 : forceLocation: network provider not Enabled!
08-09 23:37:37.974 D/ConnectivityService(  933): returning getNetworkInfo(networkType - 1) :[type: WIFI[] - WIFI, state: CONNECTED/CONNECTED, reason: (unspecified), extra: "CU_d24p", roaming: false, failover: false, isAvailable: true, isConnectedToProvisioningNetwork: false]
08-09 23:37:38.214 E/SMD     (  283): DCD ON
08-09 23:37:38.264 I/wpa_supplicant( 1157): nl80211: Received scan results (2 BSSes)
08-09 23:37:38.314 D/ActivityManager(  933): isDeviceAdminActiveApp false :com.android.systemui
08-09 23:37:38.314 D/ActivityManager(  933): isAutoRunBlockedApp:: com.android.systemui, Auto Run ON
08-09 23:37:39.454 D/SSRM:n  (  933): SIOP:: AP = 340, PST = 340, CUR = 450
08-09 23:37:40.424 D/StatusBar.NetworkController( 1180): refreshViews connected={ wifi } level=4 combinedSignalIconId=0x7f020553/com.android.systemui:drawable/stat_sys_wifi_signal_3 mobileLabel= wifiLabel="CU_d24p"xxxxXXXXxxxxXXXX emergencyOnly=true combinedLabel="CU_d24p"xxxxXXXXxxxxXXXX mAirplaneMode=false mDataActivity=0 mPhoneSignalIconId=0x7f0204e9/com.android.systemui:drawable/stat_sys_signal_4 mQSPhoneSignalIconId=0x7f020148/com.android.systemui:drawable/ic_qs_signal_4 mDataDirectionIconId=0x0/(null) mDataSignalIconId=0x7f0204e9/com.android.systemui:drawable/stat_sys_signal_4 mDataTypeIconId=0x0/(null) mQSDataTypeIconId=0x0/(null) mNoSimIconId=0x0/(null) mWifiIconId=0x7f020553/com.android.systemui:drawable/stat_sys_wifi_signal_3 mQSWifiIconId=0x7f02015d/com.android.systemui:drawable/ic_qs_wifi_3 mWifiActivityIconId=0x7f020529/com.android.systemui:drawable/stat_sys_signal_no_inout mBluetoothTetherIconId=0x10808f1/android:drawable/stat_sys_tether_bluetooth
08-09 23:37:40.424 D/STATUSBAR-WifiQuickSettingButton( 1180): onWifiSignalChanged enabled=true enabledDesc:"CU_d24p"
08-09 23:37:40.424 D/StatusBar.NetworkController( 1180): refreshSignalCluster - setNWBoosterIndicators(false)
08-09 23:37:40.424 D/StatusBar.NetworkController( 1180): applyCHN
08-09 23:37:40.444 D/StatusBar.NetworkController( 1180): refreshSignalCluster - setNWBoosterIndicators(false)
08-09 23:37:40.444 D/StatusBar.NetworkController( 1180): applyCHN
08-09 23:37:40.444 D/StatusBar.NetworkController( 1180): refreshSignalCluster - setNWBoosterIndicators(false)
08-09 23:37:40.444 D/StatusBar.NetworkController( 1180): applyCHN
08-09 23:37:40.454 D/StatusBar.NetworkController( 1180): refreshSignalCluster - setNWBoosterIndicators(false)
08-09 23:37:40.454 D/StatusBar.NetworkController( 1180): applyCHN
08-09 23:37:41.224 E/SMD     (  283): DCD ON
08-09 23:37:41.454 D/StatusBar.NetworkController( 1180): refreshViews connected={ wifi } level=4 combinedSignalIconId=0x7f020553/com.android.systemui:drawable/stat_sys_wifi_signal_3 mobileLabel= wifiLabel="CU_d24p"xxxxXXXXxxxxXXXX emergencyOnly=true combinedLabel="CU_d24p"xxxxXXXXxxxxXXXX mAirplaneMode=false mDataActivity=0 mPhoneSignalIconId=0x7f0204e9/com.android.systemui:drawable/stat_sys_signal_4 mQSPhoneSignalIconId=0x7f020148/com.android.systemui:drawable/ic_qs_signal_4 mDataDirectionIconId=0x0/(null) mDataSignalIconId=0x7f0204e9/com.android.systemui:drawable/stat_sys_signal_4 mDataTypeIconId=0x0/(null) mQSDataTypeIconId=0x0/(null) mNoSimIconId=0x0/(null) mWifiIconId=0x7f020553/com.android.systemui:drawable/stat_sys_wifi_signal_3 mQSWifiIconId=0x7f02015d/com.android.systemui:drawable/ic_qs_wifi_3 mWifiActivityIconId=0x7f020525/com.android.systemui:drawable/stat_sys_signal_in mBluetoothTetherIconId=0x10808f1/android:drawable/stat_sys_tether_bluetooth
08-09 23:37:41.454 D/STATUSBAR-WifiQuickSettingButton( 1180): onWifiSignalChanged enabled=true enabledDesc:"CU_d24p"
08-09 23:37:41.454 D/StatusBar.NetworkController( 1180): refreshSignalCluster - setNWBoosterIndicators(false)
08-09 23:37:41.454 D/StatusBar.NetworkController( 1180): applyCHN
08-09 23:37:41.474 D/StatusBar.NetworkController( 1180): refreshSignalCluster - setNWBoosterIndicators(false)
08-09 23:37:41.474 D/StatusBar.NetworkController( 1180): applyCHN
08-09 23:37:41.474 D/StatusBar.NetworkController( 1180): refreshSignalCluster - setNWBoosterIndicators(false)
08-09 23:37:41.474 D/StatusBar.NetworkController( 1180): applyCHN
08-09 23:37:41.474 D/StatusBar.NetworkController( 1180): refreshSignalCluster - setNWBoosterIndicators(false)
08-09 23:37:41.484 D/StatusBar.NetworkController( 1180): applyCHN
08-09 23:37:42.194 D/ConnectivityService(  933): returning getActiveNetworkInfo :[type: WIFI[] - WIFI, state: CONNECTED/CONNECTED, reason: (unspecified), extra: "CU_d24p", roaming: false, failover: false, isAvailable: true, isConnectedToProvisioningNetwork: false]
