08-10 10:42:56.481 D/ConnectivityService(  933): returning getActiveNetworkInfo :[type: WIFI[] - WIFI, state: CONNECTED/CONNECTED, reason: (unspecified), extra: "CU_d24p", roaming: false, failover: false, isAvailable: true, isConnectedToProvisioningNetwork: false]
08-10 10:42:56.491 D/ConnectivityService(  933): returning getActiveNetworkInfo :[type: WIFI[] - WIFI, state: CONNECTED/CONNECTED, reason: (unspecified), extra: "CU_d24p", roaming: false, failover: false, isAvailable: true, isConnectedToProvisioningNetwork: false]
08-10 10:42:56.491 D/ConnectivityService(  933): returning getActiveNetworkInfo :[type: WIFI[] - WIFI, state: CONNECTED/CONNECTED, reason: (unspecified), extra: "CU_d24p", roaming: false, failover: false, isAvailable: true, isConnectedToProvisioningNetwork: false]
08-10 10:42:56.491 D/ConnectivityService(  933): returning getActiveNetworkInfo :[type: WIFI[] - WIFI, state: CONNECTED/CONNECTED, reason: (unspecified), extra: "CU_d24p", roaming: false, failover: false, isAvailable: true, isConnectedToProvisioningNetwork: false]
08-10 10:42:56.491 D/ConnectivityService(  933): returning getActiveNetworkInfo :[type: WIFI[] - WIFI, state: CONNECTED/CONNECTED, reason: (unspecified), extra: "CU_d24p", roaming: false, failover: false, isAvailable: true, isConnectedToProvisioningNetwork: false]
08-10 10:42:56.491 D/ConnectivityService(  933): returning getActiveNetworkInfo :[type: WIFI[] - WIFI, state: CONNECTED/CONNECTED, reason: (unspecified), extra: "CU_d24p", roaming: false, failover: false, isAvailable: true, isConnectedToProvisioningNetwork: false]
08-10 10:42:56.491 D/ConnectivityService(  933): returning getActiveNetworkInfo :[type: WIFI[] - WIFI, state: CONNECTED/CONNECTED, reason: (unspecified), extra: "CU_d24p", roaming: false, failover: false, isAvailable: true, isConnectedToProvisioningNetwork: false]
08-10 10:42:56.511 W/ContextImpl(30168): Failed to ensure directory: /storage/extSdCard/Android/data/com.tencent.news/files
08-10 10:42:56.511 I/System.out(30168): (HTTPLog)-Static: isSBSettingEnabled false
08-10 10:42:56.511 E/Vold    (  255): Failed to find mounted volume for /storage/extSdCard/Android/data/com.tencent.news/files/
08-10 10:42:56.511 W/Vold    (  255): Returning OperationFailed - no handler for errno 0
08-10 10:42:56.651 I/System.out(30168): KnoxVpnUidStorageknoxVpnSupported API value returned is false
08-10 10:42:56.741 D/ConnectivityService(  933): returning getActiveNetworkInfo :[type: WIFI[] - WIFI, state: CONNECTED/CONNECTED, reason: (unspecified), extra: "CU_d24p", roaming: false, failover: false, isAvailable: true, isConnectedToProvisioningNetwork: false]
08-10 10:42:56.761 D/ConnectivityService(  933): returning getActiveNetworkInfo :[type: WIFI[] - WIFI, state: CONNECTED/CONNECTED, reason: (unspecified), extra: "CU_d24p", roaming: false, failover: false, isAvailable: true, isConnectedToProvisioningNetwork: false]
08-10 10:42:56.861 D/JniHelper(30168): JniHelper::setJavaVM(0xb4f5c280), pthread_self() = -1278530944
08-10 10:42:56.891 D/TENCENT_AMS_(30168): setDebug, enableLogfalse, enableToast: false
08-10 10:42:56.891 I/mingyue (30168): ckey.4.1.1.5104
08-10 10:42:56.901 W/Settings(30168): Setting android_id has moved from android.provider.Settings.System to android.provider.Settings.Secure, returning read-only value.
08-10 10:42:56.921 D/Activity(30168): performCreate Call secproduct feature valuefalse
08-10 10:42:56.921 D/Activity(30168): performCreate Call debug elastic valuetrue
08-10 10:42:56.931 W/ContextImpl(30168): Failed to ensure directory: /storage/extSdCard/Android/data/com.tencent.news/cache
08-10 10:42:56.931 E/Vold    (  255): Failed to find mounted volume for /storage/extSdCard/Android/data/com.tencent.news/cache/
08-10 10:42:56.931 W/Vold    (  255): Returning OperationFailed - no handler for errno 0
08-10 10:42:56.941 I/utils_ConfigStorage(30168): getSharedPreferences, name = com.tencent.news_downloadProxyPreferences
08-10 10:42:56.981 I/P2PProxy(30168): initNative, pthread_create runInit argv:0x9d848800 0:/storage/emulated/0/Android/data/com.tencent.news/cache/download 1:/data/data/com.tencent.news/files/download 2:
08-10 10:42:56.991 I/P2PProxy(30168): initNative, runInit argv:0x9d848800 0:/storage/emulated/0/Android/data/com.tencent.news/cache/download 1:/data/data/com.tencent.news/files/download 2:
08-10 10:42:57.011 I/p2pproxy(30168): dmInit, APP_ABI GCC:4.6 20120106 (prerelease) __arm__ = 1, __ARM_EABI__ = 1
08-10 10:42:57.021 D/p2pproxy(30168): init download manager. version:3.0.0.523 use publiclib mutex 1
08-10 10:42:57.021 D/OpenGLRenderer(30168): Render dirty regions requested: true
08-10 10:42:57.041 I/ODK     (30168): init completed, appkey is A3LFCJD983W9 channel is 10797 , sdk version is 5.1.9.011 report strategy : BATCH
08-10 10:42:57.051 D/P2P_Debug(30168): IDownloadFacade::Init() begin 0x9e34f640
08-10 10:42:57.061 D/P2P_Debug(30168): IDownloadFacade::Init() InitFacade ret:1
08-10 10:42:57.061 D/P2P_Debug(30168): IDownloadFacade::Init() end 0x9e34f640
08-10 10:42:57.091 D/Atlas   (30168): Validating map...
08-10 10:42:57.141 D/ActivityManager(  933): post active user change for 0
08-10 10:42:57.141 D/KnoxTimeoutHandler(  933): postActiveUserChange for user 0
08-10 10:42:57.141 D/KnoxTimeoutHandler(  933): handleActiveUserChange for user 0
08-10 10:42:57.141 D/ConnectivityService(  933): returning getActiveNetworkInfo :[type: WIFI[] - WIFI, state: CONNECTED/CONNECTED, reason: (unspecified), extra: "CU_d24p", roaming: false, failover: false, isAvailable: true, isConnectedToProvisioningNetwork: false]
08-10 10:42:57.151 D/ConnectivityService(  933): returning getActiveNetworkInfo :[type: WIFI[] - WIFI, state: CONNECTED/CONNECTED, reason: (unspecified), extra: "CU_d24p", roaming: false, failover: false, isAvailable: true, isConnectedToProvisioningNetwork: false]
08-10 10:42:57.161 D/ConnectivityService(  933): returning getNetworkInfo(networkType - 0) :[type: MOBILE[] - MOBILE, state: DISCONNECTED/DISCONNECTED, reason: (unspecified), extra: (none), roaming: false, failover: false, isAvailable: true, isConnectedToProvisioningNetwork: false]
08-10 10:42:57.161 D/ConnectivityService(  933): returning getNetworkInfo(networkType - 1) :[type: WIFI[] - WIFI, state: CONNECTED/CONNECTED, reason: (unspecified), extra: "CU_d24p", roaming: false, failover: false, isAvailable: true, isConnectedToProvisioningNetwork: false]
08-10 10:42:57.161 D/ConnectivityService(  933): returning getActiveNetworkInfo :[type: WIFI[] - WIFI, state: CONNECTED/CONNECTED, reason: (unspecified), extra: "CU_d24p", roaming: false, failover: false, isAvailable: true, isConnectedToProvisioningNetwork: false]
08-10 10:42:57.171 W/art     (30168): Native thread exiting without having called DetachCurrentThread (maybe it's going to use a pthread_key_create destructor?): Thread[61,tid=30361,Native,Thread*=0x9e36f400,peer=0x14611080,"Thread-1685"]
08-10 10:42:57.171 D/JniHelper(30168): JniHelper::getJavaVM(), pthread_self() = -1651581696
08-10 10:42:57.191 I/P2PProxy(30168): initNative, dmInit ret:0 
08-10 10:42:57.201 D/ConnectivityService(  933): returning getNetworkInfo(networkType - 1) :[type: WIFI[] - WIFI, state: CONNECTED/CONNECTED, reason: (unspecified), extra: "CU_d24p", roaming: false, failover: false, isAvailable: true, isConnectedToProvisioningNetwork: false]
08-10 10:42:57.211 D/ConnectivityService(  933): returning getNetworkInfo(networkType - 1) :[type: WIFI[] - WIFI, state: CONNECTED/CONNECTED, reason: (unspecified), extra: "CU_d24p", roaming: false, failover: false, isAvailable: true, isConnectedToProvisioningNetwork: false]
08-10 10:42:57.221 W/Settings(30168): Setting airplane_mode_on has moved from android.provider.Settings.System to android.provider.Settings.Global, returning read-only value.
08-10 10:42:57.231 W/Settings(30168): Setting android_id has moved from android.provider.Settings.System to android.provider.Settings.Secure, returning read-only value.
08-10 10:42:57.241 D/ConnectivityService(  933): returning getNetworkInfo(networkType - 1) :[type: WIFI[] - WIFI, state: CONNECTED/CONNECTED, reason: (unspecified), extra: "CU_d24p", roaming: false, failover: false, isAvailable: true, isConnectedToProvisioningNetwork: false]
08-10 10:42:57.241 D/ConnectivityService(  933): returning getNetworkInfo(networkType - 0) :[type: MOBILE[] - MOBILE, state: DISCONNECTED/DISCONNECTED, reason: (unspecified), extra: (none), roaming: false, failover: false, isAvailable: true, isConnectedToProvisioningNetwork: false]
08-10 10:42:57.271 I/System.out(30168): (HTTPLog)-Static: isSBSettingEnabled false
08-10 10:42:57.271 D/ConnectivityService(  933): returning getActiveNetworkInfo :[type: WIFI[] - WIFI, state: CONNECTED/CONNECTED, reason: (unspecified), extra: "CU_d24p", roaming: false, failover: false, isAvailable: true, isConnectedToProvisioningNetwork: false]
08-10 10:42:57.301 I/System.out(30168): KnoxVpnUidStorageknoxVpnSupported API value returned is false
08-10 10:42:57.301 D/ConnectivityService(  933): returning getNetworkInfo(networkType - 1) :[type: WIFI[] - WIFI, state: CONNECTED/CONNECTED, reason: (unspecified), extra: "CU_d24p", roaming: false, failover: false, isAvailable: true, isConnectedToProvisioningNetwork: false]
08-10 10:42:57.301 D/ConnectivityService(  933): returning getNetworkInfo(networkType - 1) :[type: WIFI[] - WIFI, state: CONNECTED/CONNECTED, reason: (unspecified), extra: "CU_d24p", roaming: false, failover: false, isAvailable: true, isConnectedToProvisioningNetwork: false]
08-10 10:42:57.301 D/ConnectivityService(  933): returning getActiveNetworkInfo :[type: WIFI[] - WIFI, state: CONNECTED/CONNECTED, reason: (unspecified), extra: "CU_d24p", roaming: false, failover: false, isAvailable: true, isConnectedToProvisioningNetwork: false]
08-10 10:42:57.311 D/ConnectivityService(  933): returning getNetworkInfo(networkType - 1) :[type: WIFI[] - WIFI, state: CONNECTED/CONNECTED, reason: (unspecified), extra: "CU_d24p", roaming: false, failover: false, isAvailable: true, isConnectedToProvisioningNetwork: false]
08-10 10:42:57.321 D/ConnectivityService(  933): returning getActiveNetworkInfo :[type: WIFI[] - WIFI, state: CONNECTED/CONNECTED, reason: (unspecified), extra: "CU_d24p", roaming: false, failover: false, isAvailable: true, isConnectedToProvisioningNetwork: false]
08-10 10:42:57.331 I/System.out(30168): (HTTPLog)-Static: isSBSettingEnabled false
08-10 10:42:57.341 I/System.out(30168): KnoxVpnUidStorageknoxVpnSupported API value returned is false
08-10 10:42:57.341 I/SurfaceFlinger(  256): id=126 createSurf (1x1),1 flag=4, TplashActiv
08-10 10:42:57.341 W/Settings(30168): Setting android_id has moved from android.provider.Settings.System to android.provider.Settings.Secure, returning read-only value.
08-10 10:42:57.341 D/MultiPhoneWindow(30168): refreshUI state=1
08-10 10:42:57.341 D/MultiPhoneWindow(30168): performUpdateVisibility : visible :false
08-10 10:42:57.341 D/MultiPhoneWindow(30168): MinimizeAnimator::removeWindow
08-10 10:42:57.351 D/PointerIcon(  933): setMouseIconStyle1 pointerType: 1001iconType:101 flag:0
08-10 10:42:57.351 D/PointerIcon(  933): setMouseCustomIcon IconType is same.101
08-10 10:42:57.351 D/PointerIcon(  933): setHoveringSpenIconStyle1 pointerType: 10001iconType:1 flag:0
08-10 10:42:57.351 D/PointerIcon(  933): setHoveringSpenCustomIcon IconType is same.1
08-10 10:42:57.361 I/Adreno-EGL(30168): <qeglDrvAPI_eglInitialize:410>: EGL 1.4 QUALCOMM build: AU_LINUX_ANDROID_LA.BF.1.1_RB1.05.00.00.002.025_msm8974_LA.BF.1.1_RB1__release_AU ()
08-10 10:42:57.361 I/Adreno-EGL(30168): OpenGL ES Shader Compiler Version: E031.25.01.03
08-10 10:42:57.361 I/Adreno-EGL(30168): Build Date: 11/19/14 Wed
08-10 10:42:57.361 I/Adreno-EGL(30168): Local Branch: mybranch5813579
08-10 10:42:57.361 I/Adreno-EGL(30168): Remote Branch: quic/LA.BF.1.1_rb1.11
08-10 10:42:57.361 I/Adreno-EGL(30168): Local Patches: NONE
08-10 10:42:57.361 I/Adreno-EGL(30168): Reconstruct Branch: AU_LINUX_ANDROID_LA.BF.1.1_RB1.05.00.00.002.025 + 30e7589 +  NOTHING
08-10 10:42:57.361 D/ConnectivityService(  933): returning getActiveNetworkInfo :[type: WIFI[] - WIFI, state: CONNECTED/CONNECTED, reason: (unspecified), extra: "CU_d24p", roaming: false, failover: false, isAvailable: true, isConnectedToProvisioningNetwork: false]
08-10 10:42:57.371 I/OpenGLRenderer(30168): Initialized EGL, version 1.4
08-10 10:42:57.371 D/DnsProxyListener(  277): DnsProxyListener::GetHostByNameHandler::run, mName : mdevstat.qqlive.qq.com, mAf: 2 
08-10 10:42:57.401 D/ConnectivityService(  933): returning getActiveNetworkInfo :[type: WIFI[] - WIFI, state: CONNECTED/CONNECTED, reason: (unspecified), extra: "CU_d24p", roaming: false, failover: false, isAvailable: true, isConnectedToProvisioningNetwork: false]
08-10 10:42:57.401 D/ConnectivityService(  933): returning getActiveNetworkInfo :[type: WIFI[] - WIFI, state: CONNECTED/CONNECTED, reason: (unspecified), extra: "CU_d24p", roaming: false, failover: false, isAvailable: true, isConnectedToProvisioningNetwork: false]
08-10 10:42:57.401 D/ConnectivityService(  933): returning getActiveNetworkInfo :[type: WIFI[] - WIFI, state: CONNECTED/CONNECTED, reason: (unspecified), extra: "CU_d24p", roaming: false, failover: false, isAvailable: true, isConnectedToProvisioningNetwork: false]
08-10 10:42:57.401 D/ConnectivityService(  933): returning getActiveNetworkInfo :[type: WIFI[] - WIFI, state: CONNECTED/CONNECTED, reason: (unspecified), extra: "CU_d24p", roaming: false, failover: false, isAvailable: true, isConnectedToProvisioningNetwork: false]
08-10 10:42:57.411 D/ConnectivityService(  933): returning getActiveNetworkInfo :[type: WIFI[] - WIFI, state: CONNECTED/CONNECTED, reason: (unspecified), extra: "CU_d24p", roaming: false, failover: false, isAvailable: true, isConnectedToProvisioningNetwork: false]
08-10 10:42:57.411 D/ConnectivityService(  933): returning getActiveNetworkInfo :[type: WIFI[] - WIFI, state: CONNECTED/CONNECTED, reason: (unspecified), extra: "CU_d24p", roaming: false, failover: false, isAvailable: true, isConnectedToProvisioningNetwork: false]
08-10 10:42:57.421 I/JNIMsg  (30168): ccmy:s st.
08-10 10:42:57.421 I/JNIMsg  (30168): ccmy:i. B36DA6D8190A35841EC5389AB4F56784
08-10 10:42:57.421 D/ConnectivityService(  933): returning getActiveNetworkInfo :[type: WIFI[] - WIFI, state: CONNECTED/CONNECTED, reason: (unspecified), extra: "CU_d24p", roaming: false, failover: false, isAvailable: true, isConnectedToProvisioningNetwork: false]
08-10 10:42:57.421 D/ConnectivityService(  933): returning getActiveNetworkInfo :[type: WIFI[] - WIFI, state: CONNECTED/CONNECTED, reason: (unspecified), extra: "CU_d24p", roaming: false, failover: false, isAvailable: true, isConnectedToProvisioningNetwork: false]
08-10 10:42:57.431 I/JNIMsg  (30168): ccmy: conf rlog.video.qq.com 8080 bkrlog.video.qq.com 8080
08-10 10:42:57.431 I/JNIMsg  (30168): ccmy:ce ge.
08-10 10:42:57.441 E/SMD     (  283): DCD ON
08-10 10:42:57.451 D/ConnectivityService(  933): returning getActiveNetworkInfo :[type: WIFI[] - WIFI, state: CONNECTED/CONNECTED, reason: (unspecified), extra: "CU_d24p", roaming: false, failover: false, isAvailable: true, isConnectedToProvisioningNetwork: false]
08-10 10:42:57.451 D/ConnectivityService(  933): returning getActiveNetworkInfo :[type: WIFI[] - WIFI, state: CONNECTED/CONNECTED, reason: (unspecified), extra: "CU_d24p", roaming: false, failover: false, isAvailable: true, isConnectedToProvisioningNetwork: false]
08-10 10:42:57.461 I/procinfo(30168): ccmy apkurl:/data/app/com.tencent.news-1/base.apk
08-10 10:42:57.511 D/DnsProxyListener(  277): DnsProxyListener::GetHostByNameHandler::run, mName : mdevstat.qqlive.qq.com, mAf: 2 
08-10 10:42:57.531 D/LogWriter(30168): 08-10 10:42:57.164	1	NetStatus	network changed form  [] [] proxy DIRECT@ custom info: [] to  [] [wifi] ssid "CU_d24p" proxy DIRECT@ custom info: []
08-10 10:42:57.541 D/TaskPersister(  933): removeObsoleteFile: deleting file=1274_task.xml
08-10 10:42:57.541 D/TaskPersister(  933): removeObsoleteFile: deleting file=1274_task_thumbnail.png
08-10 10:42:57.621 D/ConnectivityService(  933): returning getActiveNetworkInfo :[type: WIFI[] - WIFI, state: CONNECTED/CONNECTED, reason: (unspecified), extra: "CU_d24p", roaming: false, failover: false, isAvailable: true, isConnectedToProvisioningNetwork: false]
08-10 10:42:57.701 D/DnsProxyListener(  277): DnsProxyListener::GetHostByNameHandler::run, mName : mdevstat.qqlive.qq.com, mAf: 2 
08-10 10:42:57.801 I/OpenGLRenderer(30168): HWUI protection enabled for context ,  &this =0x9df29330 ,&mEglDisplay = 1 , &mEglConfig = 8 
08-10 10:42:57.801 D/OpenGLRenderer(30168): Enabling debug mode 0
08-10 10:42:57.931 D/InputMethodManagerService(  933): windowGainedFocus mCurrentFocusedUserId - 0 and mSecureKeypadEnabled-false
08-10 10:42:57.941 W/IInputConnectionWrapper( 2954): showStatusIcon on inactive InputConnection
08-10 10:42:57.941 I/UnicodeIME( 1813): onFinishInput: 
08-10 10:42:57.941 I/UnicodeIME( 1813): onStartInput
08-10 10:42:57.941 D/DnsProxyListener(  277): DnsProxyListener::GetHostByNameHandler::run, mName : mdevstat.qqlive.qq.com, mAf: 2 
08-10 10:42:57.941 W/ContextImpl(  933): Calling a method in the system process without a qualified user: android.app.ContextImpl.sendBroadcast:1699 com.android.server.InputMethodManagerService$6.run:2733 java.lang.Thread.run:818 <bottom of call stack> <bottom of call stack> 
08-10 10:42:57.961 I/System.out(30168): (HTTPLog)-Static: isSBSettingEnabled false
08-10 10:42:57.981 D/ConnectivityService(  933): returning getNetworkInfo(networkType - 1) :[type: WIFI[] - WIFI, state: CONNECTED/CONNECTED, reason: (unspecified), extra: "CU_d24p", roaming: false, failover: false, isAvailable: true, isConnectedToProvisioningNetwork: false]
08-10 10:42:57.981 D/ConnectivityService(  933): returning getNetworkInfo(networkType - 0) :[type: MOBILE[] - MOBILE, state: DISCONNECTED/DISCONNECTED, reason: (unspecified), extra: (none), roaming: false, failover: false, isAvailable: true, isConnectedToProvisioningNetwork: false]
08-10 10:42:57.991 I/System.out(30168): (HTTPLog)-Static: isSBSettingEnabled false
08-10 10:42:58.001 I/JNIMsg  (30168): ccmy:r s.
08-10 10:42:58.001 I/JNIMsg  (30168): ccmy:reg B36DA6D8190A35841EC5389AB4F56784|20303|V5.9.120.3400|928
08-10 10:42:58.021 D/DnsProxyListener(  277): DnsProxyListener::GetHostByNameHandler::run, mName : rlog.video.qq.com, mAf: 2 
08-10 10:42:58.021 I/System.out(30168): KnoxVpnUidStorageknoxVpnSupported API value returned is false
08-10 10:42:58.021 D/ConnectivityService(  933): returning getNetworkInfo(networkType - 1) :[type: WIFI[] - WIFI, state: CONNECTED/CONNECTED, reason: (unspecified), extra: "CU_d24p", roaming: false, failover: false, isAvailable: true, isConnectedToProvisioningNetwork: false]
08-10 10:42:58.041 D/ConnectivityService(  933): returning getActiveNetworkInfo :[type: WIFI[] - WIFI, state: CONNECTED/CONNECTED, reason: (unspecified), extra: "CU_d24p", roaming: false, failover: false, isAvailable: true, isConnectedToProvisioningNetwork: false]
08-10 10:42:58.051 I/System.out(30168): (HTTPLog)-Static: isSBSettingEnabled false
08-10 10:42:58.071 V/BitmapFactory(30168): DecodeImagePath(decodeResourceStream3) : r/g/agw.png
08-10 10:42:58.101 I/System.out(30168): KnoxVpnUidStorageknoxVpnSupported API value returned is false
08-10 10:42:58.101 I/qtaguid (30168): Tagging socket 105 with tag c135fafe00000000{3241540350,0} uid -1, pid: 30168, getuid(): 10217
08-10 10:42:58.111 I/System.out(30168): KnoxVpnUidStorageknoxVpnSupported API value returned is false
08-10 10:42:58.131 I/JNIMsg  (30168): ccmy:reg t succ. 
08-10 10:42:58.181 D/LogWriter(30168): 08-10 10:42:57.280	1698	Request	request http://w.inews.qq.com/searchPage will submit with ssl
08-10 10:42:58.231 D/ConnectivityService(  933): returning getActiveNetworkInfo :[type: WIFI[] - WIFI, state: CONNECTED/CONNECTED, reason: (unspecified), extra: "CU_d24p", roaming: false, failover: false, isAvailable: true, isConnectedToProvisioningNetwork: false]
08-10 10:42:58.241 D/ConnectivityService(  933): returning getNetworkInfo(networkType - 1) :[type: WIFI[] - WIFI, state: CONNECTED/CONNECTED, reason: (unspecified), extra: "CU_d24p", roaming: false, failover: false, isAvailable: true, isConnectedToProvisioningNetwork: false]
08-10 10:42:58.261 D/ConnectivityService(  933): returning getNetworkInfo(networkType - 0) :[type: MOBILE[] - MOBILE, state: DISCONNECTED/DISCONNECTED, reason: (unspecified), extra: (none), roaming: false, failover: false, isAvailable: true, isConnectedToProvisioningNetwork: false]
08-10 10:42:58.271 D/StatusBar.NetworkController( 1180): refreshViews connected={ wifi } level=4 combinedSignalIconId=0x7f020553/com.android.systemui:drawable/stat_sys_wifi_signal_3 mobileLabel= wifiLabel="CU_d24p"xxxxXXXXxxxxXXXX emergencyOnly=true combinedLabel="CU_d24p"xxxxXXXXxxxxXXXX mAirplaneMode=false mDataActivity=0 mPhoneSignalIconId=0x7f0204e9/com.android.systemui:drawable/stat_sys_signal_4 mQSPhoneSignalIconId=0x7f020148/com.android.systemui:drawable/ic_qs_signal_4 mDataDirectionIconId=0x0/(null) mDataSignalIconId=0x7f0204e9/com.android.systemui:drawable/stat_sys_signal_4 mDataTypeIconId=0x0/(null) mQSDataTypeIconId=0x0/(null) mNoSimIconId=0x0/(null) mWifiIconId=0x7f020553/com.android.systemui:drawable/stat_sys_wifi_signal_3 mQSWifiIconId=0x7f02015d/com.android.systemui:drawable/ic_qs_wifi_3 mWifiActivityIconId=0x7f020527/com.android.systemui:drawable/stat_sys_signal_inout mBluetoothTetherIconId=0x10808f1/android:drawable/stat_sys_tether_bluetooth
08-10 10:42:58.271 D/STATUSBAR-WifiQuickSettingButton( 1180): onWifiSignalChanged enabled=true enabledDesc:"CU_d24p"
08-10 10:42:58.271 D/StatusBar.NetworkController( 1180): refreshSignalCluster - setNWBoosterIndicators(false)
08-10 10:42:58.271 D/StatusBar.NetworkController( 1180): applyCHN
08-10 10:42:58.271 D/StatusBar.NetworkController( 1180): refreshSignalCluster - setNWBoosterIndicators(false)
08-10 10:42:58.271 D/StatusBar.NetworkController( 1180): applyCHN
08-10 10:42:58.271 D/ConnectivityService(  933): returning getNetworkInfo(networkType - 1) :[type: WIFI[] - WIFI, state: CONNECTED/CONNECTED, reason: (unspecified), extra: "CU_d24p", roaming: false, failover: false, isAvailable: true, isConnectedToProvisioningNetwork: false]
08-10 10:42:58.271 D/ConnectivityService(  933): returning getActiveNetworkInfo :[type: WIFI[] - WIFI, state: CONNECTED/CONNECTED, reason: (unspecified), extra: "CU_d24p", roaming: false, failover: false, isAvailable: true, isConnectedToProvisioningNetwork: false]
08-10 10:42:58.281 D/StatusBar.NetworkController( 1180): refreshSignalCluster - setNWBoosterIndicators(false)
08-10 10:42:58.281 D/StatusBar.NetworkController( 1180): applyCHN
08-10 10:42:58.281 D/StatusBar.NetworkController( 1180): refreshSignalCluster - setNWBoosterIndicators(false)
08-10 10:42:58.281 D/StatusBar.NetworkController( 1180): applyCHN
08-10 10:42:58.321 I/ActivityManager(  933): Displayed com.tencent.news/.activity.SplashActivity: +5s616ms (total +53m43s371ms)
08-10 10:42:58.321 I/Timeline(  933): Timeline: Activity_windows_visible id: ActivityRecord{102f20e6 u0 com.tencent.news/.activity.SplashActivity t1281} time:20381193
08-10 10:42:58.321 D/AndroidRuntime(30144): Shutting down VM
08-10 10:42:58.341 I/qtaguid (30168): Untagging socket 105
08-10 10:42:58.341 I/Timeline(30168): Timeline: Activity_idle id: android.os.BinderProxy@ccb3dbe time:20381219
08-10 10:42:58.361 V/ActivityThread( 2954): updateVisibility : ActivityRecord{3d6afe24 token=android.os.BinderProxy@d22dba5 {com.android.contacts/com.android.contacts.activities.PeopleActivity}} show : false
08-10 10:42:58.381 I/System.out(30168): (HTTPLog)-Static: isSBSettingEnabled false
08-10 10:42:58.381 I/System.out(30168): (HTTPLog)-Static: isSBSettingEnabled false
08-10 10:42:58.381 I/System.out(30168): (HTTPLog)-Static: isSBSettingEnabled false
08-10 10:42:58.401 I/System.out(30168): KnoxVpnUidStorageknoxVpnSupported API value returned is false
08-10 10:42:58.421 I/System.out(30168): KnoxVpnUidStorageknoxVpnSupported API value returned is false
08-10 10:42:58.421 I/System.out(30168): (HTTPLog)-Static: isSBSettingEnabled false
08-10 10:42:58.431 I/System.out(30168): (HTTPLog)-Static: isSBSettingEnabled false
08-10 10:42:58.461 D/ConnectivityService(  933): returning getNetworkInfo(networkType - 0) :[type: MOBILE[] - MOBILE, state: DISCONNECTED/DISCONNECTED, reason: (unspecified), extra: (none), roaming: false, failover: false, isAvailable: true, isConnectedToProvisioningNetwork: false]
08-10 10:42:58.461 D/ConnectivityService(  933): returning getNetworkInfo(networkType - 1) :[type: WIFI[] - WIFI, state: CONNECTED/CONNECTED, reason: (unspecified), extra: "CU_d24p", roaming: false, failover: false, isAvailable: true, isConnectedToProvisioningNetwork: false]
08-10 10:42:58.471 I/System.out(30168): KnoxVpnUidStorageknoxVpnSupported API value returned is false
08-10 10:42:58.471 D/ConnectivityService(  933): returning getActiveNetworkInfo :[type: WIFI[] - WIFI, state: CONNECTED/CONNECTED, reason: (unspecified), extra: "CU_d24p", roaming: false, failover: false, isAvailable: true, isConnectedToProvisioningNetwork: false]
08-10 10:42:58.491 D/ConnectivityService(  933): returning getActiveNetworkInfo :[type: WIFI[] - WIFI, state: CONNECTED/CONNECTED, reason: (unspecified), extra: "CU_d24p", roaming: false, failover: false, isAvailable: true, isConnectedToProvisioningNetwork: false]
08-10 10:42:58.511 I/System.out(30168): (HTTPLog)-Static: isSBSettingEnabled false
08-10 10:42:58.521 I/SurfaceFlinger(  256): id=125 Removed oews (5/8)
08-10 10:42:58.521 I/SurfaceFlinger(  256): id=125 Removed oews (-2/8)
08-10 10:42:58.541 I/System.out(30168): KnoxVpnUidStorageknoxVpnSupported API value returned is false
08-10 10:42:58.551 I/appium  (30080): channel read invoked!
08-10 10:42:58.551 I/appium  (30080): channel read: GET /wd/hub/session/9820e26f-855b-4968-9af5-4f17ea1832a2/appium/device/pixel_ratio
08-10 10:42:58.551 I/appium  (30080): Get device pixel ratio
08-10 10:42:58.561 I/appium  (30080): AppiumResponse: {"sessionId":"9820e26f-855b-4968-9af5-4f17ea1832a2","status":0,"value":3}
08-10 10:42:58.571 I/appium  (30080): channel read invoked!
08-10 10:42:58.571 I/appium  (30080): channel read: GET /wd/hub/session/9820e26f-855b-4968-9af5-4f17ea1832a2/appium/device/system_bars
08-10 10:42:58.571 I/appium  (30080): Get status bar height of the device
08-10 10:42:58.571 I/appium  (30080): AppiumResponse: {"sessionId":"9820e26f-855b-4968-9af5-4f17ea1832a2","status":0,"value":{"statusBar":75}}
08-10 10:42:58.591 I/appium  (30080): channel read invoked!
08-10 10:42:58.591 I/appium  (30080): channel read: GET /wd/hub/session/9820e26f-855b-4968-9af5-4f17ea1832a2/window/current/size
08-10 10:42:58.591 I/appium  (30080): Get window size of the device
08-10 10:42:58.591 I/appium  (30080): AppiumResponse: {"sessionId":"9820e26f-855b-4968-9af5-4f17ea1832a2","status":0,"value":{"height":1920,"width":1080}}
08-10 10:42:58.641 I/System.out(30168): (HTTPLog)-Static: isSBSettingEnabled false
08-10 10:42:58.641 V/BitmapFactory(30168): DecodeImagePath(decodeResourceStream3) : r/w/a04.png
08-10 10:42:58.641 D/ConnectivityService(  933): returning getNetworkInfo(networkType - 1) :[type: WIFI[] - WIFI, state: CONNECTED/CONNECTED, reason: (unspecified), extra: "CU_d24p", roaming: false, failover: false, isAvailable: true, isConnectedToProvisioningNetwork: false]
08-10 10:42:58.651 I/appium  (30080): channel read invoked!
08-10 10:42:58.651 I/appium  (30080): channel read: POST /wd/hub/session/9820e26f-855b-4968-9af5-4f17ea1832a2/elements
08-10 10:42:58.651 I/appium  (30080): Find elements command using 'id' with selector 'com.tencent.news:id/b0e'.
08-10 10:42:58.661 I/appium  (30080): Waiting up to 10000ms for device to be idle
08-10 10:42:58.671 D/ConnectivityService(  933): returning getNetworkInfo(networkType - 1) :[type: WIFI[] - WIFI, state: CONNECTED/CONNECTED, reason: (unspecified), extra: "CU_d24p", roaming: false, failover: false, isAvailable: true, isConnectedToProvisioningNetwork: false]
08-10 10:42:58.671 D/ConnectivityService(  933): returning getNetworkInfo(networkType - 1) :[type: WIFI[] - WIFI, state: CONNECTED/CONNECTED, reason: (unspecified), extra: "CU_d24p", roaming: false, failover: false, isAvailable: true, isConnectedToProvisioningNetwork: false]
08-10 10:42:58.681 I/System.out(30168): (HTTPLog)-Static: isSBSettingEnabled false
08-10 10:42:58.681 I/System.out(30168): KnoxVpnUidStorageknoxVpnSupported API value returned is false
08-10 10:42:58.681 D/ConnectivityService(  933): returning getNetworkInfo(networkType - 1) :[type: WIFI[] - WIFI, state: CONNECTED/CONNECTED, reason: (unspecified), extra: "CU_d24p", roaming: false, failover: false, isAvailable: true, isConnectedToProvisioningNetwork: false]
08-10 10:42:58.691 I/System.out(30168): KnoxVpnUidStorageknoxVpnSupported API value returned is false
08-10 10:42:58.701 D/ConnectivityService(  933): returning getActiveNetworkInfo :[type: WIFI[] - WIFI, state: CONNECTED/CONNECTED, reason: (unspecified), extra: "CU_d24p", roaming: false, failover: false, isAvailable: true, isConnectedToProvisioningNetwork: false]
08-10 10:42:58.751 D/ConnectivityService(  933): returning getActiveNetworkInfo :[type: WIFI[] - WIFI, state: CONNECTED/CONNECTED, reason: (unspecified), extra: "CU_d24p", roaming: false, failover: false, isAvailable: true, isConnectedToProvisioningNetwork: false]
08-10 10:42:58.761 I/System.out(30168): (HTTPLog)-Static: isSBSettingEnabled false
08-10 10:42:58.761 D/ConnectivityService(  933): returning getActiveNetworkInfo :[type: WIFI[] - WIFI, state: CONNECTED/CONNECTED, reason: (unspecified), extra: "CU_d24p", roaming: false, failover: false, isAvailable: true, isConnectedToProvisioningNetwork: false]
08-10 10:42:58.781 I/PLAYER_ODK(30168): System config:
08-10 10:42:58.781 I/PLAYER_ODK(30168): db check ok
08-10 10:42:58.801 I/PLAYER_ODK(30168): init local store has 0 records, dbRebuild : false
08-10 10:42:58.821 I/PLAYER_ODK(30168): odk player init completed, appkey is ACJR7JT12C16 channel is -1 , sdk version is 4.2.3
08-10 10:42:58.851 I/appium  (30080): AppiumResponse: {"sessionId":"9820e26f-855b-4968-9af5-4f17ea1832a2","status":0,"value":[]}
08-10 10:42:58.891 D/LogWriter(30168): 08-10 10:42:57.599	1706	Request	request http://r.inews.qq.com/getVideoSo will submit with ssl
08-10 10:42:58.891 I/System.out(30168): KnoxVpnUidStorageknoxVpnSupported API value returned is false
08-10 10:42:59.031 D/PackageManager(  933): [MSG] WRITE_PACKAGE_RESTRICTIONS
08-10 10:42:59.131 D/LogWriter(30168): 08-10 10:42:57.837	1698	PriorityDns	lookup, start lookup local: w.inews.qq.com
08-10 10:42:59.141 D/LogWriter(30168): 08-10 10:42:57.853	1706	PriorityDns	lookup, start lookup local: r.inews.qq.com
08-10 10:42:59.141 D/LogWriter(30168): 08-10 10:42:57.854	1706	HttpDns	lookup, update direct ip, hostname: r.inews.qq.com
08-10 10:42:59.151 D/LogWriter(30168): 08-10 10:42:57.856	1698	HttpDns	lookup, update direct ip, hostname: w.inews.qq.com
08-10 10:42:59.171 D/LogWriter(30168): 08-10 10:42:57.947	1718	Request	request http://w.inews.qq.com/upLoadLoc will submit with ssl
08-10 10:42:59.171 I/JNIMsg  (30168): ccmy:s st.
08-10 10:42:59.171 I/JNIMsg  (30168): ccmy:i. B36DA6D8190A35841EC5389AB4F56784
08-10 10:42:59.171 I/JNIMsg  (30168): ccmy: conf rlog.video.qq.com 8080 bkrlog.video.qq.com 8080
08-10 10:42:59.171 I/JNIMsg  (30168): ccmy:ce ge.
08-10 10:42:59.171 I/procinfo(30168): ccmy apkurl:/data/app/com.tencent.news-1/base.apk
08-10 10:42:59.181 D/LogWriter(30168): 08-10 10:42:57.965	1714	PriorityDns	lookup, start lookup local: wise.qq.com
08-10 10:42:59.191 D/LogWriter(30168): 08-10 10:42:57.965	1714	HttpDns	lookup, no direct ip, hostname: wise.qq.com
08-10 10:42:59.221 D/LogWriter(30168): 08-10 10:42:58.002	1714	Request	filter block ssl route holder /182.254.118.8 from 0 expire -9223372036799180902 lowIp true fallback http
08-10 10:42:59.231 D/LogWriter(30168): 08-10 10:42:58.007	1698	Request	filter block ssl route holder /182.254.118.8 from 0 expire -9223372036799180902 lowIp true fallback http
08-10 10:42:59.231 D/LogWriter(30168): 08-10 10:42:58.009	1566	PriorityDns	lookup, start lookup local: w.inews.qq.com
08-10 10:42:59.231 D/LogWriter(30168): 08-10 10:42:58.009	1566	HttpDns	lookup, update direct ip, hostname: w.inews.qq.com
08-10 10:42:59.231 D/LogWriter(30168): 08-10 10:42:58.012	1718	Request	filter block ssl route holder /182.254.118.8 from 0 expire -9223372036799180902 lowIp true fallback http
08-10 10:42:59.231 D/LogWriter(30168): 08-10 10:42:58.015	1706	Request	filter block ssl route holder /182.254.118.8 from 0 expire -9223372036799180902 lowIp true fallback http
08-10 10:42:59.241 D/LogWriter(30168): 08-10 10:42:58.038	1714	Request	filter block ssl route holder wise.qq.com/182.254.118.8 from 3 expire 55659353 lowIp false fallback http
08-10 10:42:59.261 D/LogWriter(30168): 08-10 10:42:58.138	1723	ConnectionSelector	return connection, host wise.qq.com addr /182.254.118.8:80 proxy DIRECT@ rtt 13 
08-10 10:42:59.261 D/LogWriter(30168): 08-10 10:42:58.145	1714	Request	request fall back https://wise.qq.com/dnsQuery?dn=r.inews.qq.com,w.inews.qq.com&seq=-287081812&format=json&appid=1000&adcode=110113&is_special_device=0&mid=478cd36182ab2b8b428bb3370d739f0626ce4071&dpi=480.0&is_chinamobile_oem=0&qqnetwork=wifi&rom_type=&isColdLaunch=1&real_device_width=2.8&net_proxy=DIRECT@&net_bssid=88:3f:d3:3f:82:d0&isMainUserLogin=0&currentChannelId=news_news_top&isElderMode=0&apptype=android&islite=0&hw=samsung_SM-N9006&baseid=460.01.41193.2985443&global_session_id=1565404976925&screen_width=1080&omgbizid=617d8c66ee06564152182c2e07f844f58b8c0050214707&sceneid=&videoAutoPlay=1&imsi=460010231606007&fix_store=&cpuabi=armeabi-v7a&isoem=0&currentTabId=news_news&lite_version=&startTimestamp=1565404976&net_slot=0&pagestartfrom=icon&mac=84:38:38:9B:6B:47&activefrom=icon&net_ssid=CU_d24p&store=10797&screen_height=1920&top_activity=SplashActivity&preStartTimestamp=1565401731&real_device_height=4.96&origin_imei=355021060012215&network_type=wifi&origCurrentTab=top&global_info=1|1|1|1|1|14|4|1|0|6|1|1|1||0|J309P000000000:J902P000000000:A601P000079501:A601P300093301:J601P100000000:J601P600000000:J601P400000000:J601P200000000:J603P000000000:J401P100000000:J401P000000000:J602P000000000:J602P900000000:J602P100000000:J602P500000000:J602P600000000:J304P000000000:J310P000000000:J701P000000000:J703P000000000:A704P000126401:J702P000000000:B064P000131402:A085P000087701:A267P000127801:J267P100000000:A073P000132001:A060P016085901:J060P000000000:J060P100000000:J060P017000000:J060P018000000:B403P000115802:J403P100000000:J404P000000000:B055P200076802:J055P000000000:B402P300104902:B402P000120902:B402P100126002:J402P021000000:A054P000129101:J054P200000000:B901P000127502|1429|0|1|24|24|0|0|0|1001|3|3|1|1|1|1|1|1|-1|0|0|0|2|0|0|0|2|0|0|1|0|0|1|0|0|0|0|0|1|0|1|1|0|0|1|0|4|0|1|1|11|20|1|0|1|1|4|0|1|4|2|1|1|40|2|51|60|0|1|0|0|0|1|0|0|0|73|0|0|0&imsi_history=460010231606007&net_apn=0&uid=45258864323b7bbe&omgid=3600936f0a736c445f1a0cad550d7cb5ea930010214707&trueVersion=5.8.50&qimei=355021060012215&devid=355021060012215&appver=21_android_5.8.50&Cookie=open_appid%3D100383922;open_access_token%3D;open_pay_token%3D;open_openid%3D;vqq_appid%3D100383922;vqq_access_token%3D;vqq_openid%3D;logintype%3D0;%20main_login%3D;%20 to http
08-10 10:42:59.371 I/appium  (30080): channel read invoked!
08-10 10:42:59.371 I/appium  (30080): channel read: POST /wd/hub/session/9820e26f-855b-4968-9af5-4f17ea1832a2/elements
08-10 10:42:59.381 I/appium  (30080): Find elements command using 'id' with selector 'com.tencent.news:id/b0e'.
08-10 10:42:59.381 I/appium  (30080): Waiting up to 10000ms for device to be idle
08-10 10:42:59.411 D/ConnectivityService(  933): returning getActiveNetworkInfo :[type: WIFI[] - WIFI, state: CONNECTED/CONNECTED, reason: (unspecified), extra: "CU_d24p", roaming: false, failover: false, isAvailable: true, isConnectedToProvisioningNetwork: false]
08-10 10:42:59.431 D/ConnectivityService(  933): returning getNetworkInfo(networkType - 1) :[type: WIFI[] - WIFI, state: CONNECTED/CONNECTED, reason: (unspecified), extra: "CU_d24p", roaming: false, failover: false, isAvailable: true, isConnectedToProvisioningNetwork: false]
08-10 10:42:59.451 D/LogWriter(30168): 08-10 10:42:58.148	1729	ConnectionSelector	return connection, host w.inews.qq.com addr /182.254.118.8:80 proxy DIRECT@ rtt 17 
08-10 10:42:59.461 I/System.out(30168): (HTTPLog)-Static: isSBSettingEnabled false
08-10 10:42:59.461 I/System.out(30168): KnoxVpnUidStorageknoxVpnSupported API value returned is false
08-10 10:42:59.461 D/LogWriter(30168): 08-10 10:42:58.148	1718	Request	request fall back https://w.inews.qq.com/upLoadLoc?uid=45258864323b7bbe&omgid=3600936f0a736c445f1a0cad550d7cb5ea930010214707&trueVersion=5.8.50&qimei=355021060012215&devid=355021060012215&appver=21_android_5.8.50&Cookie=open_appid%3D100383922;open_access_token%3D;open_pay_token%3D;open_openid%3D;vqq_appid%3D100383922;vqq_access_token%3D;vqq_openid%3D;logintype%3D0;%20main_login%3D;%20 to http
08-10 10:42:59.461 D/LogWriter(30168): 08-10 10:42:58.149	1706	Request	request fall back https://r.inews.qq.com/getVideoSo?version=5.8.50&adcode=110113&is_special_device=0&mid=478cd36182ab2b8b428bb3370d739f0626ce4071&dpi=480.0&is_chinamobile_oem=0&qqnetwork=wifi&rom_type=&isColdLaunch=1&real_device_width=2.8&net_proxy=DIRECT@&net_bssid=88:3f:d3:3f:82:d0&isMainUserLogin=0&currentChannelId=news_news_top&isElderMode=0&apptype=android&islite=0&hw=samsung_SM-N9006&baseid=460.01.41193.2985443&global_session_id=1565404976925&screen_width=1080&omgbizid=617d8c66ee06564152182c2e07f844f58b8c0050214707&sceneid=&videoAutoPlay=1&imsi=460010231606007&fix_store=&cpuabi=armeabi-v7a&isoem=0&currentTabId=news_news&lite_version=&startTimestamp=1565404976&net_slot=0&pagestartfrom=icon&mac=84:38:38:9B:6B:47&activefrom=icon&net_ssid=CU_d24p&store=10797&screen_height=1920&top_activity=SplashActivity&preStartTimestamp=1565401731&real_device_height=4.96&origin_imei=355021060012215&network_type=wifi&origCurrentTab=top&global_info=1|1|1|1|1|14|4|1|0|6|1|1|1||0|J309P000000000:J902P000000000:A601P000079501:A601P300093301:J601P100000000:J601P600000000:J601P400000000:J601P200000000:J603P000000000:J401P100000000:J401P000000000:J602P000000000:J602P900000000:J602P100000000:J602P500000000:J602P600000000:J304P000000000:J310P000000000:J701P000000000:J703P000000000:A704P000126401:J702P000000000:B064P000131402:A085P000087701:A267P000127801:J267P100000000:A073P000132001:A060P016085901:J060P000000000:J060P100000000:J060P017000000:J060P018000000:B403P000115802:J403P100000000:J404P000000000:B055P200076802:J055P000000000:B402P300104902:B402P000120902:B402P100126002:J402P021000000:A054P000129101:J054P200000000:B901P000127502|1429|0|1|24|24|0|0|0|1001|3|3|1|1|1|1|1|1|-1|0|0|0|2|0|0|0|2|0|0|1|0|0|1|0|0|0|0|0|1|0|1|1|0|0|1|0|4|0|1|1|11|20|1|0|1|1|4|0|1|4|2|1|1|40|2|51|60|0|1|0|0|0|1|0|0|0|73|0|0|0&imsi_history=460010231606007&net_apn=0&uid=45258864323b7bbe&omgid=3600936f0a736c445f1a0cad550d7cb5ea930010214707&trueVersion=5.8.50&qimei=355021060012215&devid=355021060012215&appver=21_android_5.8.50&Cookie=open_appid%3D100383922;open_access_token%3D;open_pay_token%3D;open_openid%3D;vqq_appid%3D100383922;vqq_access_token%3D;vqq_openid%3D;logintype%3D0;%20main_login%3D;%20 to http
08-10 10:42:59.461 D/LogWriter(30168): 08-10 10:42:58.149	1724	ConnectionSelector	return connection, host r.inews.qq.com addr /182.254.118.8:80 proxy DIRECT@ rtt 10 
08-10 10:42:59.461 D/ConnectivityService(  933): returning getActiveNetworkInfo :[type: WIFI[] - WIFI, state: CONNECTED/CONNECTED, reason: (unspecified), extra: "CU_d24p", roaming: false, failover: false, isAvailable: true, isConnectedToProvisioningNetwork: false]
08-10 10:42:59.481 I/JNIMsg  (30168): ccmy:r s.
08-10 10:42:59.481 I/JNIMsg  (30168): ccmy:reg B36DA6D8190A35841EC5389AB4F56784|20303|V5.9.120.3400|928
08-10 10:42:59.481 D/DnsProxyListener(  277): DnsProxyListener::GetHostByNameHandler::run, mName : rlog.video.qq.com, mAf: 2 
08-10 10:42:59.551 V/BitmapFactory(30168): DecodeImagePath(decodeResourceStream3) : r/g/a8l.png
08-10 10:42:59.551 V/BitmapFactory(30168): DecodeImagePath(decodeResourceStream3) : r/g/aha.png
08-10 10:42:59.561 V/BitmapFactory(30168): DecodeImagePath(decodeResourceStream3) : r/g/a8n.png
08-10 10:42:59.571 I/System.out(30168): (HTTPLog)-Static: isSBSettingEnabled false
08-10 10:42:59.591 V/BitmapFactory(30168): DecodeImagePath(decodeResourceStream3) : r/g/a8j.png
08-10 10:42:59.591 V/BitmapFactory(30168): DecodeImagePath(decodeResourceStream3) : r/g/ah7.png
08-10 10:42:59.601 D/ConnectivityService(  933): returning getNetworkInfo(networkType - 0) :[type: MOBILE[] - MOBILE, state: DISCONNECTED/DISCONNECTED, reason: (unspecified), extra: (none), roaming: false, failover: false, isAvailable: true, isConnectedToProvisioningNetwork: false]
08-10 10:42:59.601 D/ConnectivityService(  933): returning getNetworkInfo(networkType - 1) :[type: WIFI[] - WIFI, state: CONNECTED/CONNECTED, reason: (unspecified), extra: "CU_d24p", roaming: false, failover: false, isAvailable: true, isConnectedToProvisioningNetwork: false]
08-10 10:42:59.601 D/ConnectivityService(  933): returning getActiveNetworkInfo :[type: WIFI[] - WIFI, state: CONNECTED/CONNECTED, reason: (unspecified), extra: "CU_d24p", roaming: false, failover: false, isAvailable: true, isConnectedToProvisioningNetwork: false]
08-10 10:42:59.611 V/BitmapFactory(30168): DecodeImagePath(decodeResourceStream3) : r/g/a8h.png
08-10 10:42:59.611 V/BitmapFactory(30168): DecodeImagePath(decodeResourceStream3) : r/g/a8i.png
08-10 10:42:59.611 I/JNIMsg  (30168): ccmy:reg t succ. 
08-10 10:42:59.631 V/BitmapFactory(30168): DecodeImagePath(decodeResourceStream3) : r/g/a8k.png
08-10 10:42:59.641 V/BitmapFactory(30168): DecodeImagePath(decodeResourceStream3) : r/g/ah8.png
08-10 10:42:59.641 I/System.out(30168): KnoxVpnUidStorageknoxVpnSupported API value returned is false
08-10 10:42:59.651 D/ConnectivityService(  933): returning getActiveNetworkInfo :[type: WIFI[] - WIFI, state: CONNECTED/CONNECTED, reason: (unspecified), extra: "CU_d24p", roaming: false, failover: false, isAvailable: true, isConnectedToProvisioningNetwork: false]
08-10 10:42:59.661 D/ConnectivityService(  933): returning getActiveNetworkInfo :[type: WIFI[] - WIFI, state: CONNECTED/CONNECTED, reason: (unspecified), extra: "CU_d24p", roaming: false, failover: false, isAvailable: true, isConnectedToProvisioningNetwork: false]
08-10 10:42:59.751 D/LogWriter(30168): 08-10 10:42:58.402	1725	ConnectionSelector	return connection, host w.inews.qq.com addr /220.194.95.149:443 proxy DIRECT@ rtt 22 
08-10 10:42:59.831 I/System.out(30168): 1174
08-10 10:42:59.841 I/System.out(30168): (HTTPLog)-Static: isSBSettingEnabled false
08-10 10:42:59.891 D/LogWriter(30168): 08-10 10:42:59.538	1716	Request	request http://w.inews.qq.com/getSubLocalChannels will submit with ssl
08-10 10:42:59.891 D/LogWriter(30168): 08-10 10:42:59.582	1716	ConnectionSelector	found reuse connect Connection{w.inews.qq.com:443, proxy=DIRECT@ hostAddress=/220.194.95.149:443 cipherSuite=TLS_ECDHE_RSA_WITH_AES_128_GCM_SHA256 protocol=http/1.1 birth=55599757 live=1501} host: w.inews.qq.com address: /220.194.95.149:443 stable: true
08-10 10:42:59.921 V/BitmapFactory(30168): DecodeImagePath(decodeResourceStream3) : r/g/a8w.png
08-10 10:42:59.941 I/System.out(30168): 1174
08-10 10:42:59.941 I/System.out(30168): 1144
08-10 10:42:59.941 I/System.out(30168): (HTTPLog)-Static: isSBSettingEnabled false
08-10 10:42:59.991 D/KeyguardUpdateMonitor( 1180): received broadcast android.intent.action.TIME_TICK
08-10 10:42:59.991 D/KeyguardUpdateMonitor( 1180): handleTimeUpdate
08-10 10:42:59.991 D/KeyguardEffectViewController( 1180): onReceive action : android.intent.action.TIME_TICK
08-10 10:42:59.991 I/KeyguardEffectViewController( 1180): *** don't update sliding image ***
08-10 10:42:59.991 V/AlarmManager(  933): waitForAlarm result :8
08-10 10:43:00.011 E/SQLiteLog(30168): (283) recovered 116 frames from WAL file /data/data/com.tencent.news/databases/news_cache.db-wal
08-10 10:43:00.041 D/DateView( 1180): regionalDateFormat = 3333/11/22 isRTLlanguage = false returnDateFormat = MMMM d, E
08-10 10:43:00.041 D/DateView( 1180): regionalDateFormat = 3333/11/22 isRTLlanguage = false returnDateFormat = MMMM d, E
08-10 10:43:00.071 I/System.out(30168): 1144
08-10 10:43:00.071 I/System.out(30168): 1319
08-10 10:43:00.071 I/System.out(30168): (HTTPLog)-Static: isSBSettingEnabled false
08-10 10:43:00.081 V/BitmapFactory(30168): DecodeImagePath(decodeResourceStream3) : r/g/a8p.png
08-10 10:43:00.091 V/BitmapFactory(30168): DecodeImagePath(decodeResourceStream3) : r/g/a7i.png
08-10 10:43:00.091 V/BitmapFactory(30168): DecodeImagePath(decodeResourceStream3) : r/w/po.png
08-10 10:43:00.091 V/BitmapFactory(30168): DecodeImagePath(decodeResourceStream3) : r/g/a16.png
08-10 10:43:00.091 V/BitmapFactory(30168): DecodeImagePath(decodeResourceStream3) : r/g/a15.png
08-10 10:43:00.131 V/BitmapFactory(30168): DecodeImagePath(decodeResourceStream3) : r/g/a8y.png
08-10 10:43:00.181 I/System.out(30168): 1319
08-10 10:43:00.181 V/BitmapFactory(30168): DecodeImagePath(decodeResourceStream3) : r/g/ah4.png
08-10 10:43:00.231 W/ResourceType(30168): No known package when getting value for resource number 0xffffffff
08-10 10:43:00.231 W/ResourceType(30168): No known package when getting value for resource number 0xffffffff
08-10 10:43:00.271 D/ImmersiveHelper(30168): viewpadding...
08-10 10:43:00.271 D/ImmersiveHelper(30168): viewpadding...
08-10 10:43:00.271 D/ImmersiveHelper(30168): viewpadding...
08-10 10:43:00.321 V/BitmapFactory(30168): DecodeImagePath(decodeResourceStream3) : r/g/a8r.png
08-10 10:43:00.321 V/BitmapFactory(30168): DecodeImagePath(decodeResourceStream3) : r/g/a8p.png
08-10 10:43:00.341 W/ResourceType(30168): No known package when getting value for resource number 0xffffffff
08-10 10:43:00.341 W/ResourceType(30168): No known package when getting value for resource number 0xffffffff
08-10 10:43:00.351 D/ConnectivityService(  933): returning getActiveNetworkInfo :[type: WIFI[] - WIFI, state: CONNECTED/CONNECTED, reason: (unspecified), extra: "CU_d24p", roaming: false, failover: false, isAvailable: true, isConnectedToProvisioningNetwork: false]
08-10 10:43:00.351 D/ConnectivityService(  933): returning getActiveNetworkInfo :[type: WIFI[] - WIFI, state: CONNECTED/CONNECTED, reason: (unspecified), extra: "CU_d24p", roaming: false, failover: false, isAvailable: true, isConnectedToProvisioningNetwork: false]
08-10 10:43:00.361 W/ResourceType(30168): No known package when getting value for resource number 0xffffffff
08-10 10:43:00.361 W/ResourceType(30168): No known package when getting value for resource number 0xffffffff
08-10 10:43:00.371 V/BitmapFactory(30168): DecodeImagePath(decodeResourceStream3) : r/g/ah4.png
08-10 10:43:00.371 W/ResourceType(30168): No known package when getting value for resource number 0xffffffff
08-10 10:43:00.371 W/ResourceType(30168): No known package when getting value for resource number 0xffffffff
08-10 10:43:00.371 W/ResourceType(30168): No known package when getting value for resource number 0xffffffff
08-10 10:43:00.371 W/ResourceType(30168): No known package when getting value for resource number 0xffffffff
08-10 10:43:00.381 V/BitmapFactory(30168): DecodeImagePath(decodeResourceStream3) : r/g/a16.png
08-10 10:43:00.381 V/BitmapFactory(30168): DecodeImagePath(decodeResourceStream3) : r/g/a15.png
08-10 10:43:00.381 V/BitmapFactory(30168): DecodeImagePath(decodeResourceStream3) : r/g/a8y.png
08-10 10:43:00.431 W/ResourceType(30168): No known package when getting value for resource number 0xffffffff
08-10 10:43:00.431 W/ResourceType(30168): No known package when getting value for resource number 0xffffffff
08-10 10:43:00.431 W/ResourceType(30168): No known package when getting value for resource number 0xffffffff
08-10 10:43:00.431 W/ResourceType(30168): No known package when getting value for resource number 0xffffffff
08-10 10:43:00.441 E/SMD     (  283): DCD ON
08-10 10:43:00.441 W/ResourceType(30168): No known package when getting value for resource number 0xffffffff
08-10 10:43:00.441 W/ResourceType(30168): No known package when getting value for resource number 0xffffffff
08-10 10:43:00.461 I/Choreographer(30168): Skipped 57 frames!  The application may be doing too much work on its main thread.
08-10 10:43:00.471 I/appium  (30080): AppiumResponse: {"sessionId":"9820e26f-855b-4968-9af5-4f17ea1832a2","status":0,"value":[]}
08-10 10:43:00.511 I/System.out(30168): (HTTPLog)-Static: isSBSettingEnabled false
08-10 10:43:00.641 V/BitmapFactory(30168): DecodeImagePath(decodeResourceStream3) : r/g/ahz.png
08-10 10:43:00.651 V/BitmapFactory(30168): DecodeImagePath(decodeResourceStream3) : r/w/oi.png
08-10 10:43:00.661 V/BitmapFactory(30168): DecodeImagePath(decodeResourceStream3) : r/w/p7.png
08-10 10:43:00.661 V/BitmapFactory(30168): DecodeImagePath(decodeResourceStream3) : r/w/p8.png
08-10 10:43:00.661 D/RotationEarth(30168): initDrawing
08-10 10:43:00.661 D/RotationEarth(30168): srcWidth:0, srcHeight:0
08-10 10:43:00.661 D/RotationEarth(30168): extendWidth:0, extendHeight:0
08-10 10:43:00.661 D/RotationEarth(30168): viewPortL:0
08-10 10:43:00.661 V/BitmapFactory(30168): DecodeImagePath(decodeResourceStream3) : r/w/oi.png
08-10 10:43:00.671 V/BitmapFactory(30168): DecodeImagePath(decodeResourceStream3) : r/w/p7.png
08-10 10:43:00.671 V/BitmapFactory(30168): DecodeImagePath(decodeResourceStream3) : r/w/p8.png
08-10 10:43:00.681 V/BitmapFactory(30168): DecodeImagePath(decodeResourceStream3) : r/w/oj.png
08-10 10:43:00.681 V/BitmapFactory(30168): DecodeImagePath(decodeResourceStream3) : r/w/ok.png
08-10 10:43:00.681 V/BitmapFactory(30168): DecodeImagePath(decodeResourceStream3) : r/w/ov.png
