08-08 23:49:01.188 D/ConnectivityService(  917): returning getNetworkInfo(networkType - 0) :[type: MOBILE[] - MOBILE, state: DISCONNECTED/DISCONNECTED, reason: (unspecified), extra: (none), roaming: false, failover: false, isAvailable: true, isConnectedToProvisioningNetwork: false]
08-08 23:49:01.188 D/ConnectivityService(  917): returning getActiveNetworkInfo :[type: WIFI[] - WIFI, state: CONNECTED/CONNECTED, reason: (unspecified), extra: "宣龙华的 iPhone (2)", roaming: false, failover: false, isAvailable: true, isConnectedToProvisioningNetwork: false]
08-08 23:49:01.188 D/ConnectivityService(  917): returning getNetworkInfo(networkType - 1) :[type: WIFI[] - WIFI, state: CONNECTED/CONNECTED, reason: (unspecified), extra: "宣龙华的 iPhone (2)", roaming: false, failover: false, isAvailable: true, isConnectedToProvisioningNetwork: false]
08-08 23:49:01.188 D/ConnectivityService(  917): returning getActiveNetworkInfo :[type: WIFI[] - WIFI, state: CONNECTED/CONNECTED, reason: (unspecified), extra: "宣龙华的 iPhone (2)", roaming: false, failover: false, isAvailable: true, isConnectedToProvisioningNetwork: false]
08-08 23:49:01.198 D/ConnectivityService(  917): returning getNetworkInfo(networkType - 1) :[type: WIFI[] - WIFI, state: CONNECTED/CONNECTED, reason: (unspecified), extra: "宣龙华的 iPhone (2)", roaming: false, failover: false, isAvailable: true, isConnectedToProvisioningNetwork: false]
08-08 23:49:01.228 W/ActivityManager(  917): getTasks: caller 10205 does not hold GET_TASKS; limiting output
08-08 23:49:01.268 D/ConnectivityService(  917): returning getActiveNetworkInfo :[type: WIFI[] - WIFI, state: CONNECTED/CONNECTED, reason: (unspecified), extra: "宣龙华的 iPhone (2)", roaming: false, failover: false, isAvailable: true, isConnectedToProvisioningNetwork: false]
08-08 23:49:01.268 D/ConnectivityService(  917): returning getActiveNetworkInfo :[type: WIFI[] - WIFI, state: CONNECTED/CONNECTED, reason: (unspecified), extra: "宣龙华的 iPhone (2)", roaming: false, failover: false, isAvailable: true, isConnectedToProvisioningNetwork: false]
08-08 23:49:01.298 D/ConnectivityService(  917): returning getActiveNetworkInfo :[type: WIFI[] - WIFI, state: CONNECTED/CONNECTED, reason: (unspecified), extra: "宣龙华的 iPhone (2)", roaming: false, failover: false, isAvailable: true, isConnectedToProvisioningNetwork: false]
08-08 23:49:01.308 I/System.out( 5260): (HTTPLog)-Static: isSBSettingEnabled false
08-08 23:49:01.318 I/System.out( 5260): KnoxVpnUidStorageknoxVpnSupported API value returned is false
08-08 23:49:01.318 D/LogWriter( 5260): 08-08 23:49:00.204	7668	Request	request http://r.inews.qq.com/checkWeiboAbility?coral_uid=169840019 will submit with ssl
08-08 23:49:01.328 I/System.out( 5260): (HTTPLog)-Static: isSBSettingEnabled false
08-08 23:49:01.328 I/System.out( 5260): KnoxVpnUidStorageknoxVpnSupported API value returned is false
08-08 23:49:01.328 D/LogWriter( 5260): 08-08 23:49:00.215	7682	PriorityDns	lookup, start lookup local: r.inews.qq.com
08-08 23:49:01.338 D/LogWriter( 5260): 08-08 23:49:00.216	7668	Request	filter block ssl route holder /182.254.118.8 from 0 expire -9223372036725993854 lowIp true fallback http
08-08 23:49:01.378 D/LogWriter( 5260): 08-08 23:49:00.246	7670	Request	request http://r.inews.qq.com/getLiveSubChannels will submit with ssl
08-08 23:49:01.428 E/RecyclerView( 5260): No adapter attached; skipping layout
08-08 23:49:01.458 E/ApmManager( 5260): checkInstanceValid Error!!!
08-08 23:49:01.478 D/LogWriter( 5260): 08-08 23:49:00.253	7593	PriorityDns	lookup, start lookup local: r.inews.qq.com
08-08 23:49:01.498 D/LogWriter( 5260): 08-08 23:49:00.255	7670	Request	filter block ssl route holder /182.254.118.8 from 0 expire -9223372036725993854 lowIp true fallback http
08-08 23:49:01.508 I/appium  ( 5165): channel read invoked!
08-08 23:49:01.508 I/appium  ( 5165): channel read: POST /wd/hub/session/c244cff5-6740-4794-8cde-fbbf359d3d1f/elements
08-08 23:49:01.508 I/appium  ( 5165): Find elements command using 'id' with selector 'com.tencent.news:id/b0e'.
08-08 23:49:01.508 I/appium  ( 5165): Waiting up to 10000ms for device to be idle
08-08 23:49:01.518 D/LogWriter( 5260): 08-08 23:49:00.317	7694	Request	request http://r.inews.qq.com/getSysPublishConfigAndroid will submit with ssl
08-08 23:49:01.518 D/LogWriter( 5260): 08-08 23:49:00.342	7581	ConnectionSelector	return connection, host w.inews.qq.com addr w.inews.qq.com/2402:4e00:8030:1::7f:443 proxy DIRECT@ rtt 80 
08-08 23:49:01.528 I/System.out( 5260): (HTTPLog)-Static: isSBSettingEnabled false
08-08 23:49:01.558 D/ConnectivityService(  917): returning getNetworkInfo(networkType - 0) :[type: MOBILE[] - MOBILE, state: DISCONNECTED/DISCONNECTED, reason: (unspecified), extra: (none), roaming: false, failover: false, isAvailable: true, isConnectedToProvisioningNetwork: false]
08-08 23:49:01.558 D/ConnectivityService(  917): returning getNetworkInfo(networkType - 1) :[type: WIFI[] - WIFI, state: CONNECTED/CONNECTED, reason: (unspecified), extra: "宣龙华的 iPhone (2)", roaming: false, failover: false, isAvailable: true, isConnectedToProvisioningNetwork: false]
08-08 23:49:01.558 D/ConnectivityService(  917): returning getActiveNetworkInfo :[type: WIFI[] - WIFI, state: CONNECTED/CONNECTED, reason: (unspecified), extra: "宣龙华的 iPhone (2)", roaming: false, failover: false, isAvailable: true, isConnectedToProvisioningNetwork: false]
08-08 23:49:01.608 D/LogWriter( 5260): 08-08 23:49:00.366	7586	ConnectionSelector	return connection, host r.inews.qq.com addr r.inews.qq.com/2402:4e00:8030:1::7f:443 proxy DIRECT@ rtt 61 
08-08 23:49:01.608 D/LogWriter( 5260): 08-08 23:49:00.373	7586	Request	request http://w.inews.qq.com/setPushSwitch will submit with ssl
08-08 23:49:01.608 D/LogWriter( 5260): 08-08 23:49:00.380	7679	Request	request http://w.inews.qq.com/reportNewUserTime will submit with ssl
08-08 23:49:01.618 I/System.out( 5260): (HTTPLog)-Static: isSBSettingEnabled false
08-08 23:49:01.638 V/MediaPlayer-JNI( 5260): native_setup
08-08 23:49:01.638 V/MediaPlayer( 5260): constructor
08-08 23:49:01.638 V/MediaPlayer( 5260): setListener
08-08 23:49:01.638 E/MediaPlayer-JNI( 5260): QCMediaPlayer mediaplayer NOT present
08-08 23:49:01.648 V/MediaPlayer( 5260): isPlaying: no active player
08-08 23:49:01.648 V/MediaPlayer-JNI( 5260): isPlaying: 0
08-08 23:49:01.668 W/UIManager_Blank( 5260): UIManager init IS_BLANK_CLASS:true
08-08 23:49:01.678 D/LogWriter( 5260): 08-08 23:49:00.403	7586	Request	filter block ssl route holder /182.254.118.8 from 0 expire -9223372036725993854 lowIp true fallback http
08-08 23:49:01.678 D/LogWriter( 5260): 08-08 23:49:00.413	7679	Request	filter block ssl route holder /182.254.118.8 from 0 expire -9223372036725993854 lowIp true fallback http
08-08 23:49:01.678 D/MicroMsg.PaySdk.WXFactory( 5260): createWXAPI, appId = wx073f4a4daff0abe8, checkSignature = true
08-08 23:49:01.688 D/LogWriter( 5260): 08-08 23:49:00.419	7694	Request	filter block ssl route holder /182.254.118.8 from 0 expire -9223372036725993854 lowIp true fallback http
08-08 23:49:01.688 D/LogWriter( 5260): 08-08 23:49:00.428	7672	ConnectionSelector	return connection, host r.inews.qq.com addr r.inews.qq.com/2402:4e00:8030:1::7f:443 proxy DIRECT@ rtt 74 
08-08 23:49:01.698 D/MicroMsg.SDK.WXApiImplV10( 5260): <init>, appId = wx073f4a4daff0abe8, checkSignature = true
08-08 23:49:01.698 D/MicroMsg.SDK.WXMsgImplComm( 5260): check signature:308202eb30820254a00302010202044d36f7a4300d06092a864886f70d01010505003081b9310b300906035504061302383631123010060355040813094775616e67646f6e673111300f060355040713085368656e7a68656e31353033060355040a132c54656e63656e7420546563686e6f6c6f6779285368656e7a68656e2920436f6d70616e79204c696d69746564313a3038060355040b133154656e63656e74204775616e677a686f7520526573656172636820616e6420446576656c6f706d656e742043656e7465723110300e0603550403130754656e63656e74301e170d3131303131393134333933325a170d3431303131313134333933325a3081b9310b300906035504061302383631123010060355040813094775616e67646f6e673111300f060355040713085368656e7a68656e31353033060355040a132c54656e63656e7420546563686e6f6c6f6779285368656e7a68656e2920436f6d70616e79204c696d69746564313a3038060355040b133154656e63656e74204775616e677a686f7520526573656172636820616e6420446576656c6f706d656e742043656e7465723110300e0603550403130754656e63656e7430819f300d06092a864886f70d010101050003818d0030818902818100c05f34b231b083fb1323670bfbe7bdab40c0c0a6efc87ef2072a1ff0d60cc67c8edb0d0847f210bea6cbfaa241be70c86daf56be08b723c859e52428a064555d80db448cdcacc1aea2501eba06f8bad12a4fa49d85cacd7abeb68945a5cb5e061629b52e3254c373550ee4e40cb7c8ae6f7a8151ccd8df582d446f39ae0c5e930203010001300d06092a864886f70d0101050500038181009c8d9d7f2f908c42081b4c764c377109a8b2c70582422125ce545842d5f520aea69550b6bd8bfd94e987b75a3077eb04ad341f481aac266e89d3864456e69fba13df018acdc168b9a19dfd7ad9d9cc6f6ace57c746515f71234df3a053e33ba93ece5cd0fc15f3e389a3f365588a9fcb439e069d3629cd7732a13fff7b891499
08-08 23:49:01.698 D/MicroMsg.SDK.WXMsgImplComm( 5260): pass
08-08 23:49:01.698 D/MicroMsg.SDK.WXApiImplV10( 5260): registerApp, appId = wx073f4a4daff0abe8
08-08 23:49:01.698 D/MicroMsg.SDK.WXApiImplV10( 5260): registerApp, appId = wx073f4a4daff0abe8
08-08 23:49:01.698 D/MicroMsg.SDK.WXApiImplV10( 5260): register app com.tencent.news
08-08 23:49:01.708 E/Sensors (  917): Acc old sensor_state 131072, new sensor_state : 131073 en : 1
08-08 23:49:01.718 D/skia    ( 5260): --- SkImageDecoder::Factory returned null
08-08 23:49:01.718 D/SensorManager( 5260): registerListener :: 0, MPU6500 Acceleration Sensor, 50000, 0,  
08-08 23:49:01.718 E/Sensors (  917): Gyro old sensor_state 131073, new sensor_state : 131075 en : 1
08-08 23:49:01.718 D/ActivityManager(  917): isDeviceAdminActiveApp false :com.tencent.mm
08-08 23:49:01.718 D/ActivityManager(  917): isAutoRunBlockedApp:: com.tencent.mm, Auto Run ON
08-08 23:49:01.718 D/ConnectivityService(  917): returning getNetworkInfo(networkType - 0) :[type: MOBILE[] - MOBILE, state: DISCONNECTED/DISCONNECTED, reason: (unspecified), extra: (none), roaming: false, failover: false, isAvailable: true, isConnectedToProvisioningNetwork: false]
08-08 23:49:01.718 D/ConnectivityService(  917): returning getNetworkInfo(networkType - 1) :[type: WIFI[] - WIFI, state: CONNECTED/CONNECTED, reason: (unspecified), extra: "宣龙华的 iPhone (2)", roaming: false, failover: false, isAvailable: true, isConnectedToProvisioningNetwork: false]
08-08 23:49:01.718 D/ConnectivityService(  917): returning getActiveNetworkInfo :[type: WIFI[] - WIFI, state: CONNECTED/CONNECTED, reason: (unspecified), extra: "宣龙华的 iPhone (2)", roaming: false, failover: false, isAvailable: true, isConnectedToProvisioningNetwork: false]
08-08 23:49:01.728 I/Sensors (  917): Mag old sensor_state 131075, new sensor_state : 131091 en : 1
08-08 23:49:01.738 D/skia    ( 5260): --- SkImageDecoder::Factory returned null
08-08 23:49:01.738 D/MicroMsg.SDK.MMessage( 5260): send mm message, intent=Intent { act=com.tencent.mm.plugin.openapi.Intent.ACTION_HANDLE_APP_REGISTER (has extras) }, perm=com.tencent.mm.permission.MM_MESSAGE
08-08 23:49:01.758 D/ConnectivityService(  917): returning getNetworkInfo(networkType - 0) :[type: MOBILE[] - MOBILE, state: DISCONNECTED/DISCONNECTED, reason: (unspecified), extra: (none), roaming: false, failover: false, isAvailable: true, isConnectedToProvisioningNetwork: false]
08-08 23:49:01.758 D/ConnectivityService(  917): returning getNetworkInfo(networkType - 1) :[type: WIFI[] - WIFI, state: CONNECTED/CONNECTED, reason: (unspecified), extra: "宣龙华的 iPhone (2)", roaming: false, failover: false, isAvailable: true, isConnectedToProvisioningNetwork: false]
08-08 23:49:01.758 D/ConnectivityService(  917): returning getActiveNetworkInfo :[type: WIFI[] - WIFI, state: CONNECTED/CONNECTED, reason: (unspecified), extra: "宣龙华的 iPhone (2)", roaming: false, failover: false, isAvailable: true, isConnectedToProvisioningNetwork: false]
08-08 23:49:01.818 D/ActivityManager(  917): isDeviceAdminActiveApp false :com.tencent.news
08-08 23:49:01.818 E/ActivityManager(  917): isAutoRunBlockedApp:: com.tencent.news, Auto Run OFF
08-08 23:49:01.818 V/AutoRunDefaultOff(  917):  action=com.tencent.reading.action.omgid, callerPkg=com.tencent.news, calleePkg=com.tencent.news
08-08 23:49:01.818 V/AutoRunDefaultOff(  917):  This is NOT target model of AutoRun 
08-08 23:49:01.818 D/ActivityManager(  917): startProcessLocked calleePkgName: com.tencent.news, hostingType: broadcast
08-08 23:49:01.818 D/ActivityManager(  917): isDeviceAdminActiveApp false :com.tencent.news
08-08 23:49:01.818 E/ActivityManager(  917): isAutoRunBlockedApp:: com.tencent.news, Auto Run OFF
08-08 23:49:01.818 E/ActivityManager(  917): checkUser: useridlist=null, currentuser=0
08-08 23:49:01.818 E/ActivityManager(  917): checkUser: useridlist=null, currentuser=0
08-08 23:49:01.818 E/ActivityManager(  917): checkUser: useridlist=null, currentuser=0
08-08 23:49:01.818 E/ActivityManager(  917): checkUser: useridlist=null, currentuser=0
08-08 23:49:01.838 E/Zygote  ( 5718): MountEmulatedStorage()
08-08 23:49:01.838 E/Zygote  ( 5718): v2
08-08 23:49:01.838 I/libpersona( 5718): KNOX_SDCARD checking this for 10217
08-08 23:49:01.838 I/libpersona( 5718): KNOX_SDCARD not a persona
08-08 23:49:01.848 I/ActivityManager(  917): Start proc com.tencent.news:PushService for broadcast com.tencent.news/.report.OmgIdBroadcastReceiver: pid=5718 uid=10217 gids={50217, 9997, 3003, 1028, 1015} abi=armeabi
08-08 23:49:01.888 I/SELinux ( 5718): Function: selinux_compare_spd_ram, SPD-policy is existed. and_ver=SEPF_SM-N9006_5.0-1 ver=51
08-08 23:49:01.888 I/SELinux ( 5718): Function: selinux_compare_spd_ram , priority [1] , priority version is VE=SEPF_SM-N9006_5.0-1_0051
08-08 23:49:01.888 E/SELinux ( 5718): [DEBUG] get_category: variable seinfo: default sensitivity: NULL, cateogry: NULL
08-08 23:49:01.888 D/ConnectivityService(  917): returning getNetworkInfo(networkType - 0) :[type: MOBILE[] - MOBILE, state: DISCONNECTED/DISCONNECTED, reason: (unspecified), extra: (none), roaming: false, failover: false, isAvailable: true, isConnectedToProvisioningNetwork: false]
08-08 23:49:01.888 D/ConnectivityService(  917): returning getNetworkInfo(networkType - 1) :[type: WIFI[] - WIFI, state: CONNECTED/CONNECTED, reason: (unspecified), extra: "宣龙华的 iPhone (2)", roaming: false, failover: false, isAvailable: true, isConnectedToProvisioningNetwork: false]
08-08 23:49:01.888 D/ConnectivityService(  917): returning getActiveNetworkInfo :[type: WIFI[] - WIFI, state: CONNECTED/CONNECTED, reason: (unspecified), extra: "宣龙华的 iPhone (2)", roaming: false, failover: false, isAvailable: true, isConnectedToProvisioningNetwork: false]
08-08 23:49:01.898 D/skia    ( 5260): --- SkImageDecoder::Factory returned null
08-08 23:49:01.938 D/TimaKeyStoreProvider( 5718): TimaSignature is unavailable
08-08 23:49:01.938 D/ActivityThread( 5718): Added TimaKeyStore provider
08-08 23:49:01.958 D/ResourcesManager( 5718): creating new AssetManager and set to /data/app/com.tencent.news-1/base.apk
08-08 23:49:01.968 W/ResourcesManager( 5718): Asset path '/system/framework/android.test.runner.jar' does not exist or contains no resources.
08-08 23:49:01.968 W/ResourcesManager( 5718): Asset path '/system/framework/multiwindow.jar' does not exist or contains no resources.
08-08 23:49:02.028 D/ConnectivityService(  917): returning getNetworkInfo(networkType - 0) :[type: MOBILE[] - MOBILE, state: DISCONNECTED/DISCONNECTED, reason: (unspecified), extra: (none), roaming: false, failover: false, isAvailable: true, isConnectedToProvisioningNetwork: false]
08-08 23:49:02.028 D/ConnectivityService(  917): returning getNetworkInfo(networkType - 1) :[type: WIFI[] - WIFI, state: CONNECTED/CONNECTED, reason: (unspecified), extra: "宣龙华的 iPhone (2)", roaming: false, failover: false, isAvailable: true, isConnectedToProvisioningNetwork: false]
08-08 23:49:02.028 D/ConnectivityService(  917): returning getActiveNetworkInfo :[type: WIFI[] - WIFI, state: CONNECTED/CONNECTED, reason: (unspecified), extra: "宣龙华的 iPhone (2)", roaming: false, failover: false, isAvailable: true, isConnectedToProvisioningNetwork: false]
08-08 23:49:02.068 E/SMD     (  289): DCD ON
08-08 23:49:02.088 W/ContextImpl( 5718): Failed to ensure directory: /storage/extSdCard/Android/data/com.tencent.news/cache
08-08 23:49:02.088 E/Vold    (  255): Failed to find mounted volume for /storage/extSdCard/Android/data/com.tencent.news/cache/
08-08 23:49:02.088 W/Vold    (  255): Returning OperationFailed - no handler for errno 0
08-08 23:49:02.178 D/ConnectivityService(  917): returning getNetworkInfo(networkType - 0) :[type: MOBILE[] - MOBILE, state: DISCONNECTED/DISCONNECTED, reason: (unspecified), extra: (none), roaming: false, failover: false, isAvailable: true, isConnectedToProvisioningNetwork: false]
08-08 23:49:02.188 D/DnsProxyListener(  283): DnsProxyListener::GetHostByNameHandler::run, mName : mdevstat.qqlive.qq.com, mAf: 2 
08-08 23:49:02.188 D/ConnectivityService(  917): returning getNetworkInfo(networkType - 1) :[type: WIFI[] - WIFI, state: CONNECTED/CONNECTED, reason: (unspecified), extra: "宣龙华的 iPhone (2)", roaming: false, failover: false, isAvailable: true, isConnectedToProvisioningNetwork: false]
08-08 23:49:02.188 D/ConnectivityService(  917): returning getActiveNetworkInfo :[type: WIFI[] - WIFI, state: CONNECTED/CONNECTED, reason: (unspecified), extra: "宣龙华的 iPhone (2)", roaming: false, failover: false, isAvailable: true, isConnectedToProvisioningNetwork: false]
08-08 23:49:02.188 D/ActivityManager(  917): startService callerProcessName:com.tencent.news, calleePkgName: com.tencent.news
08-08 23:49:02.188 D/ActivityManager(  917): caller:android.app.ApplicationThreadProxy@3976a03f, r.packageName :com.tencent.news
08-08 23:49:02.228 I/System.out( 5260): 967
08-08 23:49:02.238 W/ActivityManager(  917): getTasks: caller 10205 does not hold GET_TASKS; limiting output
08-08 23:49:02.258 D/ConnectivityService(  917): returning getNetworkInfo(networkType - 0) :[type: MOBILE[] - MOBILE, state: DISCONNECTED/DISCONNECTED, reason: (unspecified), extra: (none), roaming: false, failover: false, isAvailable: true, isConnectedToProvisioningNetwork: false]
08-08 23:49:02.258 D/ConnectivityService(  917): returning getNetworkInfo(networkType - 1) :[type: WIFI[] - WIFI, state: CONNECTED/CONNECTED, reason: (unspecified), extra: "宣龙华的 iPhone (2)", roaming: false, failover: false, isAvailable: true, isConnectedToProvisioningNetwork: false]
08-08 23:49:02.258 D/ConnectivityService(  917): returning getActiveNetworkInfo :[type: WIFI[] - WIFI, state: CONNECTED/CONNECTED, reason: (unspecified), extra: "宣龙华的 iPhone (2)", roaming: false, failover: false, isAvailable: true, isConnectedToProvisioningNetwork: false]
08-08 23:49:02.268 I/System.out( 5260): 967
08-08 23:49:02.268 I/System.out( 5260): (HTTPLog)-Static: isSBSettingEnabled false
08-08 23:49:02.318 W/ContextImpl( 5718): Failed to ensure directory: /storage/extSdCard/Android/data/com.tencent.news/files
08-08 23:49:02.318 E/Vold    (  255): Failed to find mounted volume for /storage/extSdCard/Android/data/com.tencent.news/files/
08-08 23:49:02.318 W/Vold    (  255): Returning OperationFailed - no handler for errno 0
08-08 23:49:02.328 D/DnsProxyListener(  283): DnsProxyListener::GetHostByNameHandler::run, mName : mdevstat.qqlive.qq.com, mAf: 2 
08-08 23:49:02.358 I/System.out( 5260): (HTTPLog)-Static: isSBSettingEnabled false
08-08 23:49:02.378 D/LogWriter( 5260): 08-08 23:49:00.481	7601	PriorityDns	lookup, start lookup local: r.inews.qq.com
08-08 23:49:02.378 D/LogWriter( 5260): 08-08 23:49:00.496	7680	Request	request http://w.inews.qq.com/reportUserTime will submit with ssl
08-08 23:49:02.388 D/LogWriter( 5260): 08-08 23:49:00.529	7682	PriorityDns	lookup, start lookup local: w.inews.qq.com
08-08 23:49:02.388 D/LogWriter( 5260): 08-08 23:49:00.529	7680	Request	filter block ssl route holder /182.254.118.8 from 0 expire -9223372036725993854 lowIp true fallback http
08-08 23:49:02.418 D/LogWriter( 5260): 08-08 23:49:00.602	7672	ConnectionSelector	return connection, host r.inews.qq.com addr r.inews.qq.com/2402:4e00:8030:1::7f:443 proxy DIRECT@ rtt 85 
08-08 23:49:02.448 D/LogWriter( 5260): 08-08 23:49:00.660	7590	ConnectionSelector	return connection, host w.inews.qq.com addr w.inews.qq.com/2402:4e00:8030:1::7f:443 proxy DIRECT@ rtt 85 
08-08 23:49:02.448 D/LogWriter( 5260): 08-08 23:49:00.667	7588	ConnectionSelector	return connection, host w.inews.qq.com addr w.inews.qq.com/2402:4e00:8030:1::7f:443 proxy DIRECT@ rtt 84 
08-08 23:49:02.468 D/LogWriter( 5260): 08-08 23:49:00.711	7667	Request	request http://r.inews.qq.com/userCenterConfig will submit with ssl
08-08 23:49:02.478 D/LogWriter( 5260): 08-08 23:49:00.729	7667	ConnectionSelector	found reuse connect Connection{r.inews.qq.com:443, proxy=DIRECT@ hostAddress=r.inews.qq.com/2402:4e00:8030:1::7f:443 cipherSuite=TLS_ECDHE_RSA_WITH_AES_128_GCM_SHA256 protocol=http/1.1 birth=128792432 live=2119} host: r.inews.qq.com address: r.inews.qq.com/2402:4e00:8030:1::7f:443 stable: true
08-08 23:49:02.478 D/LogWriter( 5260): 08-08 23:49:00.740	7593	ConnectionSelector	return connection, host w.inews.qq.com addr w.inews.qq.com/2402:4e00:8030:1::7f:443 proxy DIRECT@ rtt 87 
08-08 23:49:02.488 D/ConnectivityService(  917): returning getNetworkInfo(networkType - 0) :[type: MOBILE[] - MOBILE, state: DISCONNECTED/DISCONNECTED, reason: (unspecified), extra: (none), roaming: false, failover: false, isAvailable: true, isConnectedToProvisioningNetwork: false]
08-08 23:49:02.488 D/ConnectivityService(  917): returning getNetworkInfo(networkType - 1) :[type: WIFI[] - WIFI, state: CONNECTED/CONNECTED, reason: (unspecified), extra: "宣龙华的 iPhone (2)", roaming: false, failover: false, isAvailable: true, isConnectedToProvisioningNetwork: false]
08-08 23:49:02.488 D/ConnectivityService(  917): returning getActiveNetworkInfo :[type: WIFI[] - WIFI, state: CONNECTED/CONNECTED, reason: (unspecified), extra: "宣龙华的 iPhone (2)", roaming: false, failover: false, isAvailable: true, isConnectedToProvisioningNetwork: false]
08-08 23:49:02.538 D/ConnectivityService(  917): returning getActiveNetworkInfo :[type: WIFI[] - WIFI, state: CONNECTED/CONNECTED, reason: (unspecified), extra: "宣龙华的 iPhone (2)", roaming: false, failover: false, isAvailable: true, isConnectedToProvisioningNetwork: false]
08-08 23:49:02.538 D/ConnectivityService(  917): returning getActiveNetworkInfo :[type: WIFI[] - WIFI, state: CONNECTED/CONNECTED, reason: (unspecified), extra: "宣龙华的 iPhone (2)", roaming: false, failover: false, isAvailable: true, isConnectedToProvisioningNetwork: false]
08-08 23:49:02.538 D/ConnectivityService(  917): returning getActiveNetworkInfo :[type: WIFI[] - WIFI, state: CONNECTED/CONNECTED, reason: (unspecified), extra: "宣龙华的 iPhone (2)", roaming: false, failover: false, isAvailable: true, isConnectedToProvisioningNetwork: false]
08-08 23:49:02.568 D/LogWriter( 5718): 08-08 23:49:02.569	1	HttpDns	init dump load data from spnetworkId:wifi_"CU_d24p"_
08-08 23:49:02.568 D/LogWriter( 5718): DNSItem{dn='wise.qq.com', ttl='900', iplist=[182.254.118.8, wise.qq.com], index=0, from='network_create'}
08-08 23:49:02.568 D/LogWriter( 5718): DNSItem{dn='w.inews.qq.com', ttl='900', iplist=[220.194.95.149, 111.206.25.152, w.inews.qq.com], index=0, from='network_create'}
08-08 23:49:02.568 D/LogWriter( 5718): DNSItem{dn='r.inews.qq.com', ttl='900', iplist=[220.194.95.149, 111.206.25.152, r.inews.qq.com], index=0, from='network_create'}
08-08 23:49:02.568 D/LogWriter( 5718): DNSItem{dn='inews.gtimg.com', ttl='900', iplist=[inews.gtimg.com.sched.p1v6.tdnsv6.com., inews.gtimg.com], index=0, from='network_create'}
08-08 23:49:02.568 D/LogWriter( 5718): 
08-08 23:49:02.568 D/LogWriter( 5718): 
08-08 23:49:02.568 D/LogWriter( 5718): 08-08 23:49:02.569	1	HttpDns	init dump load data from spnetworkId:wifi_"宣龙华的 iPhone (2)"_
08-08 23:49:02.568 D/LogWriter( 5718): DNSItem{dn='r.inews.qq.com', ttl='900', iplist=[111.30.138.181, 111.30.159.151, r.inews.qq.com], index=0, from='network_create'}
08-08 23:49:02.568 D/LogWriter( 5718): DNSItem{dn='inews.gtimg.com', ttl='900', iplist=[inews.gtimg.com], index=0, from='network_create'}
08-08 23:49:02.568 D/LogWriter( 5718): DNSItem{dn='wise.qq.com', ttl='900', iplist=[182.254.118.8, wise.qq.com], index=0, from='network_create'}
08-08 23:49:02.568 D/LogWriter( 5718): DNSItem{dn='w.inews.qq.com', ttl='900', iplist=[111.30.159.151, 111.30.138.181, w.inews.qq.com], index=0, from='network_create'}
08-08 23:49:02.568 D/LogWriter( 5718): 
08-08 23:49:02.568 D/LogWriter( 5718): 
08-08 23:49:02.568 D/LogWriter( 5718): 08-08 23:49:02.569	1	HttpDns	init dump load data from spnetworkId:inavailable__
08-08 23:49:02.568 D/LogWriter( 5718): 
08-08 23:49:02.568 D/LogWriter( 5718): 
08-08 23:49:02.588 I/AudioService(  917): getStreamVolume 3 index 0
08-08 23:49:02.598 V/BitmapFactory( 5260): DecodeImagePath(decodeResourceStream3) : r/g/aea.png
08-08 23:49:02.608 V/BitmapFactory( 5260): DecodeImagePath(decodeResourceStream3) : r/a6/aj6.png
08-08 23:49:02.618 V/BitmapFactory( 5260): DecodeImagePath(decodeResourceStream3) : r/g/a5s.png
08-08 23:49:02.628 V/BitmapFactory( 5260): DecodeImagePath(decodeResourceStream3) : r/g/a5t.png
08-08 23:49:02.638 D/ConnectivityService(  917): returning getNetworkInfo(networkType - 0) :[type: MOBILE[] - MOBILE, state: DISCONNECTED/DISCONNECTED, reason: (unspecified), extra: (none), roaming: false, failover: false, isAvailable: true, isConnectedToProvisioningNetwork: false]
08-08 23:49:02.638 D/ConnectivityService(  917): returning getNetworkInfo(networkType - 1) :[type: WIFI[] - WIFI, state: CONNECTED/CONNECTED, reason: (unspecified), extra: "宣龙华的 iPhone (2)", roaming: false, failover: false, isAvailable: true, isConnectedToProvisioningNetwork: false]
08-08 23:49:02.638 D/ConnectivityService(  917): returning getActiveNetworkInfo :[type: WIFI[] - WIFI, state: CONNECTED/CONNECTED, reason: (unspecified), extra: "宣龙华的 iPhone (2)", roaming: false, failover: false, isAvailable: true, isConnectedToProvisioningNetwork: false]
08-08 23:49:02.668 D/setnextvid( 5260): dmSetNextVid, download type:0, VID:e0905tbfynk, format:, isCharge:0
08-08 23:49:02.678 D/setnextvid( 5260): dmSetNextVid, download type:3, VID:e0905tbfynk, format:, isCharge:0, new first is true
08-08 23:49:02.678 D/P2P_Debug( 5260): dmSetNextVid vid:e0905tbfynk format:
08-08 23:49:02.678 W/yanhualiang_testing( 5260): setnextvid return playDataID:1000006
08-08 23:49:02.678 D/ConnectivityService(  917): returning getActiveNetworkInfo :[type: WIFI[] - WIFI, state: CONNECTED/CONNECTED, reason: (unspecified), extra: "宣龙华的 iPhone (2)", roaming: false, failover: false, isAvailable: true, isConnectedToProvisioningNetwork: false]
08-08 23:49:02.688 D/setnextvid( 5260): dmSetNextVid, download type:0, VID:n0909x7sb3e, format:, isCharge:0
08-08 23:49:02.688 D/setnextvid( 5260): dmSetNextVid, download type:3, VID:n0909x7sb3e, format:, isCharge:0, new first is true
08-08 23:49:02.688 D/P2P_Debug( 5260): dmSetNextVid vid:n0909x7sb3e format:
08-08 23:49:02.688 W/yanhualiang_testing( 5260): setnextvid return playDataID:1000007
08-08 23:49:02.698 W/yanhualiang_testing( 5260): dmStopPlay playDataID:1000003
08-08 23:49:02.708 D/ConnectivityService(  917): returning getActiveNetworkInfo :[type: WIFI[] - WIFI, state: CONNECTED/CONNECTED, reason: (unspecified), extra: "宣龙华的 iPhone (2)", roaming: false, failover: false, isAvailable: true, isConnectedToProvisioningNetwork: false]
08-08 23:49:02.708 D/ConnectivityService(  917): returning getActiveNetworkInfo :[type: WIFI[] - WIFI, state: CONNECTED/CONNECTED, reason: (unspecified), extra: "宣龙华的 iPhone (2)", roaming: false, failover: false, isAvailable: true, isConnectedToProvisioningNetwork: false]
08-08 23:49:02.718 D/ConnectivityService(  917): returning getActiveNetworkInfo :[type: WIFI[] - WIFI, state: CONNECTED/CONNECTED, reason: (unspecified), extra: "宣龙华的 iPhone (2)", roaming: false, failover: false, isAvailable: true, isConnectedToProvisioningNetwork: false]
08-08 23:49:02.728 W/ContextImpl( 5718): Failed to ensure directory: /storage/extSdCard/Android/data/com.tencent.news/files/runtimeLog
08-08 23:49:02.728 E/Vold    (  255): Failed to find mounted volume for /storage/extSdCard/Android/data/com.tencent.news/files/runtimeLog/
08-08 23:49:02.728 W/Vold    (  255): Returning OperationFailed - no handler for errno 0
08-08 23:49:02.778 I/JNIMsg  ( 5260): ccmy s 1
08-08 23:49:02.778 I/JNIMsg  ( 5260): ccmy s 2
08-08 23:49:02.788 I/JNIMsg  ( 5260): ccmy arg:20303|5.8.50|81|1565279343|e0905tbfynk|3
08-08 23:49:02.788 I/JNIMsg  ( 5260): ccmy s 3
08-08 23:49:02.788 I/JNIMsg  ( 5260): ccmy s 4
08-08 23:49:02.788 D/ConnectivityService(  917): returning getNetworkInfo(networkType - 0) :[type: MOBILE[] - MOBILE, state: DISCONNECTED/DISCONNECTED, reason: (unspecified), extra: (none), roaming: false, failover: false, isAvailable: true, isConnectedToProvisioningNetwork: false]
08-08 23:49:02.788 D/ConnectivityService(  917): returning getNetworkInfo(networkType - 1) :[type: WIFI[] - WIFI, state: CONNECTED/CONNECTED, reason: (unspecified), extra: "宣龙华的 iPhone (2)", roaming: false, failover: false, isAvailable: true, isConnectedToProvisioningNetwork: false]
08-08 23:49:02.788 D/ConnectivityService(  917): returning getActiveNetworkInfo :[type: WIFI[] - WIFI, state: CONNECTED/CONNECTED, reason: (unspecified), extra: "宣龙华的 iPhone (2)", roaming: false, failover: false, isAvailable: true, isConnectedToProvisioningNetwork: false]
08-08 23:49:02.808 I/System.out( 5260): 967
08-08 23:49:02.808 D/ConnectivityService(  917): returning getActiveNetworkInfo :[type: WIFI[] - WIFI, state: CONNECTED/CONNECTED, reason: (unspecified), extra: "宣龙华的 iPhone (2)", roaming: false, failover: false, isAvailable: true, isConnectedToProvisioningNetwork: false]
08-08 23:49:02.868 I/JNIMsg  ( 5260): ccmy s 1
08-08 23:49:02.868 I/JNIMsg  ( 5260): ccmy s 2
08-08 23:49:02.868 I/JNIMsg  ( 5260): ccmy arg:20303|5.8.50|81|1565279343|n0909x7sb3e|3
08-08 23:49:02.868 I/JNIMsg  ( 5260): ccmy s 3
08-08 23:49:02.868 I/JNIMsg  ( 5260): ccmy s 4
08-08 23:49:02.868 W/ActivityManager(  917): getTasks: caller 10205 does not hold GET_TASKS; limiting output
08-08 23:49:02.868 W/ActivityManager(  917): getTasks: caller 10205 does not hold GET_TASKS; limiting output
08-08 23:49:02.868 D/ConnectivityService(  917): returning getActiveNetworkInfo :[type: WIFI[] - WIFI, state: CONNECTED/CONNECTED, reason: (unspecified), extra: "宣龙华的 iPhone (2)", roaming: false, failover: false, isAvailable: true, isConnectedToProvisioningNetwork: false]
08-08 23:49:03.148 I/appium  ( 5165): AppiumResponse: {"sessionId":"c244cff5-6740-4794-8cde-fbbf359d3d1f","status":0,"value":[{"ELEMENT":"451116d2-20c7-4043-98c4-b7855e24c91d"},{"ELEMENT":"b454b2a8-8ae6-4917-8c68-b40b217ff727"},{"ELEMENT":"de7abe5a-09ce-4675-ac8b-0bd3241acade"},{"ELEMENT":"03f3422e-97ae-42d4-a42d-58853b8056a4"}]}
08-08 23:49:03.148 E/CrashReport( 5718): CrashReport has not been initialed! pls to call method 'initCrashReport' first!
08-08 23:49:03.158 I/appium  ( 5165): channel read invoked!
08-08 23:49:03.158 I/appium  ( 5165): channel read: POST /wd/hub/session/c244cff5-6740-4794-8cde-fbbf359d3d1f/element/03f3422e-97ae-42d4-a42d-58853b8056a4/click
08-08 23:49:03.168 I/appium  ( 5165): Click element command
08-08 23:49:03.198 I/WebViewFactory( 5260): Loading com.google.android.webview version 43.0.2357.121 (code 2357121)
08-08 23:49:03.198 D/ResourcesManager( 5260): creating new AssetManager and set to /system/app/WebViewGoogle/WebViewGoogle.apk
08-08 23:49:03.228 I/LibraryLoader( 5260): Time to load native libraries: 5 ms (timestamps 7291-7296)
08-08 23:49:03.228 I/LibraryLoader( 5260): Expected native library version number "",actual native library version number ""
08-08 23:49:03.248 W/ActivityManager(  917): getTasks: caller 10205 does not hold GET_TASKS; limiting output
08-08 23:49:03.258 V/WebViewChromiumFactoryProvider( 5260): Binding Chromium to main looper Looper (main, tid 1) {3c7d3ac2}
08-08 23:49:03.258 I/LibraryLoader( 5260): Expected native library version number "",actual native library version number ""
08-08 23:49:03.258 I/chromium( 5260): [INFO:library_loader_hooks.cc(112)] Chromium logging enabled: level = 0, default verbosity = 0
08-08 23:49:03.258 D/LogWriter( 5260): 08-08 23:49:01.257	7664	Request	request http://w.inews.qq.com/uploadReuseCMSID will submit with ssl
08-08 23:49:03.268 D/LogWriter( 5260): 08-08 23:49:01.294	7664	ConnectionSelector	found reuse connect Connection{w.inews.qq.com:443, proxy=DIRECT@ hostAddress=w.inews.qq.com/2402:4e00:8030:1::7f:443 cipherSuite=TLS_ECDHE_RSA_WITH_AES_128_GCM_SHA256 protocol=http/1.1 birth=128792726 live=2614} host: w.inews.qq.com address: w.inews.qq.com/2402:4e00:8030:1::7f:443 stable: true
08-08 23:49:03.308 I/BrowserStartupController( 5260): Initializing chromium process, singleProcess=true
08-08 23:49:03.308 I/wpa_supplicant( 1155): nl80211: Received scan results (4 BSSes)
08-08 23:49:03.318 W/art     ( 5260): Attempt to remove local handle scope entry from IRT, ignoring
08-08 23:49:03.318 E/SysUtils( 5260): ApplicationContext is null in ApplicationStatus
08-08 23:49:03.318 D/LogWriter( 5260): 08-08 23:49:01.369	7595	Request	request http://r.inews.qq.com/getQQNewsRemoteConfigAndroid will submit with ssl
08-08 23:49:03.338 D/LogWriter( 5260): 08-08 23:49:01.389	7595	ConnectionSelector	found reuse connect Connection{r.inews.qq.com:443, proxy=DIRECT@ hostAddress=r.inews.qq.com/2402:4e00:8030:1::7f:443 cipherSuite=TLS_ECDHE_RSA_WITH_AES_128_GCM_SHA256 protocol=http/1.1 birth=128792432 live=2978} host: r.inews.qq.com address: r.inews.qq.com/2402:4e00:8030:1::7f:443 stable: true
08-08 23:49:03.338 D/ConnectivityService(  917): returning getNetworkInfo(networkType - 0) :[type: MOBILE[] - MOBILE, state: DISCONNECTED/DISCONNECTED, reason: (unspecified), extra: (none), roaming: false, failover: false, isAvailable: true, isConnectedToProvisioningNetwork: false]
08-08 23:49:03.338 D/ConnectivityService(  917): returning getNetworkInfo(networkType - 1) :[type: WIFI[] - WIFI, state: CONNECTED/CONNECTED, reason: (unspecified), extra: "宣龙华的 iPhone (2)", roaming: false, failover: false, isAvailable: true, isConnectedToProvisioningNetwork: false]
08-08 23:49:03.338 D/ConnectivityService(  917): returning getActiveNetworkInfo :[type: WIFI[] - WIFI, state: CONNECTED/CONNECTED, reason: (unspecified), extra: "宣龙华的 iPhone (2)", roaming: false, failover: false, isAvailable: true, isConnectedToProvisioningNetwork: false]
08-08 23:49:03.358 W/chromium( 5260): [WARNING:resource_bundle.cc(286)] locale_file_path.empty()
08-08 23:49:03.358 I/chromium( 5260): [INFO:aw_browser_main_parts.cc(63)] Load from apk succesful, fd=198 off=8803612 len=3393
08-08 23:49:03.358 I/chromium( 5260): [INFO:aw_browser_main_parts.cc(76)] Loading webviewchromium.pak from, fd:208 off:7638088 len:1165478
08-08 23:49:03.428 W/AudioManagerAndroid( 5260): Requires BLUETOOTH permission
08-08 23:49:03.458 D/ConnectivityService(  917): returning getNetworkInfo(networkType - 0) :[type: MOBILE[] - MOBILE, state: DISCONNECTED/DISCONNECTED, reason: (unspecified), extra: (none), roaming: false, failover: false, isAvailable: true, isConnectedToProvisioningNetwork: false]
08-08 23:49:03.458 D/ConnectivityService(  917): returning getNetworkInfo(networkType - 1) :[type: WIFI[] - WIFI, state: CONNECTED/CONNECTED, reason: (unspecified), extra: "宣龙华的 iPhone (2)", roaming: false, failover: false, isAvailable: true, isConnectedToProvisioningNetwork: false]
08-08 23:49:03.468 D/ConnectivityService(  917): returning getActiveNetworkInfo :[type: WIFI[] - WIFI, state: CONNECTED/CONNECTED, reason: (unspecified), extra: "宣龙华的 iPhone (2)", roaming: false, failover: false, isAvailable: true, isConnectedToProvisioningNetwork: false]
08-08 23:49:03.468 E/ActivityThread( 5260): Failed to find provider info for com.google.settings
08-08 23:49:03.498 I/System.out( 5260): 967
08-08 23:49:03.498 I/System.out( 5260): (HTTPLog)-Static: isSBSettingEnabled false
08-08 23:49:03.498 D/LogWriter( 5260): 08-08 23:49:01.538	7581	ConnectionSelector	found reuse connect Connection{puui.qpic.cn:80, proxy=DIRECT@ hostAddress=puui.qpic.cn/117.169.98.94:80 cipherSuite=none protocol=http/1.1 birth=128791992 live=3579} host: puui.qpic.cn address: puui.qpic.cn/117.169.98.94:80 stable: true
08-08 23:49:03.498 D/LogWriter( 5260): 08-08 23:49:01.545	7605	ConnectionSelector	found reuse connect Connection{inews.gtimg.com:80, proxy=DIRECT@ hostAddress=inews.gtimg.com/2409:8c28:6c07:4:2f:::80 cipherSuite=none protocol=http/1.1 birth=128791982 live=3591} host: inews.gtimg.com address: inews.gtimg.com/2409:8c28:6c07:4:2f:::80 stable: true
08-08 23:49:03.498 D/LogWriter( 5260): 08-08 23:49:01.582	7588	ConnectionSelector	found reuse connect Connection{inews.gtimg.com:80, proxy=DIRECT@ hostAddress=inews.gtimg.com/2409:8c28:6c07:4:2f:::80 cipherSuite=none protocol=http/1.1 birth=128791991 live=3583} host: inews.gtimg.com address: inews.gtimg.com/2409:8c28:6c07:4:2f:::80 stable: true
08-08 23:49:03.498 D/LogWriter( 5260): 08-08 23:49:01.602	7662	ConnectionSelector	found reuse connect Connection{inews.gtimg.com:80, proxy=DIRECT@ hostAddress=inews.gtimg.com/2409:8c28:6c07:4:2f:::80 cipherSuite=none protocol=http/1.1 birth=128792007 live=3568} host: inews.gtimg.com address: inews.gtimg.com/2409:8c28:6c07:4:2f:::80 stable: true
08-08 23:49:03.508 D/LogWriter( 5260): 08-08 23:49:01.635	7593	Request	request http://r.inews.qq.com/getLottieConfig will submit with ssl
08-08 23:49:03.508 D/LogWriter( 5260): 08-08 23:49:01.643	7593	ConnectionSelector	found reuse connect Connection{r.inews.qq.com:443, proxy=DIRECT@ hostAddress=r.inews.qq.com/2402:4e00:8030:1::7f:443 cipherSuite=TLS_ECDHE_RSA_WITH_AES_128_GCM_SHA256 protocol=http/1.1 birth=128792494 live=3083} host: r.inews.qq.com address: r.inews.qq.com/2402:4e00:8030:1::7f:443 stable: true
08-08 23:49:03.508 D/LogWriter( 5260): 08-08 23:49:01.879	7678	Request	request http://r.inews.qq.com/appEventNotice will submit with ssl
08-08 23:49:03.518 D/LogWriter( 5260): 08-08 23:49:01.916	7678	ConnectionSelector	found reuse connect Connection{r.inews.qq.com:443, proxy=DIRECT@ hostAddress=r.inews.qq.com/2402:4e00:8030:1::7f:443 cipherSuite=TLS_ECDHE_RSA_WITH_AES_128_GCM_SHA256 protocol=http/1.1 birth=128792432 live=3154} host: r.inews.qq.com address: r.inews.qq.com/2402:4e00:8030:1::7f:443 stable: true
08-08 23:49:03.518 D/LogWriter( 5260): 08-08 23:49:02.003	7730	Request	request http://r.inews.qq.com/getSysPublishConfigAndroid will submit with ssl
08-08 23:49:03.518 D/LogWriter( 5260): 08-08 23:49:02.039	7730	ConnectionSelector	found reuse connect Connection{r.inews.qq.com:443, proxy=DIRECT@ hostAddress=r.inews.qq.com/2402:4e00:8030:1::7f:443 cipherSuite=TLS_ECDHE_RSA_WITH_AES_128_GCM_SHA256 protocol=http/1.1 birth=128792432 live=3155} host: r.inews.qq.com address: r.inews.qq.com/2402:4e00:8030:1::7f:443 stable: true
08-08 23:49:03.518 D/LogWriter( 5260): 08-08 23:49:02.061	7682	Request	request http://up.inews.qq.com/checkUpload will submit with ssl
08-08 23:49:03.518 D/LogWriter( 5260): 08-08 23:49:02.085	7682	PriorityDns	lookup, start lookup local: up.inews.qq.com
08-08 23:49:03.518 D/LogWriter( 5260): 08-08 23:49:02.102	7679	Request	request http://w.inews.qq.com/i/getUserCheckInfo?from=silently will submit with ssl
08-08 23:49:03.518 D/LogWriter( 5260): 08-08 23:49:02.127	7679	ConnectionSelector	found reuse connect Connection{w.inews.qq.com:443, proxy=DIRECT@ hostAddress=w.inews.qq.com/2402:4e00:8030:1::7f:443 cipherSuite=TLS_ECDHE_RSA_WITH_AES_128_GCM_SHA256 protocol=http/1.1 birth=128792726 live=2864} host: w.inews.qq.com address: w.inews.qq.com/2402:4e00:8030:1::7f:443 stable: true
08-08 23:49:03.518 D/LogWriter( 5260): 08-08 23:49:02.157	7680	Request	request http://r.inews.qq.com/getPopupList will submit with ssl
08-08 23:49:03.518 D/LogWriter( 5260): 08-08 23:49:02.178	7680	ConnectionSelector	found reuse connect Connection{r.inews.qq.com:443, proxy=DIRECT@ hostAddress=r.inews.qq.com/2402:4e00:8030:1::7f:443 cipherSuite=TLS_ECDHE_RSA_WITH_AES_128_GCM_SHA256 protocol=http/1.1 birth=128792432 live=3159} host: r.inews.qq.com address: r.inews.qq.com/2402:4e00:8030:1::7f:443 stable: true
08-08 23:49:03.518 D/LogWriter( 5260): 08-08 23:49:02.192	7601	ConnectionSelector	return connection, host puui.qpic.cn addr puui.qpic.cn/223.82.245.12:80 proxy DIRECT@ rtt 590 
08-08 23:49:03.538 I/System.out( 5260): (HTTPLog)-Static: isSBSettingEnabled false
08-08 23:49:03.538 W/chromium( 5260): [WARNING:data_reduction_proxy_config.cc(318)] SPDY proxy OFF at startup
08-08 23:49:03.548 D/LogWriter( 5260): 08-08 23:49:02.559	7669	Request	request http://r.inews.qq.com/getTagAddable will submit with ssl
08-08 23:49:03.548 D/LogWriter( 5260): 08-08 23:49:02.567	7669	ConnectionSelector	found reuse connect Connection{r.inews.qq.com:443, proxy=DIRECT@ hostAddress=r.inews.qq.com/2402:4e00:8030:1::7f:443 cipherSuite=TLS_ECDHE_RSA_WITH_AES_128_GCM_SHA256 protocol=http/1.1 birth=128792494 live=3125} host: r.inews.qq.com address: r.inews.qq.com/2402:4e00:8030:1::7f:443 stable: true
08-08 23:49:03.598 W/art     ( 5260): Attempt to remove local handle scope entry from IRT, ignoring
08-08 23:49:03.618 W/AwContents( 5260): onDetachedFromWindow called when already detached. Ignoring
08-08 23:49:03.628 I/InputDispatcher(  917): Delivering touch to (1177): action: 0x4, toolType: 1
08-08 23:49:03.628 I/InputDispatcher(  917): Delivering touch to (5260): action: 0x0, toolType: 1
08-08 23:49:03.638 D/LogWriter( 5260): 08-08 23:49:03.115	7737	ConnectionSelector	return connection, host vv6.video.qq.com addr vv6.video.qq.com/182.254.50.49:80 proxy DIRECT@ rtt 246 
08-08 23:49:03.638 D/LogWriter( 5260): 08-08 23:49:03.120	7739	ConnectionSelector	return connection, host vv6.video.qq.com addr vv6.video.qq.com/182.254.50.49:80 proxy DIRECT@ rtt 187 
08-08 23:49:03.638 D/LogWriter( 5260): 08-08 23:49:03.184	7591	Request	request http://r.inews.qq.com/getSubChannels will submit with ssl
08-08 23:49:03.638 D/LogWriter( 5260): 08-08 23:49:03.199	7591	ConnectionSelector	found reuse connect Connection{r.inews.qq.com:443, proxy=DIRECT@ hostAddress=r.inews.qq.com/2402:4e00:8030:1::7f:443 cipherSuite=TLS_ECDHE_RSA_WITH_AES_128_GCM_SHA256 protocol=http/1.1 birth=128792494 live=3216} host: r.inews.qq.com address: r.inews.qq.com/2402:4e00:8030:1::7f:443 stable: true
08-08 23:49:03.648 D/ConnectivityService(  917): returning getActiveNetworkInfo :[type: WIFI[] - WIFI, state: CONNECTED/CONNECTED, reason: (unspecified), extra: "宣龙华的 iPhone (2)", roaming: false, failover: false, isAvailable: true, isConnectedToProvisioningNetwork: false]
08-08 23:49:03.658 I/System.out( 5260): 967
08-08 23:49:03.678 D/ViewRootImpl( 5260): ViewPostImeInputStage ACTION_DOWN
08-08 23:49:03.678 I/InputDispatcher(  917): Delivering touch to (5260): action: 0x1, toolType: 1
08-08 23:49:03.698 I/Choreographer( 5260): Skipped 33 frames!  The application may be doing too much work on its main thread.
08-08 23:49:03.698 I/appium  ( 5165): Waiting up to 10000ms for device to be idle
08-08 23:49:03.698 I/appium  ( 5165): AppiumResponse: {"sessionId":"c244cff5-6740-4794-8cde-fbbf359d3d1f","status":0,"value":true}
08-08 23:49:03.718 D/ConnectivityService(  917): returning getNetworkInfo(networkType - 0) :[type: MOBILE[] - MOBILE, state: DISCONNECTED/DISCONNECTED, reason: (unspecified), extra: (none), roaming: false, failover: false, isAvailable: true, isConnectedToProvisioningNetwork: false]
08-08 23:49:03.718 D/ConnectivityService(  917): returning getNetworkInfo(networkType - 1) :[type: WIFI[] - WIFI, state: CONNECTED/CONNECTED, reason: (unspecified), extra: "宣龙华的 iPhone (2)", roaming: false, failover: false, isAvailable: true, isConnectedToProvisioningNetwork: false]
08-08 23:49:03.718 D/ConnectivityService(  917): returning getActiveNetworkInfo :[type: WIFI[] - WIFI, state: CONNECTED/CONNECTED, reason: (unspecified), extra: "宣龙华的 iPhone (2)", roaming: false, failover: false, isAvailable: true, isConnectedToProvisioningNetwork: false]
08-08 23:49:03.738 I/System.out( 5260): 967
08-08 23:49:03.738 I/System.out( 5260): (HTTPLog)-Static: isSBSettingEnabled false
08-08 23:49:03.748 D/ConnectivityService(  917): returning getNetworkInfo(networkType - 1) :[type: WIFI[] - WIFI, state: CONNECTED/CONNECTED, reason: (unspecified), extra: "宣龙华的 iPhone (2)", roaming: false, failover: false, isAvailable: true, isConnectedToProvisioningNetwork: false]
08-08 23:49:03.778 W/yanhualiang_testing( 5260): dmStopPlay playDataID:1000005
08-08 23:49:03.778 W/yanhualiang_testing( 5260): dmStopPlay playDataID:1000004
08-08 23:49:03.778 W/yanhualiang_testing( 5260): dmStopPlay playDataID:1000007
08-08 23:49:03.778 W/yanhualiang_testing( 5260): dmStopPlay playDataID:1000006
08-08 23:49:03.798 D/KeyguardUpdateMonitor( 1177): received broadcast android.intent.action.BATTERY_CHANGED
08-08 23:49:03.798 D/KeyguardUpdateMonitor( 1177): handleBatteryUpdate
08-08 23:49:03.798 V/HeadsetService( 3910): HeadsetService - Received Intent.ACTION_BATTERY_CHANGED
08-08 23:49:03.798 D/HeadsetStateMachine( 3910): Disconnected process message: 10
08-08 23:49:03.798 D/BatteryService(  917): !@BatteryListener : batteryPropertiesChanged!
08-08 23:49:03.798 D/BatteryService(  917): level:19, scale:100, status:2, health:2, present:true, voltage: 3620, temperature: 349, technology: Li-ion, AC powered:false, USB powered:true, Wireless powered:false, icon:17303724, invalid charger:0
08-08 23:49:03.798 D/BatteryService(  917): online:4, current avg:450, charge type:1, power sharing:false, high voltage charger:false, capacity:280000, current_now:450
08-08 23:49:03.798 D/BatteryService(  917): Sending ACTION_BATTERY_CHANGED.
08-08 23:49:03.798 I/MotionRecognitionService(  917): Plugged
08-08 23:49:03.798 I/MotionRecognitionService(  917): setPowerConnected  = true
08-08 23:49:03.808 D/STATUSBAR-PhoneStatusBar( 1177):  mBrightnessEnablebySettings = true mBrightnessEnablebyBattery = true mBrightnessEnablebyDisableFlag = true mPmsBrightnessEnablebySettings = true
08-08 23:49:03.808 D/BatteryMeterView( 1177): ACTION_BATTERY_CHANGED : level:19 status:2 health:2
08-08 23:49:03.808 D/BatteryMeterView( 1177): ACTION_BATTERY_CHANGED : level:19 status:2 health:2
08-08 23:49:03.808 D/BatteryMeterView( 1177): ACTION_BATTERY_CHANGED : level:19 status:2 health:2
08-08 23:49:03.958 D/ConnectivityService(  917): returning getNetworkInfo(networkType - 0) :[type: MOBILE[] - MOBILE, state: DISCONNECTED/DISCONNECTED, reason: (unspecified), extra: (none), roaming: false, failover: false, isAvailable: true, isConnectedToProvisioningNetwork: false]
08-08 23:49:03.958 D/ConnectivityService(  917): returning getNetworkInfo(networkType - 1) :[type: WIFI[] - WIFI, state: CONNECTED/CONNECTED, reason: (unspecified), extra: "宣龙华的 iPhone (2)", roaming: false, failover: false, isAvailable: true, isConnectedToProvisioningNetwork: false]
08-08 23:49:03.958 D/ConnectivityService(  917): returning getActiveNetworkInfo :[type: WIFI[] - WIFI, state: CONNECTED/CONNECTED, reason: (unspecified), extra: "宣龙华的 iPhone (2)", roaming: false, failover: false, isAvailable: true, isConnectedToProvisioningNetwork: false]
08-08 23:49:04.048 I/art     ( 5260): Alloc sticky concurrent mark sweep GC freed 854214(59MB) AllocSpace objects, 371(12MB) LOS objects, 0% free, 68MB/68MB, paused 2.808ms total 252.522ms
08-08 23:49:04.048 I/art     ( 5260): WaitForGcToComplete blocked for 242.974ms for cause Alloc
08-08 23:49:04.068 V/BitmapFactory( 5260): DecodeImagePath(decodeResourceStream3) : r/g/a63.png
08-08 23:49:04.078 V/BitmapFactory( 5260): DecodeImagePath(decodeResourceStream3) : r/g/a62.png
08-08 23:49:04.078 V/BitmapFactory( 5260): DecodeImagePath(decodeResourceStream3) : r/g/ae4.png
08-08 23:49:04.088 V/BitmapFactory( 5260): DecodeImagePath(decodeResourceStream3) : r/g/ahq.png
08-08 23:49:04.138 I/art     ( 5260): Alloc sticky concurrent mark sweep GC freed 1141(172KB) AllocSpace objects, 2(164KB) LOS objects, 0% free, 69MB/69MB, paused 7.013ms total 87.478ms
08-08 23:49:04.138 I/art     ( 5260): WaitForGcToComplete blocked for 328.922ms for cause Alloc
08-08 23:49:04.178 V/BitmapFactory( 5260): DecodeImagePath(decodeResourceStream3) : r/g/a48.png
08-08 23:49:04.188 D/ConnectivityService(  917): returning getNetworkInfo(networkType - 0) :[type: MOBILE[] - MOBILE, state: DISCONNECTED/DISCONNECTED, reason: (unspecified), extra: (none), roaming: false, failover: false, isAvailable: true, isConnectedToProvisioningNetwork: false]
08-08 23:49:04.188 D/ConnectivityService(  917): returning getNetworkInfo(networkType - 1) :[type: WIFI[] - WIFI, state: CONNECTED/CONNECTED, reason: (unspecified), extra: "宣龙华的 iPhone (2)", roaming: false, failover: false, isAvailable: true, isConnectedToProvisioningNetwork: false]
08-08 23:49:04.198 D/ConnectivityService(  917): returning getActiveNetworkInfo :[type: WIFI[] - WIFI, state: CONNECTED/CONNECTED, reason: (unspecified), extra: "宣龙华的 iPhone (2)", roaming: false, failover: false, isAvailable: true, isConnectedToProvisioningNetwork: false]
08-08 23:49:04.248 W/AccountManagerService(  917): insertAccountIntoDatabase: Account {name=腾讯新闻, type=com.tencent.news.account.sync}, skipping since the account already exists
08-08 23:49:04.248 I/art     ( 5260): Alloc sticky concurrent mark sweep GC freed 560(44KB) AllocSpace objects, 1(16KB) LOS objects, 0% free, 70MB/70MB, paused 10.465ms total 114.775ms
08-08 23:49:04.248 I/art     ( 5260): WaitForGcToComplete blocked for 434.038ms for cause Alloc
08-08 23:49:04.248 W/ActivityManager(  917): getTasks: caller 10205 does not hold GET_TASKS; limiting output
08-08 23:49:04.268 V/AlarmManager(  917): waitForAlarm result :8
08-08 23:49:04.278 V/BitmapFactory( 5260): DecodeImagePath(decodeResourceStream3) : r/g/a5e.png
