08-09 20:54:52.184 E/mm-camera(  301): cpp_module_handle_sof_notify_event:574, sending bus msg, session_id=3, R1=4, R2=4
08-09 20:54:52.184 E/mm-camera(  301): isp_pipeline_save_aec_params lux_idx 298.173340 exp_index 289 real_gain 2.923213 
08-09 20:54:52.184 E/mm-camera(  301): isp_pipeline_awb_trigger_update: color 4679 gain r=1.395460 g=1.050000 b=1.889755
08-09 20:54:52.184 E/SmartFaceService(  933): Orientation: 0
08-09 20:54:52.184 E/SmartFaceService(  933): Calling onPreviewFrame: Thread[Scroll/Pause Worker,5,main]/1424130
08-09 20:54:52.184 E/SmartFaceService(  933): Calling onPreviewFrame: Thread[Stay/Rotation Worker,5,main]/1424130
08-09 20:54:52.184 D/Stay/Rotation Worker(  933): handleMessage: 1
08-09 20:54:52.194 E/mm-camera-intf(  289): mm_stream_read_msm_frame: VIDIOC_DQBUF buf_index 12, frame_idx 13, stream type 6, time stamp 1565355292 201594000
08-09 20:54:52.204 I/BatteryStatsDumper(  933): Writing to database completed
08-09 20:54:52.204 D/DMCFaceEngine(  933): fd_find_run : Use A New Sensor ==========> 0 [240][320]
08-09 20:54:52.204 W/PowerManagerService(  933): [smart stay] updateUserActivitySummaryLocked : don't have time to smart stay
08-09 20:54:52.224 E/mm-camera(  301): module_faceproc_client_handle_buffer:1809] count 1
08-09 20:54:52.224 E/mm-camera-intf(  289): mm_stream_read_msm_frame: VIDIOC_DQBUF buf_index 3, frame_idx 13, stream type 1, time stamp 1424 170702000
08-09 20:54:52.224 D/ShotSingle(  289): CAMERA_MSG_PREVIEW_FRAME E
08-09 20:54:52.224 E/mm-camera(  301): isp_pipeline_stats_config_update Received stats_config_update for pipeline 0xb1a59000
08-09 20:54:52.224 I/EDMNativeHelperService(  933): isCameraEnabled
08-09 20:54:52.224 D/DMCFaceEngine(  933): fd_find_run : Use A New Sensor ==========> 0 [240][320]
08-09 20:54:52.224 D/ShotSingle(  289): CAMERA_MSG_PREVIEW_FRAME X
08-09 20:54:52.224 E/mm-camera(  301): awb_process: E gains(r=1.401543,g=1.050000,b=1.916930), color_temp=4668
08-09 20:54:52.224 D/SecCameraCoreManager(  289): disableMsgType: 0x10
08-09 20:54:52.224 W/QCamera2HWI(  289): disable_msg_type : E, msg type 16
08-09 20:54:52.224 W/QCamera2HWI(  289): disable_msg_type : X
08-09 20:54:52.224 D/SecCamera-JNI-Java(  933): handleMessage: 16
08-09 20:54:52.224 D/SecCameraCoreManager(  289): enableMsgType: 0x10
08-09 20:54:52.224 W/QCamera2HWI(  289): enable_msg_type : E, msg type 16
08-09 20:54:52.224 W/QCamera2HWI(  289): enable_msg_type : X
08-09 20:54:52.224 E/SmartFaceService(  933): Orientation: 0
08-09 20:54:52.224 E/SmartFaceService(  933): Calling onPreviewFrame: Thread[Scroll/Pause Worker,5,main]/1424176
08-09 20:54:52.224 E/SmartFaceService(  933): Calling onPreviewFrame: Thread[Stay/Rotation Worker,5,main]/1424177
08-09 20:54:52.234 E/mm-camera(  301): cpp_module_handle_sof_notify_event:574, sending bus msg, session_id=3, R1=4, R2=4
08-09 20:54:52.234 E/mm-camera(  301): isp_proc_async_command:  ISP_ASYNC_COMMAND_UV_SUBSAMPLE
08-09 20:54:52.234 E/mm-camera(  301): isp_pipeline_save_aec_params lux_idx 309.225342 exp_index 309 real_gain 3.949219 
08-09 20:54:52.234 E/mm-camera(  301): isp_pipeline_awb_trigger_update: color 4672 gain r=1.398785 g=1.050000 b=1.905556
08-09 20:54:52.244 E/mm-camera-intf(  289): mm_stream_read_msm_frame: VIDIOC_DQBUF buf_index 13, frame_idx 14, stream type 6, time stamp 1565355292 251674000
08-09 20:54:52.244 D/DMCFaceEngine(  933): fd_find_run : Use A New Sensor ==========> 0 [110][110]
08-09 20:54:52.244 D/DMCFaceEngine(  933): caFace_RunFaceDetection_SmartStayRotation : Detected No Face
08-09 20:54:52.244 D/DMCFaceEngine(  933): caSmartDP_SmartStay : SINGLE EYE DETECTION LOOP START
08-09 20:54:52.244 D/DMCFaceEngine(  933): caSmartDP_SmartStay : single eye detection loop start _ dir 1
08-09 20:54:52.244 D/DMCFaceEngine(  933): caIF_RunEyeDetection_MCT_IRS : caIF_RunEyeDetection_MCT_IRS START
08-09 20:54:52.244 D/DMCFaceEngine(  933): caIF_RunEyeDetection_MCT_IRS : Width 240, Height 320
08-09 20:54:52.274 E/mm-camera(  301): module_faceproc_client_handle_buffer:1809] count 0
08-09 20:54:52.274 E/mm-camera(  301): module_faceproc_client_send_info:1751] active index 0 face_cnt 0
08-09 20:54:52.274 E/mm-camera(  301): module_faceproc_client_send_info:1763] face_cnt 0
08-09 20:54:52.274 E/mm-camera(  301): module_faceproc_client_send_faceinfo:692] 1.000000 1.000000 0 0 out scale 1.000000 1.000000
08-09 20:54:52.274 E/mm-camera(  301): module_faceproc_client_send_faceinfo:694] Num face detected 0
08-09 20:54:52.274 E/mm-camera(  301): module_faceproc_faces_stabilization:586] GJ Invalid input no faces 
08-09 20:54:52.274 E/mm-camera(  301): [FD_ZOOM_DBG] FD_Imglib Num face detected 0
08-09 20:54:52.274 E/mm-camera(  301): module_faceproc_client_send_faceinfo:735] session id 3 mct_mod 0xb4cb5f40
08-09 20:54:52.274 E/mm-camera(  301): module_faceproc_client_handle_buffer:1827] img_idx 1
08-09 20:54:52.274 E/mm-camera(  301): module_faceproc_client_handle_buffer:1840] buffer 0 0xb37b8000 0xb39d8000
08-09 20:54:52.274 E/mm-camera-img(  301): faceproc_comp_queue_buffer:655] q_count 1
08-09 20:54:52.274 E/mm-camera-img(  301): img_q_wait:225] after wait count 1
08-09 20:54:52.274 E/mm-camera-img(  301): img_q_wait:229] data 0xb37f71c0
08-09 20:54:52.274 E/mm-camera-img(  301): faceproc_fd_execute:1142] E
08-09 20:54:52.274 E/mm-camera(  301): isp_pipeline_stats_config_update Received stats_config_update for pipeline 0xb1a59000
08-09 20:54:52.274 E/mm-camera-img(  301): faceproc_fd_execute:1174] no faces detected X
08-09 20:54:52.274 E/mm-camera-img(  301): face_proc_thread_loop:420] state 2 abort 0
08-09 20:54:52.274 E/mm-camera(  301): module_faceproc_client_event_handler:1120] buffer idx 1
08-09 20:54:52.274 E/mm-camera-img(  301): face_proc_thread_loop:428] send event
08-09 20:54:52.274 E/mm-camera-img(  301): img_comp_get_param:163] param 514
08-09 20:54:52.274 E/mm-camera-img(  301): faceproc_fd_output:848] num_faces 0
08-09 20:54:52.274 E/mm-camera-img(  301): face_proc_thread_loop:430] send event
08-09 20:54:52.274 E/mm-camera-img(  301): img_q_wait: before wait
08-09 20:54:52.274 E/mm-camera-intf(  289): mm_stream_read_msm_frame: VIDIOC_DQBUF buf_index 4, frame_idx 14, stream type 1, time stamp 1424 220811000
08-09 20:54:52.274 E/mm-camera(  301): awb_process: E gains(r=1.404026,g=1.050000,b=1.927167), color_temp=4665
08-09 20:54:52.274 D/ShotSingle(  289): CAMERA_MSG_PREVIEW_FRAME E
08-09 20:54:52.274 I/EDMNativeHelperService(  933): isCameraEnabled
08-09 20:54:52.274 D/ShotSingle(  289): CAMERA_MSG_PREVIEW_FRAME X
08-09 20:54:52.274 D/SecCameraCoreManager(  289): disableMsgType: 0x10
08-09 20:54:52.274 W/QCamera2HWI(  289): disable_msg_type : E, msg type 16
08-09 20:54:52.274 W/QCamera2HWI(  289): disable_msg_type : X
08-09 20:54:52.274 D/SecCamera-JNI-Java(  933): handleMessage: 16
08-09 20:54:52.274 D/SecCameraCoreManager(  289): enableMsgType: 0x10
08-09 20:54:52.274 W/QCamera2HWI(  289): enable_msg_type : E, msg type 16
08-09 20:54:52.274 W/QCamera2HWI(  289): enable_msg_type : X
08-09 20:54:52.274 E/SmartFaceService(  933): Orientation: 0
08-09 20:54:52.274 E/SmartFaceService(  933): Calling onPreviewFrame: Thread[Scroll/Pause Worker,5,main]/1424227
08-09 20:54:52.274 E/SmartFaceService(  933): Calling onPreviewFrame: Thread[Stay/Rotation Worker,5,main]/1424228
08-09 20:54:52.284 E/mm-camera(  301): cpp_module_handle_sof_notify_event:574, sending bus msg, session_id=3, R1=4, R2=5
08-09 20:54:52.284 E/mm-camera(  301): isp_util_fetch_hw_pending_update_params: fetch CDS update! VFE0, frame id 15, hw pending parm of CDS update = 1
08-09 20:54:52.284 E/mm-camera(  301): isp_axi_stream_set_stream_update: cannot find stream, session_id = 0, stream_id = 0
08-09 20:54:52.284 E/mm-camera(  301): isp_pipeline_save_aec_params lux_idx 337.182739 exp_index 309 real_gain 3.949219 
08-09 20:54:52.284 E/mm-camera(  301): isp_pipeline_awb_trigger_update: color 4668 gain r=1.401543 g=1.050000 b=1.916930
08-09 20:54:52.284 E/mm-camera-intf(  289): mm_stream_read_msm_frame: VIDIOC_DQBUF buf_index 14, frame_idx 15, stream type 6, time stamp 1565355292 301789000
08-09 20:54:52.294 E/mm-camera(  301): isp_proc_async_command: after ISP_UV_SWITCH_STATE_FINISHING session = 3
08-09 20:54:52.294 E/mm-camera(  301): isp_proc_async_command: X, session_id = 3, async_cmd_id = 0
08-09 20:54:52.324 E/mm-camera(  301): module_faceproc_client_handle_buffer:1809] count 1
08-09 20:54:52.324 E/mm-camera(  301): isp_pipeline_stats_config_update Received stats_config_update for pipeline 0xb1a59000
08-09 20:54:52.324 E/mm-camera-intf(  289): mm_stream_read_msm_frame: VIDIOC_DQBUF buf_index 5, frame_idx 15, stream type 1, time stamp 1424 270893000
08-09 20:54:52.324 D/ShotSingle(  289): CAMERA_MSG_PREVIEW_FRAME E
08-09 20:54:52.324 I/EDMNativeHelperService(  933): isCameraEnabled
08-09 20:54:52.324 D/ShotSingle(  289): CAMERA_MSG_PREVIEW_FRAME X
08-09 20:54:52.324 D/SecCameraCoreManager(  289): disableMsgType: 0x10
08-09 20:54:52.324 W/QCamera2HWI(  289): disable_msg_type : E, msg type 16
08-09 20:54:52.324 E/mm-camera(  301): awb_process: E gains(r=1.406260,g=1.050000,b=1.936380), color_temp=4662
08-09 20:54:52.324 W/QCamera2HWI(  289): disable_msg_type : X
08-09 20:54:52.324 D/SecCamera-JNI-Java(  933): handleMessage: 16
08-09 20:54:52.324 D/SecCameraCoreManager(  289): enableMsgType: 0x10
08-09 20:54:52.324 W/QCamera2HWI(  289): enable_msg_type : E, msg type 16
08-09 20:54:52.324 W/QCamera2HWI(  289): enable_msg_type : X
08-09 20:54:52.324 E/SmartFaceService(  933): Orientation: 0
08-09 20:54:52.324 E/SmartFaceService(  933): Calling onPreviewFrame: Thread[Scroll/Pause Worker,5,main]/1424278
08-09 20:54:52.324 E/SmartFaceService(  933): Calling onPreviewFrame: Thread[Stay/Rotation Worker,5,main]/1424278
08-09 20:54:52.354 E/mm-camera(  301): cpp_module_handle_sof_notify_event:574, sending bus msg, session_id=3, R1=4, R2=5
08-09 20:54:52.354 E/mm-camera(  301): isp_pipeline_save_aec_params lux_idx 337.399597 exp_index 309 real_gain 3.949219 
08-09 20:54:52.354 E/mm-camera(  301): isp_pipeline_awb_trigger_update: color 4665 gain r=1.404026 g=1.050000 b=1.927167
08-09 20:54:52.354 E/mm-camera-intf(  289): mm_stream_read_msm_frame: VIDIOC_DQBUF buf_index 15, frame_idx 16, stream type 6, time stamp 1565355292 368525000
08-09 20:54:52.364 D/DMCFaceEngine(  933): caIF_RunEyeDetection_MCT_IRS : caIF_RunEyeDetection_MCT_IRS END
08-09 20:54:52.364 D/DMCFaceEngine(  933): caSmartDP_SmartStay : caFace_Aux_FindEyes_IRS time 102932
08-09 20:54:52.364 D/DMCFaceEngine(  933): caSmartDP_SmartStay : Single Eye Detection Fail dir 1
08-09 20:54:52.364 D/DMCFaceEngine(  933): caSmartDP_SmartStay : loop End ED dir 1 with nResult -1
08-09 20:54:52.364 D/DMCFaceEngine(  933): caSmartDP_SmartStay : SINGLE EYE DETECTION LOOP END with nResult -1
08-09 20:54:52.364 D/DMCFaceEngine(  933): caSmartDP_SmartStay : DETECT HUMAN FAIL
08-09 20:54:52.364 D/DMCFaceEngine(  933): caSmartDP_SmartStay : face : X[0] Y[0] W[0] H[0]
08-09 20:54:52.364 D/DMCFaceEngine(  933): caSmartDP_SmartStay : eye  : LX[0] LY[0] RX[0] RY[0]
08-09 20:54:52.364 D/DMCFaceEngine(  933): caSmartDP_DetermineFixedDevice : TmpFile exists /data/smart_stay_hash.dmc 
08-09 20:54:52.364 D/DMCFaceEngine(  933): caSmartDP_HashingImage : wd [80] ht [60]
08-09 20:54:52.364 D/DMCFaceEngine(  933): caSmartDP_DetermineFixedDevice : FIXED OR NOT  : difference 95.649375
08-09 20:54:52.364 D/DMCFaceEngine(  933): caSmartDP_DetermineFixedDevice : TmpFile making start /data/smart_stay_hash.dmc 
08-09 20:54:52.384 D/DMCFaceEngine(  933): caSmartDP_DetermineFixedDevice : TmpFile making end /data/smart_stay_hash.dmc 
08-09 20:54:52.384 D/DMCFaceEngine(  933): caSmartDP_SmartStay result [-1] - [5.000000]
08-09 20:54:52.384 D/DMCFaceEngine(  933): caSmartDP_SmartStay : [5.000000] determine[95] result [-1]
08-09 20:54:52.384 E/SmartScreen_JNI(  933): processImage end : function time [ 196581 ] [-1] 
08-09 20:54:52.384 E/SmartFaceManager(  933): checkForSmartStay onInfo: 100: 0
08-09 20:54:52.384 E/SmartScreen_JNI(  933): processImage start : prev time [ 197881 ]
08-09 20:54:52.384 D/SmartScreen_JNI(  933): tmpfile : /data/smart_stay_hash.dmc
08-09 20:54:52.384 D/DMCFaceEngine(  933): NEON : 1
08-09 20:54:52.384 D/DMCFaceEngine(  933): caSmartDP_SmartStay orientation [0] count [1]
08-09 20:54:52.384 D/DMCFaceEngine(  933): caSmartDP_SmartStay : FUNCTION START img width 320, height 240 previous angle 0
08-09 20:54:52.384 E/mm-camera(  301): isp_pipeline_stats_config_update Received stats_config_update for pipeline 0xb1a59000
08-09 20:54:52.384 E/Stay/Rotation Worker(  933): processSmartStay[207ms], ret: -1 needToStay: 0 mFrameCount: 0 mFixed: false
08-09 20:54:52.384 D/Stay/Rotation Worker(  933): handleMessage: 1
08-09 20:54:52.394 E/mm-camera(  301): awb_process: E gains(r=1.408270,g=1.050000,b=1.944672), color_temp=4659
08-09 20:54:52.394 D/DMCFaceEngine(  933): caSmartDP_SmartStay : loop Start with dir 1, width 240 and heighe 320
08-09 20:54:52.394 D/DMCFaceEngine(  933): caFace_RunFaceDetection_SmartStayRotation : FaceDetection Start with width 240, heighe 320
08-09 20:54:52.394 D/DMCFaceEngine(  933): fd_find_run : Use A New Sensor ==========> 0 [240][320]
08-09 20:54:52.414 D/DMCFaceEngine(  933): fd_find_run : Use A New Sensor ==========> 0 [240][320]
08-09 20:54:52.424 E/mm-camera(  301): cpp_module_handle_sof_notify_event:574, sending bus msg, session_id=3, R1=4, R2=5
08-09 20:54:52.424 E/mm-camera(  301): isp_pipeline_save_aec_params lux_idx 338.730835 exp_index 318 real_gain 5.144531 
08-09 20:54:52.424 E/mm-camera(  301): isp_pipeline_awb_trigger_update: color 4662 gain r=1.406260 g=1.050000 b=1.936380
08-09 20:54:52.424 E/mm-camera-intf(  289): mm_stream_read_msm_frame: VIDIOC_DQBUF buf_index 16, frame_idx 17, stream type 6, time stamp 1565355292 435246000
08-09 20:54:52.434 D/DMCFaceEngine(  933): fd_find_run : Use A New Sensor ==========> 0 [240][320]
08-09 20:54:52.454 E/mm-camera(  301): module_faceproc_client_handle_buffer:1809] count 0
08-09 20:54:52.454 E/mm-camera(  301): module_faceproc_client_send_info:1751] active index 1 face_cnt 0
08-09 20:54:52.454 E/mm-camera(  301): module_faceproc_client_send_info:1763] face_cnt 0
08-09 20:54:52.454 E/mm-camera(  301): module_faceproc_client_send_faceinfo:692] 1.000000 1.000000 0 0 out scale 1.000000 1.000000
08-09 20:54:52.454 E/mm-camera(  301): module_faceproc_client_send_faceinfo:694] Num face detected 0
08-09 20:54:52.454 E/mm-camera(  301): module_faceproc_faces_stabilization:586] GJ Invalid input no faces 
08-09 20:54:52.454 E/mm-camera(  301): [FD_ZOOM_DBG] FD_Imglib Num face detected 0
08-09 20:54:52.454 E/mm-camera(  301): module_faceproc_client_send_faceinfo:735] session id 3 mct_mod 0xb4cb5f40
08-09 20:54:52.454 E/mm-camera(  301): module_faceproc_client_handle_buffer:1827] img_idx 2
08-09 20:54:52.454 E/mm-camera(  301): module_faceproc_client_handle_buffer:1840] buffer 2 0xb2640000 0xb380c000
08-09 20:54:52.454 E/mm-camera-img(  301): faceproc_comp_queue_buffer:655] q_count 1
08-09 20:54:52.454 E/mm-camera-img(  301): img_q_wait:225] after wait count 1
08-09 20:54:52.454 E/mm-camera-img(  301): img_q_wait:229] data 0xb37f7380
08-09 20:54:52.454 E/mm-camera-img(  301): faceproc_fd_execute:1142] E
08-09 20:54:52.454 E/mm-camera-img(  301): faceproc_fd_execute:1174] no faces detected X
08-09 20:54:52.454 E/mm-camera-img(  301): face_proc_thread_loop:420] state 2 abort 0
08-09 20:54:52.454 E/mm-camera(  301): module_faceproc_client_event_handler:1120] buffer idx 2
08-09 20:54:52.454 E/mm-camera-img(  301): face_proc_thread_loop:428] send event
08-09 20:54:52.454 E/mm-camera-img(  301): img_comp_get_param:163] param 514
08-09 20:54:52.454 E/mm-camera-img(  301): faceproc_fd_output:848] num_faces 0
08-09 20:54:52.454 E/mm-camera-intf(  289): mm_stream_read_msm_frame: VIDIOC_DQBUF buf_index 3, frame_idx 17, stream type 1, time stamp 1424 404363000
08-09 20:54:52.454 E/mm-camera-img(  301): face_proc_thread_loop:430] send event
08-09 20:54:52.454 E/mm-camera-img(  301): img_q_wait: before wait
08-09 20:54:52.454 E/mm-camera(  301): isp_pipeline_stats_config_update Received stats_config_update for pipeline 0xb1a59000
08-09 20:54:52.454 D/ShotSingle(  289): CAMERA_MSG_PREVIEW_FRAME E
08-09 20:54:52.464 I/EDMNativeHelperService(  933): isCameraEnabled
08-09 20:54:52.464 E/mm-camera(  301): awb_process: E gains(r=1.403673,g=1.050000,b=1.952135), color_temp=4648
08-09 20:54:52.464 D/ShotSingle(  289): CAMERA_MSG_PREVIEW_FRAME X
08-09 20:54:52.464 D/SecCameraCoreManager(  289): disableMsgType: 0x10
08-09 20:54:52.464 W/QCamera2HWI(  289): disable_msg_type : E, msg type 16
08-09 20:54:52.464 W/QCamera2HWI(  289): disable_msg_type : X
08-09 20:54:52.464 D/SecCamera-JNI-Java(  933): handleMessage: 16
08-09 20:54:52.464 D/SecCameraCoreManager(  289): enableMsgType: 0x10
08-09 20:54:52.464 W/QCamera2HWI(  289): enable_msg_type : E, msg type 16
08-09 20:54:52.464 W/QCamera2HWI(  289): enable_msg_type : X
08-09 20:54:52.464 D/DMCFaceEngine(  933): fd_find_run : Use A New Sensor ==========> 0 [110][110]
08-09 20:54:52.464 E/SmartFaceService(  933): Orientation: 0
08-09 20:54:52.464 E/SmartFaceService(  933): Calling onPreviewFrame: Thread[Scroll/Pause Worker,5,main]/1424413
08-09 20:54:52.464 E/SmartFaceService(  933): Calling onPreviewFrame: Thread[Stay/Rotation Worker,5,main]/1424413
08-09 20:54:52.474 D/DMCFaceEngine(  933): fd_find_run : Use A New Sensor ==========> 0 [110][110]
08-09 20:54:52.484 D/DMCFaceEngine(  933): fd_find_run : Use A New Sensor ==========> 0 [110][110]
08-09 20:54:52.484 D/DMCFaceEngine(  933): caFace_RunFaceDetection_SmartStayRotation : Detected No Face
08-09 20:54:52.484 D/DMCFaceEngine(  933): caSmartDP_SmartStay : SINGLE EYE DETECTION LOOP START
08-09 20:54:52.484 D/DMCFaceEngine(  933): caSmartDP_SmartStay : single eye detection loop start _ dir 1
08-09 20:54:52.484 E/mm-camera(  301): cpp_module_handle_sof_notify_event:574, sending bus msg, session_id=3, R1=4, R2=5
08-09 20:54:52.484 D/DMCFaceEngine(  933): caIF_RunEyeDetection_MCT_IRS : caIF_RunEyeDetection_MCT_IRS START
08-09 20:54:52.484 E/mm-camera(  301): isp_pipeline_save_aec_params lux_idx 331.296967 exp_index 318 real_gain 5.144531 
08-09 20:54:52.484 D/DMCFaceEngine(  933): caIF_RunEyeDetection_MCT_IRS : Width 240, Height 320
08-09 20:54:52.484 E/mm-camera(  301): isp_pipeline_awb_trigger_update: color 4659 gain r=1.408270 g=1.050000 b=1.944672
08-09 20:54:52.484 E/mm-camera-intf(  289): mm_stream_read_msm_frame: VIDIOC_DQBUF buf_index 17, frame_idx 18, stream type 6, time stamp 1565355292 502078000
08-09 20:54:52.494 I/EDMNativeHelperService(  933): isCameraEnabled
08-09 20:54:52.524 E/mm-camera(  301): module_faceproc_client_handle_buffer:1809] count 1
08-09 20:54:52.524 E/mm-camera(  301): isp_pipeline_stats_config_update Received stats_config_update for pipeline 0xb1a59000
08-09 20:54:52.524 E/mm-camera-intf(  289): mm_stream_read_msm_frame: VIDIOC_DQBUF buf_index 4, frame_idx 18, stream type 1, time stamp 1424 471098000
08-09 20:54:52.524 E/mm-camera(  301): awb_process: E gains(r=1.399299,g=1.050000,b=1.958851), color_temp=4638
08-09 20:54:52.524 D/ShotSingle(  289): CAMERA_MSG_PREVIEW_FRAME E
08-09 20:54:52.524 I/EDMNativeHelperService(  933): isCameraEnabled
08-09 20:54:52.524 D/ShotSingle(  289): CAMERA_MSG_PREVIEW_FRAME X
08-09 20:54:52.534 D/SecCameraCoreManager(  289): disableMsgType: 0x10
08-09 20:54:52.534 W/QCamera2HWI(  289): disable_msg_type : E, msg type 16
08-09 20:54:52.534 W/QCamera2HWI(  289): disable_msg_type : X
08-09 20:54:52.534 D/SecCamera-JNI-Java(  933): handleMessage: 16
08-09 20:54:52.534 D/SecCameraCoreManager(  289): enableMsgType: 0x10
08-09 20:54:52.534 W/QCamera2HWI(  289): enable_msg_type : E, msg type 16
08-09 20:54:52.534 W/QCamera2HWI(  289): enable_msg_type : X
08-09 20:54:52.534 E/SmartFaceService(  933): Orientation: 0
08-09 20:54:52.534 E/SmartFaceService(  933): Calling onPreviewFrame: Thread[Scroll/Pause Worker,5,main]/1424481
08-09 20:54:52.534 E/SmartFaceService(  933): Calling onPreviewFrame: Thread[Stay/Rotation Worker,5,main]/1424481
08-09 20:54:52.554 E/mm-camera(  301): cpp_module_handle_sof_notify_event:574, sending bus msg, session_id=3, R1=4, R2=5
08-09 20:54:52.554 E/mm-camera(  301): isp_pipeline_save_aec_params lux_idx 332.142792 exp_index 318 real_gain 5.144531 
08-09 20:54:52.554 E/mm-camera(  301): isp_pipeline_awb_trigger_update: color 4648 gain r=1.403673 g=1.050000 b=1.952135
08-09 20:54:52.554 E/mm-camera-intf(  289): mm_stream_read_msm_frame: VIDIOC_DQBUF buf_index 18, frame_idx 19, stream type 6, time stamp 1565355292 568827000
08-09 20:54:52.584 E/mm-camera(  301): module_faceproc_client_handle_buffer:1809] count 0
08-09 20:54:52.584 E/mm-camera(  301): module_faceproc_client_send_info:1751] active index 0 face_cnt 0
08-09 20:54:52.584 E/mm-camera(  301): module_faceproc_client_send_info:1763] face_cnt 0
08-09 20:54:52.594 E/mm-camera(  301): isp_pipeline_stats_config_update Received stats_config_update for pipeline 0xb1a59000
08-09 20:54:52.594 E/mm-camera(  301): module_faceproc_client_send_faceinfo:692] 1.000000 1.000000 0 0 out scale 1.000000 1.000000
08-09 20:54:52.594 E/mm-camera(  301): module_faceproc_client_send_faceinfo:694] Num face detected 0
08-09 20:54:52.594 E/mm-camera(  301): module_faceproc_faces_stabilization:586] GJ Invalid input no faces 
08-09 20:54:52.594 E/mm-camera(  301): [FD_ZOOM_DBG] FD_Imglib Num face detected 0
08-09 20:54:52.594 E/mm-camera(  301): module_faceproc_client_send_faceinfo:735] session id 3 mct_mod 0xb4cb5f40
08-09 20:54:52.594 E/mm-camera(  301): module_faceproc_client_handle_buffer:1827] img_idx 3
08-09 20:54:52.594 E/mm-camera(  301): module_faceproc_client_handle_buffer:1840] buffer 1 0xb2653000 0xb39bb000
08-09 20:54:52.594 E/mm-camera-img(  301): faceproc_comp_queue_buffer:655] q_count 1
08-09 20:54:52.594 E/mm-camera-intf(  289): mm_stream_read_msm_frame: VIDIOC_DQBUF buf_index 5, frame_idx 19, stream type 1, time stamp 1424 537840000
08-09 20:54:52.594 D/ShotSingle(  289): CAMERA_MSG_PREVIEW_FRAME E
08-09 20:54:52.594 I/EDMNativeHelperService(  933): isCameraEnabled
08-09 20:54:52.594 E/mm-camera-img(  301): img_q_wait:225] after wait count 1
08-09 20:54:52.594 E/mm-camera-img(  301): img_q_wait:229] data 0xb37f7540
08-09 20:54:52.594 E/mm-camera(  301): awb_process: E gains(r=1.393125,g=1.050000,b=1.964896), color_temp=4626
08-09 20:54:52.594 E/mm-camera-img(  301): faceproc_fd_execute:1142] E
08-09 20:54:52.594 E/mm-camera-img(  301): faceproc_fd_execute:1174] no faces detected X
08-09 20:54:52.594 E/mm-camera-img(  301): face_proc_thread_loop:420] state 2 abort 0
08-09 20:54:52.594 E/mm-camera(  301): module_faceproc_client_event_handler:1120] buffer idx 3
08-09 20:54:52.594 E/mm-camera-img(  301): face_proc_thread_loop:428] send event
08-09 20:54:52.594 E/mm-camera-img(  301): img_comp_get_param:163] param 514
08-09 20:54:52.594 E/mm-camera-img(  301): faceproc_fd_output:848] num_faces 0
08-09 20:54:52.594 E/mm-camera-img(  301): face_proc_thread_loop:430] send event
08-09 20:54:52.594 E/mm-camera-img(  301): img_q_wait: before wait
08-09 20:54:52.594 D/ShotSingle(  289): CAMERA_MSG_PREVIEW_FRAME X
08-09 20:54:52.594 D/SecCameraCoreManager(  289): disableMsgType: 0x10
08-09 20:54:52.594 W/QCamera2HWI(  289): disable_msg_type : E, msg type 16
08-09 20:54:52.594 W/QCamera2HWI(  289): disable_msg_type : X
08-09 20:54:52.594 D/SecCamera-JNI-Java(  933): handleMessage: 16
08-09 20:54:52.594 D/SecCameraCoreManager(  289): enableMsgType: 0x10
08-09 20:54:52.594 W/QCamera2HWI(  289): enable_msg_type : E, msg type 16
08-09 20:54:52.594 W/QCamera2HWI(  289): enable_msg_type : X
08-09 20:54:52.594 E/SmartFaceService(  933): Orientation: 0
08-09 20:54:52.594 E/SmartFaceService(  933): Calling onPreviewFrame: Thread[Scroll/Pause Worker,5,main]/1424548
08-09 20:54:52.594 E/SmartFaceService(  933): Calling onPreviewFrame: Thread[Stay/Rotation Worker,5,main]/1424548
08-09 20:54:52.624 E/mm-camera(  301): cpp_module_handle_sof_notify_event:574, sending bus msg, session_id=3, R1=4, R2=5
08-09 20:54:52.624 E/mm-camera(  301): isp_pipeline_save_aec_params lux_idx 325.607910 exp_index 324 real_gain 6.144531 
08-09 20:54:52.624 E/mm-camera(  301): isp_pipeline_awb_trigger_update: color 4638 gain r=1.399299 g=1.050000 b=1.958851
08-09 20:54:52.624 E/mm-camera-intf(  289): mm_stream_read_msm_frame: VIDIOC_DQBUF buf_index 19, frame_idx 20, stream type 6, time stamp 1565355292 635465000
08-09 20:54:52.644 D/DMCFaceEngine(  933): caIF_RunEyeDetection_MCT_IRS : caIF_RunEyeDetection_MCT_IRS END
08-09 20:54:52.644 D/DMCFaceEngine(  933): caSmartDP_SmartStay : caFace_Aux_FindEyes_IRS time 146515
08-09 20:54:52.644 D/DMCFaceEngine(  933): caSmartDP_SmartStay : Single Eye Detection Fail dir 1
08-09 20:54:52.644 D/DMCFaceEngine(  933): caSmartDP_SmartStay : loop End ED dir 1 with nResult -1
08-09 20:54:52.644 D/DMCFaceEngine(  933): caSmartDP_SmartStay : SINGLE EYE DETECTION LOOP END with nResult -1
08-09 20:54:52.644 D/DMCFaceEngine(  933): caSmartDP_SmartStay : DETECT HUMAN FAIL
08-09 20:54:52.644 D/DMCFaceEngine(  933): caSmartDP_SmartStay : face : X[0] Y[0] W[0] H[0]
08-09 20:54:52.644 D/DMCFaceEngine(  933): caSmartDP_SmartStay : eye  : LX[0] LY[0] RX[0] RY[0]
08-09 20:54:52.644 E/SmartScreen_JNI(  933): processImage end : function time [ 266912 ] [-1] 
08-09 20:54:52.644 E/SmartFaceManager(  933): checkForSmartStay onInfo: 100: 0
08-09 20:54:52.644 E/SmartScreen_JNI(  933): processImage start : prev time [ 267605 ]
08-09 20:54:52.644 D/SmartScreen_JNI(  933): tmpfile : /data/smart_stay_hash.dmc
08-09 20:54:52.644 D/DMCFaceEngine(  933): NEON : 1
08-09 20:54:52.644 D/DMCFaceEngine(  933): caSmartDP_SmartStay orientation [0] count [2]
08-09 20:54:52.644 D/DMCFaceEngine(  933): caSmartDP_SmartStay : FUNCTION START img width 320, height 240 previous angle 0
08-09 20:54:52.644 D/DMCFaceEngine(  933): caSmartDP_SmartStay : loop Start with dir 1, width 240 and heighe 320
08-09 20:54:52.644 D/SecCameraCoreManager(  289): disableMsgType: 0x10
08-09 20:54:52.644 W/QCamera2HWI(  289): disable_msg_type : E, msg type 16
08-09 20:54:52.644 D/DMCFaceEngine(  933): caFace_RunFaceDetection_SmartStayRotation : FaceDetection Start with width 240, heighe 320
08-09 20:54:52.644 D/DMCFaceEngine(  933): fd_find_run : Use A New Sensor ==========> 0 [240][320]
08-09 20:54:52.644 E/Stay/Rotation Worker(  933): processSmartStay[259ms], ret: -1 needToStay: 0 mFrameCount: 1 mFixed: false
08-09 20:54:52.644 D/Stay/Rotation Worker(  933): handleMessage: 1
08-09 20:54:52.644 E/SmartFaceService(  933): unregister:1424597
08-09 20:54:52.644 E/SmartFaceService(  933): unregister
08-09 20:54:52.644 E/SmartFaceService(  933): unregister client found. pid 933 servicetype: 100 AppName: system
08-09 20:54:52.644 E/SmartFaceService(  933): send LastServiecTypeFromClient to scroll pause worker: 0
08-09 20:54:52.644 E/SmartFaceService(  933): mLightIntensityEnough: true mLux: 0.0
08-09 20:54:52.644 D/Scroll/Pause Worker(  933): updateClientsDone.
08-09 20:54:52.644 D/Stay/Rotation Worker(  933): updateClientsDone. def. do nothing.
08-09 20:54:52.644 E/SmartFaceService(  933): Service Type to Worker: 0
08-09 20:54:52.644 E/SmartFaceService(  933): Last Active clients:1 Current Active clients: 0
08-09 20:54:52.644 E/SmartFaceService(  933): Last Smart Pause clients: 0 Current Smart Pause clients: 0
08-09 20:54:52.644 E/SmartFaceService(  933): No active clients. close camera
08-09 20:54:52.644 E/CameraController(  933): closeCamera S
08-09 20:54:52.644 E/CameraController(  933): sendMessageAndWait, lock.lock before
08-09 20:54:52.644 E/CameraController(  933): sendMessageAndWait, lock.lock after
08-09 20:54:52.644 E/CameraController(  933): Wait for 0
08-09 20:54:52.644 E/CameraController(  933): waitHere, condition var. will be used. related lock release and re-acquired after await done.
08-09 20:54:52.644 E/CameraController(  933): handleMessage(0) before lock{ when=0 what=0 target=com.samsung.android.smartface.CameraController$EventHandler }
08-09 20:54:52.644 E/CameraController(  933): handleMessage, lock.lock after
08-09 20:54:52.644 E/CameraController(  933): handleMessage(0) after lock{ when=-1ms what=0 target=com.samsung.android.smartface.CameraController$EventHandler }
08-09 20:54:52.654 W/QCamera2HWI(  289): disable_msg_type : X
08-09 20:54:52.654 D/SecCameraCoreManager(  289): disableMsgType: 0x10
08-09 20:54:52.654 W/QCamera2HWI(  289): disable_msg_type : E, msg type 16
08-09 20:54:52.654 W/QCamera2HWI(  289): disable_msg_type : X
08-09 20:54:52.654 I/CameraClient(  289): stopPreview: Disable picture related messages 
08-09 20:54:52.654 D/SecCameraCoreManager(  289): disableMsgType: 0x3c2
08-09 20:54:52.654 W/QCamera2HWI(  289): disable_msg_type : E, msg type 962
08-09 20:54:52.654 W/QCamera2HWI(  289): disable_msg_type : X
08-09 20:54:52.654 D/SecCameraCoreManager(  289): stopPreview
08-09 20:54:52.654 D/SecCameraCoreManager(  289): virtual void android::SecCameraCoreManager::stopPreview():stop IT Policy checking thread
08-09 20:54:52.654 E/mm-camera(  301): module_faceproc_client_handle_buffer:1809] count 1
08-09 20:54:52.654 E/mm-camera-intf(  289): mm_stream_read_msm_frame: VIDIOC_DQBUF buf_index 3, frame_idx 20, stream type 1, time stamp 1424 604743000
08-09 20:54:52.654 E/mm-camera(  301): isp_pipeline_stats_config_update Received stats_config_update for pipeline 0xb1a59000
08-09 20:54:52.654 E/mm-camera(  301): awb_process: E gains(r=1.387334,g=1.050000,b=1.970336), color_temp=4615
08-09 20:54:52.674 D/DMCFaceEngine(  933): fd_find_run : Use A New Sensor ==========> 0 [240][320]
08-09 20:54:52.684 E/mm-camera(  301): cpp_module_handle_sof_notify_event:574, sending bus msg, session_id=3, R1=4, R2=5
08-09 20:54:52.684 E/mm-camera(  301): isp_pipeline_save_aec_params lux_idx 332.683899 exp_index 324 real_gain 6.144531 
08-09 20:54:52.684 E/mm-camera(  301): isp_pipeline_awb_trigger_update: color 4626 gain r=1.393125 g=1.050000 b=1.964896
08-09 20:54:52.684 E/mm-camera-intf(  289): mm_stream_read_msm_frame: VIDIOC_DQBUF buf_index 0, frame_idx 21, stream type 6, time stamp 1565355292 702369000
08-09 20:54:52.694 D/DMCFaceEngine(  933): fd_find_run : Use A New Sensor ==========> 0 [240][320]
08-09 20:54:52.694 D/ShotSingle(  289): stopPreview
08-09 20:54:52.694 W/QCamera2HWI(  289): disable_msg_type : E, msg type 962
08-09 20:54:52.694 W/QCamera2HWI(  289): disable_msg_type : X
08-09 20:54:52.694 V/ShotSingle(  289): stopPreview(1)
08-09 20:54:52.694 W/QCamera2HWI(  289): [KPI Perf] stop_preview: E
08-09 20:54:52.694 W/QCamera2HWI(  289): stopPreview: E mCameraId=1
08-09 20:54:52.694 I/        (  289): [DBG] int32_t qcamera::QCameraCmdThread::exit(): Before thread join
08-09 20:54:52.694 I/        (  289): [DBG] int32_t qcamera::QCameraCmdThread::exit(): After thread join
08-09 20:54:52.694 I/        (  289): [DBG] int32_t qcamera::QCameraCmdThread::exit(): Before thread join
08-09 20:54:52.694 I/        (  289): [DBG] int32_t qcamera::QCameraCmdThread::exit(): After thread join
08-09 20:54:52.694 E/mm-camera-intf(  289): mm_stream_streamoff: E, my_handle = 0x1601, fd = 54, state = 6
08-09 20:54:52.694 E/mm-camera(  301): server_process_hal_event:__DBG__ E event id=3
08-09 20:54:52.694 E/mm-camera(  301): server_process_hal_event:__DBG__ X sucess event id=3
08-09 20:54:52.704 E/mm-camera(  301): mct_pipeline_process_set:command=8000009
08-09 20:54:52.704 E/mm-camera(  301): mct_pipeline_process_set: stream_type = 1
08-09 20:54:52.704 E/mm-camera-sensor(  301): module_sensor_module_process_event:3542 ide 30002 MCT_EVENT_CONTROL_STREAMOFF
08-09 20:54:52.704 E/mm-camera-sensor(  301): module_sensor_module_process_event:3545 E STATEDBG MCT_EVENT_CONTROL_STREAMOFF
08-09 20:54:52.704 E/mm-camera-sensor(  301): sensor_util_change_state:1116 STATEDBG Enter
08-09 20:54:52.704 E/mm-camera-sensor(  301): sensor_util_change_state:1123 STATEDBG Enter cur state 0 new state 4
08-09 20:54:52.704 E/mm-camera-sensor(  301): sensor_util_change_state:1162 STATEDBG Exit cur state 4 new state 4
08-09 20:54:52.704 E/mm-camera-sensor(  301): sensor_util_change_state:1166 STATEDBG Exit
08-09 20:54:52.704 E/mm-camera-sensor(  301): module_sensor_stream_off:3097 ide 30002 MCT_EVENT_CONTROL_STREAMOFF
08-09 20:54:52.704 E/mm-camera(  301): port_isp_mct_ctrl_cmd: type=2
08-09 20:54:52.704 E/mm-camera(  301): port_isp_mct_ctrl_cmd: E, identity = 0x30002, STREAMOFF
08-09 20:54:52.704 E/mm-camera(  301): cpp_module_handle_streamoff_event:1873, info: doing stream-off for identity 0x30002
08-09 20:54:52.704 E/mm-camera-img(  301): faceproc_comp_abort:549] state 2
08-09 20:54:52.704 E/mm-camera-img(  301): faceproc_comp_abort:562] thread id -1284121600
08-09 20:54:52.704 E/mm-camera-img(  301): img_q_wait:225] after wait count 0
08-09 20:54:52.704 E/mm-camera-img(  301): img_q_wait:229] data 0x0
08-09 20:54:52.704 E/mm-camera-img(  301): face_proc_thread_loop:434] state 3 abort 0
08-09 20:54:52.704 E/mm-camera-img(  301): face_proc_thread_loop:438] send event
08-09 20:54:52.704 E/mm-camera-img(  301): faceproc_comp_eng_destroy:1856] faceproc engine clean
08-09 20:54:52.704 E/mm-camera-img(  301): faceproc_comp_eng_reset:1880]
08-09 20:54:52.704 E/mm-camera-img(  301): Free Wmemory 0
08-09 20:54:52.704 E/mm-camera-img(  301): faceproc_comp_abort:576] X
08-09 20:54:52.704 E/mm-camera(  301): cpp_module_handle_streamoff_event:1919] iden:0x30002, linked_params:0x0
08-09 20:54:52.704 E/mm-camera(  301): cpp_hardware_process_streamoff:502] skip_iden:0x0, duplicate_stream_status:0x0
08-09 20:54:52.704 E/mm-camera(  301): cpp_module_handle_streamoff_event:1930, info: stream-off done for identity 0x30002
08-09 20:54:52.704 E/mm-camera(  301): port_isp_mct_ctrl_cmd: E, identity = 0x30002, isp_streamoff
08-09 20:54:52.704 E/mm-camera(  301): isp_streamoff: E, session_id = 3
08-09 20:54:52.704 E/mm-camera(  301): isp_proc_async_command: E ISP_ASYNC_COMMAND_STREAMOFF = 3
08-09 20:54:52.704 E/mm-camera(  301): isp_proc_streamoff: E, session_id = 3, stream_id = 2, stream_type = 1
08-09 20:54:52.704 E/mm-camera(  301): isp_hw_subscribe_one_v4l2_event: event_type = 0x8000200, is_subscribe = 0
08-09 20:54:52.704 E/mm-camera(  301): isp_hw_subscribe_one_v4l2_event: event_type = 0x8000201, is_subscribe = 0
08-09 20:54:52.704 E/mm-camera(  301): isp_hw_subscribe_one_v4l2_event: event_type = 0x8000202, is_subscribe = 0
08-09 20:54:52.704 E/mm-camera(  301): isp_hw_subscribe_one_v4l2_event: event_type = 0x8000203, is_subscribe = 0
08-09 20:54:52.704 E/mm-camera(  301): isp_hw_subscribe_one_v4l2_event: event_type = 0x8000204, is_subscribe = 0
08-09 20:54:52.704 E/mm-camera(  301): isp_hw_subscribe_one_v4l2_event: event_type = 0x8000205, is_subscribe = 0
08-09 20:54:52.704 E/mm-camera(  301): isp_hw_subscribe_one_v4l2_event: event_type = 0x8000206, is_subscribe = 0
08-09 20:54:52.704 E/mm-camera(  301): isp_hw_subscribe_one_v4l2_event: event_type = 0x8000207, is_subscribe = 0
08-09 20:54:52.704 E/mm-camera(  301): isp_hw_subscribe_one_v4l2_event: event_type = 0x8000208, is_subscribe = 0
08-09 20:54:52.704 E/mm-camera(  301): isp_hw_subscribe_one_v4l2_event: event_type = 0x8000209, is_subscribe = 0
08-09 20:54:52.704 E/mm-camera(  301): isp_hw_subscribe_one_v4l2_event: event_type = 0x800020a, is_subscribe = 0
08-09 20:54:52.704 E/mm-camera(  301): isp_hw_subscribe_one_v4l2_event: event_type = 0x800020b, is_subscribe = 0
08-09 20:54:52.704 E/mm-camera(  301): isp_hw_subscribe_one_v4l2_event: event_type = 0x8000009, is_subscribe = 0
08-09 20:54:52.704 E/mm-camera(  301): isp_hw_subscribe_one_v4l2_event: event_type = 0x8000007, is_subscribe = 0
08-09 20:54:52.704 E/mm-camera(  301): isp_axi_util_subscribe_v4l2_event: event_type = 0x8000100, is_subscribe = 0
08-09 20:54:52.704 I/WaterColor_Renderer( 1180): fps 61.143986
08-09 20:54:52.714 D/DMCFaceEngine(  933): fd_find_run : Use A New Sensor ==========> 0 [110][110]
08-09 20:54:52.714 D/DMCFaceEngine(  933): caFace_RunFaceDetection_SmartStayRotation : Detected No Face
08-09 20:54:52.714 D/DMCFaceEngine(  933): caSmartDP_SmartStay : SINGLE EYE DETECTION LOOP START
08-09 20:54:52.714 D/DMCFaceEngine(  933): caSmartDP_SmartStay : single eye detection loop start _ dir 1
08-09 20:54:52.714 D/DMCFaceEngine(  933): caIF_RunEyeDetection_MCT_IRS : caIF_RunEyeDetection_MCT_IRS START
08-09 20:54:52.714 D/DMCFaceEngine(  933): caIF_RunEyeDetection_MCT_IRS : Width 240, Height 320
08-09 20:54:52.824 E/mm-camera(  301): stats_action_buf_config: cfg = 0, stats_mask = 0x7b8
08-09 20:54:52.824 E/mm-camera(  301): isp_pipeline_util_reset: module id = 0, action = 0xb6e36df9
08-09 20:54:52.824 E/mm-camera(  301): isp_pipeline_util_reset: module id = 1, action = 0xb6e273c9
08-09 20:54:52.824 E/mm-camera(  301): isp_pipeline_util_reset: module id = 2, action = 0xb6e3bbb9
08-09 20:54:52.824 E/mm-camera(  301): isp_pipeline_util_reset: module id = 3, action = 0xb6e424e5
08-09 20:54:52.824 E/mm-camera(  301): isp_pipeline_util_reset: module id = 4, action = 0xb6e2ea6d
08-09 20:54:52.824 E/mm-camera(  301): isp_pipeline_util_reset: module id = 5, action = 0xb6e215f1
08-09 20:54:52.824 E/mm-camera(  301): isp_pipeline_util_reset: module id = 7, action = 0xb6e39289
08-09 20:54:52.824 E/mm-camera(  301): isp_pipeline_util_reset: module id = 8, action = 0xb6e3db91
08-09 20:54:52.824 E/mm-camera(  301): isp_pipeline_util_reset: module id = 10, action = 0xb6e26099
08-09 20:54:52.824 E/mm-camera(  301): isp_pipeline_util_reset: module id = 11, action = 0xb6e3fde1
08-09 20:54:52.824 E/mm-camera(  301): isp_pipeline_util_reset: module id = 12, action = 0xb6e405a1
08-09 20:54:52.824 E/mm-camera(  301): isp_pipeline_util_reset: module id = 13, action = 0xb6e2bf1d
08-09 20:54:52.824 E/mm-camera(  301): isp_pipeline_util_reset: module id = 14, action = 0xb6e25071
08-09 20:54:52.824 E/mm-camera(  301): isp_pipeline_util_reset: module id = 15, action = 0xb6e209b9
08-09 20:54:52.824 E/mm-camera(  301): isp_pipeline_util_reset: module id = 16, action = 0xb6e23841
08-09 20:54:52.824 E/mm-camera(  301): isp_pipeline_util_reset: module id = 17, action = 0xb6e3aa5d
08-09 20:54:52.824 E/mm-camera(  301): isp_pipeline_util_reset: module id = 18, action = 0xb6e2ce0d
08-09 20:54:52.824 E/mm-camera(  301): isp_pipeline_util_reset: module id = 19, action = 0xb6e384b1
08-09 20:54:52.824 E/mm-camera(  301): isp_pipeline_util_reset: module id = 20, action = 0xb6e26839
08-09 20:54:52.824 E/mm-camera(  301): isp_pipeline_util_reset: module id = 22, action = 0xb6e32ed1
08-09 20:54:52.824 E/mm-camera(  301): isp_pipeline_util_reset: module id = 23, action = 0xb6e43801
08-09 20:54:52.824 E/mm-camera(  301): isp_proc_async_command: X ISP_ASYNC_COMMAND_STREAMOFF = 3
08-09 20:54:52.824 E/mm-camera(  301): isp_proc_async_command: X, session_id = 3, async_cmd_id = 2
08-09 20:54:52.824 E/mm-camera(  301): isp_streamoff: X, session_id = 3
08-09 20:54:52.824 E/mm-camera(  301): port_isp_mct_ctrl_cmd: X, identity = 0x30002, isp_streamoff
08-09 20:54:52.824 E/mm-camera(  301): ispif_proc_streamoff: Enter
08-09 20:54:52.824 E/mm-camera(  301): ispif_proc_streamoff: Make ISPIF_CFG IOCTL!
08-09 20:54:52.834 I/WaterColor_Renderer( 1180): dirty mode
08-09 20:54:52.834 I/WaterColor_Renderer( 1180): fps 59.82906
08-09 20:54:52.884 D/DMCFaceEngine(  933): caIF_RunEyeDetection_MCT_IRS : caIF_RunEyeDetection_MCT_IRS END
08-09 20:54:52.884 D/DMCFaceEngine(  933): caSmartDP_SmartStay : caFace_Aux_FindEyes_IRS time 144456
08-09 20:54:52.884 D/DMCFaceEngine(  933): caSmartDP_SmartStay : Single Eye Detection Fail dir 1
08-09 20:54:52.884 D/DMCFaceEngine(  933): caSmartDP_SmartStay : loop End ED dir 1 with nResult -1
08-09 20:54:52.884 D/DMCFaceEngine(  933): caSmartDP_SmartStay : SINGLE EYE DETECTION LOOP END with nResult -1
08-09 20:54:52.884 D/DMCFaceEngine(  933): caSmartDP_SmartStay : DETECT HUMAN FAIL
08-09 20:54:52.884 D/DMCFaceEngine(  933): caSmartDP_SmartStay : face : X[0] Y[0] W[0] H[0]
08-09 20:54:52.884 D/DMCFaceEngine(  933): caSmartDP_SmartStay : eye  : LX[0] LY[0] RX[0] RY[0]
08-09 20:54:52.884 E/SmartScreen_JNI(  933): processImage end : function time [ 252515 ] [-1] 
08-09 20:54:52.884 E/mm-camera(  301): ispif_proc_streamoff: ISPIF_CFG IOCTL returns!
08-09 20:54:52.884 E/Stay/Rotation Worker(  933): processSmartStay[236ms], ret: -1 needToStay: 0 mFrameCount: 2 mFixed: false
08-09 20:54:52.894 E/mm-camera(  301): ispif_proc_streamoff: X, rc = 0
08-09 20:54:52.894 E/mm-camera(  301): ispif_streamoff: session_id = 3, active_streams = 0
08-09 20:54:52.894 E/mm-camera(  301): release_isp_resource <------
08-09 20:54:52.894 E/mm-camera(  301): release isp0 rdi
08-09 20:54:52.894 E/mm-camera(  301): release_isp_resource: isp_id = 0, camif_session_bit = 0x0
08-09 20:54:52.894 E/mm-camera-sensor(  301): module_sensor_is_ready_for_stream_off:1193 any bundle started 0
08-09 20:54:52.894 E/mm-camera-sensor(  301): module_sensor_stream_off:3113 ide 30002 MCT_EVENT_CONTROL_STREAMOFF
08-09 20:54:52.894 E/mm-camera(  301): stop_sof_check_thread: Stopping/Joining SOF timeout thread
08-09 20:54:52.894 E/mm-camera-sensor(  301): sensor_util_change_state:1116 STATEDBG Enter
08-09 20:54:52.894 E/mm-camera-sensor(  301): sensor_util_change_state:1123 STATEDBG Enter cur state 4 new state 0
08-09 20:54:52.894 E/mm-camera-sensor(  301): sensor_util_change_state:1162 STATEDBG Exit cur state 0 new state 0
08-09 20:54:52.894 E/mm-camera-sensor(  301): sensor_util_change_state:1166 STATEDBG Exit
08-09 20:54:52.894 E/mm-camera-sensor(  301): module_sensor_module_process_event:3557 X STATEDBG MCT_EVENT_CONTROL_STREAMOFF
08-09 20:54:52.894 E/mm-camera(  301): main: return true, return type 0
08-09 20:54:52.894 E/mm-camera-intf(  289): mm_stream_streamoff: E, my_handle = 0x1500, fd = 51, state = 6
08-09 20:54:52.894 E/mm-camera(  301): server_process_hal_event:__DBG__ E event id=3
08-09 20:54:52.894 E/mm-camera(  301): server_process_hal_event:__DBG__ X sucess event id=3
08-09 20:54:52.894 E/mm-camera(  301): mct_pipeline_process_set:command=8000009
08-09 20:54:52.894 E/mm-camera(  301): mct_pipeline_process_set: stream_type = 6
08-09 20:54:52.894 E/mm-camera(  301): main: return true, return type 0
08-09 20:54:52.894 E/mm-camera(  301): main: return true, return type 1
08-09 20:54:52.894 E/mm-camera(  301): main: return true, return type 1
08-09 20:54:52.894 E/mm-camera(  301): main: return true, return type 1
08-09 20:54:52.894 E/mm-camera(  301): main: return true, return type 1
08-09 20:54:52.894 E/mm-camera(  301): main: return true, return type 1
08-09 20:54:52.894 E/mm-camera(  301): main: return true, return type 1
08-09 20:54:52.894 E/mm-camera(  301): main: return true, return type 1
08-09 20:54:52.894 E/mm-camera(  301): main: return true, return type 1
08-09 20:54:52.894 E/mm-camera(  301): main: return true, return type 1
08-09 20:54:52.894 E/mm-camera(  301): main: return true, return type 1
08-09 20:54:52.894 E/mm-camera(  301): main: return true, return type 1
08-09 20:54:52.894 E/mm-camera(  301): main: return true, return type 1
08-09 20:54:52.894 E/mm-camera(  301): main: return true, return type 1
08-09 20:54:52.894 E/mm-camera(  301): main: return true, return type 1
08-09 20:54:52.894 E/mm-camera(  301): main: return true, return type 1
08-09 20:54:52.894 E/mm-camera(  301): main: return true, return type 1
08-09 20:54:52.894 E/mm-camera(  301): main: return true, return type 1
08-09 20:54:52.894 E/mm-camera(  301): main: return true, return type 1
08-09 20:54:52.894 E/mm-camera(  301): main: return true, return type 1
08-09 20:54:52.894 E/mm-camera(  301): main: return true, return type 1
08-09 20:54:52.904 E/mm-camera(  301): main: return true, return type 1
08-09 20:54:52.904 E/mm-camera(  301): main: return true, return type 1
08-09 20:54:52.904 E/mm-camera(  301): main: return true, return type 1
08-09 20:54:52.904 E/mm-camera(  301): main: return true, return type 1
08-09 20:54:52.904 E/mm-camera(  301): main: return true, return type 1
08-09 20:54:52.904 E/mm-camera(  301): main: return true, return type 1
08-09 20:54:52.904 E/mm-camera(  301): main: return true, return type 1
08-09 20:54:52.904 E/mm-camera(  301): main: return true, return type 1
08-09 20:54:52.904 E/mm-camera(  301): main: return true, return type 1
08-09 20:54:52.904 E/mm-camera(  301): main: return true, return type 1
08-09 20:54:52.904 E/mm-camera(  301): main: return true, return type 1
08-09 20:54:52.904 E/mm-camera(  301): main: return true, return type 1
08-09 20:54:52.904 E/mm-camera(  301): main: return true, return type 1
08-09 20:54:52.904 E/mm-camera(  301): main: return true, return type 1
08-09 20:54:52.904 E/mm-camera(  301): main: return true, return type 1
08-09 20:54:52.904 E/mm-camera(  301): main: return true, return type 1
08-09 20:54:52.904 E/mm-camera(  301): main: return true, return type 1
08-09 20:54:52.904 E/mm-camera(  301): main: return true, return type 1
08-09 20:54:52.904 E/mm-camera(  301): main: return true, return type 1
08-09 20:54:52.904 E/mm-camera(  301): main: return true, return type 1
08-09 20:54:52.904 E/mm-camera(  301): main: return true, return type 1
08-09 20:54:52.904 E/mm-camera(  301): main: return true, return type 1
08-09 20:54:52.904 E/mm-camera(  301): main: return true, return type 1
08-09 20:54:52.904 E/mm-camera(  301): main: return true, return type 1
08-09 20:54:52.904 E/mm-camera(  301): main: return true, return type 1
08-09 20:54:52.904 E/mm-camera(  301): main: return true, return type 1
08-09 20:54:52.904 E/mm-camera(  301): main: return true, return type 1
08-09 20:54:52.904 E/mm-camera(  301): main: return true, return type 1
08-09 20:54:52.904 E/mm-camera(  301): main: return true, return type 1
08-09 20:54:52.904 E/mm-camera(  301): main: return true, return type 1
08-09 20:54:52.914 E/mm-camera(  301): main: return true, return type 1
08-09 20:54:52.914 E/mm-camera(  301): main: return true, return type 1
08-09 20:54:52.914 W/QCamera2HWI(  289): unpreparePreview: E mCameraId=1
08-09 20:54:52.914 E/mm-camera(  301): main: return true, return type 1
08-09 20:54:52.914 E/mm-camera(  301): main: return true, return type 1
08-09 20:54:52.914 E/mm-camera(  301): server_process_hal_event:__DBG__ E event id=3
08-09 20:54:52.914 E/mm-camera(  301): server_process_hal_event:__DBG__ X sucess event id=3
08-09 20:54:52.914 E/mm-camera(  301): mct_pipeline_process_set:command=800000b
08-09 20:54:52.914 E/mm-camera(  301): main: return true, return type 0
08-09 20:54:52.914 E/mm-camera(  301): main: return true, return type 1
08-09 20:54:52.914 E/mm-camera(  301): main: return true, return type 1
08-09 20:54:52.914 E/mm-camera(  301): server_process_hal_event:__DBG__ E event id=3
08-09 20:54:52.924 E/mm-camera(  301): server_process_hal_event:__DBG__ X sucess event id=3
08-09 20:54:52.924 E/mm-camera(  301): mct_pipeline_process_set:command=800000b
08-09 20:54:52.924 E/mm-camera-sensor(  301): port_sensor_unlink_func:662 ide 30002
08-09 20:54:52.924 E/mm-camera-sensor(  301): port_sensor_caps_unreserve:220 ide 30002
08-09 20:54:52.924 E/mm-camera(  301): port_isp_unlink_func: E, identity = 0x30002, port = 0xb4cb0460, direction = 2
08-09 20:54:52.924 E/mm-camera(  301): port_isp_unlink_func: X, ret = 0, identity = 0x30002, port = 0xb4cb0460, direction = 2
08-09 20:54:52.924 E/mm-camera(  301): port_isp_unlink_func: E, identity = 0x30002, port = 0xb4cb08e0, direction = 1
08-09 20:54:52.924 E/mm-camera(  301): port_isp_unlink_func: X, ret = 0, identity = 0x30002, port = 0xb4cb08e0, direction = 1
08-09 20:54:52.924 E/mm-camera(  301): cpp_port_check_caps_unreserve:170, identity=0x30002
08-09 20:54:52.924 E/mm-camera(  301): cpp_port_check_caps_unreserve:179, identity=0x30002, unreserved
08-09 20:54:52.924 E/mm-camera(  301): module_faceproc_port_unlink:758] E
08-09 20:54:52.924 E/mm-camera(  301): module_faceproc_port_unlink:785] X
08-09 20:54:52.924 E/mm-camera(  301): cpp_port_check_caps_unreserve:170, identity=0x30002
08-09 20:54:52.924 E/mm-camera(  301): cpp_port_check_caps_unreserve:179, identity=0x30002, unreserved
08-09 20:54:52.924 E/mm-camera(  301): module_faceproc_port_check_caps_unreserve:914] E
08-09 20:54:52.924 E/mm-camera(  301): module_faceproc_client_destroy:1159] state 1
08-09 20:54:52.924 E/mm-camera-img(  301): faceproc_comp_deinit:79] 
08-09 20:54:52.924 E/mm-camera-img(  301): faceproc_comp_abort:549] state 1
08-09 20:54:52.924 E/mm-camera-img(  301): faceproc_comp_eng_destroy:1856] faceproc engine clean
08-09 20:54:52.924 E/mm-camera-img(  301): faceproc_comp_eng_reset:1880]
08-09 20:54:52.924 E/mm-camera(  301): module_faceproc_client_destroy:1184] X
08-09 20:54:52.924 E/mm-camera(  301): module_faceproc_port_check_caps_unreserve:963] X
08-09 20:54:52.924 E/mm-camera(  301): mct_stream_check_name:mod=sensor, name=isp
08-09 20:54:52.924 E/mm-camera(  301): mct_stream_check_name:mod=iface, name=isp
08-09 20:54:52.924 E/mm-camera(  301): mct_stream_check_name:mod=isp, name=isp
08-09 20:54:52.924 E/mm-camera(  301): mct_stream_get_module: module: 0xb4c1be10
08-09 20:54:52.924 E/mm-camera(  301): port_isp_unlink_func: E, identity = 0x30002, port = 0xb4cb0760, direction = 1
08-09 20:54:52.924 E/mm-camera(  301): port_isp_unlink_func: X, ret = 0, identity = 0x30002, port = 0xb4cb0760, direction = 1
08-09 20:54:52.924 E/mm-camera(  301): af_thread_handler: af thread returned
08-09 20:54:52.924 E/mm-camera(  301): q3a_port_unlink X refcnt 0
08-09 20:54:52.924 E/mm-camera(  301): afd_thread_en_q_msg thread -1284125440 is set to inactive
08-09 20:54:52.924 E/mm-camera(  301): asd_port_ext_unlink E
08-09 20:54:52.924 E/mm-camera(  301): asd_port_ext_unlink: asd_data=0xb2568000
08-09 20:54:52.924 E/mm-camera(  301): asd_thread_stop E
08-09 20:54:52.924 E/mm-camera(  301): asd_thread_en_q_msg:78 Message Stop Thread
08-09 20:54:52.924 E/mm-camera(  301): asd_thread_handler: asd thread returned
08-09 20:54:52.924 E/mm-camera(  301): asd_thread_stop joined
