08-09 23:41:02.284 D/StatusBar.NetworkController( 1180): refreshViews connected={ wifi } level=4 combinedSignalIconId=0x7f020553/com.android.systemui:drawable/stat_sys_wifi_signal_3 mobileLabel= wifiLabel="CU_d24p"xxxxXXXXxxxxXXXX emergencyOnly=true combinedLabel="CU_d24p"xxxxXXXXxxxxXXXX mAirplaneMode=false mDataActivity=0 mPhoneSignalIconId=0x7f0204e9/com.android.systemui:drawable/stat_sys_signal_4 mQSPhoneSignalIconId=0x7f020148/com.android.systemui:drawable/ic_qs_signal_4 mDataDirectionIconId=0x0/(null) mDataSignalIconId=0x7f0204e9/com.android.systemui:drawable/stat_sys_signal_4 mDataTypeIconId=0x0/(null) mQSDataTypeIconId=0x0/(null) mNoSimIconId=0x0/(null) mWifiIconId=0x7f020553/com.android.systemui:drawable/stat_sys_wifi_signal_3 mQSWifiIconId=0x7f02015d/com.android.systemui:drawable/ic_qs_wifi_3 mWifiActivityIconId=0x7f020525/com.android.systemui:drawable/stat_sys_signal_in mBluetoothTetherIconId=0x10808f1/android:drawable/stat_sys_tether_bluetooth
08-09 23:41:02.284 D/STATUSBAR-WifiQuickSettingButton( 1180): onWifiSignalChanged enabled=true enabledDesc:"CU_d24p"
08-09 23:41:02.294 D/StatusBar.NetworkController( 1180): refreshSignalCluster - setNWBoosterIndicators(false)
08-09 23:41:02.294 D/StatusBar.NetworkController( 1180): applyCHN
08-09 23:41:02.304 D/StatusBar.NetworkController( 1180): refreshSignalCluster - setNWBoosterIndicators(false)
08-09 23:41:02.304 D/StatusBar.NetworkController( 1180): applyCHN
08-09 23:41:02.314 D/StatusBar.NetworkController( 1180): refreshSignalCluster - setNWBoosterIndicators(false)
08-09 23:41:02.314 D/StatusBar.NetworkController( 1180): applyCHN
08-09 23:41:02.314 D/StatusBar.NetworkController( 1180): refreshSignalCluster - setNWBoosterIndicators(false)
08-09 23:41:02.314 D/StatusBar.NetworkController( 1180): applyCHN
08-09 23:41:03.024 D/ConnectivityService(  933): returning getActiveNetworkInfo :[type: WIFI[] - WIFI, state: CONNECTED/CONNECTED, reason: (unspecified), extra: "CU_d24p", roaming: false, failover: false, isAvailable: true, isConnectedToProvisioningNetwork: false]
08-09 23:41:03.024 D/ConnectivityService(  933): returning getActiveNetworkInfo :[type: WIFI[] - WIFI, state: CONNECTED/CONNECTED, reason: (unspecified), extra: "CU_d24p", roaming: false, failover: false, isAvailable: true, isConnectedToProvisioningNetwork: false]
08-09 23:41:04.324 D/StatusBar.NetworkController( 1180): refreshViews connected={ wifi } level=4 combinedSignalIconId=0x7f020553/com.android.systemui:drawable/stat_sys_wifi_signal_3 mobileLabel= wifiLabel="CU_d24p"xxxxXXXXxxxxXXXX emergencyOnly=true combinedLabel="CU_d24p"xxxxXXXXxxxxXXXX mAirplaneMode=false mDataActivity=0 mPhoneSignalIconId=0x7f0204e9/com.android.systemui:drawable/stat_sys_signal_4 mQSPhoneSignalIconId=0x7f020148/com.android.systemui:drawable/ic_qs_signal_4 mDataDirectionIconId=0x0/(null) mDataSignalIconId=0x7f0204e9/com.android.systemui:drawable/stat_sys_signal_4 mDataTypeIconId=0x0/(null) mQSDataTypeIconId=0x0/(null) mNoSimIconId=0x0/(null) mWifiIconId=0x7f020553/com.android.systemui:drawable/stat_sys_wifi_signal_3 mQSWifiIconId=0x7f02015d/com.android.systemui:drawable/ic_qs_wifi_3 mWifiActivityIconId=0x7f020529/com.android.systemui:drawable/stat_sys_signal_no_inout mBluetoothTetherIconId=0x10808f1/android:drawable/stat_sys_tether_bluetooth
08-09 23:41:04.324 D/STATUSBAR-WifiQuickSettingButton( 1180): onWifiSignalChanged enabled=true enabledDesc:"CU_d24p"
08-09 23:41:04.324 D/StatusBar.NetworkController( 1180): refreshSignalCluster - setNWBoosterIndicators(false)
08-09 23:41:04.324 D/StatusBar.NetworkController( 1180): applyCHN
08-09 23:41:04.344 D/StatusBar.NetworkController( 1180): refreshSignalCluster - setNWBoosterIndicators(false)
08-09 23:41:04.344 D/StatusBar.NetworkController( 1180): applyCHN
08-09 23:41:04.344 D/StatusBar.NetworkController( 1180): refreshSignalCluster - setNWBoosterIndicators(false)
08-09 23:41:04.344 D/StatusBar.NetworkController( 1180): applyCHN
08-09 23:41:04.344 D/StatusBar.NetworkController( 1180): refreshSignalCluster - setNWBoosterIndicators(false)
08-09 23:41:04.354 D/StatusBar.NetworkController( 1180): applyCHN
08-09 23:41:04.534 D/ConnectivityService(  933): returning getActiveNetworkInfo :[type: WIFI[] - WIFI, state: CONNECTED/CONNECTED, reason: (unspecified), extra: "CU_d24p", roaming: false, failover: false, isAvailable: true, isConnectedToProvisioningNetwork: false]
08-09 23:41:04.534 D/ConnectivityService(  933): returning getNetworkInfo(networkType - 1) :[type: WIFI[] - WIFI, state: CONNECTED/CONNECTED, reason: (unspecified), extra: "CU_d24p", roaming: false, failover: false, isAvailable: true, isConnectedToProvisioningNetwork: false]
08-09 23:41:05.274 E/SMD     (  283): DCD ON
08-09 23:41:05.354 D/StatusBar.NetworkController( 1180): refreshViews connected={ wifi } level=4 combinedSignalIconId=0x7f020553/com.android.systemui:drawable/stat_sys_wifi_signal_3 mobileLabel= wifiLabel="CU_d24p"xxxxXXXXxxxxXXXX emergencyOnly=true combinedLabel="CU_d24p"xxxxXXXXxxxxXXXX mAirplaneMode=false mDataActivity=0 mPhoneSignalIconId=0x7f0204e9/com.android.systemui:drawable/stat_sys_signal_4 mQSPhoneSignalIconId=0x7f020148/com.android.systemui:drawable/ic_qs_signal_4 mDataDirectionIconId=0x0/(null) mDataSignalIconId=0x7f0204e9/com.android.systemui:drawable/stat_sys_signal_4 mDataTypeIconId=0x0/(null) mQSDataTypeIconId=0x0/(null) mNoSimIconId=0x0/(null) mWifiIconId=0x7f020553/com.android.systemui:drawable/stat_sys_wifi_signal_3 mQSWifiIconId=0x7f02015d/com.android.systemui:drawable/ic_qs_wifi_3 mWifiActivityIconId=0x7f020525/com.android.systemui:drawable/stat_sys_signal_in mBluetoothTetherIconId=0x10808f1/android:drawable/stat_sys_tether_bluetooth
08-09 23:41:05.354 D/STATUSBAR-WifiQuickSettingButton( 1180): onWifiSignalChanged enabled=true enabledDesc:"CU_d24p"
08-09 23:41:05.354 D/StatusBar.NetworkController( 1180): refreshSignalCluster - setNWBoosterIndicators(false)
08-09 23:41:05.354 D/StatusBar.NetworkController( 1180): applyCHN
08-09 23:41:05.364 D/StatusBar.NetworkController( 1180): refreshSignalCluster - setNWBoosterIndicators(false)
08-09 23:41:05.374 D/StatusBar.NetworkController( 1180): applyCHN
08-09 23:41:05.374 D/StatusBar.NetworkController( 1180): refreshSignalCluster - setNWBoosterIndicators(false)
08-09 23:41:05.374 D/StatusBar.NetworkController( 1180): applyCHN
08-09 23:41:05.374 D/StatusBar.NetworkController( 1180): refreshSignalCluster - setNWBoosterIndicators(false)
08-09 23:41:05.374 D/StatusBar.NetworkController( 1180): applyCHN
08-09 23:41:06.374 D/StatusBar.NetworkController( 1180): refreshViews connected={ wifi } level=4 combinedSignalIconId=0x7f020553/com.android.systemui:drawable/stat_sys_wifi_signal_3 mobileLabel= wifiLabel="CU_d24p"xxxxXXXXxxxxXXXX emergencyOnly=true combinedLabel="CU_d24p"xxxxXXXXxxxxXXXX mAirplaneMode=false mDataActivity=0 mPhoneSignalIconId=0x7f0204e9/com.android.systemui:drawable/stat_sys_signal_4 mQSPhoneSignalIconId=0x7f020148/com.android.systemui:drawable/ic_qs_signal_4 mDataDirectionIconId=0x0/(null) mDataSignalIconId=0x7f0204e9/com.android.systemui:drawable/stat_sys_signal_4 mDataTypeIconId=0x0/(null) mQSDataTypeIconId=0x0/(null) mNoSimIconId=0x0/(null) mWifiIconId=0x7f020553/com.android.systemui:drawable/stat_sys_wifi_signal_3 mQSWifiIconId=0x7f02015d/com.android.systemui:drawable/ic_qs_wifi_3 mWifiActivityIconId=0x7f020529/com.android.systemui:drawable/stat_sys_signal_no_inout mBluetoothTetherIconId=0x10808f1/android:drawable/stat_sys_tether_bluetooth
08-09 23:41:06.374 D/STATUSBAR-WifiQuickSettingButton( 1180): onWifiSignalChanged enabled=true enabledDesc:"CU_d24p"
08-09 23:41:06.384 D/StatusBar.NetworkController( 1180): refreshSignalCluster - setNWBoosterIndicators(false)
08-09 23:41:06.384 D/StatusBar.NetworkController( 1180): applyCHN
08-09 23:41:06.394 D/StatusBar.NetworkController( 1180): refreshSignalCluster - setNWBoosterIndicators(false)
08-09 23:41:06.394 D/StatusBar.NetworkController( 1180): applyCHN
08-09 23:41:06.404 D/StatusBar.NetworkController( 1180): refreshSignalCluster - setNWBoosterIndicators(false)
08-09 23:41:06.404 D/StatusBar.NetworkController( 1180): applyCHN
08-09 23:41:06.404 D/StatusBar.NetworkController( 1180): refreshSignalCluster - setNWBoosterIndicators(false)
08-09 23:41:06.404 D/StatusBar.NetworkController( 1180): applyCHN
08-09 23:41:06.564 D/WifiService(  933): startScan by pid=1373, uid=10015
08-09 23:41:06.574 E/WifiStateMachine(  933): WifiStateMachine CMD_START_SCAN source 10015 txSuccessRate=0.00 rxSuccessRate=2.00 targetRoamBSSID=88:3f:d3:3f:82:d0 RSSI=-66
08-09 23:41:06.574 I/wpa_supplicant( 1157): wlan0: Setting scan request: 0 sec 0 usec
08-09 23:41:06.574 I/wpa_supplicant( 1157): P2P: Current p2p state = IDLE
08-09 23:41:06.594 I/wpa_supplicant( 1157): Scan requested (ret=0) - scan timeout 30 seconds
08-09 23:41:08.274 E/SMD     (  283): DCD ON
08-09 23:41:08.634 I/NLP     ( 1373): Location result:[location successful by Baidu], reason:[network location] locType=161
08-09 23:41:08.644 D/ConnectivityService(  933): returning getNetworkInfo(networkType - 1) :[type: WIFI[] - WIFI, state: CONNECTED/CONNECTED, reason: (unspecified), extra: "CU_d24p", roaming: false, failover: false, isAvailable: true, isConnectedToProvisioningNetwork: false]
08-09 23:41:08.654 W/NetworkLocation( 1373): BaiduNetworkLocationProvider1:BaiduNetworkLocationProvider1 : forceLocation: network provider not Enabled!
08-09 23:41:08.964 I/wpa_supplicant( 1157): nl80211: Received scan results (2 BSSes)
08-09 23:41:09.004 D/ActivityManager(  933): isDeviceAdminActiveApp false :com.android.systemui
08-09 23:41:09.004 D/ActivityManager(  933): isAutoRunBlockedApp:: com.android.systemui, Auto Run ON
08-09 23:41:09.414 D/StatusBar.NetworkController( 1180): refreshViews connected={ wifi } level=4 combinedSignalIconId=0x7f020553/com.android.systemui:drawable/stat_sys_wifi_signal_3 mobileLabel= wifiLabel="CU_d24p"xxxxXXXXxxxxXXXX emergencyOnly=true combinedLabel="CU_d24p"xxxxXXXXxxxxXXXX mAirplaneMode=false mDataActivity=0 mPhoneSignalIconId=0x7f0204e9/com.android.systemui:drawable/stat_sys_signal_4 mQSPhoneSignalIconId=0x7f020148/com.android.systemui:drawable/ic_qs_signal_4 mDataDirectionIconId=0x0/(null) mDataSignalIconId=0x7f0204e9/com.android.systemui:drawable/stat_sys_signal_4 mDataTypeIconId=0x0/(null) mQSDataTypeIconId=0x0/(null) mNoSimIconId=0x0/(null) mWifiIconId=0x7f020553/com.android.systemui:drawable/stat_sys_wifi_signal_3 mQSWifiIconId=0x7f02015d/com.android.systemui:drawable/ic_qs_wifi_3 mWifiActivityIconId=0x7f020525/com.android.systemui:drawable/stat_sys_signal_in mBluetoothTetherIconId=0x10808f1/android:drawable/stat_sys_tether_bluetooth
08-09 23:41:09.414 D/STATUSBAR-WifiQuickSettingButton( 1180): onWifiSignalChanged enabled=true enabledDesc:"CU_d24p"
08-09 23:41:09.424 D/StatusBar.NetworkController( 1180): refreshSignalCluster - setNWBoosterIndicators(false)
08-09 23:41:09.424 D/StatusBar.NetworkController( 1180): applyCHN
08-09 23:41:09.434 D/StatusBar.NetworkController( 1180): refreshSignalCluster - setNWBoosterIndicators(false)
08-09 23:41:09.434 D/StatusBar.NetworkController( 1180): applyCHN
08-09 23:41:09.444 D/StatusBar.NetworkController( 1180): refreshSignalCluster - setNWBoosterIndicators(false)
08-09 23:41:09.444 D/StatusBar.NetworkController( 1180): applyCHN
08-09 23:41:09.444 D/StatusBar.NetworkController( 1180): refreshSignalCluster - setNWBoosterIndicators(false)
08-09 23:41:09.444 D/StatusBar.NetworkController( 1180): applyCHN
08-09 23:41:09.504 V/AlarmManager(  933): waitForAlarm result :4
08-09 23:41:09.504 D/ActivityManager(  933): isDeviceAdminActiveApp false :com.tencent.news
08-09 23:41:09.504 E/ActivityManager(  933): isAutoRunBlockedApp:: com.tencent.news, Auto Run OFF
08-09 23:41:09.534 I/KeepAlive(15556): onCheckState
08-09 23:41:09.534 D/ConnectivityService(  933): returning getActiveNetworkInfo :[type: WIFI[] - WIFI, state: CONNECTED/CONNECTED, reason: (unspecified), extra: "CU_d24p", roaming: false, failover: false, isAvailable: true, isConnectedToProvisioningNetwork: false]
08-09 23:41:09.534 D/ConnectivityService(  933): returning getActiveNetworkInfo :[type: WIFI[] - WIFI, state: CONNECTED/CONNECTED, reason: (unspecified), extra: "CU_d24p", roaming: false, failover: false, isAvailable: true, isConnectedToProvisioningNetwork: false]
08-09 23:41:09.554 D/BatteryService(  933): !@BatteryListener : batteryPropertiesChanged!
08-09 23:41:09.584 I/KeepAlive(15556): Check Push Process Importance [300], isFocus [false].
08-09 23:41:09.584 I/KeepAlive(15556): onCloseOffScreenActivity
08-09 23:41:10.444 D/StatusBar.NetworkController( 1180): refreshViews connected={ wifi } level=4 combinedSignalIconId=0x7f020553/com.android.systemui:drawable/stat_sys_wifi_signal_3 mobileLabel= wifiLabel="CU_d24p"xxxxXXXXxxxxXXXX emergencyOnly=true combinedLabel="CU_d24p"xxxxXXXXxxxxXXXX mAirplaneMode=false mDataActivity=0 mPhoneSignalIconId=0x7f0204e9/com.android.systemui:drawable/stat_sys_signal_4 mQSPhoneSignalIconId=0x7f020148/com.android.systemui:drawable/ic_qs_signal_4 mDataDirectionIconId=0x0/(null) mDataSignalIconId=0x7f0204e9/com.android.systemui:drawable/stat_sys_signal_4 mDataTypeIconId=0x0/(null) mQSDataTypeIconId=0x0/(null) mNoSimIconId=0x0/(null) mWifiIconId=0x7f020553/com.android.systemui:drawable/stat_sys_wifi_signal_3 mQSWifiIconId=0x7f02015d/com.android.systemui:drawable/ic_qs_wifi_3 mWifiActivityIconId=0x7f020527/com.android.systemui:drawable/stat_sys_signal_inout mBluetoothTetherIconId=0x10808f1/android:drawable/stat_sys_tether_bluetooth
08-09 23:41:10.444 D/STATUSBAR-WifiQuickSettingButton( 1180): onWifiSignalChanged enabled=true enabledDesc:"CU_d24p"
08-09 23:41:10.454 D/StatusBar.NetworkController( 1180): refreshSignalCluster - setNWBoosterIndicators(false)
08-09 23:41:10.454 D/StatusBar.NetworkController( 1180): applyCHN
08-09 23:41:10.464 D/StatusBar.NetworkController( 1180): refreshSignalCluster - setNWBoosterIndicators(false)
08-09 23:41:10.464 D/StatusBar.NetworkController( 1180): applyCHN
08-09 23:41:10.474 D/StatusBar.NetworkController( 1180): refreshSignalCluster - setNWBoosterIndicators(false)
08-09 23:41:10.474 D/StatusBar.NetworkController( 1180): applyCHN
08-09 23:41:10.474 D/StatusBar.NetworkController( 1180): refreshSignalCluster - setNWBoosterIndicators(false)
08-09 23:41:10.474 D/StatusBar.NetworkController( 1180): applyCHN
08-09 23:41:10.864 D/SSRM:n  (  933): SIOP:: AP = 340, PST = 340, CUR = 450
08-09 23:41:11.274 E/SMD     (  283): DCD ON
08-09 23:41:11.474 D/StatusBar.NetworkController( 1180): refreshViews connected={ wifi } level=4 combinedSignalIconId=0x7f020553/com.android.systemui:drawable/stat_sys_wifi_signal_3 mobileLabel= wifiLabel="CU_d24p"xxxxXXXXxxxxXXXX emergencyOnly=true combinedLabel="CU_d24p"xxxxXXXXxxxxXXXX mAirplaneMode=false mDataActivity=0 mPhoneSignalIconId=0x7f0204e9/com.android.systemui:drawable/stat_sys_signal_4 mQSPhoneSignalIconId=0x7f020148/com.android.systemui:drawable/ic_qs_signal_4 mDataDirectionIconId=0x0/(null) mDataSignalIconId=0x7f0204e9/com.android.systemui:drawable/stat_sys_signal_4 mDataTypeIconId=0x0/(null) mQSDataTypeIconId=0x0/(null) mNoSimIconId=0x0/(null) mWifiIconId=0x7f020553/com.android.systemui:drawable/stat_sys_wifi_signal_3 mQSWifiIconId=0x7f02015d/com.android.systemui:drawable/ic_qs_wifi_3 mWifiActivityIconId=0x7f020529/com.android.systemui:drawable/stat_sys_signal_no_inout mBluetoothTetherIconId=0x10808f1/android:drawable/stat_sys_tether_bluetooth
08-09 23:41:11.474 D/STATUSBAR-WifiQuickSettingButton( 1180): onWifiSignalChanged enabled=true enabledDesc:"CU_d24p"
08-09 23:41:11.474 D/StatusBar.NetworkController( 1180): refreshSignalCluster - setNWBoosterIndicators(false)
08-09 23:41:11.484 D/StatusBar.NetworkController( 1180): applyCHN
08-09 23:41:11.494 D/StatusBar.NetworkController( 1180): refreshSignalCluster - setNWBoosterIndicators(false)
08-09 23:41:11.494 D/StatusBar.NetworkController( 1180): applyCHN
08-09 23:41:11.494 D/StatusBar.NetworkController( 1180): refreshSignalCluster - setNWBoosterIndicators(false)
08-09 23:41:11.494 D/StatusBar.NetworkController( 1180): applyCHN
08-09 23:41:11.504 D/StatusBar.NetworkController( 1180): refreshSignalCluster - setNWBoosterIndicators(false)
08-09 23:41:11.504 D/StatusBar.NetworkController( 1180): applyCHN
08-09 23:41:14.274 E/SMD     (  283): DCD ON
08-09 23:41:16.614 D/WifiService(  933): startScan by pid=1373, uid=10015
08-09 23:41:16.614 E/WifiStateMachine(  933): WifiStateMachine CMD_START_SCAN source 10015 txSuccessRate=0.50 rxSuccessRate=0.75 targetRoamBSSID=88:3f:d3:3f:82:d0 RSSI=-67
08-09 23:41:16.614 I/wpa_supplicant( 1157): wlan0: Setting scan request: 0 sec 0 usec
08-09 23:41:16.614 I/wpa_supplicant( 1157): P2P: Current p2p state = IDLE
08-09 23:41:16.624 I/wpa_supplicant( 1157): Scan requested (ret=0) - scan timeout 30 seconds
08-09 23:41:17.264 E/SMD     (  283): DCD ON
08-09 23:41:18.094 D/ConnectivityService(  933): returning getActiveNetworkInfo :[type: WIFI[] - WIFI, state: CONNECTED/CONNECTED, reason: (unspecified), extra: "CU_d24p", roaming: false, failover: false, isAvailable: true, isConnectedToProvisioningNetwork: false]
08-09 23:41:18.094 D/ConnectivityService(  933): returning getActiveNetworkInfo :[type: WIFI[] - WIFI, state: CONNECTED/CONNECTED, reason: (unspecified), extra: "CU_d24p", roaming: false, failover: false, isAvailable: true, isConnectedToProvisioningNetwork: false]
08-09 23:41:18.094 D/ConnectivityService(  933): returning getActiveNetworkInfo :[type: WIFI[] - WIFI, state: CONNECTED/CONNECTED, reason: (unspecified), extra: "CU_d24p", roaming: false, failover: false, isAvailable: true, isConnectedToProvisioningNetwork: false]
08-09 23:41:18.114 D/ConnectivityService(  933): returning getActiveNetworkInfo :[type: WIFI[] - WIFI, state: CONNECTED/CONNECTED, reason: (unspecified), extra: "CU_d24p", roaming: false, failover: false, isAvailable: true, isConnectedToProvisioningNetwork: false]
08-09 23:41:18.114 D/ConnectivityService(  933): returning getActiveNetworkInfo :[type: WIFI[] - WIFI, state: CONNECTED/CONNECTED, reason: (unspecified), extra: "CU_d24p", roaming: false, failover: false, isAvailable: true, isConnectedToProvisioningNetwork: false]
08-09 23:41:18.534 D/StatusBar.NetworkController( 1180): refreshViews connected={ wifi } level=4 combinedSignalIconId=0x7f020553/com.android.systemui:drawable/stat_sys_wifi_signal_3 mobileLabel= wifiLabel="CU_d24p"xxxxXXXXxxxxXXXX emergencyOnly=true combinedLabel="CU_d24p"xxxxXXXXxxxxXXXX mAirplaneMode=false mDataActivity=0 mPhoneSignalIconId=0x7f0204e9/com.android.systemui:drawable/stat_sys_signal_4 mQSPhoneSignalIconId=0x7f020148/com.android.systemui:drawable/ic_qs_signal_4 mDataDirectionIconId=0x0/(null) mDataSignalIconId=0x7f0204e9/com.android.systemui:drawable/stat_sys_signal_4 mDataTypeIconId=0x0/(null) mQSDataTypeIconId=0x0/(null) mNoSimIconId=0x0/(null) mWifiIconId=0x7f020553/com.android.systemui:drawable/stat_sys_wifi_signal_3 mQSWifiIconId=0x7f02015d/com.android.systemui:drawable/ic_qs_wifi_3 mWifiActivityIconId=0x7f020527/com.android.systemui:drawable/stat_sys_signal_inout mBluetoothTetherIconId=0x10808f1/android:drawable/stat_sys_tether_bluetooth
08-09 23:41:18.534 D/STATUSBAR-WifiQuickSettingButton( 1180): onWifiSignalChanged enabled=true enabledDesc:"CU_d24p"
08-09 23:41:18.544 D/StatusBar.NetworkController( 1180): refreshSignalCluster - setNWBoosterIndicators(false)
08-09 23:41:18.544 D/StatusBar.NetworkController( 1180): applyCHN
08-09 23:41:18.554 D/StatusBar.NetworkController( 1180): refreshSignalCluster - setNWBoosterIndicators(false)
08-09 23:41:18.554 D/StatusBar.NetworkController( 1180): applyCHN
08-09 23:41:18.554 D/StatusBar.NetworkController( 1180): refreshSignalCluster - setNWBoosterIndicators(false)
08-09 23:41:18.564 D/StatusBar.NetworkController( 1180): applyCHN
08-09 23:41:18.564 D/StatusBar.NetworkController( 1180): refreshSignalCluster - setNWBoosterIndicators(false)
08-09 23:41:18.564 D/StatusBar.NetworkController( 1180): applyCHN
08-09 23:41:18.644 I/NLP     ( 1373): Location result:[location successful by Baidu], reason:[network location] locType=161
08-09 23:41:18.644 D/ConnectivityService(  933): returning getNetworkInfo(networkType - 1) :[type: WIFI[] - WIFI, state: CONNECTED/CONNECTED, reason: (unspecified), extra: "CU_d24p", roaming: false, failover: false, isAvailable: true, isConnectedToProvisioningNetwork: false]
08-09 23:41:18.654 W/NetworkLocation( 1373): BaiduNetworkLocationProvider1:BaiduNetworkLocationProvider1 : forceLocation: network provider not Enabled!
08-09 23:41:18.964 I/PowerManagerService(  933): [PWL] On : 1423017 (9987887 ms ago)
08-09 23:41:18.964 I/PowerManagerService(  933): [PWL]  mStayOn: true  mWakeLockSummary & WAKE_LOCK_STAY_AWAKE: 0  mUserActivitySummary: 0x4
08-09 23:41:19.014 I/wpa_supplicant( 1157): nl80211: Received scan results (2 BSSes)
08-09 23:41:19.044 D/ActivityManager(  933): isDeviceAdminActiveApp false :com.android.systemui
08-09 23:41:19.044 D/ActivityManager(  933): isAutoRunBlockedApp:: com.android.systemui, Auto Run ON
08-09 23:41:19.554 D/StatusBar.NetworkController( 1180): refreshViews connected={ wifi } level=4 combinedSignalIconId=0x7f020553/com.android.systemui:drawable/stat_sys_wifi_signal_3 mobileLabel= wifiLabel="CU_d24p"xxxxXXXXxxxxXXXX emergencyOnly=true combinedLabel="CU_d24p"xxxxXXXXxxxxXXXX mAirplaneMode=false mDataActivity=0 mPhoneSignalIconId=0x7f0204e9/com.android.systemui:drawable/stat_sys_signal_4 mQSPhoneSignalIconId=0x7f020148/com.android.systemui:drawable/ic_qs_signal_4 mDataDirectionIconId=0x0/(null) mDataSignalIconId=0x7f0204e9/com.android.systemui:drawable/stat_sys_signal_4 mDataTypeIconId=0x0/(null) mQSDataTypeIconId=0x0/(null) mNoSimIconId=0x0/(null) mWifiIconId=0x7f020553/com.android.systemui:drawable/stat_sys_wifi_signal_3 mQSWifiIconId=0x7f02015d/com.android.systemui:drawable/ic_qs_wifi_3 mWifiActivityIconId=0x7f020525/com.android.systemui:drawable/stat_sys_signal_in mBluetoothTetherIconId=0x10808f1/android:drawable/stat_sys_tether_bluetooth
08-09 23:41:19.554 D/STATUSBAR-WifiQuickSettingButton( 1180): onWifiSignalChanged enabled=true enabledDesc:"CU_d24p"
08-09 23:41:19.564 D/StatusBar.NetworkController( 1180): refreshSignalCluster - setNWBoosterIndicators(false)
08-09 23:41:19.564 D/StatusBar.NetworkController( 1180): applyCHN
08-09 23:41:19.574 D/StatusBar.NetworkController( 1180): refreshSignalCluster - setNWBoosterIndicators(false)
08-09 23:41:19.574 D/StatusBar.NetworkController( 1180): applyCHN
08-09 23:41:19.584 D/StatusBar.NetworkController( 1180): refreshSignalCluster - setNWBoosterIndicators(false)
08-09 23:41:19.584 D/StatusBar.NetworkController( 1180): applyCHN
08-09 23:41:19.584 D/StatusBar.NetworkController( 1180): refreshSignalCluster - setNWBoosterIndicators(false)
08-09 23:41:19.594 D/StatusBar.NetworkController( 1180): applyCHN
08-09 23:41:20.274 E/SMD     (  283): DCD ON
08-09 23:41:20.584 D/StatusBar.NetworkController( 1180): refreshViews connected={ wifi } level=4 combinedSignalIconId=0x7f020553/com.android.systemui:drawable/stat_sys_wifi_signal_3 mobileLabel= wifiLabel="CU_d24p"xxxxXXXXxxxxXXXX emergencyOnly=true combinedLabel="CU_d24p"xxxxXXXXxxxxXXXX mAirplaneMode=false mDataActivity=0 mPhoneSignalIconId=0x7f0204e9/com.android.systemui:drawable/stat_sys_signal_4 mQSPhoneSignalIconId=0x7f020148/com.android.systemui:drawable/ic_qs_signal_4 mDataDirectionIconId=0x0/(null) mDataSignalIconId=0x7f0204e9/com.android.systemui:drawable/stat_sys_signal_4 mDataTypeIconId=0x0/(null) mQSDataTypeIconId=0x0/(null) mNoSimIconId=0x0/(null) mWifiIconId=0x7f020553/com.android.systemui:drawable/stat_sys_wifi_signal_3 mQSWifiIconId=0x7f02015d/com.android.systemui:drawable/ic_qs_wifi_3 mWifiActivityIconId=0x7f020529/com.android.systemui:drawable/stat_sys_signal_no_inout mBluetoothTetherIconId=0x10808f1/android:drawable/stat_sys_tether_bluetooth
08-09 23:41:20.584 D/STATUSBAR-WifiQuickSettingButton( 1180): onWifiSignalChanged enabled=true enabledDesc:"CU_d24p"
08-09 23:41:20.584 D/StatusBar.NetworkController( 1180): refreshSignalCluster - setNWBoosterIndicators(false)
08-09 23:41:20.594 D/StatusBar.NetworkController( 1180): applyCHN
08-09 23:41:20.604 D/StatusBar.NetworkController( 1180): refreshSignalCluster - setNWBoosterIndicators(false)
08-09 23:41:20.604 D/StatusBar.NetworkController( 1180): applyCHN
08-09 23:41:20.604 D/StatusBar.NetworkController( 1180): refreshSignalCluster - setNWBoosterIndicators(false)
08-09 23:41:20.614 D/StatusBar.NetworkController( 1180): applyCHN
08-09 23:41:20.614 D/StatusBar.NetworkController( 1180): refreshSignalCluster - setNWBoosterIndicators(false)
08-09 23:41:20.614 D/StatusBar.NetworkController( 1180): applyCHN
08-09 23:41:20.914 D/SSRM:n  (  933): SIOP:: AP = 340, PST = 340, CUR = 450
08-09 23:41:23.264 D/TimaService(  933): TIMA: TimaService scheduler is intialized. 
08-09 23:41:23.264 D/TimaService(  933): TIMA: checkEvent, operation: 50000 subject: 10000
08-09 23:41:23.264 D/TimaService(  933): TimaServiceHandler.handleMessage what =1
08-09 23:41:23.274 E/SMD     (  283): DCD ON
08-09 23:41:25.944 I/TLC_TIMA_PKM_measure_kernel(  933): TIMA: response_id = 3
08-09 23:41:25.944 I/TLC_TIMA_PKM_measure_kernel(  933): TIMA: response ret = 0, result_ondemand = MSG=Kernel Verification Success;
08-09 23:41:25.954 D/TimaService(  933): TIMA MEASUREMENT Result: TIMA_STATUS=0;MSG=Kernel Verification Success;
08-09 23:41:25.954 D/TimaService(  933): TIMA MEASUREMENT success status: TIMA_STATUS=0;MSG=Kernel Verification Success;
08-09 23:41:26.274 E/SMD     (  283): DCD ON
08-09 23:41:26.654 D/WifiService(  933): startScan by pid=1373, uid=10015
08-09 23:41:26.654 E/WifiStateMachine(  933): WifiStateMachine CMD_START_SCAN source 10015 txSuccessRate=1.81 rxSuccessRate=1.84 targetRoamBSSID=88:3f:d3:3f:82:d0 RSSI=-69
08-09 23:41:26.654 I/wpa_supplicant( 1157): wlan0: Setting scan request: 0 sec 0 usec
08-09 23:41:26.654 I/wpa_supplicant( 1157): P2P: Current p2p state = IDLE
08-09 23:41:26.664 I/wpa_supplicant( 1157): Scan requested (ret=0) - scan timeout 30 seconds
08-09 23:41:28.694 I/NLP     ( 1373): Location result:[location successful by Baidu], reason:[network location] locType=161
08-09 23:41:28.694 D/ConnectivityService(  933): returning getNetworkInfo(networkType - 1) :[type: WIFI[] - WIFI, state: CONNECTED/CONNECTED, reason: (unspecified), extra: "CU_d24p", roaming: false, failover: false, isAvailable: true, isConnectedToProvisioningNetwork: false]
08-09 23:41:28.704 W/NetworkLocation( 1373): BaiduNetworkLocationProvider1:BaiduNetworkLocationProvider1 : forceLocation: network provider not Enabled!
08-09 23:41:29.024 I/wpa_supplicant( 1157): nl80211: Received scan results (2 BSSes)
08-09 23:41:29.074 D/ActivityManager(  933): isDeviceAdminActiveApp false :com.android.systemui
08-09 23:41:29.074 D/ActivityManager(  933): isAutoRunBlockedApp:: com.android.systemui, Auto Run ON
08-09 23:41:29.284 E/SMD     (  283): DCD ON
08-09 23:41:29.794 E/Watchdog(  933): !@Sync 380
08-09 23:41:30.964 D/SSRM:n  (  933): SIOP:: AP = 340, PST = 340, CUR = 450
08-09 23:41:32.284 E/SMD     (  283): DCD ON
08-09 23:41:35.284 E/SMD     (  283): DCD ON
08-09 23:41:36.684 D/WifiService(  933): startScan by pid=1373, uid=10015
08-09 23:41:36.704 E/WifiStateMachine(  933): WifiStateMachine CMD_START_SCAN source 10015 txSuccessRate=0.11 rxSuccessRate=0.12 targetRoamBSSID=88:3f:d3:3f:82:d0 RSSI=-64
08-09 23:41:36.704 I/wpa_supplicant( 1157): wlan0: Setting scan request: 0 sec 0 usec
08-09 23:41:36.704 I/wpa_supplicant( 1157): P2P: Current p2p state = IDLE
08-09 23:41:36.724 I/wpa_supplicant( 1157): Scan requested (ret=0) - scan timeout 30 seconds
08-09 23:41:38.284 E/SMD     (  283): DCD ON
08-09 23:41:38.764 I/NLP     ( 1373): Location result:[location successful by Baidu], reason:[network location] locType=161
08-09 23:41:38.764 W/NetworkLocation( 1373): BaiduNetworkLocationProvider1:BaiduNetworkLocationProvider1 : forceLocation: network provider not Enabled!
08-09 23:41:38.764 D/ConnectivityService(  933): returning getNetworkInfo(networkType - 1) :[type: WIFI[] - WIFI, state: CONNECTED/CONNECTED, reason: (unspecified), extra: "CU_d24p", roaming: false, failover: false, isAvailable: true, isConnectedToProvisioningNetwork: false]
08-09 23:41:39.074 I/wpa_supplicant( 1157): nl80211: Received scan results (2 BSSes)
08-09 23:41:39.114 D/ActivityManager(  933): isDeviceAdminActiveApp false :com.android.systemui
08-09 23:41:39.114 D/ActivityManager(  933): isAutoRunBlockedApp:: com.android.systemui, Auto Run ON
08-09 23:41:39.614 D/BatteryService(  933): !@BatteryListener : batteryPropertiesChanged!
08-09 23:41:41.054 D/SSRM:n  (  933): SIOP:: AP = 340, PST = 340, CUR = 450
08-09 23:41:41.284 E/SMD     (  283): DCD ON
08-09 23:41:42.194 D/ConnectivityService(  933): returning getActiveNetworkInfo :[type: WIFI[] - WIFI, state: CONNECTED/CONNECTED, reason: (unspecified), extra: "CU_d24p", roaming: false, failover: false, isAvailable: true, isConnectedToProvisioningNetwork: false]
08-09 23:41:44.274 E/SMD     (  283): DCD ON
08-09 23:41:46.724 D/WifiService(  933): startScan by pid=1373, uid=10015
08-09 23:41:46.724 E/WifiStateMachine(  933): WifiStateMachine CMD_START_SCAN source 10015 txSuccessRate=0.01 rxSuccessRate=0.01 targetRoamBSSID=88:3f:d3:3f:82:d0 RSSI=-67
08-09 23:41:46.724 I/wpa_supplicant( 1157): wlan0: Setting scan request: 0 sec 0 usec
08-09 23:41:46.724 I/wpa_supplicant( 1157): P2P: Current p2p state = IDLE
08-09 23:41:46.734 I/wpa_supplicant( 1157): Scan requested (ret=0) - scan timeout 30 seconds
08-09 23:41:47.284 E/SMD     (  283): DCD ON
08-09 23:41:48.774 I/NLP     ( 1373): Location result:[location successful by Baidu], reason:[network location] locType=161
08-09 23:41:48.774 W/NetworkLocation( 1373): BaiduNetworkLocationProvider1:BaiduNetworkLocationProvider1 : forceLocation: network provider not Enabled!
08-09 23:41:48.774 D/ConnectivityService(  933): returning getNetworkInfo(networkType - 1) :[type: WIFI[] - WIFI, state: CONNECTED/CONNECTED, reason: (unspecified), extra: "CU_d24p", roaming: false, failover: false, isAvailable: true, isConnectedToProvisioningNetwork: false]
08-09 23:41:49.094 I/wpa_supplicant( 1157): nl80211: Received scan results (2 BSSes)
08-09 23:41:49.144 D/ActivityManager(  933): isDeviceAdminActiveApp false :com.android.systemui
08-09 23:41:49.144 D/ActivityManager(  933): isAutoRunBlockedApp:: com.android.systemui, Auto Run ON
08-09 23:41:49.774 D/StatusBar.NetworkController( 1180): refreshViews connected={ wifi } level=4 combinedSignalIconId=0x7f020553/com.android.systemui:drawable/stat_sys_wifi_signal_3 mobileLabel= wifiLabel="CU_d24p"xxxxXXXXxxxxXXXX emergencyOnly=true combinedLabel="CU_d24p"xxxxXXXXxxxxXXXX mAirplaneMode=false mDataActivity=0 mPhoneSignalIconId=0x7f0204e9/com.android.systemui:drawable/stat_sys_signal_4 mQSPhoneSignalIconId=0x7f020148/com.android.systemui:drawable/ic_qs_signal_4 mDataDirectionIconId=0x0/(null) mDataSignalIconId=0x7f0204e9/com.android.systemui:drawable/stat_sys_signal_4 mDataTypeIconId=0x0/(null) mQSDataTypeIconId=0x0/(null) mNoSimIconId=0x0/(null) mWifiIconId=0x7f020553/com.android.systemui:drawable/stat_sys_wifi_signal_3 mQSWifiIconId=0x7f02015d/com.android.systemui:drawable/ic_qs_wifi_3 mWifiActivityIconId=0x7f020527/com.android.systemui:drawable/stat_sys_signal_inout mBluetoothTetherIconId=0x10808f1/android:drawable/stat_sys_tether_bluetooth
08-09 23:41:49.774 D/STATUSBAR-WifiQuickSettingButton( 1180): onWifiSignalChanged enabled=true enabledDesc:"CU_d24p"
08-09 23:41:49.784 D/StatusBar.NetworkController( 1180): refreshSignalCluster - setNWBoosterIndicators(false)
08-09 23:41:49.784 D/StatusBar.NetworkController( 1180): applyCHN
08-09 23:41:49.794 D/StatusBar.NetworkController( 1180): refreshSignalCluster - setNWBoosterIndicators(false)
08-09 23:41:49.794 D/StatusBar.NetworkController( 1180): applyCHN
08-09 23:41:49.804 D/StatusBar.NetworkController( 1180): refreshSignalCluster - setNWBoosterIndicators(false)
08-09 23:41:49.804 D/StatusBar.NetworkController( 1180): applyCHN
08-09 23:41:49.804 D/StatusBar.NetworkController( 1180): refreshSignalCluster - setNWBoosterIndicators(false)
08-09 23:41:49.804 D/StatusBar.NetworkController( 1180): applyCHN
08-09 23:41:50.274 E/SMD     (  283): DCD ON
08-09 23:41:50.804 D/StatusBar.NetworkController( 1180): refreshViews connected={ wifi } level=4 combinedSignalIconId=0x7f020553/com.android.systemui:drawable/stat_sys_wifi_signal_3 mobileLabel= wifiLabel="CU_d24p"xxxxXXXXxxxxXXXX emergencyOnly=true combinedLabel="CU_d24p"xxxxXXXXxxxxXXXX mAirplaneMode=false mDataActivity=0 mPhoneSignalIconId=0x7f0204e9/com.android.systemui:drawable/stat_sys_signal_4 mQSPhoneSignalIconId=0x7f020148/com.android.systemui:drawable/ic_qs_signal_4 mDataDirectionIconId=0x0/(null) mDataSignalIconId=0x7f0204e9/com.android.systemui:drawable/stat_sys_signal_4 mDataTypeIconId=0x0/(null) mQSDataTypeIconId=0x0/(null) mNoSimIconId=0x0/(null) mWifiIconId=0x7f020553/com.android.systemui:drawable/stat_sys_wifi_signal_3 mQSWifiIconId=0x7f02015d/com.android.systemui:drawable/ic_qs_wifi_3 mWifiActivityIconId=0x7f020529/com.android.systemui:drawable/stat_sys_signal_no_inout mBluetoothTetherIconId=0x10808f1/android:drawable/stat_sys_tether_bluetooth
08-09 23:41:50.804 D/STATUSBAR-WifiQuickSettingButton( 1180): onWifiSignalChanged enabled=true enabledDesc:"CU_d24p"
08-09 23:41:50.804 D/StatusBar.NetworkController( 1180): refreshSignalCluster - setNWBoosterIndicators(false)
08-09 23:41:50.814 D/StatusBar.NetworkController( 1180): applyCHN
08-09 23:41:50.824 D/StatusBar.NetworkController( 1180): refreshSignalCluster - setNWBoosterIndicators(false)
08-09 23:41:50.824 D/StatusBar.NetworkController( 1180): applyCHN
08-09 23:41:50.824 D/StatusBar.NetworkController( 1180): refreshSignalCluster - setNWBoosterIndicators(false)
08-09 23:41:50.834 D/StatusBar.NetworkController( 1180): applyCHN
08-09 23:41:50.834 D/StatusBar.NetworkController( 1180): refreshSignalCluster - setNWBoosterIndicators(false)
08-09 23:41:50.834 D/StatusBar.NetworkController( 1180): applyCHN
08-09 23:41:51.104 D/SSRM:n  (  933): SIOP:: AP = 340, PST = 340, CUR = 450
08-09 23:41:52.874 V/AlarmManager(  933): waitForAlarm result :8
08-09 23:41:53.284 E/SMD     (  283): DCD ON
08-09 23:41:56.284 E/SMD     (  283): DCD ON
08-09 23:41:56.724 E/WifiStateMachine(  933): WifiStateMachine CMD_START_SCAN source 10015 txSuccessRate=0.25 rxSuccessRate=0.25 targetRoamBSSID=88:3f:d3:3f:82:d0 RSSI=-72
08-09 23:41:56.724 I/wpa_supplicant( 1157): wlan0: Setting scan request: 0 sec 0 usec
08-09 23:41:56.724 I/wpa_supplicant( 1157): P2P: Current p2p state = IDLE
08-09 23:41:56.724 D/WifiService(  933): startScan by pid=1373, uid=10015
08-09 23:41:56.744 I/wpa_supplicant( 1157): Scan requested (ret=0) - scan timeout 30 seconds
08-09 23:41:58.774 I/NLP     ( 1373): Location result:[location successful by Baidu], reason:[network location] locType=161
08-09 23:41:58.784 D/ConnectivityService(  933): returning getNetworkInfo(networkType - 1) :[type: WIFI[] - WIFI, state: CONNECTED/CONNECTED, reason: (unspecified), extra: "CU_d24p", roaming: false, failover: false, isAvailable: true, isConnectedToProvisioningNetwork: false]
08-09 23:41:58.794 W/NetworkLocation( 1373): BaiduNetworkLocationProvider1:BaiduNetworkLocationProvider1 : forceLocation: network provider not Enabled!
08-09 23:41:59.104 I/wpa_supplicant( 1157): nl80211: Received scan results (2 BSSes)
08-09 23:41:59.144 D/ActivityManager(  933): isDeviceAdminActiveApp false :com.android.systemui
08-09 23:41:59.144 D/ActivityManager(  933): isAutoRunBlockedApp:: com.android.systemui, Auto Run ON
08-09 23:41:59.284 E/SMD     (  283): DCD ON
08-09 23:41:59.794 E/Watchdog(  933): !@Sync 381
08-09 23:41:59.994 V/AlarmManager(  933): waitForAlarm result :8
08-09 23:42:00.004 D/KeyguardUpdateMonitor( 1180): received broadcast android.intent.action.TIME_TICK
08-09 23:42:00.004 D/KeyguardUpdateMonitor( 1180): handleTimeUpdate
08-09 23:42:00.004 D/KeyguardEffectViewController( 1180): onReceive action : android.intent.action.TIME_TICK
08-09 23:42:00.004 I/KeyguardEffectViewController( 1180): *** don't update sliding image ***
08-09 23:42:00.064 D/DateView( 1180): regionalDateFormat = 3333/11/22 isRTLlanguage = false returnDateFormat = MMMM d, E
08-09 23:42:00.074 D/DateView( 1180): regionalDateFormat = 3333/11/22 isRTLlanguage = false returnDateFormat = MMMM d, E
08-09 23:42:01.164 D/SSRM:n  (  933): SIOP:: AP = 340, PST = 340, CUR = 450
08-09 23:42:02.284 E/SMD     (  283): DCD ON
08-09 23:42:05.294 E/SMD     (  283): DCD ON
08-09 23:42:06.764 E/WifiStateMachine(  933): WifiStateMachine CMD_START_SCAN source 10015 txSuccessRate=0.02 rxSuccessRate=0.02 targetRoamBSSID=88:3f:d3:3f:82:d0 RSSI=-66
08-09 23:42:06.764 I/wpa_supplicant( 1157): wlan0: Setting scan request: 0 sec 0 usec
08-09 23:42:06.764 I/wpa_supplicant( 1157): P2P: Current p2p state = IDLE
08-09 23:42:06.764 D/WifiService(  933): startScan by pid=1373, uid=10015
08-09 23:42:06.784 I/wpa_supplicant( 1157): Scan requested (ret=0) - scan timeout 30 seconds
08-09 23:42:08.284 E/SMD     (  283): DCD ON
08-09 23:42:08.824 I/NLP     ( 1373): Location result:[location successful by Baidu], reason:[network location] locType=161
08-09 23:42:08.824 D/ConnectivityService(  933): returning getNetworkInfo(networkType - 1) :[type: WIFI[] - WIFI, state: CONNECTED/CONNECTED, reason: (unspecified), extra: "CU_d24p", roaming: false, failover: false, isAvailable: true, isConnectedToProvisioningNetwork: false]
08-09 23:42:08.834 W/NetworkLocation( 1373): BaiduNetworkLocationProvider1:BaiduNetworkLocationProvider1 : forceLocation: network provider not Enabled!
08-09 23:42:09.144 I/wpa_supplicant( 1157): nl80211: Received scan results (2 BSSes)
08-09 23:42:09.184 D/ActivityManager(  933): isDeviceAdminActiveApp false :com.android.systemui
08-09 23:42:09.184 D/ActivityManager(  933): isAutoRunBlockedApp:: com.android.systemui, Auto Run ON
08-09 23:42:11.084 D/StatusBar.NetworkController( 1180): onSignalStrengthsChanged signalStrength=SignalStrength: 14 99 -120 -160 -120 -1 -1 99 2147483647 2147483647 2147483647 -1 2147483647 0x4 gsm|lte level=4
08-09 23:42:11.084 D/StatusBar.NetworkController( 1180): updateTelephonySignalStrength: hasService=true ss=SignalStrength: 14 99 -120 -160 -120 -1 -1 99 2147483647 2147483647 2147483647 -1 2147483647 0x4 gsm|lte
08-09 23:42:11.084 D/StatusBar.NetworkController( 1180): updateTelephonySignalStrength: iconLevel=4
08-09 23:42:11.084 D/StatusBar.NetworkController( 1180): updateTelephonySignalStrength, No signal level. mPhoneSignalIconId = com.android.systemui:drawable/stat_sys_signal_4 mDataSignalIconId = com.android.systemui:drawable/stat_sys_signal_4 mQSPhoneSignalIconId = com.android.systemui:drawable/ic_qs_signal_4 mContentDescriptionPhoneSignal = 
08-09 23:42:11.084 D/StatusBar.NetworkController( 1180): refreshViews connected={ wifi } level=4 combinedSignalIconId=0x7f020553/com.android.systemui:drawable/stat_sys_wifi_signal_3 mobileLabel= wifiLabel="CU_d24p"xxxxXXXXxxxxXXXX emergencyOnly=true combinedLabel="CU_d24p"xxxxXXXXxxxxXXXX mAirplaneMode=false mDataActivity=0 mPhoneSignalIconId=0x7f0204e9/com.android.systemui:drawable/stat_sys_signal_4 mQSPhoneSignalIconId=0x7f020148/com.android.systemui:drawable/ic_qs_signal_4 mDataDirectionIconId=0x0/(null) mDataSignalIconId=0x7f0204e9/com.android.systemui:drawable/stat_sys_signal_4 mDataTypeIconId=0x0/(null) mQSDataTypeIconId=0x0/(null) mNoSimIconId=0x0/(null) mWifiIconId=0x7f020553/com.android.systemui:drawable/stat_sys_wifi_signal_3 mQSWifiIconId=0x7f02015d/com.android.systemui:drawable/ic_qs_wifi_3 mWifiActivityIconId=0x7f020529/com.android.systemui:drawable/stat_sys_signal_no_inout mBluetoothTetherIconId=0x10808f1/android:drawable/stat_sys_tether_bluetooth
08-09 23:42:11.084 D/STATUSBAR-WifiQuickSettingButton( 1180): onWifiSignalChanged enabled=true enabledDesc:"CU_d24p"
08-09 23:42:11.094 D/cell strength( 1373): ===== cell singal strength changed : 14
08-09 23:42:11.254 D/SSRM:n  (  933): SIOP:: AP = 340, PST = 340, CUR = 450
08-09 23:42:11.294 E/SMD     (  283): DCD ON
08-09 23:42:12.954 D/StatusBar.NetworkController( 1180): refreshViews connected={ wifi } level=4 combinedSignalIconId=0x7f020553/com.android.systemui:drawable/stat_sys_wifi_signal_3 mobileLabel= wifiLabel="CU_d24p"xxxxXXXXxxxxXXXX emergencyOnly=true combinedLabel="CU_d24p"xxxxXXXXxxxxXXXX mAirplaneMode=false mDataActivity=0 mPhoneSignalIconId=0x7f0204e9/com.android.systemui:drawable/stat_sys_signal_4 mQSPhoneSignalIconId=0x7f020148/com.android.systemui:drawable/ic_qs_signal_4 mDataDirectionIconId=0x0/(null) mDataSignalIconId=0x7f0204e9/com.android.systemui:drawable/stat_sys_signal_4 mDataTypeIconId=0x0/(null) mQSDataTypeIconId=0x0/(null) mNoSimIconId=0x0/(null) mWifiIconId=0x7f020553/com.android.systemui:drawable/stat_sys_wifi_signal_3 mQSWifiIconId=0x7f02015d/com.android.systemui:drawable/ic_qs_wifi_3 mWifiActivityIconId=0x7f020525/com.android.systemui:drawable/stat_sys_signal_in mBluetoothTetherIconId=0x10808f1/android:drawable/stat_sys_tether_bluetooth
08-09 23:42:12.954 D/STATUSBAR-WifiQuickSettingButton( 1180): onWifiSignalChanged enabled=true enabledDesc:"CU_d24p"
08-09 23:42:12.954 D/StatusBar.NetworkController( 1180): refreshSignalCluster - setNWBoosterIndicators(false)
08-09 23:42:12.954 D/StatusBar.NetworkController( 1180): applyCHN
08-09 23:42:12.974 D/StatusBar.NetworkController( 1180): refreshSignalCluster - setNWBoosterIndicators(false)
08-09 23:42:12.974 D/StatusBar.NetworkController( 1180): applyCHN
08-09 23:42:12.974 D/StatusBar.NetworkController( 1180): refreshSignalCluster - setNWBoosterIndicators(false)
08-09 23:42:12.974 D/StatusBar.NetworkController( 1180): applyCHN
08-09 23:42:12.984 D/StatusBar.NetworkController( 1180): refreshSignalCluster - setNWBoosterIndicators(false)
08-09 23:42:12.984 D/StatusBar.NetworkController( 1180): applyCHN
08-09 23:42:12.994 V/AlarmManager(  933): waitForAlarm result :4
08-09 23:42:13.014 D/ConnectivityService(  933): returning getActiveNetworkInfo :[type: WIFI[] - WIFI, state: CONNECTED/CONNECTED, reason: (unspecified), extra: "CU_d24p", roaming: false, failover: false, isAvailable: true, isConnectedToProvisioningNetwork: false]
08-09 23:42:13.044 D/BatteryService(  933): !@BatteryListener : batteryPropertiesChanged!
08-09 23:42:13.054 D/ActivityManager(  933): bindService callerProcessName:android, calleePkgName: com.tencent.news, action: android.content.SyncAdapter
08-09 23:42:13.054 D/ActivityManager(  933): isDeviceAdminActiveApp false :com.tencent.news
08-09 23:42:13.054 E/ActivityManager(  933): isAutoRunBlockedApp:: com.tencent.news, Auto Run OFF
08-09 23:42:13.054 D/ActivityManager(  933): isNotRunningApp - com.tencent.news is not running ? false
08-09 23:42:13.054 D/ConnectivityService(  933): returning getActiveNetworkInfo :[type: WIFI[] - WIFI, state: CONNECTED/CONNECTED, reason: (unspecified), extra: "CU_d24p", roaming: false, failover: false, isAvailable: true, isConnectedToProvisioningNetwork: false]
08-09 23:42:13.064 D/ConnectivityService(  933): returning getActiveNetworkInfo :[type: WIFI[] - WIFI, state: CONNECTED/CONNECTED, reason: (unspecified), extra: "CU_d24p", roaming: false, failover: false, isAvailable: true, isConnectedToProvisioningNetwork: false]
08-09 23:42:13.064 D/ConnectivityService(  933): returning getActiveNetworkInfo :[type: WIFI[] - WIFI, state: CONNECTED/CONNECTED, reason: (unspecified), extra: "CU_d24p", roaming: false, failover: false, isAvailable: true, isConnectedToProvisioningNetwork: false]
08-09 23:42:13.074 D/ConnectivityService(  933): returning getActiveNetworkInfo :[type: WIFI[] - WIFI, state: CONNECTED/CONNECTED, reason: (unspecified), extra: "CU_d24p", roaming: false, failover: false, isAvailable: true, isConnectedToProvisioningNetwork: false]
08-09 23:42:13.074 D/ConnectivityService(  933): returning getActiveNetworkInfo :[type: WIFI[] - WIFI, state: CONNECTED/CONNECTED, reason: (unspecified), extra: "CU_d24p", roaming: false, failover: false, isAvailable: true, isConnectedToProvisioningNetwork: false]
08-09 23:42:13.984 D/StatusBar.NetworkController( 1180): refreshViews connected={ wifi } level=4 combinedSignalIconId=0x7f020553/com.android.systemui:drawable/stat_sys_wifi_signal_3 mobileLabel= wifiLabel="CU_d24p"xxxxXXXXxxxxXXXX emergencyOnly=true combinedLabel="CU_d24p"xxxxXXXXxxxxXXXX mAirplaneMode=false mDataActivity=0 mPhoneSignalIconId=0x7f0204e9/com.android.systemui:drawable/stat_sys_signal_4 mQSPhoneSignalIconId=0x7f020148/com.android.systemui:drawable/ic_qs_signal_4 mDataDirectionIconId=0x0/(null) mDataSignalIconId=0x7f0204e9/com.android.systemui:drawable/stat_sys_signal_4 mDataTypeIconId=0x0/(null) mQSDataTypeIconId=0x0/(null) mNoSimIconId=0x0/(null) mWifiIconId=0x7f020553/com.android.systemui:drawable/stat_sys_wifi_signal_3 mQSWifiIconId=0x7f02015d/com.android.systemui:drawable/ic_qs_wifi_3 mWifiActivityIconId=0x7f020529/com.android.systemui:drawable/stat_sys_signal_no_inout mBluetoothTetherIconId=0x10808f1/android:drawable/stat_sys_tether_bluetooth
08-09 23:42:13.984 D/STATUSBAR-WifiQuickSettingButton( 1180): onWifiSignalChanged enabled=true enabledDesc:"CU_d24p"
08-09 23:42:13.984 D/StatusBar.NetworkController( 1180): refreshSignalCluster - setNWBoosterIndicators(false)
08-09 23:42:13.984 D/StatusBar.NetworkController( 1180): applyCHN
08-09 23:42:13.994 D/StatusBar.NetworkController( 1180): refreshSignalCluster - setNWBoosterIndicators(false)
08-09 23:42:14.004 D/StatusBar.NetworkController( 1180): applyCHN
08-09 23:42:14.004 D/StatusBar.NetworkController( 1180): refreshSignalCluster - setNWBoosterIndicators(false)
08-09 23:42:14.004 D/StatusBar.NetworkController( 1180): applyCHN
08-09 23:42:14.004 D/StatusBar.NetworkController( 1180): refreshSignalCluster - setNWBoosterIndicators(false)
08-09 23:42:14.004 D/StatusBar.NetworkController( 1180): applyCHN
08-09 23:42:14.294 E/SMD     (  283): DCD ON
08-09 23:42:15.494 D/StatusBar.NetworkController( 1180): refreshViews connected={ wifi } level=4 combinedSignalIconId=0x7f020556/com.android.systemui:drawable/stat_sys_wifi_signal_4 mobileLabel= wifiLabel="CU_d24p"xxxxXXXXxxxxXXXX emergencyOnly=true combinedLabel="CU_d24p"xxxxXXXXxxxxXXXX mAirplaneMode=false mDataActivity=0 mPhoneSignalIconId=0x7f0204e9/com.android.systemui:drawable/stat_sys_signal_4 mQSPhoneSignalIconId=0x7f020148/com.android.systemui:drawable/ic_qs_signal_4 mDataDirectionIconId=0x0/(null) mDataSignalIconId=0x7f0204e9/com.android.systemui:drawable/stat_sys_signal_4 mDataTypeIconId=0x0/(null) mQSDataTypeIconId=0x0/(null) mNoSimIconId=0x0/(null) mWifiIconId=0x7f020556/com.android.systemui:drawable/stat_sys_wifi_signal_4 mQSWifiIconId=0x7f02015e/com.android.systemui:drawable/ic_qs_wifi_4 mWifiActivityIconId=0x7f020529/com.android.systemui:drawable/stat_sys_signal_no_inout mBluetoothTetherIconId=0x10808f1/android:drawable/stat_sys_tether_bluetooth
08-09 23:42:15.494 D/STATUSBAR-WifiQuickSettingButton( 1180): onWifiSignalChanged enabled=true enabledDesc:"CU_d24p"
08-09 23:42:15.504 D/StatusBar.NetworkController( 1180): refreshSignalCluster - setNWBoosterIndicators(false)
08-09 23:42:15.514 D/StatusBar.NetworkController( 1180): applyCHN
08-09 23:42:15.514 D/StatusBar.NetworkController( 1180): refreshSignalCluster - setNWBoosterIndicators(false)
08-09 23:42:15.514 D/StatusBar.NetworkController( 1180): applyCHN
08-09 23:42:15.514 D/StatusBar.NetworkController( 1180): refreshSignalCluster - setNWBoosterIndicators(false)
08-09 23:42:15.514 D/StatusBar.NetworkController( 1180): applyCHN
08-09 23:42:15.524 D/StatusBar.NetworkController( 1180): refreshSignalCluster - setNWBoosterIndicators(false)
08-09 23:42:15.524 D/StatusBar.NetworkController( 1180): applyCHN
08-09 23:42:16.794 D/WifiService(  933): startScan by pid=1373, uid=10015
08-09 23:42:16.794 E/WifiStateMachine(  933): WifiStateMachine CMD_START_SCAN source 10015 txSuccessRate=0.00 rxSuccessRate=0.25 targetRoamBSSID=88:3f:d3:3f:82:d0 RSSI=-60
08-09 23:42:16.794 I/wpa_supplicant( 1157): wlan0: Setting scan request: 0 sec 0 usec
08-09 23:42:16.794 I/wpa_supplicant( 1157): P2P: Current p2p state = IDLE
08-09 23:42:16.804 I/wpa_supplicant( 1157): Scan requested (ret=0) - scan timeout 30 seconds
08-09 23:42:17.284 E/SMD     (  283): DCD ON
08-09 23:42:18.854 I/NLP     ( 1373): Location result:[location successful by Baidu], reason:[network location] locType=161
08-09 23:42:18.854 W/NetworkLocation( 1373): BaiduNetworkLocationProvider1:BaiduNetworkLocationProvider1 : forceLocation: network provider not Enabled!
08-09 23:42:18.864 D/ConnectivityService(  933): returning getNetworkInfo(networkType - 1) :[type: WIFI[] - WIFI, state: CONNECTED/CONNECTED, reason: (unspecified), extra: "CU_d24p", roaming: false, failover: false, isAvailable: true, isConnectedToProvisioningNetwork: false]
08-09 23:42:19.164 I/wpa_supplicant( 1157): nl80211: Received scan results (2 BSSes)
08-09 23:42:19.214 D/ActivityManager(  933): isDeviceAdminActiveApp false :com.android.systemui
08-09 23:42:19.214 D/ActivityManager(  933): isAutoRunBlockedApp:: com.android.systemui, Auto Run ON
08-09 23:42:20.294 E/SMD     (  283): DCD ON
08-09 23:42:21.334 D/SSRM:n  (  933): SIOP:: AP = 340, PST = 340, CUR = 450
