08-08 23:49:10.408 I/OMXCodec(  298): [OMX.google.vorbis.decoder] stop() sendCommand(0x306, OMX_CommandStateSet, OMX_StateIdle)
08-08 23:49:10.408 I/OMXCodec(  298): [OMX.google.vorbis.decoder] Now Idle. Component sends idle done Event 
08-08 23:49:10.408 I/OMXCodec(  298): [OMX.google.vorbis.decoder] stopOmxComponent_l() mstate = 1
08-08 23:49:10.408 I/OggExtractor(  298): OggSource::stop() mExtractor ref count = 1
08-08 23:49:10.408 I/OggExtractor(  298): OggSource::~OggSource() mExtractor !mStarted ref count = 1
08-08 23:49:10.408 I/OggExtractor(  298): ~OggSource --
08-08 23:49:10.408 I/OggExtractor(  298): ~OggExtractor ++
08-08 23:49:10.408 I/OggExtractor(  298): ~MyVorbisExtractor ++ 
08-08 23:49:10.408 I/OggExtractor(  298): ~MyVorbisExtractor --
08-08 23:49:10.408 I/OggExtractor(  298): ~OggExtractor --
08-08 23:49:10.408 I/AudioPlayer(  298): reset out
08-08 23:49:10.408 V/AwesomePlayer(  298): reset_l() mAudioPlayer successfully deleted
08-08 23:49:10.408 I/SecVideoCapture(  298): SecVideoCapture destructor
08-08 23:49:10.408 I/SecVideoCapture(  298): reset
08-08 23:49:10.408 V/AwesomePlayer(  298): mSecCapture clear
08-08 23:49:10.408 I/SecMediaClock(  298): SecMediaClock destructor
08-08 23:49:10.408 V/AwesomePlayer(  298): mSecMediaClock clear
08-08 23:49:10.408 V/StagefrightPlayer(  298): ~StagefrightPlayer
08-08 23:49:10.408 V/StagefrightPlayer(  298): reset
08-08 23:49:10.408 V/AwesomePlayer(  298): reset_l()
08-08 23:49:10.408 V/AwesomePlayer(  298): notifyListner_l() msg (8-MEDIA_STOPPED), ext1 (0), ext2 (0)
08-08 23:49:10.408 V/AwesomePlayer(  298): cancelPlayerEvents (keepNotifications=0)
08-08 23:49:10.408 V/AwesomePlayer(  298): mAudioTrackVector clear
08-08 23:49:10.408 V/AwesomePlayer(  298): reset_l() mAudioPlayer successfully deleted
08-08 23:49:10.408 V/AwesomePlayer(  298): mSecCapture clear
08-08 23:49:10.408 V/AwesomePlayer(  298): mSecMediaClock clear
08-08 23:49:10.408 V/AwesomePlayer(  298): destructor
08-08 23:49:10.408 V/AwesomePlayer(  298): reset_l()
08-08 23:49:10.408 V/AwesomePlayer(  298): notifyListner_l() msg (8-MEDIA_STOPPED), ext1 (0), ext2 (0)
08-08 23:49:10.408 V/AwesomePlayer(  298): cancelPlayerEvents (keepNotifications=0)
08-08 23:49:10.408 V/AwesomePlayer(  298): mAudioTrackVector clear
08-08 23:49:10.408 V/AwesomePlayer(  298): reset_l() mAudioPlayer successfully deleted
08-08 23:49:10.408 V/AwesomePlayer(  298): mSecCapture clear
08-08 23:49:10.408 V/AwesomePlayer(  298): mSecMediaClock clear
08-08 23:49:10.418 I/AgentActivity( 5908): -->onCreate appid: 100383922, package: com.tencent.news, sign: d2249653327a7ee315865210e74f036b
08-08 23:49:10.418 D/MSF.D.RemoteServiceProxy( 5908): wait start com.tencent.mobileqq.msf.service.MsfService service result, skiped...
08-08 23:49:10.418 D/MSF.D.RemoteServiceProxy( 5908): sdk version:21
08-08 23:49:10.418 D/ConnectivityService(  917): returning getActiveNetworkInfo :[type: WIFI[] - WIFI, state: CONNECTED/CONNECTED, reason: (unspecified), extra: "宣龙华的 iPhone (2)", roaming: false, failover: false, isAvailable: true, isConnectedToProvisioningNetwork: false]
08-08 23:49:10.428 D/MSF.D.RemoteServiceProxy( 5908): start MsfService through Broadcast
08-08 23:49:10.428 D/MSF.D.Proxy( 5908): threadID:7485, threadName: GlobalPool-H bind com.tencent.mobileqq.msf.service.MsfService service finished true
08-08 23:49:10.428 D/MSF.D.RemoteServiceProxy( 5908): delay binding MSF Service
08-08 23:49:10.428 D/MSF.D.RemoteServiceProxy( 5908): wait start com.tencent.mobileqq.msf.service.MsfService service result, skiped...
08-08 23:49:10.428 D/MSF.D.RemoteServiceProxy( 5908): sdk version:21
08-08 23:49:10.428 D/ActivityManager(  917): isDeviceAdminActiveApp false :com.tencent.mobileqq
08-08 23:49:10.428 D/ActivityManager(  917): isAutoRunBlockedApp:: com.tencent.mobileqq, Auto Run ON
08-08 23:49:10.428 D/ActivityManager(  917): bindService callerProcessName:com.tencent.mobileqq, calleePkgName: com.tencent.mobileqq, action: null
08-08 23:49:10.438 D/MSF.D.AppNetInfoImpl( 5908): currentAPN:. received networkInfo: CONNECTED :[type: WIFI[] - WIFI, state: CONNECTED/CONNECTED, reason: (unspecified), extra: "宣龙华的 iPhone (2)", roaming: false, failover: false, isAvailable: true, isConnectedToProvisioningNetwork: false]
08-08 23:49:10.438 D/MSF.D.AppNetInfoImpl( 5908): netchange NONE to WiFi
08-08 23:49:10.438 D/MSF.D.AppNetInfoImpl( 5908): checknetinfo get wifi ssid "宣龙华的 iPhone (2)"
08-08 23:49:10.438 D/ConnectivityService(  917): returning getActiveNetworkInfo :[type: WIFI[] - WIFI, state: CONNECTED/CONNECTED, reason: (unspecified), extra: "宣龙华的 iPhone (2)", roaming: false, failover: false, isAvailable: true, isConnectedToProvisioningNetwork: false]
08-08 23:49:10.448 I/Timeline( 5908): Timeline: Activity_launch_request id:com.tencent.mobileqq time:99684513
08-08 23:49:10.448 E/PersonaManagerService(  917): inState():  stateMachine is null !!
08-08 23:49:10.448 I/PersonaManagerService(  917): Failed to execute isKioskModeEnabled. java.lang.SecurityException: You need MANAGE_USERS permission to: query user
08-08 23:49:10.448 I/ActivityManager(  917): do not start freezing screen for locked container getKeyguardshowstate = false
08-08 23:49:10.448 W/ActivityManager(  917): mDVFSHelper.acquire()
08-08 23:49:10.458 D/Activity( 5908): performCreate Call secproduct feature valuefalse
08-08 23:49:10.458 D/Activity( 5908): performCreate Call debug elastic valuetrue
08-08 23:49:10.458 D/ActivityManager(  917): post active user change for 0
08-08 23:49:10.458 D/KnoxTimeoutHandler(  917): postActiveUserChange for user 0
08-08 23:49:10.458 D/KnoxTimeoutHandler(  917): handleActiveUserChange for user 0
08-08 23:49:10.468 D/MSF.D.RemoteServiceProxy( 5908): Property get avail memory:820228096
08-08 23:49:10.478 D/MSF.D.RemoteServiceProxy( 5908): Property get low memory feature:false
08-08 23:49:10.478 I/System.out( 5908): Thread-7491(ApacheHTTPLog):Reading from variable values from setDefaultValuesToVariables
08-08 23:49:10.488 D/MSF.D.RemoteServiceProxy( 5908): isMsfAlive:true, cur service process count:71
08-08 23:49:10.488 I/System.out( 5908): Thread-7491(ApacheHTTPLog):isShipBuild true
08-08 23:49:10.488 I/System.out( 5908): Thread-7491(ApacheHTTPLog):SmartBonding Enabling is true, SHIP_BUILD is true, log to file is false, DBG is false
08-08 23:49:10.488 D/MSF.D.RemoteServiceProxy( 5908): succ to pull msf service.
08-08 23:49:10.518 D/MSF.D.QLog( 5908): set UIN_REPORTLOG_LEVEL 1
08-08 23:49:10.518 D/MSF.D.AppNetInfoImpl( 5908): currentAPN:. received networkInfo: CONNECTED :[type: WIFI[] - WIFI, state: CONNECTED/CONNECTED, reason: (unspecified), extra: "宣龙华的 iPhone (2)", roaming: false, failover: false, isAvailable: true, isConnectedToProvisioningNetwork: false]
08-08 23:49:10.518 D/MSF.D.AppNetInfoImpl( 5908): checknetinfo get wifi ssid "宣龙华的 iPhone (2)"
08-08 23:49:10.518 D/MSF.D.QLog( 3270): set UIN_REPORTLOG_LEVEL 1
08-08 23:49:10.518 D/ConnectivityService(  917): returning getNetworkInfo(networkType - 1) :[type: WIFI[] - WIFI, state: CONNECTED/CONNECTED, reason: (unspecified), extra: "宣龙华的 iPhone (2)", roaming: false, failover: false, isAvailable: true, isConnectedToProvisioningNetwork: false]
08-08 23:49:10.518 D/ConnectivityService(  917): returning getNetworkInfo(networkType - 0) :[type: MOBILE[] - MOBILE, state: DISCONNECTED/DISCONNECTED, reason: (unspecified), extra: (none), roaming: false, failover: false, isAvailable: true, isConnectedToProvisioningNetwork: false]
08-08 23:49:10.538 D/MSF.D.QLog( 5908): set UIN_REPORTLOG_LEVEL 1
08-08 23:49:10.548 D/MSF.D.QLog( 3270): set UIN_REPORTLOG_LEVEL 1
08-08 23:49:10.558 D/MultiPhoneWindow( 5908): updateMultiWindowStyle style:MultiWindowStyle{type=0, zone=ZONE_UNKNOWN, option=0x01000002, bounds=null, isNull=false, isolatedCenterPoint=Point(0, 0), scale=0.0, specificTaskId=-1},newStyle=MultiWindowStyle{type=0, zone=ZONE_UNKNOWN, option=0x01000002, bounds=null, isNull=false, isolatedCenterPoint=Point(0, 0), scale=0.0, specificTaskId=-1}
08-08 23:49:10.568 D/MultiPhoneWindow( 5908): MultiPhoneWindow : mMinStackBoundForPortRect(0, 0 - 626, 1113), mMinStackBoundForPort=Rect(0, 0 - 1113, 626)
08-08 23:49:10.588 V/BitmapFactory( 5908): DecodeImagePath(decodeResourceStream3) : res/drawable-xxhdpi-v4/multiwindow_ic_minimize.png
08-08 23:49:10.598 V/BitmapFactory( 5908): DecodeImagePath(decodeResourceStream3) : res/drawable-xxhdpi-v4/multiwindow_ic_maximize.png
08-08 23:49:10.598 V/BitmapFactory( 5908): DecodeImagePath(decodeResourceStream3) : res/drawable-xxhdpi-v4/multiwindow_ic_close.png
08-08 23:49:10.618 D/ConnectivityService(  917): returning getActiveNetworkInfo :[type: WIFI[] - WIFI, state: CONNECTED/CONNECTED, reason: (unspecified), extra: "宣龙华的 iPhone (2)", roaming: false, failover: false, isAvailable: true, isConnectedToProvisioningNetwork: false]
08-08 23:49:10.628 V/MediaPlayer( 5908): decode(61, 11726196, 5795)
08-08 23:49:10.628 V/BitmapFactory( 5908): DecodeImagePath(decodeResourceStream3) : res/drawable-xxhdpi-v4/multiwindow_ic_drag_drop.png
08-08 23:49:10.628 V/MediaPlayerService(  298): decode(28, 11726196, 5795)
08-08 23:49:10.628 V/MediaPlayerService(  298): player type = 3
08-08 23:49:10.628 V/AwesomePlayer(  298): setDefault
08-08 23:49:10.628 V/AwesomePlayer(  298): constructor
08-08 23:49:10.628 V/AwesomePlayer(  298): setDefault
08-08 23:49:10.628 V/AwesomePlayer(  298): reset_l()
08-08 23:49:10.628 V/AwesomePlayer(  298): notifyListner_l() msg (8-MEDIA_STOPPED), ext1 (0), ext2 (0)
08-08 23:49:10.628 V/AwesomePlayer(  298): cancelPlayerEvents (keepNotifications=0)
08-08 23:49:10.628 V/AwesomePlayer(  298): mAudioTrackVector clear
08-08 23:49:10.628 V/AwesomePlayer(  298): reset_l() mAudioPlayer successfully deleted
08-08 23:49:10.628 V/AwesomePlayer(  298): mSecCapture clear
08-08 23:49:10.628 V/AwesomePlayer(  298): mSecMediaClock clear
08-08 23:49:10.628 V/StagefrightPlayer(  298): StagefrightPlayer
08-08 23:49:10.628 V/AwesomePlayer(  298): setListener
08-08 23:49:10.628 V/StagefrightPlayer(  298): initCheck
08-08 23:49:10.638 V/AwesomePlayer(  298): setAudioSink
08-08 23:49:10.638 V/StagefrightPlayer(  298): setDataSource(28, 11726196, 5795)
08-08 23:49:10.638 V/AwesomePlayer(  298): reset_l()
08-08 23:49:10.638 V/AwesomePlayer(  298): notifyListner_l() msg (8-MEDIA_STOPPED), ext1 (0), ext2 (0)
08-08 23:49:10.638 V/AudioCache(  298): notify(0xb100bab0, 8, 0, 0)
08-08 23:49:10.638 V/AudioCache(  298): ignored
08-08 23:49:10.638 V/AwesomePlayer(  298): cancelPlayerEvents (keepNotifications=0)
08-08 23:49:10.638 V/AwesomePlayer(  298): mAudioTrackVector clear
08-08 23:49:10.638 V/AwesomePlayer(  298): reset_l() mAudioPlayer successfully deleted
08-08 23:49:10.638 V/AwesomePlayer(  298): mSecCapture clear
08-08 23:49:10.638 V/AwesomePlayer(  298): mSecMediaClock clear
08-08 23:49:10.638 V/BitmapFactory( 5908): DecodeImagePath(decodeResourceStream3) : R/k/skin_tips_dot.png
08-08 23:49:10.638 D/OggExtractor(  298):  correct time not found. Let's use approximate value
08-08 23:49:10.638 V/AwesomePlayer(  298): track of type 'audio/vorbis' does not publish bitrate
08-08 23:49:10.638 V/AwesomePlayer(  298): mBitrate = -1 bits/sec
08-08 23:49:10.638 I/OggExtractor(  298): OggSource::OggSource() mExtractor ref count = 4
08-08 23:49:10.638 V/AwesomePlayer(  298): current audio track index (0) is added to vector
08-08 23:49:10.638 V/AwesomePlayer(  298): setDataSource_l: Audio(1), Video(0)
08-08 23:49:10.638 I/AwesomePlayer(  298): checkRightsStatus is not necessary - AwesomePlayer::setDataSource_l
08-08 23:49:10.638 V/MediaPlayerService(  298): prepare
08-08 23:49:10.638 V/AwesomePlayer(  298): prepareAsync
08-08 23:49:10.638 V/BitmapFactory( 5908): DecodeImagePath(decodeResourceStream3) : R/k/skin_tips_dot_small.png
08-08 23:49:10.638 V/MediaPlayerService(  298): wait for prepare
08-08 23:49:10.638 V/AwesomePlayer(  298): onPrepareAsyncEvent
08-08 23:49:10.638 I/SecMediaClock(  298): SecMediaClock constructor
08-08 23:49:10.648 I/SecMediaClock(  298): reset
08-08 23:49:10.648 I/SecVideoCapture(  298): SecVideoCapture constructor
08-08 23:49:10.648 I/SecVideoCapture(  298): reset
08-08 23:49:10.648 V/AwesomePlayer(  298): initAudioDecoder
08-08 23:49:10.648 V/AwesomePlayer(  298): checkOffloadExceptions is true
08-08 23:49:10.648 V/AudioPolicyManager(  298): isOffloadSupported: SR=44100, CM=0x3, Format=0x7000000, StreamType=-1, BitRate=4294967295, duration=362187 us, has_video=0
08-08 23:49:10.648 V/AudioPolicyManager(  298): isOffloadSupported: stream_type != MUSIC, returning false
08-08 23:49:10.648 I/OMXCodec(  298): Attempting to allocate OMX node 'OMX.google.vorbis.decoder'
08-08 23:49:10.648 V/BitmapFactory( 5908): DecodeImagePath(decodeResourceStream3) : R/k/fme.png
08-08 23:49:10.648 V/BitmapFactory( 5908): DecodeImagePath(decodeResourceStream3) : R/k/gfn.png
08-08 23:49:10.648 I/OMXCodec(  298): Successfully allocated OMX node 'OMX.google.vorbis.decoder'
08-08 23:49:10.648 I/OMXCodec(  298): >>>UHQA initOutputFormat 16
08-08 23:49:10.648 I/AwesomePlayer(  298): Could not offload audio decode, try pcm offload
08-08 23:49:10.648 V/AudioPolicyManager(  298): isOffloadSupported: SR=44100, CM=0x1, Format=0x1c000001, StreamType=-1, BitRate=4294967295, duration=362187 us, has_video=0
08-08 23:49:10.648 V/AudioPolicyManager(  298): isOffloadSupported: stream_type != MUSIC, returning false
08-08 23:49:10.648 I/OMXCodec(  298): [OMX.google.vorbis.decoder] OMXCodec::start mState=1
08-08 23:49:10.648 I/OMXCodec(  298): [OMX.google.vorbis.decoder] allocating 4 buffers of size 8192 on input port
08-08 23:49:10.648 I/OMXCodec(  298): [OMX.google.vorbis.decoder] allocating 4 buffers of size 32768 on output port
08-08 23:49:10.658 I/OMXCodec(  298): [OMX.google.vorbis.decoder] Now Idle. Component sends idle done Event 
08-08 23:49:10.658 V/AwesomePlayer(  298): finishAsyncPrepare_l
08-08 23:49:10.658 V/AwesomePlayer(  298): notifyListner_l() msg (200-MEDIA_INFO), ext1 (973), ext2 (0)
08-08 23:49:10.658 V/AudioCache(  298): notify(0xb100bab0, 200, 973, 0)
08-08 23:49:10.658 V/AudioCache(  298): ignored
08-08 23:49:10.658 V/AwesomePlayer(  298): notifyListner_l() msg (5-MEDIA_SET_VIDEO_SIZE), ext1 (0), ext2 (0)
08-08 23:49:10.658 V/AudioCache(  298): notify(0xb100bab0, 5, 0, 0)
08-08 23:49:10.658 V/AudioCache(  298): ignored
08-08 23:49:10.658 V/AwesomePlayer(  298): notifyListner_l() msg (1-MEDIA_PREPARED), ext1 (0), ext2 (0)
08-08 23:49:10.658 V/AudioCache(  298): notify(0xb100bab0, 1, 0, 0)
08-08 23:49:10.658 V/AudioCache(  298): prepared
08-08 23:49:10.658 V/AudioCache(  298): wait - success
08-08 23:49:10.658 V/MediaPlayerService(  298): start
08-08 23:49:10.658 V/StagefrightPlayer(  298): start
08-08 23:49:10.658 V/BitmapFactory( 5908): DecodeImagePath(decodeResourceStream3) : R/k/med.png
08-08 23:49:10.658 V/AwesomePlayer(  298): play
08-08 23:49:10.658 V/AwesomePlayer(  298): AwesomePlayer::play_l():: This is not a DRM content
08-08 23:49:10.658 V/AwesomePlayer(  298): startAudioPlayer_l, sendErrorNotification (0)
08-08 23:49:10.658 D/AudioPlayer(  298): start of Playback, useOffload 0
08-08 23:49:10.658 I/OMXCodec(  298): [OMX.google.vorbis.decoder] 0onCmdComplete  mState =  7
08-08 23:49:10.658 I/OMXCodec(  298): [OMX.google.vorbis.decoder] PORT_DISABLED(1)
08-08 23:49:10.658 I/OMXCodec(  298): >>>UHQA initOutputFormat 16
08-08 23:49:10.658 I/OMXCodec(  298): [OMX.google.vorbis.decoder] allocating 4 buffers of size 32768 on output port
08-08 23:49:10.658 V/BitmapFactory( 5908): DecodeImagePath(decodeResourceStream3) : R/k/mee.png
08-08 23:49:10.658 I/AudioPlayer(  298): Audio channels(2)
08-08 23:49:10.658 I/AudioPlayer(  298): Audioplayer kKeyAudioPCMFormat:0, 1, 0
08-08 23:49:10.658 I/AudioPlayer(  298): Audioplayer kKeyAudioPCMFormat read fail(2, 1)
08-08 23:49:10.658 V/AudioCache(  298): open(44100, 2, 0x0, 1, 0)
08-08 23:49:10.658 I/OMXCodec(  298): [OMX.google.vorbis.decoder] End Of Stream
08-08 23:49:10.658 V/AwesomePlayer(  298): notifyListner_l() msg (6-MEDIA_STARTED), ext1 (0), ext2 (0)
08-08 23:49:10.658 V/AudioCache(  298): notify(0xb100bab0, 6, 0, 0)
08-08 23:49:10.658 V/AudioCache(  298): ignored
08-08 23:49:10.658 V/AwesomePlayer(  298): addBatteryData
08-08 23:49:10.658 I/AudioPlayer(  298): First fillBuffer call!!
08-08 23:49:10.658 V/MediaPlayerService(  298): wait for playback complete
08-08 23:49:10.658 I/AudioPlayer(  298): >>> setAudioEffect Read mAudioFormat : 1, event : 4587583, value : 4390976
08-08 23:49:10.658 E/AudioPlayer(  298): >>> setAudioEffect Error mAudioFormat : 1, event : 4587583, value : 4390976
08-08 23:49:10.668 V/AwesomePlayer(  298): postAudioEOS delayUs (0)
08-08 23:49:10.668 V/AwesomePlayer(  298): onCheckAudioStatus
08-08 23:49:10.668 V/AwesomePlayer(  298): onCheckAudioStatus() set AUDIO_AT_EOS flag
08-08 23:49:10.668 V/AwesomePlayer(  298): onStreamDone
08-08 23:49:10.668 V/AwesomePlayer(  298): MEDIA_PLAYBACK_COMPLETE
08-08 23:49:10.668 V/AwesomePlayer(  298): notifyListner_l() msg (2-MEDIA_PLAYBACK_COMPLETE), ext1 (0), ext2 (0)
08-08 23:49:10.668 V/AudioCache(  298): notify(0xb100bab0, 2, 0, 0)
08-08 23:49:10.668 V/BitmapFactory( 5908): DecodeImagePath(decodeResourceStream3) : R/k/etc.png
08-08 23:49:10.668 V/AudioCache(  298): playback complete - thread will wake up later
08-08 23:49:10.668 V/AwesomePlayer(  298): notifyListner_l() msg (7-MEDIA_PAUSED), ext1 (0), ext2 (0)
08-08 23:49:10.668 V/AudioCache(  298): notify(0xb100bab0, 7, 0, 0)
08-08 23:49:10.668 V/AudioCache(  298): ignored
08-08 23:49:10.668 V/AwesomePlayer(  298): cancelPlayerEvents (keepNotifications=1)
08-08 23:49:10.668 V/AwesomePlayer(  298): addBatteryData
08-08 23:49:10.668 V/AudioCache(  298): wait - success
08-08 23:49:10.668 V/StagefrightPlayer(  298): reset
08-08 23:49:10.668 V/AwesomePlayer(  298): reset_l()
08-08 23:49:10.668 V/AwesomePlayer(  298): notifyListner_l() msg (8-MEDIA_STOPPED), ext1 (0), ext2 (0)
08-08 23:49:10.668 V/AudioCache(  298): notify(0xb100bab0, 8, 0, 0)
08-08 23:49:10.668 V/AudioCache(  298): ignored
08-08 23:49:10.668 V/AwesomePlayer(  298): cancelPlayerEvents (keepNotifications=0)
08-08 23:49:10.668 V/AwesomePlayer(  298): mAudioTrackVector clear
08-08 23:49:10.668 D/AudioPlayer(  298): reset: mPlaying=0 mReachedEOS=1 useOffload=0
08-08 23:49:10.668 I/OMXCodec(  298): [OMX.google.vorbis.decoder] stop mState=4
08-08 23:49:10.668 I/OMXCodec(  298): [OMX.google.vorbis.decoder] stop() sendCommand(0x307, OMX_CommandStateSet, OMX_StateIdle)
08-08 23:49:10.668 I/OMXCodec(  298): [OMX.google.vorbis.decoder] Now Idle. Component sends idle done Event 
08-08 23:49:10.668 I/OMXCodec(  298): [OMX.google.vorbis.decoder] stopOmxComponent_l() mstate = 1
08-08 23:49:10.668 I/OggExtractor(  298): OggSource::stop() mExtractor ref count = 1
08-08 23:49:10.668 I/OggExtractor(  298): OggSource::~OggSource() mExtractor !mStarted ref count = 1
08-08 23:49:10.668 I/OggExtractor(  298): ~OggSource --
08-08 23:49:10.668 I/OggExtractor(  298): ~OggExtractor ++
08-08 23:49:10.668 I/OggExtractor(  298): ~MyVorbisExtractor ++ 
08-08 23:49:10.668 I/OggExtractor(  298): ~MyVorbisExtractor --
08-08 23:49:10.668 I/OggExtractor(  298): ~OggExtractor --
08-08 23:49:10.668 V/BitmapFactory( 5908): DecodeImagePath(decodeResourceStream3) : R/k/gpv.png
08-08 23:49:10.668 I/AudioPlayer(  298): reset out
08-08 23:49:10.668 V/AwesomePlayer(  298): reset_l() mAudioPlayer successfully deleted
08-08 23:49:10.678 I/SecVideoCapture(  298): SecVideoCapture destructor
08-08 23:49:10.678 I/SecVideoCapture(  298): reset
08-08 23:49:10.678 V/AwesomePlayer(  298): mSecCapture clear
08-08 23:49:10.678 I/SecMediaClock(  298): SecMediaClock destructor
08-08 23:49:10.678 V/AwesomePlayer(  298): mSecMediaClock clear
08-08 23:49:10.678 V/StagefrightPlayer(  298): ~StagefrightPlayer
08-08 23:49:10.678 V/StagefrightPlayer(  298): reset
08-08 23:49:10.678 V/AwesomePlayer(  298): reset_l()
08-08 23:49:10.678 V/AwesomePlayer(  298): notifyListner_l() msg (8-MEDIA_STOPPED), ext1 (0), ext2 (0)
08-08 23:49:10.678 V/AwesomePlayer(  298): cancelPlayerEvents (keepNotifications=0)
08-08 23:49:10.678 V/AwesomePlayer(  298): mAudioTrackVector clear
08-08 23:49:10.678 V/AwesomePlayer(  298): reset_l() mAudioPlayer successfully deleted
08-08 23:49:10.678 V/AwesomePlayer(  298): mSecCapture clear
08-08 23:49:10.678 V/AwesomePlayer(  298): mSecMediaClock clear
08-08 23:49:10.678 V/AwesomePlayer(  298): destructor
08-08 23:49:10.678 V/AwesomePlayer(  298): reset_l()
08-08 23:49:10.678 V/AwesomePlayer(  298): notifyListner_l() msg (8-MEDIA_STOPPED), ext1 (0), ext2 (0)
08-08 23:49:10.678 V/AwesomePlayer(  298): cancelPlayerEvents (keepNotifications=0)
08-08 23:49:10.678 V/AwesomePlayer(  298): mAudioTrackVector clear
08-08 23:49:10.678 V/AwesomePlayer(  298): reset_l() mAudioPlayer successfully deleted
08-08 23:49:10.678 V/AwesomePlayer(  298): mSecCapture clear
08-08 23:49:10.678 V/AwesomePlayer(  298): mSecMediaClock clear
08-08 23:49:10.678 V/BitmapFactory( 5908): DecodeImagePath(decodeResourceStream3) : R/k/gqh.png
08-08 23:49:10.678 D/ConnectivityService(  917): returning getActiveNetworkInfo :[type: WIFI[] - WIFI, state: CONNECTED/CONNECTED, reason: (unspecified), extra: "宣龙华的 iPhone (2)", roaming: false, failover: false, isAvailable: true, isConnectedToProvisioningNetwork: false]
08-08 23:49:10.738 V/BitmapFactory( 5908): DecodeImagePath(decodeResourceStream3) : R/k/mef.jpg
08-08 23:49:10.758 D/AbsListView( 5908): Get MotionRecognitionManager
08-08 23:49:10.758 D/MotionRecognitionService(  917):  ssp status : true
08-08 23:49:10.788 D/ConnectivityService(  917): returning getActiveNetworkInfo :[type: WIFI[] - WIFI, state: CONNECTED/CONNECTED, reason: (unspecified), extra: "宣龙华的 iPhone (2)", roaming: false, failover: false, isAvailable: true, isConnectedToProvisioningNetwork: false]
08-08 23:49:10.808 D/ConnectivityService(  917): returning getActiveNetworkInfo :[type: WIFI[] - WIFI, state: CONNECTED/CONNECTED, reason: (unspecified), extra: "宣龙华的 iPhone (2)", roaming: false, failover: false, isAvailable: true, isConnectedToProvisioningNetwork: false]
08-08 23:49:10.838 D/ConnectivityService(  917): returning getActiveNetworkInfo :[type: WIFI[] - WIFI, state: CONNECTED/CONNECTED, reason: (unspecified), extra: "宣龙华的 iPhone (2)", roaming: false, failover: false, isAvailable: true, isConnectedToProvisioningNetwork: false]
08-08 23:49:10.838 D/ConnectivityService(  917): returning getActiveNetworkInfo :[type: WIFI[] - WIFI, state: CONNECTED/CONNECTED, reason: (unspecified), extra: "宣龙华的 iPhone (2)", roaming: false, failover: false, isAvailable: true, isConnectedToProvisioningNetwork: false]
08-08 23:49:10.888 I/System.out( 5908): GlobalPool-H calls detatch()
08-08 23:49:10.888 W/ActivityManager(  917): getTasks: caller 10205 does not hold GET_TASKS; limiting output
08-08 23:49:10.888 W/ActivityManager(  917): getTasks: caller 10205 does not hold GET_TASKS; limiting output
08-08 23:49:10.888 D/ConnectivityService(  917): returning getActiveNetworkInfo :[type: WIFI[] - WIFI, state: CONNECTED/CONNECTED, reason: (unspecified), extra: "宣龙华的 iPhone (2)", roaming: false, failover: false, isAvailable: true, isConnectedToProvisioningNetwork: false]
08-08 23:49:10.938 V/PhoneStatusBar( 1177): setLightsOn(true)
08-08 23:49:10.938 D/StatusBarManagerService(  917): manageDisableList userId=0 what=0x0 pkg=WindowManager.LayoutParams
08-08 23:49:10.948 D/PointerIcon(  917): setMouseIconStyle1 pointerType: 1001iconType:101 flag:0
08-08 23:49:10.948 D/PointerIcon(  917): setMouseCustomIcon IconType is same.101
08-08 23:49:10.948 D/PointerIcon(  917): setHoveringSpenIconStyle1 pointerType: 10001iconType:1 flag:0
08-08 23:49:10.948 D/PointerIcon(  917): setHoveringSpenCustomIcon IconType is same.1
08-08 23:49:10.958 D/AuthorityActivity( 5908): send | cmd: g_t_n_p | uin :*8039
08-08 23:49:10.968 W/linker  ( 5908): libcodecwrapperV2.so has text relocations. This is wasting memory and prevents security hardening. Please fix.
08-08 23:49:10.968 D/MSF.D.RemoteServiceProxy( 5908): login timer start, appSeq: 1, delayMillis: 42000
08-08 23:49:10.968 D/MSF.C.CodecWarpper( 5908): set so version to 600
08-08 23:49:10.978 D/ConnectivityService(  917): returning getActiveNetworkInfo :[type: WIFI[] - WIFI, state: CONNECTED/CONNECTED, reason: (unspecified), extra: "宣龙华的 iPhone (2)", roaming: false, failover: false, isAvailable: true, isConnectedToProvisioningNetwork: false]
08-08 23:49:10.978 D/ConnectivityService(  917): returning getActiveNetworkInfo :[type: WIFI[] - WIFI, state: CONNECTED/CONNECTED, reason: (unspecified), extra: "宣龙华的 iPhone (2)", roaming: false, failover: false, isAvailable: true, isConnectedToProvisioningNetwork: false]
08-08 23:49:10.988 D/Activity( 5908): performCreate Call secproduct feature valuefalse
08-08 23:49:10.988 D/Activity( 5908): performCreate Call debug elastic valuetrue
08-08 23:49:11.018 D/LocationManagerService(  917): getProviders()=[gps, network]
08-08 23:49:11.018 D/LocationManagerService(  917): getBestProvider(Criteria[power=NO_REQ acc=LOW], true)=gps
08-08 23:49:11.018 D/LocationManagerService(  917): getLastLocation: Request[ACCURACY_FINE gps requested=0 fastest=0 num=1]
08-08 23:49:11.018 D/ConnectivityService(  917): returning getActiveNetworkInfo :[type: WIFI[] - WIFI, state: CONNECTED/CONNECTED, reason: (unspecified), extra: "宣龙华的 iPhone (2)", roaming: false, failover: false, isAvailable: true, isConnectedToProvisioningNetwork: false]
08-08 23:49:11.058 D/ActivityManager(  917): post active user change for 0
08-08 23:49:11.058 D/KnoxTimeoutHandler(  917): postActiveUserChange for user 0
08-08 23:49:11.058 D/KnoxTimeoutHandler(  917): handleActiveUserChange for user 0
08-08 23:49:11.058 I/SurfaceFlinger(  256): id=1553 createSurf (1x1),1 flag=4, ButhorityAc
08-08 23:49:11.068 E/SMD     (  289): DCD ON
08-08 23:49:11.068 D/MSF.C.NetConnTag(10181): pa ok: 98263
08-08 23:49:11.068 D/MSF.C.NetConnTag(10181): read DataError java.net.SocketException: setsockopt failed: EBADF (Bad file number)
08-08 23:49:11.068 D/MSF.C.NetConnTag(10181): conn is already closed on readError
08-08 23:49:11.068 D/MSF.C.NetConnTag(10181): close Socket[address=/111.13.34.165,port=0,localPort=0] by lastMessageTimeTooLong
08-08 23:49:11.078 D/MSF.C.PushManager:PushCoder(10181): handlerPush send 83266246C16B7C00ABAD782524B8FA43 register push id 7 pushStatus:11 bRegType:1 timeStamp:594 newIP:2770472303 oldIP:2770472303
08-08 23:49:11.078 W/Settings(10181): Setting airplane_mode_on has moved from android.provider.Settings.System to android.provider.Settings.Global, returning read-only value.
08-08 23:49:11.078 D/MSF.C.NetConnTag(10181): try open Conn /111.30.181.201:8080 noneProxy
08-08 23:49:11.078 I/System.out(10181): (HTTPLog)-Static: isSBSettingEnabled false
08-08 23:49:11.078 W/ActivityManager(  917): getTasks: caller 10206 does not hold GET_TASKS; limiting output
08-08 23:49:11.088 D/MultiPhoneWindow( 5908): refreshUI state=1
08-08 23:49:11.088 D/MultiPhoneWindow( 5908): performUpdateVisibility : visible :false
08-08 23:49:11.088 D/MultiPhoneWindow( 5908): MinimizeAnimator::removeWindow
08-08 23:49:11.108 I/SurfaceFlinger(  256): id=1554 createSurf (1080x1920),2 flag=404, ButhorityAc
08-08 23:49:11.128 D/InputMethodManagerService(  917): windowGainedFocus mCurrentFocusedUserId - 0 and mSecureKeypadEnabled-false
08-08 23:49:11.128 W/InputMethodManagerService(  917): Starting input on non-focused client com.android.internal.view.IInputMethodClient$Stub$Proxy@25d53ac0 (uid=10217 pid=5260)
08-08 23:49:11.128 W/ContextImpl(  917): Calling a method in the system process without a qualified user: android.app.ContextImpl.sendBroadcast:1699 com.android.server.InputMethodManagerService$6.run:2733 java.lang.Thread.run:818 <bottom of call stack> <bottom of call stack> 
08-08 23:49:11.138 D/MSF.D.QLog(10181): QLog init
08-08 23:49:11.208 D/ConnectivityService(  917): returning getActiveNetworkInfo :[type: WIFI[] - WIFI, state: CONNECTED/CONNECTED, reason: (unspecified), extra: "宣龙华的 iPhone (2)", roaming: false, failover: false, isAvailable: true, isConnectedToProvisioningNetwork: false]
08-08 23:49:11.218 D/MSF.C.NetConnTag(10181): open conn at /111.30.181.201:8080 costTime:136 configTimeout: 8000 localSocket:172.20.10.11:0 noneProxy
08-08 23:49:11.278 I/System.out(10181): KnoxVpnUidStorageknoxVpnSupported API value returned is false
08-08 23:49:11.278 W/ActivityManager(  917): getTasks: caller 10205 does not hold GET_TASKS; limiting output
08-08 23:49:11.318 D/MSF.C.AccountCenter(10181): try load accounts 2
08-08 23:49:11.318 D/MSF.C.NetConnTag(10181): use full head for uin:*8039
08-08 23:49:11.318 D/MSF.C.NetConnTag(10181): clear storeSendSsoSeq tag for uin:*8039
08-08 23:49:11.318 D/MSF.C.NetConnTag(10181): use full head for uin:*9830
08-08 23:49:11.318 D/MSF.C.NetConnTag(10181): ssoping seq: 98267 timeout: 20000
08-08 23:49:11.318 D/MSF.C.NetConnTag(10181): netSend ssoSeq:98267 uin:0 cmd:76640 98288
08-08 23:49:11.328 I/art     (  917): Explicit concurrent mark sweep GC freed 66561(3MB) AllocSpace objects, 12(192KB) LOS objects, 24% free, 49MB/65MB, paused 2.299ms total 199.966ms
08-08 23:49:11.328 D/ConnectivityService(  917): returning getActiveNetworkInfo :[type: WIFI[] - WIFI, state: CONNECTED/CONNECTED, reason: (unspecified), extra: "宣龙华的 iPhone (2)", roaming: false, failover: false, isAvailable: true, isConnectedToProvisioningNetwork: false]
08-08 23:49:11.338 D/MSF.C.PushManager:PushCoder(10181): also send pushRegister, return. true true true
08-08 23:49:11.338 D/MSF.C.NetConnInfoCenter(10181): currentAPN:null. received networkInfo: CONNECTED :[type: WIFI[] - WIFI, state: CONNECTED/CONNECTED, reason: (unspecified), extra: "宣龙华的 iPhone (2)", roaming: false, failover: false, isAvailable: true, isConnectedToProvisioningNetwork: false]. extra NetworkInfo: null
08-08 23:49:11.338 D/ConnectivityService(  917): returning getActiveNetworkInfo :[type: WIFI[] - WIFI, state: CONNECTED/CONNECTED, reason: (unspecified), extra: "宣龙华的 iPhone (2)", roaming: false, failover: false, isAvailable: true, isConnectedToProvisioningNetwork: false]
08-08 23:49:11.348 I/UnicodeIME( 1734): onFinishInput: 
08-08 23:49:11.348 I/System.out( 5908): GlobalPool-H calls detatch()
08-08 23:49:11.358 I/UnicodeIME( 1734): onStartInput
08-08 23:49:11.358 D/ConnectivityService(  917): returning getActiveNetworkInfo :[type: WIFI[] - WIFI, state: CONNECTED/CONNECTED, reason: (unspecified), extra: "宣龙华的 iPhone (2)", roaming: false, failover: false, isAvailable: true, isConnectedToProvisioningNetwork: false]
08-08 23:49:11.358 D/ConnectivityService(  917): returning getNetworkInfo(networkType - 0) :[type: MOBILE[] - MOBILE, state: DISCONNECTED/DISCONNECTED, reason: (unspecified), extra: (none), roaming: false, failover: false, isAvailable: true, isConnectedToProvisioningNetwork: false]
08-08 23:49:11.368 D/MSF.C.NetConnTag(10181): p ok re1: 98263
08-08 23:49:11.368 D/MSF.C.NetConnTag(10181): netSend ssoSeq:98263 uin:*8039 cmd:-1620788050 99274
08-08 23:49:11.368 D/MSF.C.NetConnTag(10181): netRecv ssoSeq:98267 uin:0 cmd:76640 98288
08-08 23:49:11.368 D/MSF.C.NetConnTag(10181): single ssid 宣龙华的 iPhone (2) record times limited in 3
08-08 23:49:11.378 D/MSF.C.NetConnTag(10181): pa ok: 98264
08-08 23:49:11.378 D/MSF.C.NetConnTag(10181): netSend ssoSeq:98264 uin:*8039 cmd:-1591668360 98715
08-08 23:49:11.388 D/MSF.C.NetConnTag(10181): pa ok: 98266
08-08 23:49:11.388 D/MSF.C.NetConnTag(10181): netSend ssoSeq:98266 uin:*8039 cmd:-1783542011 98757
08-08 23:49:11.388 D/MSF.C.NetConnTag(10181): send Packet addQueue, ssoSeq=98266, uin=*8039
08-08 23:49:11.398 I/ActivityManager(  917): Displayed com.tencent.mobileqq/com.tencent.open.agent.AuthorityActivity: +876ms (total +1s827ms)
08-08 23:49:11.398 I/Timeline(  917): Timeline: Activity_windows_visible id: ActivityRecord{349f28fb u0 com.tencent.news/com.tencent.connect.common.AssistActivity t1251} time:99685469
08-08 23:49:11.398 D/StatusBarManagerService(  917): manageDisableList userId=0 what=0x0 pkg=WindowManager.LayoutParams
08-08 23:49:11.398 W/ActivityManager(  917): mDVFSHelper.release()
08-08 23:49:11.418 V/PhoneStatusBar( 1177): setLightsOn(true)
08-08 23:49:11.418 I/art     ( 5908): Explicit concurrent mark sweep GC freed 53944(3MB) AllocSpace objects, 28(684KB) LOS objects, 41% free, 22MB/38MB, paused 891us total 93.678ms
08-08 23:49:11.428 D/MSF.C.NetConnTag(10181): netRecv ssoSeq:0 uin:*8039 cmd:0 87 code:-10001 failMsg:D2 is expired.
08-08 23:49:11.428 D/MSF.C.NetConnTag(10181): use full head for uin:*8039
08-08 23:49:11.428 D/MSF.C.NetConnTag(10181): clear storeSendSsoSeq tag for uin:*8039
08-08 23:49:11.428 D/MSF.C.SsoListManager(10181): save http get wifisso for socket://111.30.181.169:8080#00000:0:0:8:true:tj:cm;socket://121.51.36.148:14000#00000:0:0:8:true:sh:cm;socket://111.30.181.22:8080#00000:0:0:8:true:tj:cm;socket://183.232.93.196:80#00000:0:0:8:true:sz:cm;socket://117.144.242.102:14000#00000:0:0:8:true:sh:cm;socket://111.30.178.34:443#00000:0:0:8:true:tj:cm;socket://183.232.126.123:14000#00000:0:0:8:true:sz:cm;socket://36.155.240.73:80#00000:0:0:8:true:sh:cm;socket://msfwifi.3g.qq.com:8080#00000:0:0:8:false:others:others;socket://111.30.181.169:80#00000:0:0:8:true:tj:cm;
08-08 23:49:11.438 I/SurfaceFlinger(  256): id=1552 Removed BssistActiv (4/12)
08-08 23:49:11.438 I/SurfaceFlinger(  256): id=1552 Removed BssistActiv (-2/12)
08-08 23:49:11.458 I/Timeline( 5260): Timeline: Activity_idle id: android.os.BinderProxy@5741f32 time:99685525
08-08 23:49:11.468 D/MSF.D.Proxy( 3270): BaseConstants.CODE_NO_LOGIN 896795299
08-08 23:49:11.468 D/MSF.D.Proxy( 5908): BaseConstants.CODE_NO_LOGIN 492885406
08-08 23:49:11.468 W/ActivityManager(  917): getTasks: caller 10206 does not hold GET_TASKS; limiting output
08-08 23:49:11.478 W/ActivityManager(  917): getTasks: caller 10206 does not hold GET_TASKS; limiting output
08-08 23:49:11.508 D/MSF.C.NetConnTag(10181): netRecv ssoSeq:0 uin:*8039 cmd:0 87 code:-10001 failMsg:D2 is expired.
08-08 23:49:11.508 D/MSF.C.NetConnTag(10181): use full head for uin:*8039
08-08 23:49:11.518 I/Timeline( 5908): Timeline: Activity_idle id: android.os.BinderProxy@55cca2e time:99685589
08-08 23:49:11.518 I/Timeline( 5908): Timeline: Activity_idle id: android.os.BinderProxy@36aec171 time:99685589
08-08 23:49:11.538 D/MSF.C.NetConnTag(10181): netRecv ssoSeq:98263 uin:*8039 cmd:-1620788050 99182
08-08 23:49:11.538 D/MSF.D.Proxy( 5908): BaseConstants.CODE_NO_LOGIN 445237521
08-08 23:49:11.538 D/MSF.D.Proxy( 3270): BaseConstants.CODE_NO_LOGIN 171582975
08-08 23:49:11.538 D/WifiDetector(10181): WIFI detect onWifiConnSucc!
08-08 23:49:11.548 D/MSF.C.WTLoginCenter.MsfProvider(10181): onRecvData find wtloginMsfListener for 98263
08-08 23:49:11.598 I/SurfaceFlinger(  256): id=1551 Removed TplashActiv (3/11)
08-08 23:49:11.598 I/SurfaceFlinger(  256): id=1551 Removed TplashActiv (-2/11)
08-08 23:49:11.628 I/SurfaceFlinger(  256): id=1550 Removed TplashActiv (2/10)
08-08 23:49:11.628 I/SurfaceFlinger(  256): id=1550 Removed TplashActiv (-2/10)
08-08 23:49:11.648 D/MSF.C.NetConnTag(10181): pa ok: 98276
08-08 23:49:11.648 D/MSF.C.NetConnTag(10181): netSend ssoSeq:98276 uin:*8039 cmd:-913267217 99023
08-08 23:49:11.648 I/Timeline(  917): Timeline: Activity_windows_visible id: ActivityRecord{1eebc5ea u0 com.tencent.mobileqq/com.tencent.open.agent.AuthorityActivity t1251} time:99685718
08-08 23:49:11.658 D/AuthorityActivity( 5908): rec | cmd: g_t_n_p | uin : *8039 | ret : success | code: 1000
08-08 23:49:11.658 D/LocationManagerService(  917): getProviders()=[gps, network]
08-08 23:49:11.658 D/LocationManagerService(  917): getBestProvider(Criteria[power=NO_REQ acc=LOW], true)=gps
08-08 23:49:11.658 D/LocationManagerService(  917): getLastLocation: Request[ACCURACY_FINE gps requested=0 fastest=0 num=1]
08-08 23:49:11.658 D/ConnectivityService(  917): returning getActiveNetworkInfo :[type: WIFI[] - WIFI, state: CONNECTED/CONNECTED, reason: (unspecified), extra: "宣龙华的 iPhone (2)", roaming: false, failover: false, isAvailable: true, isConnectedToProvisioningNetwork: false]
08-08 23:49:11.658 D/ConnectivityService(  917): returning getActiveNetworkInfo :[type: WIFI[] - WIFI, state: CONNECTED/CONNECTED, reason: (unspecified), extra: "宣龙华的 iPhone (2)", roaming: false, failover: false, isAvailable: true, isConnectedToProvisioningNetwork: false]
08-08 23:49:11.678 D/AuthorityActivity( 5908): send | cmd: g_a_a_l_emp | uin : *8039
08-08 23:49:11.678 D/MSF.C.NetConnTag(10181): add 98277 scmd: -1795951673 uin: *8039 len: 232 msg to -1108313138 delayWaitSendList
08-08 23:49:11.678 V/ActivityThread( 5260): updateVisibility : ActivityRecord{2d4cb590 token=android.os.BinderProxy@11ec37c2 {com.tencent.news/com.tencent.news.activity.SplashActivity}} show : false
08-08 23:49:11.678 V/ActivityThread( 5260): updateVisibility : ActivityRecord{265b5e89 token=android.os.BinderProxy@5741f32 {com.tencent.news/com.tencent.connect.common.AssistActivity}} show : false
08-08 23:49:11.688 I/System.out( 5260): (HTTPLog)-Static: isSBSettingEnabled false
08-08 23:49:11.688 D/ConnectivityService(  917): returning getActiveNetworkInfo :[type: WIFI[] - WIFI, state: CONNECTED/CONNECTED, reason: (unspecified), extra: "宣龙华的 iPhone (2)", roaming: false, failover: false, isAvailable: true, isConnectedToProvisioningNetwork: false]
08-08 23:49:11.698 D/ConnectivityService(  917): returning getActiveNetworkInfo :[type: WIFI[] - WIFI, state: CONNECTED/CONNECTED, reason: (unspecified), extra: "宣龙华的 iPhone (2)", roaming: false, failover: false, isAvailable: true, isConnectedToProvisioningNetwork: false]
08-08 23:49:11.708 I/System.out( 5260): (HTTPLog)-Static: isSBSettingEnabled false
08-08 23:49:11.768 D/MSF.C.NetConnTag(10181): netRecv ssoSeq:98276 uin:*8039 cmd:-913267217 98411
08-08 23:49:11.768 D/MSF.C.WTLoginCenter.MsfProvider(10181): onRecvData find wtloginMsfListener for 98276
08-08 23:49:11.768 D/ConnectivityService(  917): returning getActiveNetworkInfo :[type: WIFI[] - WIFI, state: CONNECTED/CONNECTED, reason: (unspecified), extra: "宣龙华的 iPhone (2)", roaming: false, failover: false, isAvailable: true, isConnectedToProvisioningNetwork: false]
08-08 23:49:11.848 D/LogWriter( 5260): 08-08 23:49:11.851	7662	Request	request http://r.inews.qq.com/appEventNotice will submit with ssl
08-08 23:49:11.858 D/LogWriter( 5260): 08-08 23:49:11.855	7662	ConnectionSelector	found reuse connect Connection{r.inews.qq.com:443, proxy=DIRECT@ hostAddress=r.inews.qq.com/2402:4e00:8030:1::7f:443 cipherSuite=TLS_ECDHE_RSA_WITH_AES_128_GCM_SHA256 protocol=http/1.1 birth=128792432 live=11494} host: r.inews.qq.com address: r.inews.qq.com/2402:4e00:8030:1::7f:443 stable: true
08-08 23:49:11.858 W/AccountManagerService(  917): caller uid 10217 is different than the authenticator's uid
08-08 23:49:11.858 E/ActivityThread( 5260): Failed to find provider info for com.android.badge
08-08 23:49:11.868 W/System.err( 5260): com.tencent.news.badger.ShortcutBadgeException: Unable to execute badge
08-08 23:49:11.868 W/System.err( 5260): 	at com.tencent.news.badger.m.ʻ(ShortcutBadger.java:80)
08-08 23:49:11.868 W/System.err( 5260): 	at com.tencent.news.system.b.ʼʼ(ApplicationProxy.java:759)
08-08 23:49:11.868 W/System.err( 5260): 	at com.tencent.news.system.b.ˉ(ApplicationProxy.java:1117)
08-08 23:49:11.868 W/System.err( 5260): 	at com.tencent.news.system.b$10.run(ApplicationProxy.java:1078)
08-08 23:49:11.868 W/System.err( 5260): 	at com.tencent.news.task.e$c.run(TimerTaskManager.java:175)
08-08 23:49:11.868 W/System.err( 5260): 	at java.util.concurrent.Executors$RunnableAdapter.call(Executors.java:422)
08-08 23:49:11.868 W/System.err( 5260): 	at java.util.concurrent.FutureTask.run(FutureTask.java:237)
08-08 23:49:11.868 W/System.err( 5260): 	at java.util.concurrent.ScheduledThreadPoolExecutor$ScheduledFutureTask.access$201(ScheduledThreadPoolExecutor.java:152)
08-08 23:49:11.868 W/System.err( 5260): 	at java.util.concurrent.ScheduledThreadPoolExecutor$ScheduledFutureTask.run(ScheduledThreadPoolExecutor.java:265)
08-08 23:49:11.868 W/System.err( 5260): 	at java.util.concurrent.ThreadPoolExecutor.runWorker(ThreadPoolExecutor.java:1112)
08-08 23:49:11.868 W/System.err( 5260): 	at java.util.concurrent.ThreadPoolExecutor$Worker.run(ThreadPoolExecutor.java:587)
08-08 23:49:11.868 W/System.err( 5260): 	at java.lang.Thread.run(Thread.java:818)
08-08 23:49:11.868 W/System.err( 5260): Caused by: com.tencent.news.badger.ShortcutBadgeException: unable to resolve intent: Intent { act=android.intent.action.BADGE_COUNT_UPDATE (has extras) }
08-08 23:49:11.868 W/System.err( 5260): 	at com.tencent.news.badger.g.ʻ(DefaultBadger.java:33)
08-08 23:49:11.868 D/ConnectivityService(  917): returning getActiveNetworkInfo :[type: WIFI[] - WIFI, state: CONNECTED/CONNECTED, reason: (unspecified), extra: "宣龙华的 iPhone (2)", roaming: false, failover: false, isAvailable: true, isConnectedToProvisioningNetwork: false]
08-08 23:49:11.878 W/System.err( 5260): 	at com.tencent.news.badger.l.ʻ(SamsungHomeBadger.java:33)
08-08 23:49:11.878 W/System.err( 5260): 	at com.tencent.news.badger.m.ʻ(ShortcutBadger.java:78)
08-08 23:49:11.878 W/System.err( 5260): 	... 11 more
08-08 23:49:11.878 D/LogWriter( 5260): 08-08 23:49:11.880	7456	Request	request http://w.inews.qq.com/reportActualExpose will submit with ssl
08-08 23:49:11.898 D/LogWriter( 5260): 08-08 23:49:11.883	7678	Request	request http://r.inews.qq.com/checkWeiboAbility?coral_uid=169840019 will submit with ssl
08-08 23:49:11.898 D/LogWriter( 5260): 08-08 23:49:11.886	7678	ConnectionSelector	found reuse connect Connection{r.inews.qq.com:443, proxy=DIRECT@ hostAddress=r.inews.qq.com/2402:4e00:8030:1::7f:443 cipherSuite=TLS_ECDHE_RSA_WITH_AES_128_GCM_SHA256 protocol=http/1.1 birth=128792494 live=11474} host: r.inews.qq.com address: r.inews.qq.com/2402:4e00:8030:1::7f:443 stable: true
08-08 23:49:11.918 D/LogWriter( 5260): 08-08 23:49:11.896	7581	PriorityDns	lookup, start lookup local: w.inews.qq.com
08-08 23:49:11.928 D/LogWriter( 5260): 08-08 23:49:11.899	7456	Request	filter block ssl route holder /182.254.118.8 from 0 expire -9223372036725993854 lowIp true fallback http
08-08 23:49:11.928 D/LogWriter( 5260): 08-08 23:49:11.906	7591	Request	request http://w.inews.qq.com/reportNewUserTime will submit with ssl
08-08 23:49:11.928 D/LogWriter( 5260): 08-08 23:49:11.913	7680	PriorityDns	lookup, start lookup local: w.inews.qq.com
08-08 23:49:11.928 D/LogWriter( 5260): 08-08 23:49:11.914	7591	Request	filter block ssl route holder /182.254.118.8 from 0 expire -9223372036725993854 lowIp true fallback http
08-08 23:49:11.928 D/LogWriter( 5260): 08-08 23:49:11.936	7588	Request	request http://w.inews.qq.com/reportUserTime will submit with ssl
08-08 23:49:11.938 D/LogWriter( 5260): 08-08 23:49:11.945	7679	PriorityDns	lookup, start lookup local: w.inews.qq.com
08-08 23:49:11.948 D/LogWriter( 5260): 08-08 23:49:11.949	7588	Request	filter block ssl route holder /182.254.118.8 from 0 expire -9223372036725993854 lowIp true fallback http
08-08 23:49:11.948 D/ConnectivityService(  917): returning getNetworkInfo(networkType - 0) :[type: MOBILE[] - MOBILE, state: DISCONNECTED/DISCONNECTED, reason: (unspecified), extra: (none), roaming: false, failover: false, isAvailable: true, isConnectedToProvisioningNetwork: false]
08-08 23:49:11.948 D/ConnectivityService(  917): returning getNetworkInfo(networkType - 1) :[type: WIFI[] - WIFI, state: CONNECTED/CONNECTED, reason: (unspecified), extra: "宣龙华的 iPhone (2)", roaming: false, failover: false, isAvailable: true, isConnectedToProvisioningNetwork: false]
08-08 23:49:11.948 D/ConnectivityService(  917): returning getActiveNetworkInfo :[type: WIFI[] - WIFI, state: CONNECTED/CONNECTED, reason: (unspecified), extra: "宣龙华的 iPhone (2)", roaming: false, failover: false, isAvailable: true, isConnectedToProvisioningNetwork: false]
08-08 23:49:11.978 D/ConnectivityService(  917): returning getNetworkInfo(networkType - 0) :[type: MOBILE[] - MOBILE, state: DISCONNECTED/DISCONNECTED, reason: (unspecified), extra: (none), roaming: false, failover: false, isAvailable: true, isConnectedToProvisioningNetwork: false]
08-08 23:49:11.978 D/ConnectivityService(  917): returning getNetworkInfo(networkType - 1) :[type: WIFI[] - WIFI, state: CONNECTED/CONNECTED, reason: (unspecified), extra: "宣龙华的 iPhone (2)", roaming: false, failover: false, isAvailable: true, isConnectedToProvisioningNetwork: false]
08-08 23:49:11.978 D/ConnectivityService(  917): returning getActiveNetworkInfo :[type: WIFI[] - WIFI, state: CONNECTED/CONNECTED, reason: (unspecified), extra: "宣龙华的 iPhone (2)", roaming: false, failover: false, isAvailable: true, isConnectedToProvisioningNetwork: false]
08-08 23:49:12.068 D/LogWriter( 5260): 08-08 23:49:12.073	7601	ConnectionSelector	return connection, host w.inews.qq.com addr w.inews.qq.com/2402:4e00:8030:1::7f:443 proxy DIRECT@ rtt 68 
08-08 23:49:12.098 D/LogWriter( 5260): 08-08 23:49:12.101	7593	ConnectionSelector	return connection, host w.inews.qq.com addr w.inews.qq.com/2402:4e00:8030:1::7f:443 proxy DIRECT@ rtt 76 
08-08 23:49:12.108 D/LogWriter( 5260): 08-08 23:49:12.110	7672	ConnectionSelector	return connection, host w.inews.qq.com addr w.inews.qq.com/2402:4e00:8030:1::7f:443 proxy DIRECT@ rtt 69 
08-08 23:49:12.118 D/MSF.D.QLog( 3270): QLog init
08-08 23:49:12.158 D/NtpTrustedTime(  917): currentTimeMillis() cache hit
08-08 23:49:12.158 D/NetworkStatsFactory(  917): UpdateStatsForKnox
08-08 23:49:12.158 V/NetworkStats(  917): performPollLocked(flags=0x1)
08-08 23:49:12.158 D/ConnectivityService(  917): returning getNetworkInfo(networkType - 28) :[type: MOBILE_ENT1[] - MOBILE_ENT1, state: DISCONNECTED/DISCONNECTED, reason: (unspecified), extra: (none), roaming: false, failover: false, isAvailable: true, isConnectedToProvisioningNetwork: false]
08-08 23:49:12.168 D/NtpTrustedTime(  917): currentTimeMillis() cache hit
08-08 23:49:12.168 D/NtpTrustedTime(  917): currentTimeMillis() cache hit
08-08 23:49:12.168 D/NtpTrustedTime(  917): currentTimeMillis() cache hit
08-08 23:49:12.168 V/NetworkStats(  917): performPollLocked() took 9ms
08-08 23:49:12.168 W/ContextImpl(  917): Calling a method in the system process without a qualified user: android.app.ContextImpl.sendBroadcast:1699 com.android.server.ConnectivityService.handleSetPolicyDataEnable:1678 com.android.server.ConnectivityService.access$4200:230 com.android.server.ConnectivityService$InternalHandler.handleMessage:2922 android.os.Handler.dispatchMessage:102 
08-08 23:49:12.178 D/MSF.C.NetConnTag(10181): pa ok: 98277
08-08 23:49:12.178 D/MSF.C.NetConnTag(10181): netSend ssoSeq:98277 uin:*8039 cmd:-1795951673 98704
08-08 23:49:12.178 W/NetworkStats(  917): getDevSummary: NetworkStats: elapsedRealtime=0
08-08 23:49:12.178 W/NetworkStats(  917): getXtSummary: NetworkStats: elapsedRealtime=690552533
08-08 23:49:12.198 I/System.out( 5908): GlobalPool-H calls detatch()
08-08 23:49:12.258 D/MSF.C.NetConnTag(10181): netRecv ssoSeq:98277 uin:*8039 cmd:-1795951673 98692
08-08 23:49:12.258 D/ConnectivityService(  917): returning getNetworkInfo(networkType - 0) :[type: MOBILE[] - MOBILE, state: DISCONNECTED/DISCONNECTED, reason: (unspecified), extra: (none), roaming: false, failover: false, isAvailable: true, isConnectedToProvisioningNetwork: false]
08-08 23:49:12.258 D/ConnectivityService(  917): returning getNetworkInfo(networkType - 1) :[type: WIFI[] - WIFI, state: CONNECTED/CONNECTED, reason: (unspecified), extra: "宣龙华的 iPhone (2)", roaming: false, failover: false, isAvailable: true, isConnectedToProvisioningNetwork: false]
08-08 23:49:12.258 D/ConnectivityService(  917): returning getActiveNetworkInfo :[type: WIFI[] - WIFI, state: CONNECTED/CONNECTED, reason: (unspecified), extra: "宣龙华的 iPhone (2)", roaming: false, failover: false, isAvailable: true, isConnectedToProvisioningNetwork: false]
08-08 23:49:12.268 D/AuthorityActivity( 5908): rec | cmd: g_a_a_l_emp | uin : *8039 | ret : success | code : 1000
08-08 23:49:12.268 D/LocationManagerService(  917): getProviders()=[gps, network]
08-08 23:49:12.268 D/LocationManagerService(  917): getBestProvider(Criteria[power=NO_REQ acc=LOW], true)=gps
08-08 23:49:12.268 D/LocationManagerService(  917): getLastLocation: Request[ACCURACY_FINE gps requested=0 fastest=0 num=1]
08-08 23:49:12.268 D/ConnectivityService(  917): returning getActiveNetworkInfo :[type: WIFI[] - WIFI, state: CONNECTED/CONNECTED, reason: (unspecified), extra: "宣龙华的 iPhone (2)", roaming: false, failover: false, isAvailable: true, isConnectedToProvisioningNetwork: false]
08-08 23:49:12.268 D/ConnectivityService(  917): returning getActiveNetworkInfo :[type: WIFI[] - WIFI, state: CONNECTED/CONNECTED, reason: (unspecified), extra: "宣龙华的 iPhone (2)", roaming: false, failover: false, isAvailable: true, isConnectedToProvisioningNetwork: false]
08-08 23:49:12.278 V/PhoneStatusBar( 1177): setLightsOn(true)
08-08 23:49:12.278 W/ActivityManager(  917): getTasks: caller 10205 does not hold GET_TASKS; limiting output
08-08 23:49:12.278 D/ConnectivityService(  917): returning getNetworkInfo(networkType - 0) :[type: MOBILE[] - MOBILE, state: DISCONNECTED/DISCONNECTED, reason: (unspecified), extra: (none), roaming: false, failover: false, isAvailable: true, isConnectedToProvisioningNetwork: false]
08-08 23:49:12.278 D/StatusBarManagerService(  917): manageDisableList userId=0 what=0x0 pkg=WindowManager.LayoutParams
08-08 23:49:12.278 D/ConnectivityService(  917): returning getNetworkInfo(networkType - 1) :[type: WIFI[] - WIFI, state: CONNECTED/CONNECTED, reason: (unspecified), extra: "宣龙华的 iPhone (2)", roaming: false, failover: false, isAvailable: true, isConnectedToProvisioningNetwork: false]
08-08 23:49:12.288 D/ConnectivityService(  917): returning getActiveNetworkInfo :[type: WIFI[] - WIFI, state: CONNECTED/CONNECTED, reason: (unspecified), extra: "宣龙华的 iPhone (2)", roaming: false, failover: false, isAvailable: true, isConnectedToProvisioningNetwork: false]
