08-10 10:43:04.151 I/System.out(30168): (HTTPLog)-Static: isSBSettingEnabled false
08-10 10:43:04.231 V/MediaPlayer(30168): isPlaying: no active player
08-10 10:43:04.231 V/MediaPlayer-JNI(30168): isPlaying: 0
08-10 10:43:04.231 V/MediaPlayer(30168): isPlaying: no active player
08-10 10:43:04.231 V/MediaPlayer-JNI(30168): isPlaying: 0
08-10 10:43:04.251 I/appium  (30080): channel read invoked!
08-10 10:43:04.251 W/System.err(30168): java.io.IOException: Hostname '140.207.128.111' was not verified
08-10 10:43:04.251 I/appium  (30080): channel read: POST /wd/hub/session/9820e26f-855b-4968-9af5-4f17ea1832a2/elements
08-10 10:43:04.251 I/appium  (30080): Find elements command using 'id' with selector 'com.tencent.news:id/b0e'.
08-10 10:43:04.251 D/ActivityManager(  933): isDeviceAdminActiveApp false :com.tencent.news
08-10 10:43:04.251 E/ActivityManager(  933): isAutoRunBlockedApp:: com.tencent.news, Auto Run OFF
08-10 10:43:04.251 V/AutoRunDefaultOff(  933):  action=com.tencent.reading.action.omgid, callerPkg=com.tencent.news, calleePkg=com.tencent.news
08-10 10:43:04.251 V/AutoRunDefaultOff(  933):  This is NOT target model of AutoRun 
08-10 10:43:04.251 D/ActivityManager(  933): startProcessLocked calleePkgName: com.tencent.news, hostingType: broadcast
08-10 10:43:04.251 D/ActivityManager(  933): isDeviceAdminActiveApp false :com.tencent.news
08-10 10:43:04.251 E/ActivityManager(  933): isAutoRunBlockedApp:: com.tencent.news, Auto Run OFF
08-10 10:43:04.251 E/ActivityManager(  933): checkUser: useridlist=null, currentuser=0
08-10 10:43:04.251 E/ActivityManager(  933): checkUser: useridlist=null, currentuser=0
08-10 10:43:04.251 E/ActivityManager(  933): checkUser: useridlist=null, currentuser=0
08-10 10:43:04.251 E/ActivityManager(  933): checkUser: useridlist=null, currentuser=0
08-10 10:43:04.261 I/appium  (30080): Waiting up to 10000ms for device to be idle
08-10 10:43:04.261 W/System.err(30168): 	at com.android.okhttp.Connection.upgradeToTls(Connection.java:1289)
08-10 10:43:04.261 W/System.err(30168): 	at com.android.okhttp.Connection.connect(Connection.java:1197)
08-10 10:43:04.261 W/System.err(30168): 	at com.android.okhttp.internal.http.HttpEngine.connect(HttpEngine.java:392)
08-10 10:43:04.261 W/System.err(30168): 	at com.android.okhttp.internal.http.HttpEngine.sendRequest(HttpEngine.java:295)
08-10 10:43:04.261 W/System.err(30168): 	at com.android.okhttp.internal.http.HttpURLConnectionImpl.execute(HttpURLConnectionImpl.java:373)
08-10 10:43:04.261 W/System.err(30168): 	at com.android.okhttp.internal.http.HttpURLConnectionImpl.connect(HttpURLConnectionImpl.java:106)
08-10 10:43:04.261 W/System.err(30168): 	at com.android.okhttp.internal.http.DelegatingHttpsURLConnection.connect(DelegatingHttpsURLConnection.java:89)
08-10 10:43:04.261 W/System.err(30168): 	at com.android.okhttp.internal.http.HttpsURLConnectionImpl.connect(HttpsURLConnectionImpl.java:25)
08-10 10:43:04.261 W/System.err(30168): 	at c.t.m.g.ai.a(Unknown Source)
08-10 10:43:04.261 W/System.err(30168): 	at c.t.m.g.af.a(Unknown Source)
08-10 10:43:04.261 W/System.err(30168): 	at c.t.m.g.k.a(Unknown Source)
08-10 10:43:04.271 W/System.err(30168): 	at c.t.m.g.j.a(Unknown Source)
08-10 10:43:04.271 W/System.err(30168): 	at c.t.m.g.k.a(Unknown Source)
08-10 10:43:04.271 W/System.err(30168): 	at c.t.m.g.h.run(Unknown Source)
08-10 10:43:04.271 W/System.err(30168): 	at java.util.concurrent.ThreadPoolExecutor.runWorker(ThreadPoolExecutor.java:1112)
08-10 10:43:04.271 W/System.err(30168): 	at java.util.concurrent.ThreadPoolExecutor$Worker.run(ThreadPoolExecutor.java:587)
08-10 10:43:04.271 W/System.err(30168): 	at java.lang.Thread.run(Thread.java:818)
08-10 10:43:04.271 D/ConnectivityService(  933): returning getActiveNetworkInfo :[type: WIFI[] - WIFI, state: CONNECTED/CONNECTED, reason: (unspecified), extra: "CU_d24p", roaming: false, failover: false, isAvailable: true, isConnectedToProvisioningNetwork: false]
08-10 10:43:04.291 E/Zygote  (30575): MountEmulatedStorage()
08-10 10:43:04.291 E/Zygote  (30575): v2
08-10 10:43:04.291 I/libpersona(30575): KNOX_SDCARD checking this for 10217
08-10 10:43:04.291 I/libpersona(30575): KNOX_SDCARD not a persona
08-10 10:43:04.311 I/ActivityManager(  933): Start proc com.tencent.news:PushService for broadcast com.tencent.news/.report.OmgIdBroadcastReceiver: pid=30575 uid=10217 gids={50217, 9997, 3003, 1028, 1015} abi=armeabi
08-10 10:43:04.331 I/SELinux (30575): Function: selinux_compare_spd_ram, SPD-policy is existed. and_ver=SEPF_SM-N9006_5.0-1 ver=51
08-10 10:43:04.331 I/SELinux (30575): Function: selinux_compare_spd_ram , priority [1] , priority version is VE=SEPF_SM-N9006_5.0-1_0051
08-10 10:43:04.331 E/SELinux (30575): [DEBUG] get_category: variable seinfo: default sensitivity: NULL, cateogry: NULL
08-10 10:43:04.381 D/TimaKeyStoreProvider(30575): TimaSignature is unavailable
08-10 10:43:04.381 D/ActivityThread(30575): Added TimaKeyStore provider
08-10 10:43:04.391 D/ResourcesManager(30575): creating new AssetManager and set to /data/app/com.tencent.news-1/base.apk
08-10 10:43:04.401 W/ResourcesManager(30575): Asset path '/system/framework/android.test.runner.jar' does not exist or contains no resources.
08-10 10:43:04.401 W/ResourcesManager(30575): Asset path '/system/framework/multiwindow.jar' does not exist or contains no resources.
08-10 10:43:04.441 W/ContextImpl(30575): Failed to ensure directory: /storage/extSdCard/Android/data/com.tencent.news/cache
08-10 10:43:04.441 E/Vold    (  255): Failed to find mounted volume for /storage/extSdCard/Android/data/com.tencent.news/cache/
08-10 10:43:04.441 W/Vold    (  255): Returning OperationFailed - no handler for errno 0
08-10 10:43:04.531 V/BitmapFactory(30168): DecodeImagePath(decodeResourceStream3) : r/g/a_d.png
08-10 10:43:04.531 I/WebViewFactory(30168): Loading com.google.android.webview version 43.0.2357.121 (code 2357121)
08-10 10:43:04.531 V/BitmapFactory(30168): DecodeImagePath(decodeResourceStream3) : r/g/a_c.png
08-10 10:43:04.531 D/ResourcesManager(30168): creating new AssetManager and set to /system/app/WebViewGoogle/WebViewGoogle.apk
08-10 10:43:04.531 V/BitmapFactory(30168): DecodeImagePath(decodeResourceStream3) : r/w/sm.png
08-10 10:43:04.551 V/BitmapFactory(30168): DecodeImagePath(decodeResourceStream3) : r/g/a_b.png
08-10 10:43:04.551 I/LibraryLoader(30168): Time to load native libraries: 4 ms (timestamps 7425-7429)
08-10 10:43:04.551 I/LibraryLoader(30168): Expected native library version number "",actual native library version number ""
08-10 10:43:04.581 V/WebViewChromiumFactoryProvider(30168): Binding Chromium to main looper Looper (main, tid 1) {341c0415}
08-10 10:43:04.581 I/LibraryLoader(30168): Expected native library version number "",actual native library version number ""
08-10 10:43:04.581 I/chromium(30168): [INFO:library_loader_hooks.cc(112)] Chromium logging enabled: level = 0, default verbosity = 0
08-10 10:43:04.581 W/ContextImpl(30575): Failed to ensure directory: /storage/extSdCard/Android/data/com.tencent.news/files
08-10 10:43:04.581 E/Vold    (  255): Failed to find mounted volume for /storage/extSdCard/Android/data/com.tencent.news/files/
08-10 10:43:04.581 W/Vold    (  255): Returning OperationFailed - no handler for errno 0
08-10 10:43:04.631 I/BrowserStartupController(30168): Initializing chromium process, singleProcess=true
08-10 10:43:04.641 W/art     (30168): Attempt to remove local handle scope entry from IRT, ignoring
08-10 10:43:04.641 E/SysUtils(30168): ApplicationContext is null in ApplicationStatus
08-10 10:43:04.671 W/chromium(30168): [WARNING:resource_bundle.cc(286)] locale_file_path.empty()
08-10 10:43:04.671 I/chromium(30168): [INFO:aw_browser_main_parts.cc(63)] Load from apk succesful, fd=178 off=8803612 len=3393
08-10 10:43:04.671 I/chromium(30168): [INFO:aw_browser_main_parts.cc(76)] Loading webviewchromium.pak from, fd:182 off:7638088 len:1165478
08-10 10:43:04.691 D/ConnectivityService(  933): returning getNetworkInfo(networkType - 0) :[type: MOBILE[] - MOBILE, state: DISCONNECTED/DISCONNECTED, reason: (unspecified), extra: (none), roaming: false, failover: false, isAvailable: true, isConnectedToProvisioningNetwork: false]
08-10 10:43:04.691 D/ConnectivityService(  933): returning getNetworkInfo(networkType - 1) :[type: WIFI[] - WIFI, state: CONNECTED/CONNECTED, reason: (unspecified), extra: "CU_d24p", roaming: false, failover: false, isAvailable: true, isConnectedToProvisioningNetwork: false]
08-10 10:43:04.691 D/ConnectivityService(  933): returning getActiveNetworkInfo :[type: WIFI[] - WIFI, state: CONNECTED/CONNECTED, reason: (unspecified), extra: "CU_d24p", roaming: false, failover: false, isAvailable: true, isConnectedToProvisioningNetwork: false]
08-10 10:43:04.751 D/LogWriter(30168): 08-10 10:43:04.756	1714	ConnectionSelector	return connection, host w.inews.qq.com addr w.inews.qq.com/220.194.95.149:443 proxy DIRECT@ rtt 19 
08-10 10:43:04.761 D/LogWriter(30575): 08-10 10:43:04.769	1	HttpDns	init dump load data from spnetworkId:wifi_"CU_d24p"_
08-10 10:43:04.761 D/LogWriter(30575): DNSItem{dn='r.inews.qq.com', ttl='900', iplist=[220.194.95.149, 111.206.25.152, r.inews.qq.com], index=0, from='network_create'}
08-10 10:43:04.761 D/LogWriter(30575): DNSItem{dn='inews.gtimg.com', ttl='900', iplist=[inews.gtimg.com.sched.p1v6.tdnsv6.com., inews.gtimg.com], index=0, from='network_create'}
08-10 10:43:04.761 D/LogWriter(30575): DNSItem{dn='wise.qq.com', ttl='900', iplist=[182.254.118.8, wise.qq.com], index=0, from='network_create'}
08-10 10:43:04.761 D/LogWriter(30575): DNSItem{dn='w.inews.qq.com', ttl='900', iplist=[220.194.95.149, 111.206.25.152, w.inews.qq.com], index=0, from='network_create'}
08-10 10:43:04.761 D/LogWriter(30575): 
08-10 10:43:04.761 D/LogWriter(30575): 
08-10 10:43:04.761 D/LogWriter(30575): 08-10 10:43:04.769	1	HttpDns	init dump load data from spnetworkId:wifi_" iPhone (2)"_
08-10 10:43:04.761 D/LogWriter(30575): DNSItem{dn='wise.qq.com', ttl='900', iplist=[182.254.118.8, wise.qq.com], index=0, from='network_create'}
08-10 10:43:04.761 D/LogWriter(30575): DNSItem{dn='w.inews.qq.com', ttl='900', iplist=[111.30.159.151, 111.30.138.181, w.inews.qq.com], index=0, from='network_create'}
08-10 10:43:04.761 D/LogWriter(30575): DNSItem{dn='r.inews.qq.com', ttl='900', iplist=[111.30.138.181, 111.30.159.151, r.inews.qq.com], index=0, from='network_create'}
08-10 10:43:04.761 D/LogWriter(30575): DNSItem{dn='inews.gtimg.com', ttl='900', iplist=[inews.gtimg.com], index=0, from='network_create'}
08-10 10:43:04.761 D/LogWriter(30575): 
08-10 10:43:04.761 D/LogWriter(30575): 
08-10 10:43:04.761 W/AudioManagerAndroid(30168): Requires BLUETOOTH permission
08-10 10:43:04.771 D/LogWriter(30575): 08-10 10:43:04.771	1	HttpDns	init dump load data from spnetworkId:inavailable__
08-10 10:43:04.771 D/LogWriter(30575): 
08-10 10:43:04.771 D/LogWriter(30575): 
08-10 10:43:04.771 E/ActivityThread(30168): Failed to find provider info for com.google.settings
08-10 10:43:04.791 D/SSRM:n  (  933): SIOP:: AP = 410, PST = 361, CUR = 450
08-10 10:43:04.811 V/BitmapFactory(30168): DecodeImagePath(decodeResourceStream3) : r/w/sh.png
08-10 10:43:04.851 W/ContextImpl(30575): Failed to ensure directory: /storage/extSdCard/Android/data/com.tencent.news/files/runtimeLog
08-10 10:43:04.851 W/chromium(30168): [WARNING:data_reduction_proxy_config.cc(318)] SPDY proxy OFF at startup
08-10 10:43:04.851 E/Vold    (  255): Failed to find mounted volume for /storage/extSdCard/Android/data/com.tencent.news/files/runtimeLog/
08-10 10:43:04.851 W/Vold    (  255): Returning OperationFailed - no handler for errno 0
08-10 10:43:04.931 W/art     (30168): Attempt to remove local handle scope entry from IRT, ignoring
08-10 10:43:04.951 W/AwContents(30168): onDetachedFromWindow called when already detached. Ignoring
08-10 10:43:04.991 I/Choreographer(30168): Skipped 31 frames!  The application may be doing too much work on its main thread.
08-10 10:43:05.101 D/ActivityManager(  933): startService callerProcessName:com.tencent.news, calleePkgName: com.tencent.news
08-10 10:43:05.101 D/ActivityManager(  933): caller:android.app.ApplicationThreadProxy@268cb138, r.packageName :com.tencent.news
08-10 10:43:05.171 W/BindingManager(30168): Cannot call determinedVisibility() - never saw a connection for the pid: 30168
08-10 10:43:05.181 V/BitmapFactory(30168): DecodeImagePath(decodeResourceStream3) : r/g/a_t.png
08-10 10:43:05.201 I/ClipboardServiceEx(  933): getPersonaId api current userid : 0
08-10 10:43:05.201 D/SecContentProvider(  933): uri = 15 selection = isClipboardAllowedAsUser
08-10 10:43:05.201 W/ActivityManager(  933): getTasks: caller 10217 does not hold GET_TASKS; limiting output
08-10 10:43:05.201 W/ActivityManager(  933): getTasks: caller 10217 does not hold GET_TASKS; limiting output
08-10 10:43:05.211 I/ClipboardServiceEx(  933): getPersonaId api current userid : 0
08-10 10:43:05.211 D/SecContentProvider(  933): uri = 15 selection = isClipboardShareAllowedAsUser
08-10 10:43:05.211 I/ClipboardServiceEx(  933): getPersonaId api current userid : 0
08-10 10:43:05.211 I/ClipboardServiceEx(  933): isKnoxTwoEnabled getPersonaId 0
08-10 10:43:05.211 I/ClipboardServiceEx(  933): Current user is a USER, hence return false
08-10 10:43:05.211 I/ClipboardServiceEx(  933): getPersonaId api current userid : 0
08-10 10:43:05.211 D/SecContentProvider(  933): uri = 15 selection = isClipboardAllowedAsUser
08-10 10:43:05.211 I/ClipboardServiceEx(  933): getPersonaId api current userid : 0
08-10 10:43:05.211 I/ClipboardServiceEx(  933): isKnoxTwoEnabled getPersonaId 0
08-10 10:43:05.211 I/ClipboardServiceEx(  933): Current user is a USER, hence return false
08-10 10:43:05.211 I/ClipboardServiceEx(  933): getPersonaId api current userid : 0
08-10 10:43:05.211 D/SecContentProvider(  933): uri = 15 selection = isClipboardShareAllowedAsUser
08-10 10:43:05.211 I/ClipboardServiceEx(  933): getPersonaId api current userid : 0
08-10 10:43:05.211 I/ClipboardServiceEx(  933): isKnoxTwoEnabled getPersonaId 0
08-10 10:43:05.211 I/ClipboardServiceEx(  933): Current user is a USER, hence return false
08-10 10:43:05.211 I/ClipboardServiceEx(  933): getPersonaId api current userid : 0
08-10 10:43:05.211 I/ClipboardServiceEx(  933): isKnoxTwoEnabled getPersonaId 0
08-10 10:43:05.211 I/ClipboardServiceEx(  933): Current user is a USER, hence return false
08-10 10:43:05.211 I/ClipboardServiceEx(  933): original Copy and paste cdData
08-10 10:43:05.211 I/ClipboardServiceEx(  933): getItem id : 2, input id : 2
08-10 10:43:05.211 I/ClipboardServiceEx(  933): text write to parcel
08-10 10:43:05.211 W/ActivityManager(  933): getTasks: caller 10217 does not hold GET_TASKS; limiting output
08-10 10:43:05.211 W/ActivityManager(  933): getTasks: caller 10217 does not hold GET_TASKS; limiting output
08-10 10:43:05.211 W/ActivityManager(  933): getTasks: caller 10217 does not hold GET_TASKS; limiting output
08-10 10:43:05.281 V/BitmapFactory(30168): DecodeImagePath(decodeResourceStream3) : r/v/kp.png
08-10 10:43:05.361 E/Sensors (  933): Acc old sensor_state 131072, new sensor_state : 131073 en : 1
08-10 10:43:05.361 D/SensorManager(30168): registerListener :: 0, MPU6500 Acceleration Sensor, 50000, 0,  
08-10 10:43:05.371 E/Sensors (  933): Gyro old sensor_state 131073, new sensor_state : 131075 en : 1
08-10 10:43:05.371 I/Sensors (  933): Mag old sensor_state 131075, new sensor_state : 131091 en : 1
08-10 10:43:05.521 I/appium  (30080): AppiumResponse: {"sessionId":"9820e26f-855b-4968-9af5-4f17ea1832a2","status":0,"value":[{"ELEMENT":"6ca46851-af63-486a-b795-9a8388ac556a"},{"ELEMENT":"e2c27dae-532a-4152-ac7e-c5c2d8ec20ef"},{"ELEMENT":"172127a5-86e9-45f8-b3ae-b7ef8a40ffc6"},{"ELEMENT":"f2e13969-2600-4f2f-8511-ba95fc350f0e"}]}
08-10 10:43:05.541 I/appium  (30080): channel read invoked!
08-10 10:43:05.541 I/appium  (30080): channel read: POST /wd/hub/session/9820e26f-855b-4968-9af5-4f17ea1832a2/element/f2e13969-2600-4f2f-8511-ba95fc350f0e/click
08-10 10:43:05.541 I/appium  (30080): Click element command
08-10 10:43:05.971 I/InputDispatcher(  933): Delivering touch to (1180): action: 0x4, toolType: 1
08-10 10:43:05.971 I/InputDispatcher(  933): Delivering touch to (30168): action: 0x0, toolType: 1
08-10 10:43:05.981 D/ViewRootImpl(30168): ViewPostImeInputStage ACTION_DOWN
08-10 10:43:05.991 I/InputDispatcher(  933): Delivering touch to (30168): action: 0x1, toolType: 1
08-10 10:43:06.001 I/appium  (30080): Waiting up to 10000ms for device to be idle
08-10 10:43:06.001 I/appium  (30080): AppiumResponse: {"sessionId":"9820e26f-855b-4968-9af5-4f17ea1832a2","status":0,"value":true}
08-10 10:43:06.011 I/wpa_supplicant( 1157): nl80211: Received scan results (2 BSSes)
08-10 10:43:06.061 D/LogWriter(30168): 08-10 10:43:06.047	1727	ConnectionSelector	return connection, host r.inews.qq.com addr /220.194.95.149:443 proxy DIRECT@ rtt 11 
08-10 10:43:06.101 D/ConnectivityService(  933): returning getActiveNetworkInfo :[type: WIFI[] - WIFI, state: CONNECTED/CONNECTED, reason: (unspecified), extra: "CU_d24p", roaming: false, failover: false, isAvailable: true, isConnectedToProvisioningNetwork: false]
08-10 10:43:06.161 D/LogWriter(30168): 08-10 10:43:06.089	1727	ConnectionSelector	return connection, host r.inews.qq.com addr /220.194.95.149:443 proxy DIRECT@ rtt 15 
08-10 10:43:06.171 D/ConnectivityService(  933): returning getNetworkInfo(networkType - 0) :[type: MOBILE[] - MOBILE, state: DISCONNECTED/DISCONNECTED, reason: (unspecified), extra: (none), roaming: false, failover: false, isAvailable: true, isConnectedToProvisioningNetwork: false]
08-10 10:43:06.181 D/ConnectivityService(  933): returning getNetworkInfo(networkType - 1) :[type: WIFI[] - WIFI, state: CONNECTED/CONNECTED, reason: (unspecified), extra: "CU_d24p", roaming: false, failover: false, isAvailable: true, isConnectedToProvisioningNetwork: false]
08-10 10:43:06.181 D/ConnectivityService(  933): returning getActiveNetworkInfo :[type: WIFI[] - WIFI, state: CONNECTED/CONNECTED, reason: (unspecified), extra: "CU_d24p", roaming: false, failover: false, isAvailable: true, isConnectedToProvisioningNetwork: false]
08-10 10:43:06.221 D/LogWriter(30168): 08-10 10:43:06.139	1727	ConnectionSelector	return connection, host r.inews.qq.com addr /220.194.95.149:443 proxy DIRECT@ rtt 21 
08-10 10:43:06.221 V/BitmapFactory(30168): DecodeImagePath(decodeResourceStream3) : r/g/a63.png
08-10 10:43:06.221 V/BitmapFactory(30168): DecodeImagePath(decodeResourceStream3) : r/g/a62.png
08-10 10:43:06.241 V/BitmapFactory(30168): DecodeImagePath(decodeResourceStream3) : r/g/ae4.png
08-10 10:43:06.251 D/LogWriter(30168): 08-10 10:43:06.192	1841	ConnectionSelector	return connection, host w.inews.qq.com addr w.inews.qq.com/220.194.95.149:443 proxy DIRECT@ rtt 18 
08-10 10:43:06.251 V/BitmapFactory(30168): DecodeImagePath(decodeResourceStream3) : r/g/ahq.png
08-10 10:43:06.251 D/LogWriter(30168): 08-10 10:43:06.192	1727	ConnectionSelector	return connection, host r.inews.qq.com addr /220.194.95.149:443 proxy DIRECT@ rtt 20 
08-10 10:43:06.251 D/LogWriter(30168): 08-10 10:43:06.210	1718	Request	request http://r.inews.qq.com/getPopupList will submit with ssl
08-10 10:43:06.251 D/LogWriter(30168): 08-10 10:43:06.211	1714	ConnectionSelector	return connection, host w.inews.qq.com addr w.inews.qq.com/220.194.95.149:443 proxy DIRECT@ rtt 1005 
08-10 10:43:06.261 D/LogWriter(30168): 08-10 10:43:06.211	1714	Request	request http://w.inews.qq.com/i/getUserCheckInfo?from=silently will submit with ssl
08-10 10:43:06.261 D/LogWriter(30168): 08-10 10:43:06.212	1727	Request	request http://r.inews.qq.com/getQQNewsRemoteConfigAndroid will submit with ssl
08-10 10:43:06.261 D/LogWriter(30168): 08-10 10:43:06.239	1693	PriorityDns	lookup, start lookup local: r.inews.qq.com
08-10 10:43:06.261 D/LogWriter(30168): 08-10 10:43:06.239	1727	ConnectionSelector	found reuse connect Connection{r.inews.qq.com:443, proxy=DIRECT@ hostAddress=/220.194.95.149:443 cipherSuite=TLS_ECDHE_RSA_WITH_AES_128_GCM_SHA256 protocol=http/1.1 birth=55604828 live=2800} host: r.inews.qq.com address: /220.194.95.149:443 stable: true
08-10 10:43:06.261 D/LogWriter(30168): 08-10 10:43:06.241	1718	ConnectionSelector	found reuse connect Connection{r.inews.qq.com:443, proxy=DIRECT@ hostAddress=/220.194.95.149:443 cipherSuite=TLS_ECDHE_RSA_WITH_AES_128_GCM_SHA256 protocol=http/1.1 birth=55607399 live=230} host: r.inews.qq.com address: /220.194.95.149:443 stable: true
08-10 10:43:06.261 D/LogWriter(30168): 08-10 10:43:06.245	1717	ConnectionSelector	return connection, host up.inews.qq.com addr up.inews.qq.com/58.247.214.30:443 proxy DIRECT@ rtt 142 
08-10 10:43:06.261 D/ConnectivityService(  933): returning getNetworkInfo(networkType - 0) :[type: MOBILE[] - MOBILE, state: DISCONNECTED/DISCONNECTED, reason: (unspecified), extra: (none), roaming: false, failover: false, isAvailable: true, isConnectedToProvisioningNetwork: false]
08-10 10:43:06.261 D/ConnectivityService(  933): returning getNetworkInfo(networkType - 1) :[type: WIFI[] - WIFI, state: CONNECTED/CONNECTED, reason: (unspecified), extra: "CU_d24p", roaming: false, failover: false, isAvailable: true, isConnectedToProvisioningNetwork: false]
08-10 10:43:06.261 D/ConnectivityService(  933): returning getActiveNetworkInfo :[type: WIFI[] - WIFI, state: CONNECTED/CONNECTED, reason: (unspecified), extra: "CU_d24p", roaming: false, failover: false, isAvailable: true, isConnectedToProvisioningNetwork: false]
08-10 10:43:06.271 D/LogWriter(30168): 08-10 10:43:06.252	1714	ConnectionSelector	found reuse connect Connection{w.inews.qq.com:443, proxy=DIRECT@ hostAddress=w.inews.qq.com/220.194.95.149:443 cipherSuite=TLS_ECDHE_RSA_WITH_AES_128_GCM_SHA256 protocol=http/1.1 birth=55606111 live=1523} host: w.inews.qq.com address: w.inews.qq.com/220.194.95.149:443 stable: true
08-10 10:43:06.281 D/ConnectivityService(  933): returning getNetworkInfo(networkType - 0) :[type: MOBILE[] - MOBILE, state: DISCONNECTED/DISCONNECTED, reason: (unspecified), extra: (none), roaming: false, failover: false, isAvailable: true, isConnectedToProvisioningNetwork: false]
08-10 10:43:06.281 D/ConnectivityService(  933): returning getNetworkInfo(networkType - 1) :[type: WIFI[] - WIFI, state: CONNECTED/CONNECTED, reason: (unspecified), extra: "CU_d24p", roaming: false, failover: false, isAvailable: true, isConnectedToProvisioningNetwork: false]
08-10 10:43:06.281 D/ConnectivityService(  933): returning getActiveNetworkInfo :[type: WIFI[] - WIFI, state: CONNECTED/CONNECTED, reason: (unspecified), extra: "CU_d24p", roaming: false, failover: false, isAvailable: true, isConnectedToProvisioningNetwork: false]
08-10 10:43:06.291 D/ConnectivityService(  933): returning getNetworkInfo(networkType - 0) :[type: MOBILE[] - MOBILE, state: DISCONNECTED/DISCONNECTED, reason: (unspecified), extra: (none), roaming: false, failover: false, isAvailable: true, isConnectedToProvisioningNetwork: false]
08-10 10:43:06.301 V/BitmapFactory(30168): DecodeImagePath(decodeResourceStream3) : r/g/a48.png
08-10 10:43:06.301 D/LogWriter(30168): 08-10 10:43:06.297	1841	ConnectionSelector	return connection, host w.inews.qq.com addr w.inews.qq.com/220.194.95.149:443 proxy DIRECT@ rtt 21 
08-10 10:43:06.301 D/ConnectivityService(  933): returning getNetworkInfo(networkType - 1) :[type: WIFI[] - WIFI, state: CONNECTED/CONNECTED, reason: (unspecified), extra: "CU_d24p", roaming: false, failover: false, isAvailable: true, isConnectedToProvisioningNetwork: false]
08-10 10:43:06.301 D/ConnectivityService(  933): returning getActiveNetworkInfo :[type: WIFI[] - WIFI, state: CONNECTED/CONNECTED, reason: (unspecified), extra: "CU_d24p", roaming: false, failover: false, isAvailable: true, isConnectedToProvisioningNetwork: false]
08-10 10:43:06.311 D/ConnectivityService(  933): returning getNetworkInfo(networkType - 0) :[type: MOBILE[] - MOBILE, state: DISCONNECTED/DISCONNECTED, reason: (unspecified), extra: (none), roaming: false, failover: false, isAvailable: true, isConnectedToProvisioningNetwork: false]
08-10 10:43:06.311 D/ConnectivityService(  933): returning getNetworkInfo(networkType - 1) :[type: WIFI[] - WIFI, state: CONNECTED/CONNECTED, reason: (unspecified), extra: "CU_d24p", roaming: false, failover: false, isAvailable: true, isConnectedToProvisioningNetwork: false]
08-10 10:43:06.311 D/ConnectivityService(  933): returning getActiveNetworkInfo :[type: WIFI[] - WIFI, state: CONNECTED/CONNECTED, reason: (unspecified), extra: "CU_d24p", roaming: false, failover: false, isAvailable: true, isConnectedToProvisioningNetwork: false]
08-10 10:43:06.381 W/AccountManagerService(  933): insertAccountIntoDatabase: Account {name=, type=com.tencent.news.account.sync}, skipping since the account already exists
08-10 10:43:06.391 V/BitmapFactory(30168): DecodeImagePath(decodeResourceStream3) : r/g/a5e.png
08-10 10:43:06.421 V/AlarmManager(  933): waitForAlarm result :8
08-10 10:43:06.431 V/BitmapFactory(30168): DecodeImagePath(decodeResourceStream3) : r/g/a6c.png
08-10 10:43:06.431 V/AlarmManager(  933): waitForAlarm result :8
08-10 10:43:06.441 E/SMD     (  283): DCD ON
08-10 10:43:06.451 V/BitmapFactory(30168): DecodeImagePath(decodeResourceStream3) : r/g/a2y.png
08-10 10:43:06.451 V/BitmapFactory(30168): DecodeImagePath(decodeResourceStream3) : r/g/a2e.png
08-10 10:43:06.461 V/BitmapFactory(30575): DecodeImagePath(decodeResourceStream3) : res/drawable-xxhdpi-v4/stat_sys_warning.png
08-10 10:43:06.471 V/BitmapFactory(30168): DecodeImagePath(decodeResourceStream3) : r/g/a6d.png
08-10 10:43:06.491 D/MicroMsg.SDK.WXMsgImplComm(30168): check signature:308202eb30820254a00302010202044d36f7a4300d06092a864886f70d01010505003081b9310b300906035504061302383631123010060355040813094775616e67646f6e673111300f060355040713085368656e7a68656e31353033060355040a132c54656e63656e7420546563686e6f6c6f6779285368656e7a68656e2920436f6d70616e79204c696d69746564313a3038060355040b133154656e63656e74204775616e677a686f7520526573656172636820616e6420446576656c6f706d656e742043656e7465723110300e0603550403130754656e63656e74301e170d3131303131393134333933325a170d3431303131313134333933325a3081b9310b300906035504061302383631123010060355040813094775616e67646f6e673111300f060355040713085368656e7a68656e31353033060355040a132c54656e63656e7420546563686e6f6c6f6779285368656e7a68656e2920436f6d70616e79204c696d69746564313a3038060355040b133154656e63656e74204775616e677a686f7520526573656172636820616e6420446576656c6f706d656e742043656e7465723110300e0603550403130754656e63656e7430819f300d06092a864886f70d010101050003818d0030818902818100c05f34b231b083fb1323670bfbe7bdab40c0c0a6efc87ef2072a1ff0d60cc67c8edb0d0847f210bea6cbfaa241be70c86daf56be08b723c859e52428a064555d80db448cdcacc1aea2501eba06f8bad12a4fa49d85cacd7abeb68945a5cb5e061629b52e3254c373550ee4e40cb7c8ae6f7a8151ccd8df582d446f39ae0c5e930203010001300d06092a864886f70d0101050500038181009c8d9d7f2f908c42081b4c764c377109a8b2c70582422125ce545842d5f520aea69550b6bd8bfd94e987b75a3077eb04ad341f481aac266e89d3864456e69fba13df018acdc168b9a19dfd7ad9d9cc6f6ace57c746515f71234df3a053e33ba93ece5cd0fc15f3e389a3f365588a9fcb439e069d3629cd7732a13fff7b891499
08-10 10:43:06.491 D/MicroMsg.SDK.WXMsgImplComm(30168): pass
08-10 10:43:06.491 D/MicroMsg.SDK.WXApiImplV10(30168): _build_info_sdk_int_ = 620823808
08-10 10:43:06.521 D/MicroMsg.SDK.WXMsgImplComm(30168): check signature:308202eb30820254a00302010202044d36f7a4300d06092a864886f70d01010505003081b9310b300906035504061302383631123010060355040813094775616e67646f6e673111300f060355040713085368656e7a68656e31353033060355040a132c54656e63656e7420546563686e6f6c6f6779285368656e7a68656e2920436f6d70616e79204c696d69746564313a3038060355040b133154656e63656e74204775616e677a686f7520526573656172636820616e6420446576656c6f706d656e742043656e7465723110300e0603550403130754656e63656e74301e170d3131303131393134333933325a170d3431303131313134333933325a3081b9310b300906035504061302383631123010060355040813094775616e67646f6e673111300f060355040713085368656e7a68656e31353033060355040a132c54656e63656e7420546563686e6f6c6f6779285368656e7a68656e2920436f6d70616e79204c696d69746564313a3038060355040b133154656e63656e74204775616e677a686f7520526573656172636820616e6420446576656c6f706d656e742043656e7465723110300e0603550403130754656e63656e7430819f300d06092a864886f70d010101050003818d0030818902818100c05f34b231b083fb1323670bfbe7bdab40c0c0a6efc87ef2072a1ff0d60cc67c8edb0d0847f210bea6cbfaa241be70c86daf56be08b723c859e52428a064555d80db448cdcacc1aea2501eba06f8bad12a4fa49d85cacd7abeb68945a5cb5e061629b52e3254c373550ee4e40cb7c8ae6f7a8151ccd8df582d446f39ae0c5e930203010001300d06092a864886f70d0101050500038181009c8d9d7f2f908c42081b4c764c377109a8b2c70582422125ce545842d5f520aea69550b6bd8bfd94e987b75a3077eb04ad341f481aac266e89d3864456e69fba13df018acdc168b9a19dfd7ad9d9cc6f6ace57c746515f71234df3a053e33ba93ece5cd0fc15f3e389a3f365588a9fcb439e069d3629cd7732a13fff7b891499
08-10 10:43:06.521 D/MicroMsg.SDK.WXMsgImplComm(30168): pass
08-10 10:43:06.531 D/MicroMsg.SDK.WXApiImplV10(30168): _build_info_sdk_int_ = 620823808
08-10 10:43:06.551 V/BitmapFactory(30168): DecodeImagePath(decodeResourceStream3) : r/g/a0w.png
08-10 10:43:06.561 V/BitmapFactory(30168): DecodeImagePath(decodeResourceStream3) : r/g/a4z.png
08-10 10:43:06.571 D/ActivityManager(  933): isDeviceAdminActiveApp false :com.tencent.news
08-10 10:43:06.571 E/ActivityManager(  933): isAutoRunBlockedApp:: com.tencent.news, Auto Run OFF
08-10 10:43:06.581 V/BitmapFactory(30168): DecodeImagePath(decodeResourceStream3) : r/g/a6a.png
08-10 10:43:06.581 D/LogWriter(30575): 08-10 10:43:06.582	1	NetStatus	network changed form  [] [] proxy DIRECT@ custom info: [] to  [] [wifi] ssid "CU_d24p" proxy DIRECT@ custom info: []
08-10 10:43:06.581 W/Settings(30575): Setting wifi_sleep_policy has moved from android.provider.Settings.System to android.provider.Settings.Global, value is unchanged.
08-10 10:43:06.581 D/ConnectivityService(  933): returning getNetworkInfo(networkType - 0) :[type: MOBILE[] - MOBILE, state: DISCONNECTED/DISCONNECTED, reason: (unspecified), extra: (none), roaming: false, failover: false, isAvailable: true, isConnectedToProvisioningNetwork: false]
08-10 10:43:06.591 E/com.coloros.mcssdk---(30575): MCS-->isExistPackage NameNotFoundException:com.coloros.mcs
08-10 10:43:06.591 D/ConnectivityService(  933): returning getNetworkInfo(networkType - 1) :[type: WIFI[] - WIFI, state: CONNECTED/CONNECTED, reason: (unspecified), extra: "CU_d24p", roaming: false, failover: false, isAvailable: true, isConnectedToProvisioningNetwork: false]
08-10 10:43:06.591 D/ConnectivityService(  933): returning getActiveNetworkInfo :[type: WIFI[] - WIFI, state: CONNECTED/CONNECTED, reason: (unspecified), extra: "CU_d24p", roaming: false, failover: false, isAvailable: true, isConnectedToProvisioningNetwork: false]
08-10 10:43:06.601 D/ActivityManager(  933): startService callerProcessName:com.tencent.news, calleePkgName: com.tencent.news
08-10 10:43:06.601 D/ActivityManager(  933): caller:android.app.ApplicationThreadProxy@4ee4c80, r.packageName :com.tencent.news
08-10 10:43:06.621 E/VivoPush.PushPackageUtils(30575): (30575)cursor is null
08-10 10:43:06.621 E/VivoPush.Utility(30575): (30575)systemPushPkgName is null
08-10 10:43:06.621 E/ActivityThread(30575): Failed to find provider info for com.vivo.push.sdk.service.SystemPushConfig
08-10 10:43:06.641 D/VivoPush.PushClientThread(30575): (30575)PushClientThread-handleMessage, task = c{InitCommand}
08-10 10:43:06.641 D/LocationManagerService(  933): getProviders()=[]
08-10 10:43:06.641 D/LocationManagerService(  933): getProviders()=[passive]
08-10 10:43:06.641 D/LocationManagerService(  933): getBestProvider(Criteria[power=LOW acc=LOW], true)=passive
08-10 10:43:06.641 D/LocationManagerService(  933): getLastLocation: Request[POWER_NONE passive fastest=0 num=1]
08-10 10:43:06.661 E/VivoPush.PushPackageUtils(30575): (30575)cursor is null
08-10 10:43:06.661 E/VivoPush.Utility(30575): (30575)systemPushPkgName is null
08-10 10:43:06.661 E/ActivityThread(30575): Failed to find provider info for com.vivo.push.sdk.service.SystemPushConfig
08-10 10:43:06.661 D/ConnectivityService(  933): returning getActiveNetworkInfo :[type: WIFI[] - WIFI, state: CONNECTED/CONNECTED, reason: (unspecified), extra: "CU_d24p", roaming: false, failover: false, isAvailable: true, isConnectedToProvisioningNetwork: false]
08-10 10:43:06.671 V/BitmapFactory(30168): DecodeImagePath(decodeResourceStream3) : r/w/og.png
08-10 10:43:06.671 D/ActivityManager(  933): startService callerProcessName:com.tencent.news, calleePkgName: com.tencent.news
08-10 10:43:06.671 D/ActivityManager(  933): caller:android.app.ApplicationThreadProxy@1c76d175, r.packageName :com.tencent.news
08-10 10:43:06.681 V/BitmapFactory(30168): DecodeImagePath(decodeResourceStream3) : r/a4/ic.xml
08-10 10:43:06.681 D/skia    (30168): --- SkImageDecoder::Factory returned null
08-10 10:43:06.681 D/ConnectivityService(  933): returning getActiveNetworkInfo :[type: WIFI[] - WIFI, state: CONNECTED/CONNECTED, reason: (unspecified), extra: "CU_d24p", roaming: false, failover: false, isAvailable: true, isConnectedToProvisioningNetwork: false]
08-10 10:43:06.681 D/ConnectivityService(  933): returning getActiveNetworkInfo :[type: WIFI[] - WIFI, state: CONNECTED/CONNECTED, reason: (unspecified), extra: "CU_d24p", roaming: false, failover: false, isAvailable: true, isConnectedToProvisioningNetwork: false]
08-10 10:43:06.701 D/ConnectivityService(  933): returning getActiveNetworkInfo :[type: WIFI[] - WIFI, state: CONNECTED/CONNECTED, reason: (unspecified), extra: "CU_d24p", roaming: false, failover: false, isAvailable: true, isConnectedToProvisioningNetwork: false]
08-10 10:43:06.701 D/ConnectivityService(  933): returning getActiveNetworkInfo :[type: WIFI[] - WIFI, state: CONNECTED/CONNECTED, reason: (unspecified), extra: "CU_d24p", roaming: false, failover: false, isAvailable: true, isConnectedToProvisioningNetwork: false]
08-10 10:43:06.781 D/LogWriter(30168): 08-10 10:43:06.763	1693	Request	request http://r.inews.qq.com/getTagAddable will submit with ssl
08-10 10:43:06.801 D/LogWriter(30168): 08-10 10:43:06.794	1693	ConnectionSelector	found reuse connect Connection{r.inews.qq.com:443, proxy=DIRECT@ hostAddress=/220.194.95.149:443 cipherSuite=TLS_ECDHE_RSA_WITH_AES_128_GCM_SHA256 protocol=http/1.1 birth=55604828 live=3344} host: r.inews.qq.com address: /220.194.95.149:443 stable: true
08-10 10:43:06.811 D/ConnectivityService(  933): returning getNetworkInfo(networkType - 0) :[type: MOBILE[] - MOBILE, state: DISCONNECTED/DISCONNECTED, reason: (unspecified), extra: (none), roaming: false, failover: false, isAvailable: true, isConnectedToProvisioningNetwork: false]
08-10 10:43:06.811 D/ConnectivityService(  933): returning getNetworkInfo(networkType - 1) :[type: WIFI[] - WIFI, state: CONNECTED/CONNECTED, reason: (unspecified), extra: "CU_d24p", roaming: false, failover: false, isAvailable: true, isConnectedToProvisioningNetwork: false]
08-10 10:43:06.811 D/ConnectivityService(  933): returning getActiveNetworkInfo :[type: WIFI[] - WIFI, state: CONNECTED/CONNECTED, reason: (unspecified), extra: "CU_d24p", roaming: false, failover: false, isAvailable: true, isConnectedToProvisioningNetwork: false]
08-10 10:43:06.831 V/BitmapFactory(30168): DecodeImagePath(decodeResourceStream3) : r/g/a63.png
08-10 10:43:06.831 I/SigmaPatch(30575): startHotPatchService fromMainProc= false
08-10 10:43:06.831 W/SigmaPatch(30575): startHotPatchService ignore
08-10 10:43:06.831 V/BitmapFactory(30168): DecodeImagePath(decodeResourceStream3) : r/g/a62.png
08-10 10:43:06.831 D/ActivityManager(  933): isDeviceAdminActiveApp false :com.android.systemui
08-10 10:43:06.831 D/ActivityManager(  933): isAutoRunBlockedApp:: com.android.systemui, Auto Run ON
08-10 10:43:06.841 V/BitmapFactory(30168): DecodeImagePath(decodeResourceStream3) : r/g/a61.png
08-10 10:43:06.911 D/MicroMsg.SDK.WXMsgImplComm(30168): check signature:308202eb30820254a00302010202044d36f7a4300d06092a864886f70d01010505003081b9310b300906035504061302383631123010060355040813094775616e67646f6e673111300f060355040713085368656e7a68656e31353033060355040a132c54656e63656e7420546563686e6f6c6f6779285368656e7a68656e2920436f6d70616e79204c696d69746564313a3038060355040b133154656e63656e74204775616e677a686f7520526573656172636820616e6420446576656c6f706d656e742043656e7465723110300e0603550403130754656e63656e74301e170d3131303131393134333933325a170d3431303131313134333933325a3081b9310b300906035504061302383631123010060355040813094775616e67646f6e673111300f060355040713085368656e7a68656e31353033060355040a132c54656e63656e7420546563686e6f6c6f6779285368656e7a68656e2920436f6d70616e79204c696d69746564313a3038060355040b133154656e63656e74204775616e677a686f7520526573656172636820616e6420446576656c6f706d656e742043656e7465723110300e0603550403130754656e63656e7430819f300d06092a864886f70d010101050003818d0030818902818100c05f34b231b083fb1323670bfbe7bdab40c0c0a6efc87ef2072a1ff0d60cc67c8edb0d0847f210bea6cbfaa241be70c86daf56be08b723c859e52428a064555d80db448cdcacc1aea2501eba06f8bad12a4fa49d85cacd7abeb68945a5cb5e061629b52e3254c373550ee4e40cb7c8ae6f7a8151ccd8df582d446f39ae0c5e930203010001300d06092a864886f70d0101050500038181009c8d9d7f2f908c42081b4c764c377109a8b2c70582422125ce545842d5f520aea69550b6bd8bfd94e987b75a3077eb04ad341f481aac266e89d3864456e69fba13df018acdc168b9a19dfd7ad9d9cc6f6ace57c746515f71234df3a053e33ba93ece5cd0fc15f3e389a3f365588a9fcb439e069d3629cd7732a13fff7b891499
08-10 10:43:06.911 D/MicroMsg.SDK.WXMsgImplComm(30168): pass
08-10 10:43:06.911 D/MicroMsg.SDK.WXApiImplV10(30168): _build_info_sdk_int_ = 620823808
08-10 10:43:06.951 I/Choreographer(30168): Skipped 56 frames!  The application may be doing too much work on its main thread.
08-10 10:43:06.991 I/System.out(30575): (HTTPLog)-Static: isSBSettingEnabled false
08-10 10:43:06.991 I/System.out(30575): (HTTPLog)-Static: isShipBuild true
08-10 10:43:06.991 I/System.out(30575): (HTTPLog)-Thread-1619-614591472: SmartBonding Enabling is false, SHIP_BUILD is true, log to file is false, DBG is false
08-10 10:43:06.991 I/System.out(30575): (HTTPLog)-Static: isSBSettingEnabled false
08-10 10:43:06.991 I/System.out(30168): (HTTPLog)-Static: isSBSettingEnabled false
08-10 10:43:07.041 I/System.out(30575): KnoxVpnUidStorageknoxVpnSupported API value returned is false
08-10 10:43:07.041 D/ConnectivityService(  933): returning getActiveNetworkInfo :[type: WIFI[] - WIFI, state: CONNECTED/CONNECTED, reason: (unspecified), extra: "CU_d24p", roaming: false, failover: false, isAvailable: true, isConnectedToProvisioningNetwork: false]
08-10 10:43:07.071 D/MID     (30575): [ODK_MAIN_HANDLER#1(1629): SourceFile:203] - read the new one
08-10 10:43:07.091 I/System.out(30168): (HTTPLog)-Static: isSBSettingEnabled false
08-10 10:43:07.091 I/System.out(30168): (HTTPLog)-Static: isSBSettingEnabled false
08-10 10:43:07.101 I/MID     (30575): [ODK_MAIN_HANDLER#1(1629): SourceFile:38] - read mid from sharedPreferences key=__MTA_DEVICE_INFO__3
08-10 10:43:07.111 I/ODK     (30575): db check ok
08-10 10:43:07.131 I/System.out(30168): KnoxVpnUidStorageknoxVpnSupported API value returned is false
08-10 10:43:07.131 D/MID     (30575): [ODK_MAIN_HANDLER#1(1629): SourceFile:270] - firstRead
08-10 10:43:07.131 I/ODK     (30575): init local store has 0 records, dbRebuild : false
08-10 10:43:07.141 I/MID     (30575): [ODK_MAIN_HANDLER#1(1629): SourceFile:38] - read mid from sharedPreferences key=__MTA_DEVICE_INFO__3
08-10 10:43:07.141 D/ConnectivityService(  933): returning getActiveNetworkInfo :[type: WIFI[] - WIFI, state: CONNECTED/CONNECTED, reason: (unspecified), extra: "CU_d24p", roaming: false, failover: false, isAvailable: true, isConnectedToProvisioningNetwork: false]
08-10 10:43:07.161 I/ODK     (30575): System config:
08-10 10:43:07.181 V/xiaomi  (30575): [Thread:1635] JOB: Init Job
08-10 10:43:07.181 V/BitmapFactory(30168): DecodeImagePath(decodeResourceStream3) : r/g/ah6.png
08-10 10:43:07.191 V/xiaomi  (30575): [Thread:1] XMPushService created pid = 30575
08-10 10:43:07.191 D/ConnectivityService(  933): returning getActiveNetworkInfo :[type: WIFI[] - WIFI, state: CONNECTED/CONNECTED, reason: (unspecified), extra: "CU_d24p", roaming: false, failover: false, isAvailable: true, isConnectedToProvisioningNetwork: false]
08-10 10:43:07.201 I/System.out(30575): (HTTPLog)-Static: isSBSettingEnabled false
08-10 10:43:07.201 W/JavaCalls(30575): Meet exception when call Method 'isMiuiSystem' in miui.external.SdkHelper
08-10 10:43:07.201 W/JavaCalls(30575): java.lang.ClassNotFoundException: miui.external.SdkHelper
08-10 10:43:07.201 W/JavaCalls(30575): 	at java.lang.Class.classForName(Native Method)
08-10 10:43:07.201 W/JavaCalls(30575): 	at java.lang.Class.forName(Class.java:308)
08-10 10:43:07.201 W/JavaCalls(30575): 	at java.lang.Class.forName(Class.java:272)
08-10 10:43:07.201 W/JavaCalls(30575): 	at com.xiaomi.push.at.a(Unknown Source)
08-10 10:43:07.201 W/JavaCalls(30575): 	at com.xiaomi.push.l.c(Unknown Source)
08-10 10:43:07.201 W/JavaCalls(30575): 	at com.xiaomi.push.service.d.a(Unknown Source)
08-10 10:43:07.201 W/JavaCalls(30575): 	at com.xiaomi.push.service.XMPushService.c(Unknown Source)
08-10 10:43:07.201 W/JavaCalls(30575): 	at com.xiaomi.push.service.XMPushService.b(Unknown Source)
08-10 10:43:07.201 W/JavaCalls(30575): 	at com.xiaomi.push.service.XMPushService$g.a(Unknown Source)
08-10 10:43:07.201 W/JavaCalls(30575): 	at com.xiaomi.push.service.XMPushService$i.run(Unknown Source)
08-10 10:43:07.201 W/JavaCalls(30575): 	at com.xiaomi.push.service.g$c.run(Unknown Source)
08-10 10:43:07.201 W/JavaCalls(30575): Caused by: java.lang.ClassNotFoundException: Didn't find class "miui.external.SdkHelper" on path: DexPathList[[zip file "/system/framework/multiwindow.jar", zip file "/system/framework/android.test.runner.jar", zip file "/data/app/com.tencent.news-1/base.apk"],nativeLibraryDirectories=[/data/app/com.tencent.news-1/lib/arm, /vendor/lib, /system/lib]]
08-10 10:43:07.201 W/JavaCalls(30575): 	at dalvik.system.BaseDexClassLoader.findClass(BaseDexClassLoader.java:56)
08-10 10:43:07.201 W/JavaCalls(30575): 	at java.lang.ClassLoader.loadClass(ClassLoader.java:511)
08-10 10:43:07.201 W/JavaCalls(30575): 	at java.lang.ClassLoader.loadClass(ClassLoader.java:469)
08-10 10:43:07.201 W/JavaCalls(30575): 	... 11 more
08-10 10:43:07.201 W/JavaCalls(30575): 	Suppressed: java.lang.ClassNotFoundException: miui.external.SdkHelper
08-10 10:43:07.201 W/JavaCalls(30575): 		at java.lang.Class.classForName(Native Method)
08-10 10:43:07.201 W/JavaCalls(30575): 		at java.lang.BootClassLoader.findClass(ClassLoader.java:781)
08-10 10:43:07.201 W/JavaCalls(30575): 		at java.lang.BootClassLoader.loadClass(ClassLoader.java:841)
08-10 10:43:07.201 W/JavaCalls(30575): 		at java.lang.ClassLoader.loadClass(ClassLoader.java:504)
08-10 10:43:07.201 W/JavaCalls(30575): 		... 12 more
08-10 10:43:07.201 W/JavaCalls(30575): 	Caused by: java.lang.NoClassDefFoundError: Class not found using the boot class loader; no stack available
08-10 10:43:07.201 V/xiaomi  (30575): [Thread:1635] JOB: prepare the mi push account.
08-10 10:43:07.201 D/ConnectivityService(  933): returning getActiveNetworkInfo :[type: WIFI[] - WIFI, state: CONNECTED/CONNECTED, reason: (unspecified), extra: "CU_d24p", roaming: false, failover: false, isAvailable: true, isConnectedToProvisioningNetwork: false]
08-10 10:43:07.201 D/ConnectivityService(  933): returning getActiveNetworkInfo :[type: WIFI[] - WIFI, state: CONNECTED/CONNECTED, reason: (unspecified), extra: "CU_d24p", roaming: false, failover: false, isAvailable: true, isConnectedToProvisioningNetwork: false]
08-10 10:43:07.221 W/ContextImpl(30575): Failed to ensure directory: /storage/extSdCard/Android/data/com.tencent.news/files
08-10 10:43:07.221 E/Vold    (  255): Failed to find mounted volume for /storage/extSdCard/Android/data/com.tencent.news/files/
08-10 10:43:07.221 W/Vold    (  255): Returning OperationFailed - no handler for errno 0
08-10 10:43:07.221 D/WindowManager(  933): showStatusBarByNotification() mOpenByNotification=false
08-10 10:43:07.231 V/BitmapFactory( 1180): DecodeImagePath(decodeResourceStream3) : r/g/a.png
08-10 10:43:07.241 I/System.out(30575): KnoxVpnUidStorageknoxVpnSupported API value returned is false
08-10 10:43:07.241 D/LightsService(  933): [api] [SvcLED] turnOff:: id = 4 (uid: 1000 pid: 933) 
08-10 10:43:07.241 D/LightsService(  933): [SvcLED] setSvcLedStateLocked:: SvcLEDState : 0x0 -> 0x0 | SvcLED(id=4) set Off
08-10 10:43:07.241 D/LightsService(  933): [SvcLED] Lux failed to be updated in 700ms. -> handleForcedSvcLEDTasK
08-10 10:43:07.241 D/LightsService(  933): [SvcLED]  setSvcLedLightLocked :: Current SvcLED(id=4) maintains its priority right
08-10 10:43:07.241 D/ConnectivityService(  933): returning getActiveNetworkInfo :[type: WIFI[] - WIFI, state: CONNECTED/CONNECTED, reason: (unspecified), extra: "CU_d24p", roaming: false, failover: false, isAvailable: true, isConnectedToProvisioningNetwork: false]
08-10 10:43:07.251 V/xiaomi  (30575): [Thread:1635] JOB: Handle intent action = android.net.conn.CONNECTIVITY_CHANGE
08-10 10:43:07.251 V/xiaomi  (30575): [Thread:1635] network changed,[type: WIFI[], state: CONNECTED/CONNECTED
08-10 10:43:07.251 V/xiaomi  (30575): [Thread:1635] JOB: do reconnect..
08-10 10:43:07.251 D/ConnectivityService(  933): returning getActiveNetworkInfo :[type: WIFI[] - WIFI, state: CONNECTED/CONNECTED, reason: (unspecified), extra: "CU_d24p", roaming: false, failover: false, isAvailable: true, isConnectedToProvisioningNetwork: false]
08-10 10:43:07.251 D/ConnectivityService(  933): returning getActiveNetworkInfo :[type: WIFI[] - WIFI, state: CONNECTED/CONNECTED, reason: (unspecified), extra: "CU_d24p", roaming: false, failover: false, isAvailable: true, isConnectedToProvisioningNetwork: false]
08-10 10:43:07.251 D/ConnectivityService(  933): returning getActiveNetworkInfo :[type: WIFI[] - WIFI, state: CONNECTED/CONNECTED, reason: (unspecified), extra: "CU_d24p", roaming: false, failover: false, isAvailable: true, isConnectedToProvisioningNetwork: false]
08-10 10:43:07.251 D/ConnectivityService(  933): returning getActiveNetworkInfo :[type: WIFI[] - WIFI, state: CONNECTED/CONNECTED, reason: (unspecified), extra: "CU_d24p", roaming: false, failover: false, isAvailable: true, isConnectedToProvisioningNetwork: false]
08-10 10:43:07.251 D/ConnectivityService(  933): returning getActiveNetworkInfo :[type: WIFI[] - WIFI, state: CONNECTED/CONNECTED, reason: (unspecified), extra: "CU_d24p", roaming: false, failover: false, isAvailable: true, isConnectedToProvisioningNetwork: false]
08-10 10:43:07.251 D/ConnectivityService(  933): returning getActiveNetworkInfo :[type: WIFI[] - WIFI, state: CONNECTED/CONNECTED, reason: (unspecified), extra: "CU_d24p", roaming: false, failover: false, isAvailable: true, isConnectedToProvisioningNetwork: false]
08-10 10:43:07.261 V/xiaomi  (30575): [Thread:1635] should not connect. quit the job.
08-10 10:43:07.261 V/BitmapFactory( 1180): DecodeImagePath(decodeResourceStream3) : r/g/a.png
08-10 10:43:07.261 W/ContextImpl(30575): Failed to ensure directory: /storage/extSdCard/Android/data/com.tencent.news/files
08-10 10:43:07.261 D/ConnectivityService(  933): returning getActiveNetworkInfo :[type: WIFI[] - WIFI, state: CONNECTED/CONNECTED, reason: (unspecified), extra: "CU_d24p", roaming: false, failover: false, isAvailable: true, isConnectedToProvisioningNetwork: false]
08-10 10:43:07.261 E/Vold    (  255): Failed to find mounted volume for /storage/extSdCard/Android/data/com.tencent.news/files/
08-10 10:43:07.261 W/Vold    (  255): Returning OperationFailed - no handler for errno 0
08-10 10:43:07.271 D/KnoxNotification( 1180): ----- inflateViews : modified publicViewLocal -----
08-10 10:43:07.291 D/KnoxNotification( 1180): ----- inflateViews : modified KnoxViewLocal -----
08-10 10:43:07.291 D/PersonaManager( 1180): PersonaID is invalid or persona doesn't exists. : 0
08-10 10:43:07.291 D/PersonaManager( 1180): isKioskContainerExistOnDevice
08-10 10:43:07.291 D/PersonaManager( 1180): isKioskContainerExistOnDevice
08-10 10:43:07.291 D/PhoneStatusBar( 1180): tick(): knoxCustomManager = android.app.enterprise.knoxcustom.KnoxCustomManager@b690ee3
08-10 10:43:07.311 D/ConnectivityService(  933): returning getActiveNetworkInfo :[type: WIFI[] - WIFI, state: CONNECTED/CONNECTED, reason: (unspecified), extra: "CU_d24p", roaming: false, failover: false, isAvailable: true, isConnectedToProvisioningNetwork: false]
08-10 10:43:07.321 D/PanelView( 1180): There is/are notification(s) 
08-10 10:43:07.321 D/PanelView( 1180): There is/are notification(s) 
08-10 10:43:07.321 D/StatusBar( 1180): ----- contentsUnchanged : true, bigContentsUnchanged - true, headsUpContentsUnchanged - true , publicUnchanged true
08-10 10:43:07.331 D/PersonaManager( 1180): isKioskContainerExistOnDevice
08-10 10:43:07.331 D/PersonaManager( 1180): isKioskContainerExistOnDevice
08-10 10:43:07.331 D/ConnectivityService(  933): returning getActiveNetworkInfo :[type: WIFI[] - WIFI, state: CONNECTED/CONNECTED, reason: (unspecified), extra: "CU_d24p", roaming: false, failover: false, isAvailable: true, isConnectedToProvisioningNetwork: false]
08-10 10:43:07.341 D/PanelView( 1180): There is/are notification(s) 
08-10 10:43:07.341 D/PanelView( 1180): There is/are notification(s) 
08-10 10:43:07.341 D/PersonaManager( 1180): isKioskContainerExistOnDevice
08-10 10:43:07.341 D/PersonaManager( 1180): isKioskContainerExistOnDevice
08-10 10:43:07.351 D/PanelView( 1180): There is/are notification(s) 
08-10 10:43:07.351 D/PanelView( 1180): There is/are notification(s) 
08-10 10:43:07.361 D/LogWriter(30168): 08-10 10:43:07.371	1821	ConnectionSelector	return connection, host r.inews.qq.com addr /220.194.95.149:443 proxy DIRECT@ rtt 408 
08-10 10:43:07.381 I/ODK     (30575): init completed, appkey is ATXRSY245Y54 channel is 10797 , sdk version is 5.1.9.011 report strategy : BATCH
08-10 10:43:07.401 I/System.out(30575): (HTTPLog)-Static: isSBSettingEnabled false
